server
+- install zerv
   +- compile exe zerv ReleaseFast native 18 errors
src/model/gemm.zig:75:69: error: unable to open 'shaders/gemm_f32_k_128x32.spv': FileNotFound
                const code align(4) = @embedFile("shaders/" ++ name ++ ".spv").*;
                                                 ~~~~~~~~~~~~~~~~~~~^~~~~~~~~
referenced by:
    get__anon_49236: src/model/gemm.zig:77:22
    module: src/model/gemm.zig:84:29
    6 reference(s) hidden; use '-freference-trace=8' to see all references
src/model/gemm.zig:75:69: error: unable to open 'shaders/gemm_f32_k_128x64.spv': FileNotFound
                const code align(4) = @embedFile("shaders/" ++ name ++ ".spv").*;
                                                 ~~~~~~~~~~~~~~~~~~~^~~~~~~~~
src/model/gemm.zig:75:69: error: unable to open 'shaders/gemm_f32_k_256x16.spv': FileNotFound
                const code align(4) = @embedFile("shaders/" ++ name ++ ".spv").*;
                                                 ~~~~~~~~~~~~~~~~~~~^~~~~~~~~
src/model/gemm.zig:75:69: error: unable to open 'shaders/gemm_f32_m_128x32.spv': FileNotFound
                const code align(4) = @embedFile("shaders/" ++ name ++ ".spv").*;
                                                 ~~~~~~~~~~~~~~~~~~~^~~~~~~~~
src/model/gemm.zig:75:69: error: unable to open 'shaders/gemm_f32_m_128x64.spv': FileNotFound
                const code align(4) = @embedFile("shaders/" ++ name ++ ".spv").*;
                                                 ~~~~~~~~~~~~~~~~~~~^~~~~~~~~
src/model/gemm.zig:75:69: error: unable to open 'shaders/gemm_f32_m_256x16.spv': FileNotFound
                const code align(4) = @embedFile("shaders/" ++ name ++ ".spv").*;
                                                 ~~~~~~~~~~~~~~~~~~~^~~~~~~~~
src/model/gemm.zig:75:69: error: unable to open 'shaders/gemm_q4_0_128x32.spv': FileNotFound
                const code align(4) = @embedFile("shaders/" ++ name ++ ".spv").*;
                                                 ~~~~~~~~~~~~~~~~~~~^~~~~~~~~
src/model/gemm.zig:75:69: error: unable to open 'shaders/gemm_q4_0_128x64.spv': FileNotFound
                const code align(4) = @embedFile("shaders/" ++ name ++ ".spv").*;
