["glslc", "--target-env=vulkan1.1", "-O", "-fshader-stage=compute", "-DFORMAT=0", "-DBLOCK_BYTES=4", "-DPAYLOAD_OFFSET=2", "-DLANES=16", "-DROWS=4", "/home/USER/projects/zerv/docs/bench/data/2026-09-22-matvec-pack8l16r4/candidate.comp", "-o", "/home/USER/projects/zerv/third_party/matvec-dfs/2026-09-22-matvec-pack8l16r4/f32.spv"]
["spirv-val", "--target-env", "vulkan1.1", "/home/USER/projects/zerv/third_party/matvec-dfs/2026-09-22-matvec-pack8l16r4/f32.spv"]
["glslc", "--target-env=vulkan1.1", "-O", "-fshader-stage=compute", "-DFORMAT=2", "-DBLOCK_BYTES=18", "-DPAYLOAD_OFFSET=2", "-DLANES=16", "-DROWS=4", "/home/USER/projects/zerv/docs/bench/data/2026-09-22-matvec-pack8l16r4/candidate.comp", "-o", "/home/USER/projects/zerv/third_party/matvec-dfs/2026-09-22-matvec-pack8l16r4/q4_0.spv"]
["spirv-val", "--target-env", "vulkan1.1", "/home/USER/projects/zerv/third_party/matvec-dfs/2026-09-22-matvec-pack8l16r4/q4_0.spv"]
["glslc", "--target-env=vulkan1.1", "-O", "-fshader-stage=compute", "-DFORMAT=3", "-DBLOCK_BYTES=20", "-DPAYLOAD_OFFSET=4", "-DLANES=16", "-DROWS=4", "/home/USER/projects/zerv/docs/bench/data/2026-09-22-matvec-pack8l16r4/candidate.comp", "-o", "/home/USER/projects/zerv/third_party/matvec-dfs/2026-09-22-matvec-pack8l16r4/q4_1.spv"]
["spirv-val", "--target-env", "vulkan1.1", "/home/USER/projects/zerv/third_party/matvec-dfs/2026-09-22-matvec-pack8l16r4/q4_1.spv"]
["glslc", "--target-env=vulkan1.1", "-O", "-fshader-stage=compute", "-DFORMAT=13", "-DBLOCK_BYTES=176", "-DPAYLOAD_OFFSET=2", "-DLANES=16", "-DROWS=4", "/home/USER/projects/zerv/docs/bench/data/2026-09-22-matvec-pack8l16r4/candidate.comp", "-o", "/home/USER/projects/zerv/third_party/matvec-dfs/2026-09-22-matvec-pack8l16r4/q5_k.spv"]
["spirv-val", "--target-env", "vulkan1.1", "/home/USER/projects/zerv/third_party/matvec-dfs/2026-09-22-matvec-pack8l16r4/q5_k.spv"]
["glslc", "--target-env=vulkan1.1", "-O", "-fshader-stage=compute", "-DFORMAT=14", "-DBLOCK_BYTES=210", "-DPAYLOAD_OFFSET=2", "-DLANES=16", "-DROWS=4", "/home/USER/projects/zerv/docs/bench/data/2026-09-22-matvec-pack8l16r4/candidate.comp", "-o", "/home/USER/projects/zerv/third_party/matvec-dfs/2026-09-22-matvec-pack8l16r4/q6_k.spv"]
["spirv-val", "--target-env", "vulkan1.1", "/home/USER/projects/zerv/third_party/matvec-dfs/2026-09-22-matvec-pack8l16r4/q6_k.spv"]
["/home/USER/projects/zerv/.tools/zig-x86_64-linux-0.16.0/zig", "build", "gpu-matvec-bench-build", "-Doptimize=ReleaseFast", "-Dcpu=native"]
["/home/USER/projects/zerv/third_party/matvec-dfs/2026-09-22-matvec-pack8l16r4/native", "--fixtures", "/home/USER/projects/zerv/third_party/matvec-dfs/2026-09-22-matvec-pack8l16r4", "4"]
verified 48 independent cases, replay, guards and changed input
["/home/USER/projects/zerv/third_party/matvec-dfs/2026-09-22-matvec-pack8l16r4/native", "/home/USER/projects/zerv/third_party/gpu-matvec-bench/2026-09-22-gpu-matvec-repeat/q6_k-5120-248320.case", "/home/USER/projects/zerv/third_party/matvec-dfs/2026-09-22-matvec-pack8l16r4/q6_k-5120-248320.output", "10", "/home/USER/projects/zerv/third_party/matvec-dfs/2026-09-22-matvec-pack8l16r4/q6_k.spv", "4"]
{"trial":0,"iterations":10,"elapsed_ns":14400677}
{"trial":1,"iterations":10,"elapsed_ns":14329272}
{"trial":2,"iterations":10,"elapsed_ns":14328309}
{"trial":3,"iterations":10,"elapsed_ns":14403432}
{"trial":4,"iterations":10,"elapsed_ns":14388072}
{"trial":5,"iterations":10,"elapsed_ns":14399614}
{"trial":6,"iterations":10,"elapsed_ns":14446784}
device=AMD Radeon RX 7900 XTX (RADV NAVI31) vendor=1002 id=744c api=4211042 driver=109060099 family=1
allocation_bytes=2088909104 sizes=1043957872,1043957872,993360 memory_types=5,0,5 groups=62080,1,1
["/home/USER/projects/zerv/third_party/matvec-dfs/2026-09-22-matvec-pack8l16r4/native", "/home/USER/projects/zerv/third_party/gpu-matvec-bench/2026-09-22-gpu-matvec-repeat/q4_0-5120-6144.case", "/home/USER/projects/zerv/third_party/matvec-dfs/2026-09-22-matvec-pack8l16r4/q4_0-5120-6144.output", "64", "/home/USER/projects/zerv/third_party/matvec-dfs/2026-09-22-matvec-pack8l16r4/q4_0.spv", "4"]
{"trial":0,"iterations":64,"elapsed_ns":5965804}
{"trial":1,"iterations":64,"elapsed_ns":6109807}
{"trial":2,"iterations":64,"elapsed_ns":6049062}
{"trial":3,"iterations":64,"elapsed_ns":6031859}
{"trial":4,"iterations":64,"elapsed_ns":6059151}
{"trial":5,"iterations":64,"elapsed_ns":6021760}
{"trial":6,"iterations":64,"elapsed_ns":5949223}
device=AMD Radeon RX 7900 XTX (RADV NAVI31) vendor=1002 id=744c api=4211042 driver=109060099 family=1
allocation_bytes=35504432 sizes=17739888,17739888,24656 memory_types=5,0,5 groups=1536,1,1
["/home/USER/projects/zerv/third_party/matvec-dfs/2026-09-22-matvec-pack8l16r4/native", "/home/USER/projects/zerv/third_party/gpu-matvec-bench/2026-09-22-gpu-matvec-repeat/q4_0-5120-10240.case", "/home/USER/projects/zerv/third_party/matvec-dfs/2026-09-22-matvec-pack8l16r4/q4_0-5120-10240.output", "64", "/home/USER/projects/zerv/third_party/matvec-dfs/2026-09-22-matvec-pack8l16r4/q4_0.spv", "4"]
{"trial":0,"iterations":64,"elapsed_ns":7588388}
{"trial":1,"iterations":64,"elapsed_ns":7557119}
{"trial":2,"iterations":64,"elapsed_ns":7574472}
{"trial":3,"iterations":64,"elapsed_ns":7520129}
{"trial":4,"iterations":64,"elapsed_ns":7309169}
{"trial":5,"iterations":64,"elapsed_ns":7234568}
{"trial":6,"iterations":64,"elapsed_ns":7253124}
device=AMD Radeon RX 7900 XTX (RADV NAVI31) vendor=1002 id=744c api=4211042 driver=109060099 family=1
allocation_bytes=59146544 sizes=29552752,29552752,41040 memory_types=5,0,5 groups=2560,1,1
["/home/USER/projects/zerv/third_party/matvec-dfs/2026-09-22-matvec-pack8l16r4/native", "/home/USER/projects/zerv/third_party/gpu-matvec-bench/2026-09-22-gpu-matvec-repeat/q4_1-17408-5120.case", "/home/USER/projects/zerv/third_party/matvec-dfs/2026-09-22-matvec-pack8l16r4/q4_1-17408-5120.output", "64", "/home/USER/projects/zerv/third_party/matvec-dfs/2026-09-22-matvec-pack8l16r4/q4_1.spv", "4"]
{"trial":0,"iterations":64,"elapsed_ns":13263011}
{"trial":1,"iterations":64,"elapsed_ns":11274242}
{"trial":2,"iterations":64,"elapsed_ns":10654238}
{"trial":3,"iterations":64,"elapsed_ns":10255221}
{"trial":4,"iterations":64,"elapsed_ns":9917902}
{"trial":5,"iterations":64,"elapsed_ns":9681224}
{"trial":6,"iterations":64,"elapsed_ns":9749664}
device=AMD Radeon RX 7900 XTX (RADV NAVI31) vendor=1002 id=744c api=4211042 driver=109060099 family=1
allocation_bytes=111612208 sizes=55795824,55795824,20560 memory_types=5,0,5 groups=1280,1,1
["/home/USER/projects/zerv/third_party/matvec-dfs/2026-09-22-matvec-pack8l16r4/native", "/home/USER/projects/zerv/third_party/gpu-matvec-bench/2026-09-22-gpu-matvec-repeat/q4_0-5120-17408.case", "/home/USER/projects/zerv/third_party/matvec-dfs/2026-09-22-matvec-pack8l16r4/q4_0-5120-17408.output", "64", "/home/USER/projects/zerv/third_party/matvec-dfs/2026-09-22-matvec-pack8l16r4/q4_0.spv", "4"]
{"trial":0,"iterations":64,"elapsed_ns":10207200}
{"trial":1,"iterations":64,"elapsed_ns":9621471}
{"trial":2,"iterations":64,"elapsed_ns":9250207}
{"trial":3,"iterations":64,"elapsed_ns":9739224}
{"trial":4,"iterations":64,"elapsed_ns":9221113}
{"trial":5,"iterations":64,"elapsed_ns":9170827}
{"trial":6,"iterations":64,"elapsed_ns":9115833}
device=AMD Radeon RX 7900 XTX (RADV NAVI31) vendor=1002 id=744c api=4211042 driver=109060099 family=1
allocation_bytes=100520240 sizes=50225264,50225264,69712 memory_types=5,0,5 groups=4352,1,1
["/home/USER/projects/zerv/third_party/matvec-dfs/2026-09-22-matvec-pack8l16r4/native", "/home/USER/projects/zerv/third_party/gpu-matvec-bench/2026-09-22-gpu-matvec-repeat/f32-5120-48.case", "/home/USER/projects/zerv/third_party/matvec-dfs/2026-09-22-matvec-pack8l16r4/f32-5120-48.output", "256", "/home/USER/projects/zerv/third_party/matvec-dfs/2026-09-22-matvec-pack8l16r4/f32.spv", "4"]
{"trial":0,"iterations":256,"elapsed_ns":31425575}
{"trial":1,"iterations":256,"elapsed_ns":33462916}
{"trial":2,"iterations":256,"elapsed_ns":31052438}
{"trial":3,"iterations":256,"elapsed_ns":30476096}
{"trial":4,"iterations":256,"elapsed_ns":30299882}
{"trial":5,"iterations":256,"elapsed_ns":30517315}
{"trial":6,"iterations":256,"elapsed_ns":30416844}
device=AMD Radeon RX 7900 XTX (RADV NAVI31) vendor=1002 id=744c api=4211042 driver=109060099 family=1
allocation_bytes=2007920 sizes=1003824,1003824,272 memory_types=5,0,5 groups=12,1,1
["/home/USER/projects/zerv/third_party/matvec-dfs/2026-09-22-matvec-pack8l16r4/native", "/home/USER/projects/zerv/third_party/gpu-matvec-bench/2026-09-22-gpu-matvec-repeat/q5_k-6144-5120.case", "/home/USER/projects/zerv/third_party/matvec-dfs/2026-09-22-matvec-pack8l16r4/q5_k-6144-5120.output", "64", "/home/USER/projects/zerv/third_party/matvec-dfs/2026-09-22-matvec-pack8l16r4/q5_k.spv", "4"]
{"trial":0,"iterations":64,"elapsed_ns":7321192}
{"trial":1,"iterations":64,"elapsed_ns":7209030}
{"trial":2,"iterations":64,"elapsed_ns":7100464}
{"trial":3,"iterations":64,"elapsed_ns":7106465}
{"trial":4,"iterations":64,"elapsed_ns":7083873}
{"trial":5,"iterations":64,"elapsed_ns":7068484}
{"trial":6,"iterations":64,"elapsed_ns":7075628}
device=AMD Radeon RX 7900 XTX (RADV NAVI31) vendor=1002 id=744c api=4211042 driver=109060099 family=1
allocation_bytes=43364656 sizes=21672048,21672048,20560 memory_types=5,0,5 groups=1280,1,1
["/home/USER/projects/zerv/third_party/matvec-dfs/2026-09-22-matvec-pack8l16r4/native", "/home/USER/projects/zerv/third_party/gpu-matvec-bench/2026-09-22-gpu-matvec-repeat/q4_0-5120-1024.case", "/home/USER/projects/zerv/third_party/matvec-dfs/2026-09-22-matvec-pack8l16r4/q4_0-5120-1024.output", "64", "/home/USER/projects/zerv/third_party/matvec-dfs/2026-09-22-matvec-pack8l16r4/q4_0.spv", "4"]
{"trial":0,"iterations":64,"elapsed_ns":3950986}
{"trial":1,"iterations":64,"elapsed_ns":3947880}
{"trial":2,"iterations":64,"elapsed_ns":3945496}
{"trial":3,"iterations":64,"elapsed_ns":3929736}
{"trial":4,"iterations":64,"elapsed_ns":3935648}
{"trial":5,"iterations":64,"elapsed_ns":3961827}
{"trial":6,"iterations":64,"elapsed_ns":3937290}
device=AMD Radeon RX 7900 XTX (RADV NAVI31) vendor=1002 id=744c api=4211042 driver=109060099 family=1
allocation_bytes=5951792 sizes=2973808,2973808,4176 memory_types=5,0,5 groups=256,1,1
["/home/USER/projects/zerv/third_party/matvec-dfs/2026-09-22-matvec-pack8l16r4/native", "/home/USER/projects/zerv/third_party/gpu-matvec-bench/2026-09-22-gpu-matvec-repeat/q4_0-6144-5120.case", "/home/USER/projects/zerv/third_party/matvec-dfs/2026-09-22-matvec-pack8l16r4/q4_0-6144-5120.output", "64", "/home/USER/projects/zerv/third_party/matvec-dfs/2026-09-22-matvec-pack8l16r4/q4_0.spv", "4"]
{"trial":0,"iterations":64,"elapsed_ns":6168377}
{"trial":1,"iterations":64,"elapsed_ns":6139523}
{"trial":2,"iterations":64,"elapsed_ns":6150614}
{"trial":3,"iterations":64,"elapsed_ns":6107233}
{"trial":4,"iterations":64,"elapsed_ns":6109165}
{"trial":5,"iterations":64,"elapsed_ns":6151265}
{"trial":6,"iterations":64,"elapsed_ns":6162437}
device=AMD Radeon RX 7900 XTX (RADV NAVI31) vendor=1002 id=744c api=4211042 driver=109060099 family=1
allocation_bytes=35500336 sizes=17739888,17739888,20560 memory_types=5,0,5 groups=1280,1,1
["/home/USER/projects/zerv/third_party/matvec-dfs/2026-09-22-matvec-pack8l16r4/native", "/home/USER/projects/zerv/third_party/gpu-matvec-bench/2026-09-22-gpu-matvec-repeat/q4_0-5120-12288.case", "/home/USER/projects/zerv/third_party/matvec-dfs/2026-09-22-matvec-pack8l16r4/q4_0-5120-12288.output", "64", "/home/USER/projects/zerv/third_party/matvec-dfs/2026-09-22-matvec-pack8l16r4/q4_0.spv", "4"]
{"trial":0,"iterations":64,"elapsed_ns":8500827}
{"trial":1,"iterations":64,"elapsed_ns":8272685}
{"trial":2,"iterations":64,"elapsed_ns":8793552}
{"trial":3,"iterations":64,"elapsed_ns":8076584}
{"trial":4,"iterations":64,"elapsed_ns":8123713}
{"trial":5,"iterations":64,"elapsed_ns":8276923}
{"trial":6,"iterations":64,"elapsed_ns":7953560}
device=AMD Radeon RX 7900 XTX (RADV NAVI31) vendor=1002 id=744c api=4211042 driver=109060099 family=1
allocation_bytes=70967600 sizes=35459184,35459184,49232 memory_types=5,0,5 groups=3072,1,1
["/home/USER/projects/zerv/third_party/matvec-dfs/2026-09-22-matvec-pack8l16r4/native", "/home/USER/projects/zerv/third_party/gpu-matvec-bench/2026-09-22-gpu-matvec-repeat/q4_0-17408-5120.case", "/home/USER/projects/zerv/third_party/matvec-dfs/2026-09-22-matvec-pack8l16r4/q4_0-17408-5120.output", "64", "/home/USER/projects/zerv/third_party/matvec-dfs/2026-09-22-matvec-pack8l16r4/q4_0.spv", "4"]
{"trial":0,"iterations":64,"elapsed_ns":11897694}
{"trial":1,"iterations":64,"elapsed_ns":10733017}
{"trial":2,"iterations":64,"elapsed_ns":10152547}
{"trial":3,"iterations":64,"elapsed_ns":9986122}
{"trial":4,"iterations":64,"elapsed_ns":10137188}
{"trial":5,"iterations":64,"elapsed_ns":9992374}
{"trial":6,"iterations":64,"elapsed_ns":9616963}
device=AMD Radeon RX 7900 XTX (RADV NAVI31) vendor=1002 id=744c api=4211042 driver=109060099 family=1
allocation_bytes=100471088 sizes=50225264,50225264,20560 memory_types=5,0,5 groups=1280,1,1
