["glslc", "--target-env=vulkan1.1", "-O", "-fshader-stage=compute", "-DFORMAT=0", "-DBLOCK_BYTES=4", "-DPAYLOAD_OFFSET=2", "-DLANES=32", "-DROWS=4", "-DACC_FMA=0", "/home/USER/projects/zerv/docs/bench/data/2026-09-22-matvec-block32r4f0/candidate.comp", "-o", "/home/USER/projects/zerv/third_party/matvec-dfs/2026-09-22-matvec-block32r4f0/f32.spv"]
["spirv-val", "--target-env", "vulkan1.1", "/home/USER/projects/zerv/third_party/matvec-dfs/2026-09-22-matvec-block32r4f0/f32.spv"]
["glslc", "--target-env=vulkan1.1", "-O", "-fshader-stage=compute", "-DFORMAT=2", "-DBLOCK_BYTES=18", "-DPAYLOAD_OFFSET=2", "-DLANES=32", "-DROWS=4", "-DACC_FMA=0", "/home/USER/projects/zerv/docs/bench/data/2026-09-22-matvec-block32r4f0/candidate.comp", "-o", "/home/USER/projects/zerv/third_party/matvec-dfs/2026-09-22-matvec-block32r4f0/q4_0.spv"]
["spirv-val", "--target-env", "vulkan1.1", "/home/USER/projects/zerv/third_party/matvec-dfs/2026-09-22-matvec-block32r4f0/q4_0.spv"]
["glslc", "--target-env=vulkan1.1", "-O", "-fshader-stage=compute", "-DFORMAT=3", "-DBLOCK_BYTES=20", "-DPAYLOAD_OFFSET=4", "-DLANES=32", "-DROWS=4", "-DACC_FMA=0", "/home/USER/projects/zerv/docs/bench/data/2026-09-22-matvec-block32r4f0/candidate.comp", "-o", "/home/USER/projects/zerv/third_party/matvec-dfs/2026-09-22-matvec-block32r4f0/q4_1.spv"]
["spirv-val", "--target-env", "vulkan1.1", "/home/USER/projects/zerv/third_party/matvec-dfs/2026-09-22-matvec-block32r4f0/q4_1.spv"]
["glslc", "--target-env=vulkan1.1", "-O", "-fshader-stage=compute", "-DFORMAT=13", "-DBLOCK_BYTES=176", "-DPAYLOAD_OFFSET=2", "-DLANES=32", "-DROWS=4", "-DACC_FMA=0", "/home/USER/projects/zerv/docs/bench/data/2026-09-22-matvec-block32r4f0/candidate.comp", "-o", "/home/USER/projects/zerv/third_party/matvec-dfs/2026-09-22-matvec-block32r4f0/q5_k.spv"]
["spirv-val", "--target-env", "vulkan1.1", "/home/USER/projects/zerv/third_party/matvec-dfs/2026-09-22-matvec-block32r4f0/q5_k.spv"]
["glslc", "--target-env=vulkan1.1", "-O", "-fshader-stage=compute", "-DFORMAT=14", "-DBLOCK_BYTES=210", "-DPAYLOAD_OFFSET=2", "-DLANES=32", "-DROWS=4", "-DACC_FMA=0", "/home/USER/projects/zerv/docs/bench/data/2026-09-22-matvec-block32r4f0/candidate.comp", "-o", "/home/USER/projects/zerv/third_party/matvec-dfs/2026-09-22-matvec-block32r4f0/q6_k.spv"]
["spirv-val", "--target-env", "vulkan1.1", "/home/USER/projects/zerv/third_party/matvec-dfs/2026-09-22-matvec-block32r4f0/q6_k.spv"]
["/home/USER/projects/zerv/.tools/zig-x86_64-linux-0.16.0/zig", "build", "gpu-matvec-bench-build", "-Doptimize=ReleaseFast", "-Dcpu=native"]
["/home/USER/projects/zerv/third_party/matvec-dfs/2026-09-22-matvec-block32r4f0/native", "--fixtures", "/home/USER/projects/zerv/third_party/matvec-dfs/2026-09-22-matvec-block32r4f0", "4"]
verified 48 independent cases, replay, guards and changed input
["/home/USER/projects/zerv/third_party/matvec-dfs/2026-09-22-matvec-block32r4f0/native", "/home/USER/projects/zerv/third_party/gpu-matvec-bench/2026-09-22-gpu-matvec-repeat/q6_k-5120-248320.case", "/home/USER/projects/zerv/third_party/matvec-dfs/2026-09-22-matvec-block32r4f0/q6_k-5120-248320.output", "10", "/home/USER/projects/zerv/third_party/matvec-dfs/2026-09-22-matvec-block32r4f0/q6_k.spv", "4"]
{"trial":0,"iterations":10,"elapsed_ns":18209142}
{"trial":1,"iterations":10,"elapsed_ns":19191192}
{"trial":2,"iterations":10,"elapsed_ns":19225487}
{"trial":3,"iterations":10,"elapsed_ns":19406100}
{"trial":4,"iterations":10,"elapsed_ns":19226880}
{"trial":5,"iterations":10,"elapsed_ns":19022153}
{"trial":6,"iterations":10,"elapsed_ns":18988759}
device=AMD Radeon RX 7900 XTX (RADV NAVI31) vendor=1002 id=744c api=4211042 driver=109060099 family=1
allocation_bytes=2088909104 sizes=1043957872,1043957872,993360 memory_types=5,0,5 groups=62080,1,1
["/home/USER/projects/zerv/third_party/matvec-dfs/2026-09-22-matvec-block32r4f0/native", "/home/USER/projects/zerv/third_party/gpu-matvec-bench/2026-09-22-gpu-matvec-repeat/q4_0-5120-6144.case", "/home/USER/projects/zerv/third_party/matvec-dfs/2026-09-22-matvec-block32r4f0/q4_0-5120-6144.output", "64", "/home/USER/projects/zerv/third_party/matvec-dfs/2026-09-22-matvec-block32r4f0/q4_0.spv", "4"]
{"trial":0,"iterations":64,"elapsed_ns":8111289}
{"trial":1,"iterations":64,"elapsed_ns":8120837}
{"trial":2,"iterations":64,"elapsed_ns":8080891}
{"trial":3,"iterations":64,"elapsed_ns":8097643}
{"trial":4,"iterations":64,"elapsed_ns":8062677}
{"trial":5,"iterations":64,"elapsed_ns":8064230}
{"trial":6,"iterations":64,"elapsed_ns":7979289}
device=AMD Radeon RX 7900 XTX (RADV NAVI31) vendor=1002 id=744c api=4211042 driver=109060099 family=1
allocation_bytes=35504432 sizes=17739888,17739888,24656 memory_types=5,0,5 groups=1536,1,1
["/home/USER/projects/zerv/third_party/matvec-dfs/2026-09-22-matvec-block32r4f0/native", "/home/USER/projects/zerv/third_party/gpu-matvec-bench/2026-09-22-gpu-matvec-repeat/q4_0-5120-10240.case", "/home/USER/projects/zerv/third_party/matvec-dfs/2026-09-22-matvec-block32r4f0/q4_0-5120-10240.output", "64", "/home/USER/projects/zerv/third_party/matvec-dfs/2026-09-22-matvec-block32r4f0/q4_0.spv", "4"]
{"trial":0,"iterations":64,"elapsed_ns":10959827}
{"trial":1,"iterations":64,"elapsed_ns":10653256}
{"trial":2,"iterations":64,"elapsed_ns":9880552}
{"trial":3,"iterations":64,"elapsed_ns":9609767}
{"trial":4,"iterations":64,"elapsed_ns":9514999}
{"trial":5,"iterations":64,"elapsed_ns":9540167}
{"trial":6,"iterations":64,"elapsed_ns":9385222}
device=AMD Radeon RX 7900 XTX (RADV NAVI31) vendor=1002 id=744c api=4211042 driver=109060099 family=1
allocation_bytes=59146544 sizes=29552752,29552752,41040 memory_types=5,0,5 groups=2560,1,1
["/home/USER/projects/zerv/third_party/matvec-dfs/2026-09-22-matvec-block32r4f0/native", "/home/USER/projects/zerv/third_party/gpu-matvec-bench/2026-09-22-gpu-matvec-repeat/q4_1-17408-5120.case", "/home/USER/projects/zerv/third_party/matvec-dfs/2026-09-22-matvec-block32r4f0/q4_1-17408-5120.output", "64", "/home/USER/projects/zerv/third_party/matvec-dfs/2026-09-22-matvec-block32r4f0/q4_1.spv", "4"]
{"trial":0,"iterations":64,"elapsed_ns":18451862}
{"trial":1,"iterations":64,"elapsed_ns":16190036}
{"trial":2,"iterations":64,"elapsed_ns":15070234}
{"trial":3,"iterations":64,"elapsed_ns":14418479}
{"trial":4,"iterations":64,"elapsed_ns":14115486}
{"trial":5,"iterations":64,"elapsed_ns":13581504}
{"trial":6,"iterations":64,"elapsed_ns":13299038}
device=AMD Radeon RX 7900 XTX (RADV NAVI31) vendor=1002 id=744c api=4211042 driver=109060099 family=1
allocation_bytes=111612208 sizes=55795824,55795824,20560 memory_types=5,0,5 groups=1280,1,1
["/home/USER/projects/zerv/third_party/matvec-dfs/2026-09-22-matvec-block32r4f0/native", "/home/USER/projects/zerv/third_party/gpu-matvec-bench/2026-09-22-gpu-matvec-repeat/q4_0-5120-17408.case", "/home/USER/projects/zerv/third_party/matvec-dfs/2026-09-22-matvec-block32r4f0/q4_0-5120-17408.output", "64", "/home/USER/projects/zerv/third_party/matvec-dfs/2026-09-22-matvec-block32r4f0/q4_0.spv", "4"]
{"trial":0,"iterations":64,"elapsed_ns":14818708}
{"trial":1,"iterations":64,"elapsed_ns":12975705}
{"trial":2,"iterations":64,"elapsed_ns":12317890}
{"trial":3,"iterations":64,"elapsed_ns":11902823}
{"trial":4,"iterations":64,"elapsed_ns":11720578}
{"trial":5,"iterations":64,"elapsed_ns":11402596}
{"trial":6,"iterations":64,"elapsed_ns":11265506}
device=AMD Radeon RX 7900 XTX (RADV NAVI31) vendor=1002 id=744c api=4211042 driver=109060099 family=1
allocation_bytes=100520240 sizes=50225264,50225264,69712 memory_types=5,0,5 groups=4352,1,1
["/home/USER/projects/zerv/third_party/matvec-dfs/2026-09-22-matvec-block32r4f0/native", "/home/USER/projects/zerv/third_party/gpu-matvec-bench/2026-09-22-gpu-matvec-repeat/f32-5120-48.case", "/home/USER/projects/zerv/third_party/matvec-dfs/2026-09-22-matvec-block32r4f0/f32-5120-48.output", "256", "/home/USER/projects/zerv/third_party/matvec-dfs/2026-09-22-matvec-block32r4f0/f32.spv", "4"]
{"trial":0,"iterations":256,"elapsed_ns":20669063}
{"trial":1,"iterations":256,"elapsed_ns":20790173}
{"trial":2,"iterations":256,"elapsed_ns":20519860}
{"trial":3,"iterations":256,"elapsed_ns":20521012}
{"trial":4,"iterations":256,"elapsed_ns":20430871}
{"trial":5,"iterations":256,"elapsed_ns":20229600}
{"trial":6,"iterations":256,"elapsed_ns":20293742}
device=AMD Radeon RX 7900 XTX (RADV NAVI31) vendor=1002 id=744c api=4211042 driver=109060099 family=1
allocation_bytes=2007920 sizes=1003824,1003824,272 memory_types=5,0,5 groups=12,1,1
["/home/USER/projects/zerv/third_party/matvec-dfs/2026-09-22-matvec-block32r4f0/native", "/home/USER/projects/zerv/third_party/gpu-matvec-bench/2026-09-22-gpu-matvec-repeat/q5_k-6144-5120.case", "/home/USER/projects/zerv/third_party/matvec-dfs/2026-09-22-matvec-block32r4f0/q5_k-6144-5120.output", "64", "/home/USER/projects/zerv/third_party/matvec-dfs/2026-09-22-matvec-block32r4f0/q5_k.spv", "4"]
{"trial":0,"iterations":64,"elapsed_ns":10752633}
{"trial":1,"iterations":64,"elapsed_ns":10722967}
{"trial":2,"iterations":64,"elapsed_ns":10020496}
{"trial":3,"iterations":64,"elapsed_ns":9671636}
{"trial":4,"iterations":64,"elapsed_ns":9515480}
{"trial":5,"iterations":64,"elapsed_ns":9474522}
{"trial":6,"iterations":64,"elapsed_ns":9374342}
device=AMD Radeon RX 7900 XTX (RADV NAVI31) vendor=1002 id=744c api=4211042 driver=109060099 family=1
allocation_bytes=43364656 sizes=21672048,21672048,20560 memory_types=5,0,5 groups=1280,1,1
["/home/USER/projects/zerv/third_party/matvec-dfs/2026-09-22-matvec-block32r4f0/native", "/home/USER/projects/zerv/third_party/gpu-matvec-bench/2026-09-22-gpu-matvec-repeat/q4_0-5120-1024.case", "/home/USER/projects/zerv/third_party/matvec-dfs/2026-09-22-matvec-block32r4f0/q4_0-5120-1024.output", "64", "/home/USER/projects/zerv/third_party/matvec-dfs/2026-09-22-matvec-block32r4f0/q4_0.spv", "4"]
{"trial":0,"iterations":64,"elapsed_ns":4862133}
{"trial":1,"iterations":64,"elapsed_ns":4840963}
{"trial":2,"iterations":64,"elapsed_ns":5368072}
{"trial":3,"iterations":64,"elapsed_ns":4807109}
{"trial":4,"iterations":64,"elapsed_ns":5607265}
{"trial":5,"iterations":64,"elapsed_ns":4788574}
{"trial":6,"iterations":64,"elapsed_ns":4866471}
device=AMD Radeon RX 7900 XTX (RADV NAVI31) vendor=1002 id=744c api=4211042 driver=109060099 family=1
allocation_bytes=5951792 sizes=2973808,2973808,4176 memory_types=5,0,5 groups=256,1,1
["/home/USER/projects/zerv/third_party/matvec-dfs/2026-09-22-matvec-block32r4f0/native", "/home/USER/projects/zerv/third_party/gpu-matvec-bench/2026-09-22-gpu-matvec-repeat/q4_0-6144-5120.case", "/home/USER/projects/zerv/third_party/matvec-dfs/2026-09-22-matvec-block32r4f0/q4_0-6144-5120.output", "64", "/home/USER/projects/zerv/third_party/matvec-dfs/2026-09-22-matvec-block32r4f0/q4_0.spv", "4"]
{"trial":0,"iterations":64,"elapsed_ns":8844538}
{"trial":1,"iterations":64,"elapsed_ns":8854367}
{"trial":2,"iterations":64,"elapsed_ns":8823107}
{"trial":3,"iterations":64,"elapsed_ns":8954387}
{"trial":4,"iterations":64,"elapsed_ns":8669817}
{"trial":5,"iterations":64,"elapsed_ns":8574977}
{"trial":6,"iterations":64,"elapsed_ns":8484707}
device=AMD Radeon RX 7900 XTX (RADV NAVI31) vendor=1002 id=744c api=4211042 driver=109060099 family=1
allocation_bytes=35500336 sizes=17739888,17739888,20560 memory_types=5,0,5 groups=1280,1,1
["/home/USER/projects/zerv/third_party/matvec-dfs/2026-09-22-matvec-block32r4f0/native", "/home/USER/projects/zerv/third_party/gpu-matvec-bench/2026-09-22-gpu-matvec-repeat/q4_0-5120-12288.case", "/home/USER/projects/zerv/third_party/matvec-dfs/2026-09-22-matvec-block32r4f0/q4_0-5120-12288.output", "64", "/home/USER/projects/zerv/third_party/matvec-dfs/2026-09-22-matvec-block32r4f0/q4_0.spv", "4"]
{"trial":0,"iterations":64,"elapsed_ns":12216467}
{"trial":1,"iterations":64,"elapsed_ns":11430789}
{"trial":2,"iterations":64,"elapsed_ns":10913077}
{"trial":3,"iterations":64,"elapsed_ns":10658856}
{"trial":4,"iterations":64,"elapsed_ns":10284346}
{"trial":5,"iterations":64,"elapsed_ns":10102572}
{"trial":6,"iterations":64,"elapsed_ns":10095508}
device=AMD Radeon RX 7900 XTX (RADV NAVI31) vendor=1002 id=744c api=4211042 driver=109060099 family=1
allocation_bytes=70967600 sizes=35459184,35459184,49232 memory_types=5,0,5 groups=3072,1,1
["/home/USER/projects/zerv/third_party/matvec-dfs/2026-09-22-matvec-block32r4f0/native", "/home/USER/projects/zerv/third_party/gpu-matvec-bench/2026-09-22-gpu-matvec-repeat/q4_0-17408-5120.case", "/home/USER/projects/zerv/third_party/matvec-dfs/2026-09-22-matvec-block32r4f0/q4_0-17408-5120.output", "64", "/home/USER/projects/zerv/third_party/matvec-dfs/2026-09-22-matvec-block32r4f0/q4_0.spv", "4"]
{"trial":0,"iterations":64,"elapsed_ns":17964849}
{"trial":1,"iterations":64,"elapsed_ns":15774449}
{"trial":2,"iterations":64,"elapsed_ns":14980895}
{"trial":3,"iterations":64,"elapsed_ns":14478354}
{"trial":4,"iterations":64,"elapsed_ns":13858709}
{"trial":5,"iterations":64,"elapsed_ns":13639794}
{"trial":6,"iterations":64,"elapsed_ns":13292967}
device=AMD Radeon RX 7900 XTX (RADV NAVI31) vendor=1002 id=744c api=4211042 driver=109060099 family=1
allocation_bytes=100471088 sizes=50225264,50225264,20560 memory_types=5,0,5 groups=1280,1,1
