ggml_vulkan: Found 1 Vulkan devices:
ggml_vulkan: 0 = AMD Radeon RX 7900 XTX (RADV NAVI31) (radv) | uma: 0 | fp16: dot2 | bf16: 0 | fp4: 0 | warp size: 64 | shared memory: 65536 | int dot: 1 | matrix cores: KHR_coopmat
oracle=0.24.0 commit=456172ec-dirty device=AMD Radeon RX 7900 XTX (RADV NAVI31) disable_mmvq=1
backend_allocation_bytes=29552640
----------------
Vulkan Timings:
MUL_MAT_VEC q4_0 m=10240 n=1 k=5120: 1 x 65.88 us = 65.88 us (1591.49 GFLOPS/s)
Total time: 65.88 us.
----------------
Vulkan Timings:
MUL_MAT_VEC q4_0 m=10240 n=1 k=5120: 1 x 61.8 us = 61.8 us (1696.56 GFLOPS/s)
Total time: 61.8 us.
----------------
Vulkan Timings:
MUL_MAT_VEC q4_0 m=10240 n=1 k=5120: 1 x 61.16 us = 61.16 us (1714.31 GFLOPS/s)
Total time: 61.16 us.
----------------
Vulkan Timings:
MUL_MAT_VEC q4_0 m=10240 n=1 k=5120: 1 x 61.4 us = 61.4 us (1707.61 GFLOPS/s)
Total time: 61.4 us.
----------------
Vulkan Timings:
MUL_MAT_VEC q4_0 m=10240 n=1 k=5120: 1 x 61 us = 61 us (1718.81 GFLOPS/s)
Total time: 61 us.
----------------
Vulkan Timings:
MUL_MAT_VEC q4_0 m=10240 n=1 k=5120: 1 x 61.16 us = 61.16 us (1714.31 GFLOPS/s)
Total time: 61.16 us.
----------------
Vulkan Timings:
MUL_MAT_VEC q4_0 m=10240 n=1 k=5120: 1 x 61.2 us = 61.2 us (1713.19 GFLOPS/s)
Total time: 61.2 us.
----------------
Vulkan Timings:
MUL_MAT_VEC q4_0 m=10240 n=1 k=5120: 1 x 61.16 us = 61.16 us (1714.31 GFLOPS/s)
Total time: 61.16 us.
----------------
Vulkan Timings:
MUL_MAT_VEC q4_0 m=10240 n=1 k=5120: 1 x 61.24 us = 61.24 us (1712.07 GFLOPS/s)
Total time: 61.24 us.
----------------
Vulkan Timings:
MUL_MAT_VEC q4_0 m=10240 n=1 k=5120: 1 x 61.16 us = 61.16 us (1714.31 GFLOPS/s)
Total time: 61.16 us.
----------------
Vulkan Timings:
MUL_MAT_VEC q4_0 m=10240 n=1 k=5120: 1 x 60.72 us = 60.72 us (1726.74 GFLOPS/s)
Total time: 60.72 us.
----------------
Vulkan Timings:
MUL_MAT_VEC q4_0 m=10240 n=1 k=5120: 1 x 61.16 us = 61.16 us (1714.31 GFLOPS/s)
Total time: 61.16 us.
----------------
Vulkan Timings:
MUL_MAT_VEC q4_0 m=10240 n=1 k=5120: 1 x 61.12 us = 61.12 us (1715.43 GFLOPS/s)
Total time: 61.12 us.
----------------
Vulkan Timings:
MUL_MAT_VEC q4_0 m=10240 n=1 k=5120: 1 x 61.4 us = 61.4 us (1707.61 GFLOPS/s)
Total time: 61.4 us.
----------------
Vulkan Timings:
MUL_MAT_VEC q4_0 m=10240 n=1 k=5120: 1 x 61 us = 61 us (1718.81 GFLOPS/s)
Total time: 61 us.
----------------
Vulkan Timings:
MUL_MAT_VEC q4_0 m=10240 n=1 k=5120: 1 x 61 us = 61 us (1718.81 GFLOPS/s)
Total time: 61 us.
----------------
Vulkan Timings:
MUL_MAT_VEC q4_0 m=10240 n=1 k=5120: 1 x 61.08 us = 61.08 us (1716.56 GFLOPS/s)
Total time: 61.08 us.
----------------
Vulkan Timings:
MUL_MAT_VEC q4_0 m=10240 n=1 k=5120: 1 x 61.16 us = 61.16 us (1714.31 GFLOPS/s)
Total time: 61.16 us.
----------------
Vulkan Timings:
MUL_MAT_VEC q4_0 m=10240 n=1 k=5120: 1 x 61.08 us = 61.08 us (1716.56 GFLOPS/s)
Total time: 61.08 us.
----------------
Vulkan Timings:
MUL_MAT_VEC q4_0 m=10240 n=1 k=5120: 1 x 61.12 us = 61.12 us (1715.43 GFLOPS/s)
Total time: 61.12 us.
----------------
Vulkan Timings:
MUL_MAT_VEC q4_0 m=10240 n=1 k=5120: 1 x 61.12 us = 61.12 us (1715.43 GFLOPS/s)
Total time: 61.12 us.
----------------
Vulkan Timings:
MUL_MAT_VEC q4_0 m=10240 n=1 k=5120: 1 x 61.28 us = 61.28 us (1710.96 GFLOPS/s)
Total time: 61.28 us.
----------------
Vulkan Timings:
MUL_MAT_VEC q4_0 m=10240 n=1 k=5120: 1 x 61.04 us = 61.04 us (1717.68 GFLOPS/s)
Total time: 61.04 us.
----------------
Vulkan Timings:
MUL_MAT_VEC q4_0 m=10240 n=1 k=5120: 1 x 61.08 us = 61.08 us (1716.56 GFLOPS/s)
Total time: 61.08 us.
----------------
Vulkan Timings:
MUL_MAT_VEC q4_0 m=10240 n=1 k=5120: 1 x 66.04 us = 66.04 us (1587.63 GFLOPS/s)
Total time: 66.04 us.
----------------
Vulkan Timings:
MUL_MAT_VEC q4_0 m=10240 n=1 k=5120: 1 x 61.44 us = 61.44 us (1706.5 GFLOPS/s)
Total time: 61.44 us.
----------------
Vulkan Timings:
MUL_MAT_VEC q4_0 m=10240 n=1 k=5120: 1 x 62.84 us = 62.84 us (1668.48 GFLOPS/s)
Total time: 62.84 us.
----------------
Vulkan Timings:
MUL_MAT_VEC q4_0 m=10240 n=1 k=5120: 1 x 61.72 us = 61.72 us (1698.76 GFLOPS/s)
Total time: 61.72 us.
----------------
Vulkan Timings:
MUL_MAT_VEC q4_0 m=10240 n=1 k=5120: 1 x 61.08 us = 61.08 us (1716.56 GFLOPS/s)
Total time: 61.08 us.
----------------
Vulkan Timings:
MUL_MAT_VEC q4_0 m=10240 n=1 k=5120: 1 x 61.08 us = 61.08 us (1716.56 GFLOPS/s)
Total time: 61.08 us.
----------------
Vulkan Timings:
MUL_MAT_VEC q4_0 m=10240 n=1 k=5120: 1 x 61.12 us = 61.12 us (1715.43 GFLOPS/s)
Total time: 61.12 us.
----------------
Vulkan Timings:
MUL_MAT_VEC q4_0 m=10240 n=1 k=5120: 1 x 61.28 us = 61.28 us (1710.96 GFLOPS/s)
Total time: 61.28 us.
----------------
Vulkan Timings:
MUL_MAT_VEC q4_0 m=10240 n=1 k=5120: 1 x 61.56 us = 61.56 us (1703.17 GFLOPS/s)
Total time: 61.56 us.
----------------
Vulkan Timings:
MUL_MAT_VEC q4_0 m=10240 n=1 k=5120: 1 x 61.28 us = 61.28 us (1710.96 GFLOPS/s)
Total time: 61.28 us.
----------------
Vulkan Timings:
MUL_MAT_VEC q4_0 m=10240 n=1 k=5120: 1 x 61.2 us = 61.2 us (1713.19 GFLOPS/s)
Total time: 61.2 us.
----------------
Vulkan Timings:
MUL_MAT_VEC q4_0 m=10240 n=1 k=5120: 1 x 61.16 us = 61.16 us (1714.31 GFLOPS/s)
Total time: 61.16 us.
----------------
Vulkan Timings:
MUL_MAT_VEC q4_0 m=10240 n=1 k=5120: 1 x 61.36 us = 61.36 us (1708.72 GFLOPS/s)
Total time: 61.36 us.
----------------
Vulkan Timings:
MUL_MAT_VEC q4_0 m=10240 n=1 k=5120: 1 x 61.12 us = 61.12 us (1715.43 GFLOPS/s)
Total time: 61.12 us.
----------------
Vulkan Timings:
MUL_MAT_VEC q4_0 m=10240 n=1 k=5120: 1 x 61.2 us = 61.2 us (1713.19 GFLOPS/s)
Total time: 61.2 us.
----------------
Vulkan Timings:
MUL_MAT_VEC q4_0 m=10240 n=1 k=5120: 1 x 61.08 us = 61.08 us (1716.56 GFLOPS/s)
Total time: 61.08 us.
----------------
Vulkan Timings:
MUL_MAT_VEC q4_0 m=10240 n=1 k=5120: 1 x 61.08 us = 61.08 us (1716.56 GFLOPS/s)
Total time: 61.08 us.
----------------
Vulkan Timings:
MUL_MAT_VEC q4_0 m=10240 n=1 k=5120: 1 x 61.28 us = 61.28 us (1710.96 GFLOPS/s)
Total time: 61.28 us.
----------------
Vulkan Timings:
MUL_MAT_VEC q4_0 m=10240 n=1 k=5120: 1 x 61.2 us = 61.2 us (1713.19 GFLOPS/s)
Total time: 61.2 us.
----------------
Vulkan Timings:
MUL_MAT_VEC q4_0 m=10240 n=1 k=5120: 1 x 61.56 us = 61.56 us (1703.17 GFLOPS/s)
Total time: 61.56 us.
----------------
Vulkan Timings:
MUL_MAT_VEC q4_0 m=10240 n=1 k=5120: 1 x 61 us = 61 us (1718.81 GFLOPS/s)
Total time: 61 us.
----------------
Vulkan Timings:
MUL_MAT_VEC q4_0 m=10240 n=1 k=5120: 1 x 61.16 us = 61.16 us (1714.31 GFLOPS/s)
Total time: 61.16 us.
----------------
Vulkan Timings:
MUL_MAT_VEC q4_0 m=10240 n=1 k=5120: 1 x 61.12 us = 61.12 us (1715.43 GFLOPS/s)
Total time: 61.12 us.
----------------
Vulkan Timings:
MUL_MAT_VEC q4_0 m=10240 n=1 k=5120: 1 x 61.16 us = 61.16 us (1714.31 GFLOPS/s)
Total time: 61.16 us.
----------------
Vulkan Timings:
MUL_MAT_VEC q4_0 m=10240 n=1 k=5120: 1 x 60.68 us = 60.68 us (1727.87 GFLOPS/s)
Total time: 60.68 us.
----------------
Vulkan Timings:
MUL_MAT_VEC q4_0 m=10240 n=1 k=5120: 1 x 61.2 us = 61.2 us (1713.19 GFLOPS/s)
Total time: 61.2 us.
----------------
Vulkan Timings:
MUL_MAT_VEC q4_0 m=10240 n=1 k=5120: 1 x 61.12 us = 61.12 us (1715.43 GFLOPS/s)
Total time: 61.12 us.
----------------
Vulkan Timings:
MUL_MAT_VEC q4_0 m=10240 n=1 k=5120: 1 x 61.24 us = 61.24 us (1712.07 GFLOPS/s)
Total time: 61.24 us.
----------------
Vulkan Timings:
MUL_MAT_VEC q4_0 m=10240 n=1 k=5120: 1 x 61 us = 61 us (1718.81 GFLOPS/s)
Total time: 61 us.
----------------
Vulkan Timings:
MUL_MAT_VEC q4_0 m=10240 n=1 k=5120: 1 x 61.48 us = 61.48 us (1705.39 GFLOPS/s)
Total time: 61.48 us.
----------------
Vulkan Timings:
MUL_MAT_VEC q4_0 m=10240 n=1 k=5120: 1 x 61.08 us = 61.08 us (1716.56 GFLOPS/s)
Total time: 61.08 us.
----------------
Vulkan Timings:
MUL_MAT_VEC q4_0 m=10240 n=1 k=5120: 1 x 61.2 us = 61.2 us (1713.19 GFLOPS/s)
Total time: 61.2 us.
----------------
Vulkan Timings:
MUL_MAT_VEC q4_0 m=10240 n=1 k=5120: 1 x 61.04 us = 61.04 us (1717.68 GFLOPS/s)
Total time: 61.04 us.
----------------
Vulkan Timings:
MUL_MAT_VEC q4_0 m=10240 n=1 k=5120: 1 x 61.16 us = 61.16 us (1714.31 GFLOPS/s)
Total time: 61.16 us.
----------------
Vulkan Timings:
MUL_MAT_VEC q4_0 m=10240 n=1 k=5120: 1 x 61.12 us = 61.12 us (1715.43 GFLOPS/s)
Total time: 61.12 us.
----------------
Vulkan Timings:
MUL_MAT_VEC q4_0 m=10240 n=1 k=5120: 1 x 61.16 us = 61.16 us (1714.31 GFLOPS/s)
Total time: 61.16 us.
----------------
Vulkan Timings:
MUL_MAT_VEC q4_0 m=10240 n=1 k=5120: 1 x 61.44 us = 61.44 us (1706.5 GFLOPS/s)
Total time: 61.44 us.
----------------
Vulkan Timings:
MUL_MAT_VEC q4_0 m=10240 n=1 k=5120: 1 x 61.24 us = 61.24 us (1712.07 GFLOPS/s)
Total time: 61.24 us.
----------------
Vulkan Timings:
MUL_MAT_VEC q4_0 m=10240 n=1 k=5120: 1 x 61.08 us = 61.08 us (1716.56 GFLOPS/s)
Total time: 61.08 us.
----------------
Vulkan Timings:
MUL_MAT_VEC q4_0 m=10240 n=1 k=5120: 1 x 61.16 us = 61.16 us (1714.31 GFLOPS/s)
Total time: 61.16 us.
----------------
Vulkan Timings:
MUL_MAT_VEC q4_0 m=10240 n=1 k=5120: 1 x 61.2 us = 61.2 us (1713.19 GFLOPS/s)
Total time: 61.2 us.
----------------
Vulkan Timings:
MUL_MAT_VEC q4_0 m=10240 n=1 k=5120: 1 x 61.24 us = 61.24 us (1712.07 GFLOPS/s)
Total time: 61.24 us.
----------------
Vulkan Timings:
MUL_MAT_VEC q4_0 m=10240 n=1 k=5120: 1 x 61.56 us = 61.56 us (1703.17 GFLOPS/s)
Total time: 61.56 us.
----------------
Vulkan Timings:
MUL_MAT_VEC q4_0 m=10240 n=1 k=5120: 1 x 61.2 us = 61.2 us (1713.19 GFLOPS/s)
Total time: 61.2 us.
----------------
Vulkan Timings:
MUL_MAT_VEC q4_0 m=10240 n=1 k=5120: 1 x 61.08 us = 61.08 us (1716.56 GFLOPS/s)
Total time: 61.08 us.
----------------
Vulkan Timings:
MUL_MAT_VEC q4_0 m=10240 n=1 k=5120: 1 x 61.16 us = 61.16 us (1714.31 GFLOPS/s)
Total time: 61.16 us.
----------------
Vulkan Timings:
MUL_MAT_VEC q4_0 m=10240 n=1 k=5120: 1 x 61.2 us = 61.2 us (1713.19 GFLOPS/s)
Total time: 61.2 us.
----------------
Vulkan Timings:
MUL_MAT_VEC q4_0 m=10240 n=1 k=5120: 1 x 61.36 us = 61.36 us (1708.72 GFLOPS/s)
Total time: 61.36 us.
----------------
Vulkan Timings:
MUL_MAT_VEC q4_0 m=10240 n=1 k=5120: 1 x 61.28 us = 61.28 us (1710.96 GFLOPS/s)
Total time: 61.28 us.
----------------
Vulkan Timings:
MUL_MAT_VEC q4_0 m=10240 n=1 k=5120: 1 x 61.04 us = 61.04 us (1717.68 GFLOPS/s)
Total time: 61.04 us.
----------------
Vulkan Timings:
MUL_MAT_VEC q4_0 m=10240 n=1 k=5120: 1 x 61.28 us = 61.28 us (1710.96 GFLOPS/s)
Total time: 61.28 us.
----------------
Vulkan Timings:
MUL_MAT_VEC q4_0 m=10240 n=1 k=5120: 1 x 61.2 us = 61.2 us (1713.19 GFLOPS/s)
Total time: 61.2 us.
----------------
Vulkan Timings:
MUL_MAT_VEC q4_0 m=10240 n=1 k=5120: 1 x 61.24 us = 61.24 us (1712.07 GFLOPS/s)
Total time: 61.24 us.
----------------
Vulkan Timings:
MUL_MAT_VEC q4_0 m=10240 n=1 k=5120: 1 x 61.16 us = 61.16 us (1714.31 GFLOPS/s)
Total time: 61.16 us.
----------------
Vulkan Timings:
MUL_MAT_VEC q4_0 m=10240 n=1 k=5120: 1 x 61.2 us = 61.2 us (1713.19 GFLOPS/s)
Total time: 61.2 us.
----------------
Vulkan Timings:
MUL_MAT_VEC q4_0 m=10240 n=1 k=5120: 1 x 61.16 us = 61.16 us (1714.31 GFLOPS/s)
Total time: 61.16 us.
----------------
Vulkan Timings:
MUL_MAT_VEC q4_0 m=10240 n=1 k=5120: 1 x 61.28 us = 61.28 us (1710.96 GFLOPS/s)
Total time: 61.28 us.
----------------
Vulkan Timings:
MUL_MAT_VEC q4_0 m=10240 n=1 k=5120: 1 x 61.08 us = 61.08 us (1716.56 GFLOPS/s)
Total time: 61.08 us.
----------------
Vulkan Timings:
MUL_MAT_VEC q4_0 m=10240 n=1 k=5120: 1 x 61.16 us = 61.16 us (1714.31 GFLOPS/s)
Total time: 61.16 us.
----------------
Vulkan Timings:
MUL_MAT_VEC q4_0 m=10240 n=1 k=5120: 1 x 61.16 us = 61.16 us (1714.31 GFLOPS/s)
Total time: 61.16 us.
----------------
Vulkan Timings:
MUL_MAT_VEC q4_0 m=10240 n=1 k=5120: 1 x 61.16 us = 61.16 us (1714.31 GFLOPS/s)
Total time: 61.16 us.
----------------
Vulkan Timings:
MUL_MAT_VEC q4_0 m=10240 n=1 k=5120: 1 x 61.44 us = 61.44 us (1706.5 GFLOPS/s)
Total time: 61.44 us.
----------------
Vulkan Timings:
MUL_MAT_VEC q4_0 m=10240 n=1 k=5120: 1 x 61.24 us = 61.24 us (1712.07 GFLOPS/s)
Total time: 61.24 us.
----------------
Vulkan Timings:
MUL_MAT_VEC q4_0 m=10240 n=1 k=5120: 1 x 61.44 us = 61.44 us (1706.5 GFLOPS/s)
Total time: 61.44 us.
----------------
Vulkan Timings:
MUL_MAT_VEC q4_0 m=10240 n=1 k=5120: 1 x 61.32 us = 61.32 us (1709.84 GFLOPS/s)
Total time: 61.32 us.
----------------
Vulkan Timings:
MUL_MAT_VEC q4_0 m=10240 n=1 k=5120: 1 x 61.28 us = 61.28 us (1710.96 GFLOPS/s)
Total time: 61.28 us.
----------------
Vulkan Timings:
MUL_MAT_VEC q4_0 m=10240 n=1 k=5120: 1 x 61.16 us = 61.16 us (1714.31 GFLOPS/s)
Total time: 61.16 us.
----------------
Vulkan Timings:
MUL_MAT_VEC q4_0 m=10240 n=1 k=5120: 1 x 61.12 us = 61.12 us (1715.43 GFLOPS/s)
Total time: 61.12 us.
----------------
Vulkan Timings:
MUL_MAT_VEC q4_0 m=10240 n=1 k=5120: 1 x 61.24 us = 61.24 us (1712.07 GFLOPS/s)
Total time: 61.24 us.
----------------
Vulkan Timings:
MUL_MAT_VEC q4_0 m=10240 n=1 k=5120: 1 x 61.08 us = 61.08 us (1716.56 GFLOPS/s)
Total time: 61.08 us.
----------------
Vulkan Timings:
MUL_MAT_VEC q4_0 m=10240 n=1 k=5120: 1 x 61.2 us = 61.2 us (1713.19 GFLOPS/s)
Total time: 61.2 us.
----------------
Vulkan Timings:
MUL_MAT_VEC q4_0 m=10240 n=1 k=5120: 1 x 61.2 us = 61.2 us (1713.19 GFLOPS/s)
Total time: 61.2 us.
----------------
Vulkan Timings:
MUL_MAT_VEC q4_0 m=10240 n=1 k=5120: 1 x 61.2 us = 61.2 us (1713.19 GFLOPS/s)
Total time: 61.2 us.
----------------
Vulkan Timings:
MUL_MAT_VEC q4_0 m=10240 n=1 k=5120: 1 x 61.04 us = 61.04 us (1717.68 GFLOPS/s)
Total time: 61.04 us.
----------------
Vulkan Timings:
MUL_MAT_VEC q4_0 m=10240 n=1 k=5120: 1 x 61.16 us = 61.16 us (1714.31 GFLOPS/s)
Total time: 61.16 us.
----------------
Vulkan Timings:
MUL_MAT_VEC q4_0 m=10240 n=1 k=5120: 1 x 61.24 us = 61.24 us (1712.07 GFLOPS/s)
Total time: 61.24 us.
----------------
Vulkan Timings:
MUL_MAT_VEC q4_0 m=10240 n=1 k=5120: 1 x 61.04 us = 61.04 us (1717.68 GFLOPS/s)
Total time: 61.04 us.
----------------
Vulkan Timings:
MUL_MAT_VEC q4_0 m=10240 n=1 k=5120: 1 x 61.32 us = 61.32 us (1709.84 GFLOPS/s)
Total time: 61.32 us.
----------------
Vulkan Timings:
MUL_MAT_VEC q4_0 m=10240 n=1 k=5120: 1 x 61.28 us = 61.28 us (1710.96 GFLOPS/s)
Total time: 61.28 us.
----------------
Vulkan Timings:
MUL_MAT_VEC q4_0 m=10240 n=1 k=5120: 1 x 61.24 us = 61.24 us (1712.07 GFLOPS/s)
Total time: 61.24 us.
----------------
Vulkan Timings:
MUL_MAT_VEC q4_0 m=10240 n=1 k=5120: 1 x 61.24 us = 61.24 us (1712.07 GFLOPS/s)
Total time: 61.24 us.
----------------
Vulkan Timings:
MUL_MAT_VEC q4_0 m=10240 n=1 k=5120: 1 x 61.16 us = 61.16 us (1714.31 GFLOPS/s)
Total time: 61.16 us.
----------------
Vulkan Timings:
MUL_MAT_VEC q4_0 m=10240 n=1 k=5120: 1 x 61.24 us = 61.24 us (1712.07 GFLOPS/s)
Total time: 61.24 us.
----------------
Vulkan Timings:
MUL_MAT_VEC q4_0 m=10240 n=1 k=5120: 1 x 61.2 us = 61.2 us (1713.19 GFLOPS/s)
Total time: 61.2 us.
----------------
Vulkan Timings:
MUL_MAT_VEC q4_0 m=10240 n=1 k=5120: 1 x 61.08 us = 61.08 us (1716.56 GFLOPS/s)
Total time: 61.08 us.
----------------
Vulkan Timings:
MUL_MAT_VEC q4_0 m=10240 n=1 k=5120: 1 x 61.56 us = 61.56 us (1703.17 GFLOPS/s)
Total time: 61.56 us.
----------------
Vulkan Timings:
MUL_MAT_VEC q4_0 m=10240 n=1 k=5120: 1 x 61.16 us = 61.16 us (1714.31 GFLOPS/s)
Total time: 61.16 us.
----------------
Vulkan Timings:
MUL_MAT_VEC q4_0 m=10240 n=1 k=5120: 1 x 61.16 us = 61.16 us (1714.31 GFLOPS/s)
Total time: 61.16 us.
----------------
Vulkan Timings:
MUL_MAT_VEC q4_0 m=10240 n=1 k=5120: 1 x 61.04 us = 61.04 us (1717.68 GFLOPS/s)
Total time: 61.04 us.
----------------
Vulkan Timings:
MUL_MAT_VEC q4_0 m=10240 n=1 k=5120: 1 x 61.28 us = 61.28 us (1710.96 GFLOPS/s)
Total time: 61.28 us.
----------------
Vulkan Timings:
MUL_MAT_VEC q4_0 m=10240 n=1 k=5120: 1 x 61.32 us = 61.32 us (1709.84 GFLOPS/s)
Total time: 61.32 us.
----------------
Vulkan Timings:
MUL_MAT_VEC q4_0 m=10240 n=1 k=5120: 1 x 61.24 us = 61.24 us (1712.07 GFLOPS/s)
Total time: 61.24 us.
----------------
Vulkan Timings:
MUL_MAT_VEC q4_0 m=10240 n=1 k=5120: 1 x 61.28 us = 61.28 us (1710.96 GFLOPS/s)
Total time: 61.28 us.
----------------
Vulkan Timings:
MUL_MAT_VEC q4_0 m=10240 n=1 k=5120: 1 x 61.08 us = 61.08 us (1716.56 GFLOPS/s)
Total time: 61.08 us.
----------------
Vulkan Timings:
MUL_MAT_VEC q4_0 m=10240 n=1 k=5120: 1 x 61.12 us = 61.12 us (1715.43 GFLOPS/s)
Total time: 61.12 us.
----------------
Vulkan Timings:
MUL_MAT_VEC q4_0 m=10240 n=1 k=5120: 1 x 61.24 us = 61.24 us (1712.07 GFLOPS/s)
Total time: 61.24 us.
----------------
Vulkan Timings:
MUL_MAT_VEC q4_0 m=10240 n=1 k=5120: 1 x 61.2 us = 61.2 us (1713.19 GFLOPS/s)
Total time: 61.2 us.
----------------
Vulkan Timings:
MUL_MAT_VEC q4_0 m=10240 n=1 k=5120: 1 x 61.24 us = 61.24 us (1712.07 GFLOPS/s)
Total time: 61.24 us.
----------------
Vulkan Timings:
MUL_MAT_VEC q4_0 m=10240 n=1 k=5120: 1 x 61.28 us = 61.28 us (1710.96 GFLOPS/s)
Total time: 61.28 us.
----------------
Vulkan Timings:
MUL_MAT_VEC q4_0 m=10240 n=1 k=5120: 1 x 61 us = 61 us (1718.81 GFLOPS/s)
Total time: 61 us.
----------------
Vulkan Timings:
MUL_MAT_VEC q4_0 m=10240 n=1 k=5120: 1 x 61.36 us = 61.36 us (1708.72 GFLOPS/s)
Total time: 61.36 us.
----------------
Vulkan Timings:
MUL_MAT_VEC q4_0 m=10240 n=1 k=5120: 1 x 61.2 us = 61.2 us (1713.19 GFLOPS/s)
Total time: 61.2 us.
----------------
Vulkan Timings:
MUL_MAT_VEC q4_0 m=10240 n=1 k=5120: 1 x 61.16 us = 61.16 us (1714.31 GFLOPS/s)
Total time: 61.16 us.
----------------
Vulkan Timings:
MUL_MAT_VEC q4_0 m=10240 n=1 k=5120: 1 x 61.28 us = 61.28 us (1710.96 GFLOPS/s)
Total time: 61.28 us.
----------------
Vulkan Timings:
MUL_MAT_VEC q4_0 m=10240 n=1 k=5120: 1 x 61.56 us = 61.56 us (1703.17 GFLOPS/s)
Total time: 61.56 us.
----------------
Vulkan Timings:
MUL_MAT_VEC q4_0 m=10240 n=1 k=5120: 1 x 61.16 us = 61.16 us (1714.31 GFLOPS/s)
Total time: 61.16 us.
----------------
Vulkan Timings:
MUL_MAT_VEC q4_0 m=10240 n=1 k=5120: 1 x 61.28 us = 61.28 us (1710.96 GFLOPS/s)
Total time: 61.28 us.
----------------
Vulkan Timings:
MUL_MAT_VEC q4_0 m=10240 n=1 k=5120: 1 x 61.28 us = 61.28 us (1710.96 GFLOPS/s)
Total time: 61.28 us.
----------------
Vulkan Timings:
MUL_MAT_VEC q4_0 m=10240 n=1 k=5120: 1 x 61.68 us = 61.68 us (1699.86 GFLOPS/s)
Total time: 61.68 us.
----------------
Vulkan Timings:
MUL_MAT_VEC q4_0 m=10240 n=1 k=5120: 1 x 61.32 us = 61.32 us (1709.84 GFLOPS/s)
Total time: 61.32 us.
----------------
Vulkan Timings:
MUL_MAT_VEC q4_0 m=10240 n=1 k=5120: 1 x 61.24 us = 61.24 us (1712.07 GFLOPS/s)
Total time: 61.24 us.
----------------
Vulkan Timings:
MUL_MAT_VEC q4_0 m=10240 n=1 k=5120: 1 x 61.52 us = 61.52 us (1704.28 GFLOPS/s)
Total time: 61.52 us.
----------------
Vulkan Timings:
MUL_MAT_VEC q4_0 m=10240 n=1 k=5120: 1 x 61.24 us = 61.24 us (1712.07 GFLOPS/s)
Total time: 61.24 us.
----------------
Vulkan Timings:
MUL_MAT_VEC q4_0 m=10240 n=1 k=5120: 1 x 61.64 us = 61.64 us (1700.96 GFLOPS/s)
Total time: 61.64 us.
----------------
Vulkan Timings:
MUL_MAT_VEC q4_0 m=10240 n=1 k=5120: 1 x 61.32 us = 61.32 us (1709.84 GFLOPS/s)
Total time: 61.32 us.
----------------
Vulkan Timings:
MUL_MAT_VEC q4_0 m=10240 n=1 k=5120: 1 x 61.44 us = 61.44 us (1706.5 GFLOPS/s)
Total time: 61.44 us.
----------------
Vulkan Timings:
MUL_MAT_VEC q4_0 m=10240 n=1 k=5120: 1 x 61.28 us = 61.28 us (1710.96 GFLOPS/s)
Total time: 61.28 us.
----------------
Vulkan Timings:
MUL_MAT_VEC q4_0 m=10240 n=1 k=5120: 1 x 61.36 us = 61.36 us (1708.72 GFLOPS/s)
Total time: 61.36 us.
----------------
Vulkan Timings:
MUL_MAT_VEC q4_0 m=10240 n=1 k=5120: 1 x 61.28 us = 61.28 us (1710.96 GFLOPS/s)
Total time: 61.28 us.
----------------
Vulkan Timings:
MUL_MAT_VEC q4_0 m=10240 n=1 k=5120: 1 x 61.32 us = 61.32 us (1709.84 GFLOPS/s)
Total time: 61.32 us.
----------------
Vulkan Timings:
MUL_MAT_VEC q4_0 m=10240 n=1 k=5120: 1 x 61.16 us = 61.16 us (1714.31 GFLOPS/s)
Total time: 61.16 us.
----------------
Vulkan Timings:
MUL_MAT_VEC q4_0 m=10240 n=1 k=5120: 1 x 61.2 us = 61.2 us (1713.19 GFLOPS/s)
Total time: 61.2 us.
----------------
Vulkan Timings:
MUL_MAT_VEC q4_0 m=10240 n=1 k=5120: 1 x 61.2 us = 61.2 us (1713.19 GFLOPS/s)
Total time: 61.2 us.
----------------
Vulkan Timings:
MUL_MAT_VEC q4_0 m=10240 n=1 k=5120: 1 x 61.12 us = 61.12 us (1715.43 GFLOPS/s)
Total time: 61.12 us.
----------------
Vulkan Timings:
MUL_MAT_VEC q4_0 m=10240 n=1 k=5120: 1 x 61.36 us = 61.36 us (1708.72 GFLOPS/s)
Total time: 61.36 us.
----------------
Vulkan Timings:
MUL_MAT_VEC q4_0 m=10240 n=1 k=5120: 1 x 61.32 us = 61.32 us (1709.84 GFLOPS/s)
Total time: 61.32 us.
----------------
Vulkan Timings:
MUL_MAT_VEC q4_0 m=10240 n=1 k=5120: 1 x 61.2 us = 61.2 us (1713.19 GFLOPS/s)
Total time: 61.2 us.
----------------
Vulkan Timings:
MUL_MAT_VEC q4_0 m=10240 n=1 k=5120: 1 x 61.12 us = 61.12 us (1715.43 GFLOPS/s)
Total time: 61.12 us.
----------------
Vulkan Timings:
MUL_MAT_VEC q4_0 m=10240 n=1 k=5120: 1 x 61.48 us = 61.48 us (1705.39 GFLOPS/s)
Total time: 61.48 us.
----------------
Vulkan Timings:
MUL_MAT_VEC q4_0 m=10240 n=1 k=5120: 1 x 61.16 us = 61.16 us (1714.31 GFLOPS/s)
Total time: 61.16 us.
----------------
Vulkan Timings:
MUL_MAT_VEC q4_0 m=10240 n=1 k=5120: 1 x 61.16 us = 61.16 us (1714.31 GFLOPS/s)
Total time: 61.16 us.
----------------
Vulkan Timings:
MUL_MAT_VEC q4_0 m=10240 n=1 k=5120: 1 x 61.52 us = 61.52 us (1704.28 GFLOPS/s)
Total time: 61.52 us.
----------------
Vulkan Timings:
MUL_MAT_VEC q4_0 m=10240 n=1 k=5120: 1 x 61.04 us = 61.04 us (1717.68 GFLOPS/s)
Total time: 61.04 us.
----------------
Vulkan Timings:
MUL_MAT_VEC q4_0 m=10240 n=1 k=5120: 1 x 61.28 us = 61.28 us (1710.96 GFLOPS/s)
Total time: 61.28 us.
----------------
Vulkan Timings:
MUL_MAT_VEC q4_0 m=10240 n=1 k=5120: 1 x 61.52 us = 61.52 us (1704.28 GFLOPS/s)
Total time: 61.52 us.
----------------
Vulkan Timings:
MUL_MAT_VEC q4_0 m=10240 n=1 k=5120: 1 x 61 us = 61 us (1718.81 GFLOPS/s)
Total time: 61 us.
----------------
Vulkan Timings:
MUL_MAT_VEC q4_0 m=10240 n=1 k=5120: 1 x 61.16 us = 61.16 us (1714.31 GFLOPS/s)
Total time: 61.16 us.
----------------
Vulkan Timings:
MUL_MAT_VEC q4_0 m=10240 n=1 k=5120: 1 x 61.24 us = 61.24 us (1712.07 GFLOPS/s)
Total time: 61.24 us.
----------------
Vulkan Timings:
MUL_MAT_VEC q4_0 m=10240 n=1 k=5120: 1 x 61.12 us = 61.12 us (1715.43 GFLOPS/s)
Total time: 61.12 us.
----------------
Vulkan Timings:
MUL_MAT_VEC q4_0 m=10240 n=1 k=5120: 1 x 61 us = 61 us (1718.81 GFLOPS/s)
Total time: 61 us.
----------------
Vulkan Timings:
MUL_MAT_VEC q4_0 m=10240 n=1 k=5120: 1 x 61.28 us = 61.28 us (1710.96 GFLOPS/s)
Total time: 61.28 us.
----------------
Vulkan Timings:
MUL_MAT_VEC q4_0 m=10240 n=1 k=5120: 1 x 61.2 us = 61.2 us (1713.19 GFLOPS/s)
Total time: 61.2 us.
----------------
Vulkan Timings:
MUL_MAT_VEC q4_0 m=10240 n=1 k=5120: 1 x 61.24 us = 61.24 us (1712.07 GFLOPS/s)
Total time: 61.24 us.
----------------
Vulkan Timings:
MUL_MAT_VEC q4_0 m=10240 n=1 k=5120: 1 x 61.6 us = 61.6 us (1702.07 GFLOPS/s)
Total time: 61.6 us.
----------------
Vulkan Timings:
MUL_MAT_VEC q4_0 m=10240 n=1 k=5120: 1 x 61.28 us = 61.28 us (1710.96 GFLOPS/s)
Total time: 61.28 us.
----------------
Vulkan Timings:
MUL_MAT_VEC q4_0 m=10240 n=1 k=5120: 1 x 61.28 us = 61.28 us (1710.96 GFLOPS/s)
Total time: 61.28 us.
----------------
Vulkan Timings:
MUL_MAT_VEC q4_0 m=10240 n=1 k=5120: 1 x 61.16 us = 61.16 us (1714.31 GFLOPS/s)
Total time: 61.16 us.
----------------
Vulkan Timings:
MUL_MAT_VEC q4_0 m=10240 n=1 k=5120: 1 x 61.2 us = 61.2 us (1713.19 GFLOPS/s)
Total time: 61.2 us.
----------------
Vulkan Timings:
MUL_MAT_VEC q4_0 m=10240 n=1 k=5120: 1 x 61.56 us = 61.56 us (1703.17 GFLOPS/s)
Total time: 61.56 us.
----------------
Vulkan Timings:
MUL_MAT_VEC q4_0 m=10240 n=1 k=5120: 1 x 61.2 us = 61.2 us (1713.19 GFLOPS/s)
Total time: 61.2 us.
----------------
Vulkan Timings:
MUL_MAT_VEC q4_0 m=10240 n=1 k=5120: 1 x 61.36 us = 61.36 us (1708.72 GFLOPS/s)
Total time: 61.36 us.
----------------
Vulkan Timings:
MUL_MAT_VEC q4_0 m=10240 n=1 k=5120: 1 x 60.84 us = 60.84 us (1723.33 GFLOPS/s)
Total time: 60.84 us.
----------------
Vulkan Timings:
MUL_MAT_VEC q4_0 m=10240 n=1 k=5120: 1 x 61.16 us = 61.16 us (1714.31 GFLOPS/s)
Total time: 61.16 us.
----------------
Vulkan Timings:
MUL_MAT_VEC q4_0 m=10240 n=1 k=5120: 1 x 61.2 us = 61.2 us (1713.19 GFLOPS/s)
Total time: 61.2 us.
----------------
Vulkan Timings:
MUL_MAT_VEC q4_0 m=10240 n=1 k=5120: 1 x 61.16 us = 61.16 us (1714.31 GFLOPS/s)
Total time: 61.16 us.
----------------
Vulkan Timings:
MUL_MAT_VEC q4_0 m=10240 n=1 k=5120: 1 x 61.16 us = 61.16 us (1714.31 GFLOPS/s)
Total time: 61.16 us.
----------------
Vulkan Timings:
MUL_MAT_VEC q4_0 m=10240 n=1 k=5120: 1 x 61.08 us = 61.08 us (1716.56 GFLOPS/s)
Total time: 61.08 us.
----------------
Vulkan Timings:
MUL_MAT_VEC q4_0 m=10240 n=1 k=5120: 1 x 61.2 us = 61.2 us (1713.19 GFLOPS/s)
Total time: 61.2 us.
----------------
Vulkan Timings:
MUL_MAT_VEC q4_0 m=10240 n=1 k=5120: 1 x 61.24 us = 61.24 us (1712.07 GFLOPS/s)
Total time: 61.24 us.
----------------
Vulkan Timings:
MUL_MAT_VEC q4_0 m=10240 n=1 k=5120: 1 x 61.08 us = 61.08 us (1716.56 GFLOPS/s)
Total time: 61.08 us.
----------------
Vulkan Timings:
MUL_MAT_VEC q4_0 m=10240 n=1 k=5120: 1 x 61.24 us = 61.24 us (1712.07 GFLOPS/s)
Total time: 61.24 us.
----------------
Vulkan Timings:
MUL_MAT_VEC q4_0 m=10240 n=1 k=5120: 1 x 61.28 us = 61.28 us (1710.96 GFLOPS/s)
Total time: 61.28 us.
----------------
Vulkan Timings:
MUL_MAT_VEC q4_0 m=10240 n=1 k=5120: 1 x 61.28 us = 61.28 us (1710.96 GFLOPS/s)
Total time: 61.28 us.
----------------
Vulkan Timings:
MUL_MAT_VEC q4_0 m=10240 n=1 k=5120: 1 x 61.08 us = 61.08 us (1716.56 GFLOPS/s)
Total time: 61.08 us.
----------------
Vulkan Timings:
MUL_MAT_VEC q4_0 m=10240 n=1 k=5120: 1 x 61.16 us = 61.16 us (1714.31 GFLOPS/s)
Total time: 61.16 us.
----------------
Vulkan Timings:
MUL_MAT_VEC q4_0 m=10240 n=1 k=5120: 1 x 61.24 us = 61.24 us (1712.07 GFLOPS/s)
Total time: 61.24 us.
----------------
Vulkan Timings:
MUL_MAT_VEC q4_0 m=10240 n=1 k=5120: 1 x 61.04 us = 61.04 us (1717.68 GFLOPS/s)
Total time: 61.04 us.
----------------
Vulkan Timings:
MUL_MAT_VEC q4_0 m=10240 n=1 k=5120: 1 x 61.24 us = 61.24 us (1712.07 GFLOPS/s)
Total time: 61.24 us.
----------------
Vulkan Timings:
MUL_MAT_VEC q4_0 m=10240 n=1 k=5120: 1 x 62.72 us = 62.72 us (1671.67 GFLOPS/s)
Total time: 62.72 us.
----------------
Vulkan Timings:
MUL_MAT_VEC q4_0 m=10240 n=1 k=5120: 1 x 61.4 us = 61.4 us (1707.61 GFLOPS/s)
Total time: 61.4 us.
----------------
Vulkan Timings:
MUL_MAT_VEC q4_0 m=10240 n=1 k=5120: 1 x 62.88 us = 62.88 us (1667.42 GFLOPS/s)
Total time: 62.88 us.
----------------
Vulkan Timings:
MUL_MAT_VEC q4_0 m=10240 n=1 k=5120: 1 x 61.44 us = 61.44 us (1706.5 GFLOPS/s)
Total time: 61.44 us.
----------------
Vulkan Timings:
MUL_MAT_VEC q4_0 m=10240 n=1 k=5120: 1 x 61.08 us = 61.08 us (1716.56 GFLOPS/s)
Total time: 61.08 us.
----------------
Vulkan Timings:
MUL_MAT_VEC q4_0 m=10240 n=1 k=5120: 1 x 61.6 us = 61.6 us (1702.07 GFLOPS/s)
Total time: 61.6 us.
----------------
Vulkan Timings:
MUL_MAT_VEC q4_0 m=10240 n=1 k=5120: 1 x 61.08 us = 61.08 us (1716.56 GFLOPS/s)
Total time: 61.08 us.
----------------
Vulkan Timings:
MUL_MAT_VEC q4_0 m=10240 n=1 k=5120: 1 x 61.32 us = 61.32 us (1709.84 GFLOPS/s)
Total time: 61.32 us.
----------------
Vulkan Timings:
MUL_MAT_VEC q4_0 m=10240 n=1 k=5120: 1 x 61.24 us = 61.24 us (1712.07 GFLOPS/s)
Total time: 61.24 us.
----------------
Vulkan Timings:
MUL_MAT_VEC q4_0 m=10240 n=1 k=5120: 1 x 61.08 us = 61.08 us (1716.56 GFLOPS/s)
Total time: 61.08 us.
----------------
Vulkan Timings:
MUL_MAT_VEC q4_0 m=10240 n=1 k=5120: 1 x 61.52 us = 61.52 us (1704.28 GFLOPS/s)
Total time: 61.52 us.
----------------
Vulkan Timings:
MUL_MAT_VEC q4_0 m=10240 n=1 k=5120: 1 x 61.32 us = 61.32 us (1709.84 GFLOPS/s)
Total time: 61.32 us.
----------------
Vulkan Timings:
MUL_MAT_VEC q4_0 m=10240 n=1 k=5120: 1 x 61.32 us = 61.32 us (1709.84 GFLOPS/s)
Total time: 61.32 us.
----------------
Vulkan Timings:
MUL_MAT_VEC q4_0 m=10240 n=1 k=5120: 1 x 61.2 us = 61.2 us (1713.19 GFLOPS/s)
Total time: 61.2 us.
----------------
Vulkan Timings:
MUL_MAT_VEC q4_0 m=10240 n=1 k=5120: 1 x 61.24 us = 61.24 us (1712.07 GFLOPS/s)
Total time: 61.24 us.
----------------
Vulkan Timings:
MUL_MAT_VEC q4_0 m=10240 n=1 k=5120: 1 x 61.24 us = 61.24 us (1712.07 GFLOPS/s)
Total time: 61.24 us.
----------------
Vulkan Timings:
MUL_MAT_VEC q4_0 m=10240 n=1 k=5120: 1 x 61.24 us = 61.24 us (1712.07 GFLOPS/s)
Total time: 61.24 us.
----------------
Vulkan Timings:
MUL_MAT_VEC q4_0 m=10240 n=1 k=5120: 1 x 61.28 us = 61.28 us (1710.96 GFLOPS/s)
Total time: 61.28 us.
----------------
Vulkan Timings:
MUL_MAT_VEC q4_0 m=10240 n=1 k=5120: 1 x 61.12 us = 61.12 us (1715.43 GFLOPS/s)
Total time: 61.12 us.
----------------
Vulkan Timings:
MUL_MAT_VEC q4_0 m=10240 n=1 k=5120: 1 x 61.28 us = 61.28 us (1710.96 GFLOPS/s)
Total time: 61.28 us.
----------------
Vulkan Timings:
MUL_MAT_VEC q4_0 m=10240 n=1 k=5120: 1 x 61.24 us = 61.24 us (1712.07 GFLOPS/s)
Total time: 61.24 us.
----------------
Vulkan Timings:
MUL_MAT_VEC q4_0 m=10240 n=1 k=5120: 1 x 61.24 us = 61.24 us (1712.07 GFLOPS/s)
Total time: 61.24 us.
----------------
Vulkan Timings:
MUL_MAT_VEC q4_0 m=10240 n=1 k=5120: 1 x 61.2 us = 61.2 us (1713.19 GFLOPS/s)
Total time: 61.2 us.
----------------
Vulkan Timings:
MUL_MAT_VEC q4_0 m=10240 n=1 k=5120: 1 x 61.24 us = 61.24 us (1712.07 GFLOPS/s)
Total time: 61.24 us.
----------------
Vulkan Timings:
MUL_MAT_VEC q4_0 m=10240 n=1 k=5120: 1 x 61.28 us = 61.28 us (1710.96 GFLOPS/s)
Total time: 61.28 us.
----------------
Vulkan Timings:
MUL_MAT_VEC q4_0 m=10240 n=1 k=5120: 1 x 61.24 us = 61.24 us (1712.07 GFLOPS/s)
Total time: 61.24 us.
----------------
Vulkan Timings:
MUL_MAT_VEC q4_0 m=10240 n=1 k=5120: 1 x 61.24 us = 61.24 us (1712.07 GFLOPS/s)
Total time: 61.24 us.
----------------
Vulkan Timings:
MUL_MAT_VEC q4_0 m=10240 n=1 k=5120: 1 x 61.12 us = 61.12 us (1715.43 GFLOPS/s)
Total time: 61.12 us.
----------------
Vulkan Timings:
MUL_MAT_VEC q4_0 m=10240 n=1 k=5120: 1 x 61.2 us = 61.2 us (1713.19 GFLOPS/s)
Total time: 61.2 us.
----------------
Vulkan Timings:
MUL_MAT_VEC q4_0 m=10240 n=1 k=5120: 1 x 61.08 us = 61.08 us (1716.56 GFLOPS/s)
Total time: 61.08 us.
----------------
Vulkan Timings:
MUL_MAT_VEC q4_0 m=10240 n=1 k=5120: 1 x 61.24 us = 61.24 us (1712.07 GFLOPS/s)
Total time: 61.24 us.
----------------
Vulkan Timings:
MUL_MAT_VEC q4_0 m=10240 n=1 k=5120: 1 x 61.08 us = 61.08 us (1716.56 GFLOPS/s)
Total time: 61.08 us.
----------------
Vulkan Timings:
MUL_MAT_VEC q4_0 m=10240 n=1 k=5120: 1 x 61.2 us = 61.2 us (1713.19 GFLOPS/s)
Total time: 61.2 us.
----------------
Vulkan Timings:
MUL_MAT_VEC q4_0 m=10240 n=1 k=5120: 1 x 61.24 us = 61.24 us (1712.07 GFLOPS/s)
Total time: 61.24 us.
----------------
Vulkan Timings:
MUL_MAT_VEC q4_0 m=10240 n=1 k=5120: 1 x 61.16 us = 61.16 us (1714.31 GFLOPS/s)
Total time: 61.16 us.
----------------
Vulkan Timings:
MUL_MAT_VEC q4_0 m=10240 n=1 k=5120: 1 x 61.16 us = 61.16 us (1714.31 GFLOPS/s)
Total time: 61.16 us.
----------------
Vulkan Timings:
MUL_MAT_VEC q4_0 m=10240 n=1 k=5120: 1 x 61.36 us = 61.36 us (1708.72 GFLOPS/s)
Total time: 61.36 us.
----------------
Vulkan Timings:
MUL_MAT_VEC q4_0 m=10240 n=1 k=5120: 1 x 61.16 us = 61.16 us (1714.31 GFLOPS/s)
Total time: 61.16 us.
----------------
Vulkan Timings:
MUL_MAT_VEC q4_0 m=10240 n=1 k=5120: 1 x 60.84 us = 60.84 us (1723.33 GFLOPS/s)
Total time: 60.84 us.
----------------
Vulkan Timings:
MUL_MAT_VEC q4_0 m=10240 n=1 k=5120: 1 x 61.2 us = 61.2 us (1713.19 GFLOPS/s)
Total time: 61.2 us.
----------------
Vulkan Timings:
MUL_MAT_VEC q4_0 m=10240 n=1 k=5120: 1 x 61.2 us = 61.2 us (1713.19 GFLOPS/s)
Total time: 61.2 us.
----------------
Vulkan Timings:
MUL_MAT_VEC q4_0 m=10240 n=1 k=5120: 1 x 61.24 us = 61.24 us (1712.07 GFLOPS/s)
Total time: 61.24 us.
----------------
Vulkan Timings:
MUL_MAT_VEC q4_0 m=10240 n=1 k=5120: 1 x 61.56 us = 61.56 us (1703.17 GFLOPS/s)
Total time: 61.56 us.
----------------
Vulkan Timings:
MUL_MAT_VEC q4_0 m=10240 n=1 k=5120: 1 x 61.24 us = 61.24 us (1712.07 GFLOPS/s)
Total time: 61.24 us.
----------------
Vulkan Timings:
MUL_MAT_VEC q4_0 m=10240 n=1 k=5120: 1 x 61.6 us = 61.6 us (1702.07 GFLOPS/s)
Total time: 61.6 us.
----------------
Vulkan Timings:
MUL_MAT_VEC q4_0 m=10240 n=1 k=5120: 1 x 61.2 us = 61.2 us (1713.19 GFLOPS/s)
Total time: 61.2 us.
----------------
Vulkan Timings:
MUL_MAT_VEC q4_0 m=10240 n=1 k=5120: 1 x 61.32 us = 61.32 us (1709.84 GFLOPS/s)
Total time: 61.32 us.
----------------
Vulkan Timings:
MUL_MAT_VEC q4_0 m=10240 n=1 k=5120: 1 x 61.16 us = 61.16 us (1714.31 GFLOPS/s)
Total time: 61.16 us.
----------------
Vulkan Timings:
MUL_MAT_VEC q4_0 m=10240 n=1 k=5120: 1 x 61.64 us = 61.64 us (1700.96 GFLOPS/s)
Total time: 61.64 us.
----------------
Vulkan Timings:
MUL_MAT_VEC q4_0 m=10240 n=1 k=5120: 1 x 61.2 us = 61.2 us (1713.19 GFLOPS/s)
Total time: 61.2 us.
----------------
Vulkan Timings:
MUL_MAT_VEC q4_0 m=10240 n=1 k=5120: 1 x 61.2 us = 61.2 us (1713.19 GFLOPS/s)
Total time: 61.2 us.
----------------
Vulkan Timings:
MUL_MAT_VEC q4_0 m=10240 n=1 k=5120: 1 x 61.32 us = 61.32 us (1709.84 GFLOPS/s)
Total time: 61.32 us.
----------------
Vulkan Timings:
MUL_MAT_VEC q4_0 m=10240 n=1 k=5120: 1 x 61.24 us = 61.24 us (1712.07 GFLOPS/s)
Total time: 61.24 us.
----------------
Vulkan Timings:
MUL_MAT_VEC q4_0 m=10240 n=1 k=5120: 1 x 62.56 us = 62.56 us (1675.95 GFLOPS/s)
Total time: 62.56 us.
----------------
Vulkan Timings:
MUL_MAT_VEC q4_0 m=10240 n=1 k=5120: 1 x 61.4 us = 61.4 us (1707.61 GFLOPS/s)
Total time: 61.4 us.
----------------
Vulkan Timings:
MUL_MAT_VEC q4_0 m=10240 n=1 k=5120: 1 x 61.24 us = 61.24 us (1712.07 GFLOPS/s)
Total time: 61.24 us.
----------------
Vulkan Timings:
MUL_MAT_VEC q4_0 m=10240 n=1 k=5120: 1 x 61.12 us = 61.12 us (1715.43 GFLOPS/s)
Total time: 61.12 us.
----------------
Vulkan Timings:
MUL_MAT_VEC q4_0 m=10240 n=1 k=5120: 1 x 61.16 us = 61.16 us (1714.31 GFLOPS/s)
Total time: 61.16 us.
----------------
Vulkan Timings:
MUL_MAT_VEC q4_0 m=10240 n=1 k=5120: 1 x 61.2 us = 61.2 us (1713.19 GFLOPS/s)
Total time: 61.2 us.
----------------
Vulkan Timings:
MUL_MAT_VEC q4_0 m=10240 n=1 k=5120: 1 x 61.6 us = 61.6 us (1702.07 GFLOPS/s)
Total time: 61.6 us.
----------------
Vulkan Timings:
MUL_MAT_VEC q4_0 m=10240 n=1 k=5120: 1 x 61.32 us = 61.32 us (1709.84 GFLOPS/s)
Total time: 61.32 us.
----------------
Vulkan Timings:
MUL_MAT_VEC q4_0 m=10240 n=1 k=5120: 1 x 61.08 us = 61.08 us (1716.56 GFLOPS/s)
Total time: 61.08 us.
----------------
Vulkan Timings:
MUL_MAT_VEC q4_0 m=10240 n=1 k=5120: 1 x 61.2 us = 61.2 us (1713.19 GFLOPS/s)
Total time: 61.2 us.
----------------
Vulkan Timings:
MUL_MAT_VEC q4_0 m=10240 n=1 k=5120: 1 x 61.2 us = 61.2 us (1713.19 GFLOPS/s)
Total time: 61.2 us.
----------------
Vulkan Timings:
MUL_MAT_VEC q4_0 m=10240 n=1 k=5120: 1 x 61.24 us = 61.24 us (1712.07 GFLOPS/s)
Total time: 61.24 us.
----------------
Vulkan Timings:
MUL_MAT_VEC q4_0 m=10240 n=1 k=5120: 1 x 61.2 us = 61.2 us (1713.19 GFLOPS/s)
Total time: 61.2 us.
----------------
Vulkan Timings:
MUL_MAT_VEC q4_0 m=10240 n=1 k=5120: 1 x 61.32 us = 61.32 us (1709.84 GFLOPS/s)
Total time: 61.32 us.
----------------
Vulkan Timings:
MUL_MAT_VEC q4_0 m=10240 n=1 k=5120: 1 x 61.56 us = 61.56 us (1703.17 GFLOPS/s)
Total time: 61.56 us.
----------------
Vulkan Timings:
MUL_MAT_VEC q4_0 m=10240 n=1 k=5120: 1 x 61.44 us = 61.44 us (1706.5 GFLOPS/s)
Total time: 61.44 us.
----------------
Vulkan Timings:
MUL_MAT_VEC q4_0 m=10240 n=1 k=5120: 1 x 61.4 us = 61.4 us (1707.61 GFLOPS/s)
Total time: 61.4 us.
----------------
Vulkan Timings:
MUL_MAT_VEC q4_0 m=10240 n=1 k=5120: 1 x 61.2 us = 61.2 us (1713.19 GFLOPS/s)
Total time: 61.2 us.
----------------
Vulkan Timings:
MUL_MAT_VEC q4_0 m=10240 n=1 k=5120: 1 x 61.12 us = 61.12 us (1715.43 GFLOPS/s)
Total time: 61.12 us.
----------------
Vulkan Timings:
MUL_MAT_VEC q4_0 m=10240 n=1 k=5120: 1 x 61.36 us = 61.36 us (1708.72 GFLOPS/s)
Total time: 61.36 us.
----------------
Vulkan Timings:
MUL_MAT_VEC q4_0 m=10240 n=1 k=5120: 1 x 61.28 us = 61.28 us (1710.96 GFLOPS/s)
Total time: 61.28 us.
----------------
Vulkan Timings:
MUL_MAT_VEC q4_0 m=10240 n=1 k=5120: 1 x 61.08 us = 61.08 us (1716.56 GFLOPS/s)
Total time: 61.08 us.
----------------
Vulkan Timings:
MUL_MAT_VEC q4_0 m=10240 n=1 k=5120: 1 x 61.12 us = 61.12 us (1715.43 GFLOPS/s)
Total time: 61.12 us.
----------------
Vulkan Timings:
MUL_MAT_VEC q4_0 m=10240 n=1 k=5120: 1 x 61.48 us = 61.48 us (1705.39 GFLOPS/s)
Total time: 61.48 us.
----------------
Vulkan Timings:
MUL_MAT_VEC q4_0 m=10240 n=1 k=5120: 1 x 61.2 us = 61.2 us (1713.19 GFLOPS/s)
Total time: 61.2 us.
----------------
Vulkan Timings:
MUL_MAT_VEC q4_0 m=10240 n=1 k=5120: 1 x 61.16 us = 61.16 us (1714.31 GFLOPS/s)
Total time: 61.16 us.
----------------
Vulkan Timings:
MUL_MAT_VEC q4_0 m=10240 n=1 k=5120: 1 x 61.2 us = 61.2 us (1713.19 GFLOPS/s)
Total time: 61.2 us.
----------------
Vulkan Timings:
MUL_MAT_VEC q4_0 m=10240 n=1 k=5120: 1 x 61.52 us = 61.52 us (1704.28 GFLOPS/s)
Total time: 61.52 us.
----------------
Vulkan Timings:
MUL_MAT_VEC q4_0 m=10240 n=1 k=5120: 1 x 61.24 us = 61.24 us (1712.07 GFLOPS/s)
Total time: 61.24 us.
----------------
Vulkan Timings:
MUL_MAT_VEC q4_0 m=10240 n=1 k=5120: 1 x 61.24 us = 61.24 us (1712.07 GFLOPS/s)
Total time: 61.24 us.
----------------
Vulkan Timings:
MUL_MAT_VEC q4_0 m=10240 n=1 k=5120: 1 x 61.24 us = 61.24 us (1712.07 GFLOPS/s)
Total time: 61.24 us.
----------------
Vulkan Timings:
MUL_MAT_VEC q4_0 m=10240 n=1 k=5120: 1 x 61.36 us = 61.36 us (1708.72 GFLOPS/s)
Total time: 61.36 us.
----------------
Vulkan Timings:
MUL_MAT_VEC q4_0 m=10240 n=1 k=5120: 1 x 61.72 us = 61.72 us (1698.76 GFLOPS/s)
Total time: 61.72 us.
----------------
Vulkan Timings:
MUL_MAT_VEC q4_0 m=10240 n=1 k=5120: 1 x 61.28 us = 61.28 us (1710.96 GFLOPS/s)
Total time: 61.28 us.
----------------
Vulkan Timings:
MUL_MAT_VEC q4_0 m=10240 n=1 k=5120: 1 x 61.6 us = 61.6 us (1702.07 GFLOPS/s)
Total time: 61.6 us.
----------------
Vulkan Timings:
MUL_MAT_VEC q4_0 m=10240 n=1 k=5120: 1 x 61.56 us = 61.56 us (1703.17 GFLOPS/s)
Total time: 61.56 us.
----------------
Vulkan Timings:
MUL_MAT_VEC q4_0 m=10240 n=1 k=5120: 1 x 61.56 us = 61.56 us (1703.17 GFLOPS/s)
Total time: 61.56 us.
----------------
Vulkan Timings:
MUL_MAT_VEC q4_0 m=10240 n=1 k=5120: 1 x 61.36 us = 61.36 us (1708.72 GFLOPS/s)
Total time: 61.36 us.
----------------
Vulkan Timings:
MUL_MAT_VEC q4_0 m=10240 n=1 k=5120: 1 x 61.56 us = 61.56 us (1703.17 GFLOPS/s)
Total time: 61.56 us.
----------------
Vulkan Timings:
MUL_MAT_VEC q4_0 m=10240 n=1 k=5120: 1 x 61.12 us = 61.12 us (1715.43 GFLOPS/s)
Total time: 61.12 us.
----------------
Vulkan Timings:
MUL_MAT_VEC q4_0 m=10240 n=1 k=5120: 1 x 61.12 us = 61.12 us (1715.43 GFLOPS/s)
Total time: 61.12 us.
----------------
Vulkan Timings:
MUL_MAT_VEC q4_0 m=10240 n=1 k=5120: 1 x 61.36 us = 61.36 us (1708.72 GFLOPS/s)
Total time: 61.36 us.
----------------
Vulkan Timings:
MUL_MAT_VEC q4_0 m=10240 n=1 k=5120: 1 x 61.32 us = 61.32 us (1709.84 GFLOPS/s)
Total time: 61.32 us.
----------------
Vulkan Timings:
MUL_MAT_VEC q4_0 m=10240 n=1 k=5120: 1 x 61.36 us = 61.36 us (1708.72 GFLOPS/s)
Total time: 61.36 us.
----------------
Vulkan Timings:
MUL_MAT_VEC q4_0 m=10240 n=1 k=5120: 1 x 61.48 us = 61.48 us (1705.39 GFLOPS/s)
Total time: 61.48 us.
----------------
Vulkan Timings:
MUL_MAT_VEC q4_0 m=10240 n=1 k=5120: 1 x 61.24 us = 61.24 us (1712.07 GFLOPS/s)
Total time: 61.24 us.
----------------
Vulkan Timings:
MUL_MAT_VEC q4_0 m=10240 n=1 k=5120: 1 x 60.92 us = 60.92 us (1721.07 GFLOPS/s)
Total time: 60.92 us.
----------------
Vulkan Timings:
MUL_MAT_VEC q4_0 m=10240 n=1 k=5120: 1 x 61.12 us = 61.12 us (1715.43 GFLOPS/s)
Total time: 61.12 us.
----------------
Vulkan Timings:
MUL_MAT_VEC q4_0 m=10240 n=1 k=5120: 1 x 61.2 us = 61.2 us (1713.19 GFLOPS/s)
Total time: 61.2 us.
----------------
Vulkan Timings:
MUL_MAT_VEC q4_0 m=10240 n=1 k=5120: 1 x 61.28 us = 61.28 us (1710.96 GFLOPS/s)
Total time: 61.28 us.
----------------
Vulkan Timings:
MUL_MAT_VEC q4_0 m=10240 n=1 k=5120: 1 x 61.68 us = 61.68 us (1699.86 GFLOPS/s)
Total time: 61.68 us.
----------------
Vulkan Timings:
MUL_MAT_VEC q4_0 m=10240 n=1 k=5120: 1 x 61.4 us = 61.4 us (1707.61 GFLOPS/s)
Total time: 61.4 us.
----------------
Vulkan Timings:
MUL_MAT_VEC q4_0 m=10240 n=1 k=5120: 1 x 61.24 us = 61.24 us (1712.07 GFLOPS/s)
Total time: 61.24 us.
----------------
Vulkan Timings:
MUL_MAT_VEC q4_0 m=10240 n=1 k=5120: 1 x 61.28 us = 61.28 us (1710.96 GFLOPS/s)
Total time: 61.28 us.
----------------
Vulkan Timings:
MUL_MAT_VEC q4_0 m=10240 n=1 k=5120: 1 x 61.24 us = 61.24 us (1712.07 GFLOPS/s)
Total time: 61.24 us.
----------------
Vulkan Timings:
MUL_MAT_VEC q4_0 m=10240 n=1 k=5120: 1 x 61.2 us = 61.2 us (1713.19 GFLOPS/s)
Total time: 61.2 us.
----------------
Vulkan Timings:
MUL_MAT_VEC q4_0 m=10240 n=1 k=5120: 1 x 61.24 us = 61.24 us (1712.07 GFLOPS/s)
Total time: 61.24 us.
----------------
Vulkan Timings:
MUL_MAT_VEC q4_0 m=10240 n=1 k=5120: 1 x 61.56 us = 61.56 us (1703.17 GFLOPS/s)
Total time: 61.56 us.
----------------
Vulkan Timings:
MUL_MAT_VEC q4_0 m=10240 n=1 k=5120: 1 x 61.4 us = 61.4 us (1707.61 GFLOPS/s)
Total time: 61.4 us.
----------------
Vulkan Timings:
MUL_MAT_VEC q4_0 m=10240 n=1 k=5120: 1 x 61.4 us = 61.4 us (1707.61 GFLOPS/s)
Total time: 61.4 us.
----------------
Vulkan Timings:
MUL_MAT_VEC q4_0 m=10240 n=1 k=5120: 1 x 61.2 us = 61.2 us (1713.19 GFLOPS/s)
Total time: 61.2 us.
----------------
Vulkan Timings:
MUL_MAT_VEC q4_0 m=10240 n=1 k=5120: 1 x 61.24 us = 61.24 us (1712.07 GFLOPS/s)
Total time: 61.24 us.
----------------
Vulkan Timings:
MUL_MAT_VEC q4_0 m=10240 n=1 k=5120: 1 x 61.36 us = 61.36 us (1708.72 GFLOPS/s)
Total time: 61.36 us.
----------------
Vulkan Timings:
MUL_MAT_VEC q4_0 m=10240 n=1 k=5120: 1 x 61.2 us = 61.2 us (1713.19 GFLOPS/s)
Total time: 61.2 us.
----------------
Vulkan Timings:
MUL_MAT_VEC q4_0 m=10240 n=1 k=5120: 1 x 61.44 us = 61.44 us (1706.5 GFLOPS/s)
Total time: 61.44 us.
----------------
Vulkan Timings:
MUL_MAT_VEC q4_0 m=10240 n=1 k=5120: 1 x 61.2 us = 61.2 us (1713.19 GFLOPS/s)
Total time: 61.2 us.
----------------
Vulkan Timings:
MUL_MAT_VEC q4_0 m=10240 n=1 k=5120: 1 x 61.4 us = 61.4 us (1707.61 GFLOPS/s)
Total time: 61.4 us.
----------------
Vulkan Timings:
MUL_MAT_VEC q4_0 m=10240 n=1 k=5120: 1 x 61.28 us = 61.28 us (1710.96 GFLOPS/s)
Total time: 61.28 us.
----------------
Vulkan Timings:
MUL_MAT_VEC q4_0 m=10240 n=1 k=5120: 1 x 61.48 us = 61.48 us (1705.39 GFLOPS/s)
Total time: 61.48 us.
----------------
Vulkan Timings:
MUL_MAT_VEC q4_0 m=10240 n=1 k=5120: 1 x 61.16 us = 61.16 us (1714.31 GFLOPS/s)
Total time: 61.16 us.
----------------
Vulkan Timings:
MUL_MAT_VEC q4_0 m=10240 n=1 k=5120: 1 x 61.16 us = 61.16 us (1714.31 GFLOPS/s)
Total time: 61.16 us.
----------------
Vulkan Timings:
MUL_MAT_VEC q4_0 m=10240 n=1 k=5120: 1 x 61.2 us = 61.2 us (1713.19 GFLOPS/s)
Total time: 61.2 us.
----------------
Vulkan Timings:
MUL_MAT_VEC q4_0 m=10240 n=1 k=5120: 1 x 61.24 us = 61.24 us (1712.07 GFLOPS/s)
Total time: 61.24 us.
----------------
Vulkan Timings:
MUL_MAT_VEC q4_0 m=10240 n=1 k=5120: 1 x 61.4 us = 61.4 us (1707.61 GFLOPS/s)
Total time: 61.4 us.
----------------
Vulkan Timings:
MUL_MAT_VEC q4_0 m=10240 n=1 k=5120: 1 x 61.24 us = 61.24 us (1712.07 GFLOPS/s)
Total time: 61.24 us.
----------------
Vulkan Timings:
MUL_MAT_VEC q4_0 m=10240 n=1 k=5120: 1 x 61.44 us = 61.44 us (1706.5 GFLOPS/s)
Total time: 61.44 us.
----------------
Vulkan Timings:
MUL_MAT_VEC q4_0 m=10240 n=1 k=5120: 1 x 61.12 us = 61.12 us (1715.43 GFLOPS/s)
Total time: 61.12 us.
----------------
Vulkan Timings:
MUL_MAT_VEC q4_0 m=10240 n=1 k=5120: 1 x 61.4 us = 61.4 us (1707.61 GFLOPS/s)
Total time: 61.4 us.
----------------
Vulkan Timings:
MUL_MAT_VEC q4_0 m=10240 n=1 k=5120: 1 x 61.28 us = 61.28 us (1710.96 GFLOPS/s)
Total time: 61.28 us.
----------------
Vulkan Timings:
MUL_MAT_VEC q4_0 m=10240 n=1 k=5120: 1 x 61.32 us = 61.32 us (1709.84 GFLOPS/s)
Total time: 61.32 us.
----------------
Vulkan Timings:
MUL_MAT_VEC q4_0 m=10240 n=1 k=5120: 1 x 61.24 us = 61.24 us (1712.07 GFLOPS/s)
Total time: 61.24 us.
----------------
Vulkan Timings:
MUL_MAT_VEC q4_0 m=10240 n=1 k=5120: 1 x 61.28 us = 61.28 us (1710.96 GFLOPS/s)
Total time: 61.28 us.
----------------
Vulkan Timings:
MUL_MAT_VEC q4_0 m=10240 n=1 k=5120: 1 x 61.48 us = 61.48 us (1705.39 GFLOPS/s)
Total time: 61.48 us.
----------------
Vulkan Timings:
MUL_MAT_VEC q4_0 m=10240 n=1 k=5120: 1 x 61.4 us = 61.4 us (1707.61 GFLOPS/s)
Total time: 61.4 us.
----------------
Vulkan Timings:
MUL_MAT_VEC q4_0 m=10240 n=1 k=5120: 1 x 61.2 us = 61.2 us (1713.19 GFLOPS/s)
Total time: 61.2 us.
----------------
Vulkan Timings:
MUL_MAT_VEC q4_0 m=10240 n=1 k=5120: 1 x 61.16 us = 61.16 us (1714.31 GFLOPS/s)
Total time: 61.16 us.
----------------
Vulkan Timings:
MUL_MAT_VEC q4_0 m=10240 n=1 k=5120: 1 x 61.2 us = 61.2 us (1713.19 GFLOPS/s)
Total time: 61.2 us.
----------------
Vulkan Timings:
MUL_MAT_VEC q4_0 m=10240 n=1 k=5120: 1 x 61.2 us = 61.2 us (1713.19 GFLOPS/s)
Total time: 61.2 us.
----------------
Vulkan Timings:
MUL_MAT_VEC q4_0 m=10240 n=1 k=5120: 1 x 61.36 us = 61.36 us (1708.72 GFLOPS/s)
Total time: 61.36 us.
----------------
Vulkan Timings:
MUL_MAT_VEC q4_0 m=10240 n=1 k=5120: 1 x 61.28 us = 61.28 us (1710.96 GFLOPS/s)
Total time: 61.28 us.
----------------
Vulkan Timings:
MUL_MAT_VEC q4_0 m=10240 n=1 k=5120: 1 x 61.08 us = 61.08 us (1716.56 GFLOPS/s)
Total time: 61.08 us.
----------------
Vulkan Timings:
MUL_MAT_VEC q4_0 m=10240 n=1 k=5120: 1 x 61.32 us = 61.32 us (1709.84 GFLOPS/s)
Total time: 61.32 us.
----------------
Vulkan Timings:
MUL_MAT_VEC q4_0 m=10240 n=1 k=5120: 1 x 61.48 us = 61.48 us (1705.39 GFLOPS/s)
Total time: 61.48 us.
----------------
Vulkan Timings:
MUL_MAT_VEC q4_0 m=10240 n=1 k=5120: 1 x 61.2 us = 61.2 us (1713.19 GFLOPS/s)
Total time: 61.2 us.
----------------
Vulkan Timings:
MUL_MAT_VEC q4_0 m=10240 n=1 k=5120: 1 x 61.2 us = 61.2 us (1713.19 GFLOPS/s)
Total time: 61.2 us.
----------------
Vulkan Timings:
MUL_MAT_VEC q4_0 m=10240 n=1 k=5120: 1 x 61.12 us = 61.12 us (1715.43 GFLOPS/s)
Total time: 61.12 us.
----------------
Vulkan Timings:
MUL_MAT_VEC q4_0 m=10240 n=1 k=5120: 1 x 60.96 us = 60.96 us (1719.94 GFLOPS/s)
Total time: 60.96 us.
----------------
Vulkan Timings:
MUL_MAT_VEC q4_0 m=10240 n=1 k=5120: 1 x 61.2 us = 61.2 us (1713.19 GFLOPS/s)
Total time: 61.2 us.
----------------
Vulkan Timings:
MUL_MAT_VEC q4_0 m=10240 n=1 k=5120: 1 x 61.28 us = 61.28 us (1710.96 GFLOPS/s)
Total time: 61.28 us.
----------------
Vulkan Timings:
MUL_MAT_VEC q4_0 m=10240 n=1 k=5120: 1 x 61.36 us = 61.36 us (1708.72 GFLOPS/s)
Total time: 61.36 us.
----------------
Vulkan Timings:
MUL_MAT_VEC q4_0 m=10240 n=1 k=5120: 1 x 61.4 us = 61.4 us (1707.61 GFLOPS/s)
Total time: 61.4 us.
----------------
Vulkan Timings:
MUL_MAT_VEC q4_0 m=10240 n=1 k=5120: 1 x 61.2 us = 61.2 us (1713.19 GFLOPS/s)
Total time: 61.2 us.
----------------
Vulkan Timings:
MUL_MAT_VEC q4_0 m=10240 n=1 k=5120: 1 x 61.16 us = 61.16 us (1714.31 GFLOPS/s)
Total time: 61.16 us.
----------------
Vulkan Timings:
MUL_MAT_VEC q4_0 m=10240 n=1 k=5120: 1 x 61.2 us = 61.2 us (1713.19 GFLOPS/s)
Total time: 61.2 us.
----------------
Vulkan Timings:
MUL_MAT_VEC q4_0 m=10240 n=1 k=5120: 1 x 61.2 us = 61.2 us (1713.19 GFLOPS/s)
Total time: 61.2 us.
----------------
Vulkan Timings:
MUL_MAT_VEC q4_0 m=10240 n=1 k=5120: 1 x 61.2 us = 61.2 us (1713.19 GFLOPS/s)
Total time: 61.2 us.
----------------
Vulkan Timings:
MUL_MAT_VEC q4_0 m=10240 n=1 k=5120: 1 x 61.2 us = 61.2 us (1713.19 GFLOPS/s)
Total time: 61.2 us.
----------------
Vulkan Timings:
MUL_MAT_VEC q4_0 m=10240 n=1 k=5120: 1 x 61.24 us = 61.24 us (1712.07 GFLOPS/s)
Total time: 61.24 us.
----------------
Vulkan Timings:
MUL_MAT_VEC q4_0 m=10240 n=1 k=5120: 1 x 61.48 us = 61.48 us (1705.39 GFLOPS/s)
Total time: 61.48 us.
----------------
Vulkan Timings:
MUL_MAT_VEC q4_0 m=10240 n=1 k=5120: 1 x 61.4 us = 61.4 us (1707.61 GFLOPS/s)
Total time: 61.4 us.
----------------
Vulkan Timings:
MUL_MAT_VEC q4_0 m=10240 n=1 k=5120: 1 x 61.32 us = 61.32 us (1709.84 GFLOPS/s)
Total time: 61.32 us.
----------------
Vulkan Timings:
MUL_MAT_VEC q4_0 m=10240 n=1 k=5120: 1 x 61.32 us = 61.32 us (1709.84 GFLOPS/s)
Total time: 61.32 us.
----------------
Vulkan Timings:
MUL_MAT_VEC q4_0 m=10240 n=1 k=5120: 1 x 61.28 us = 61.28 us (1710.96 GFLOPS/s)
Total time: 61.28 us.
----------------
Vulkan Timings:
MUL_MAT_VEC q4_0 m=10240 n=1 k=5120: 1 x 61.28 us = 61.28 us (1710.96 GFLOPS/s)
Total time: 61.28 us.
----------------
Vulkan Timings:
MUL_MAT_VEC q4_0 m=10240 n=1 k=5120: 1 x 61.4 us = 61.4 us (1707.61 GFLOPS/s)
Total time: 61.4 us.
----------------
Vulkan Timings:
MUL_MAT_VEC q4_0 m=10240 n=1 k=5120: 1 x 61.48 us = 61.48 us (1705.39 GFLOPS/s)
Total time: 61.48 us.
----------------
Vulkan Timings:
MUL_MAT_VEC q4_0 m=10240 n=1 k=5120: 1 x 62.56 us = 62.56 us (1675.95 GFLOPS/s)
Total time: 62.56 us.
----------------
Vulkan Timings:
MUL_MAT_VEC q4_0 m=10240 n=1 k=5120: 1 x 61.72 us = 61.72 us (1698.76 GFLOPS/s)
Total time: 61.72 us.
----------------
Vulkan Timings:
MUL_MAT_VEC q4_0 m=10240 n=1 k=5120: 1 x 61.4 us = 61.4 us (1707.61 GFLOPS/s)
Total time: 61.4 us.
----------------
Vulkan Timings:
MUL_MAT_VEC q4_0 m=10240 n=1 k=5120: 1 x 61.56 us = 61.56 us (1703.17 GFLOPS/s)
Total time: 61.56 us.
----------------
Vulkan Timings:
MUL_MAT_VEC q4_0 m=10240 n=1 k=5120: 1 x 61.4 us = 61.4 us (1707.61 GFLOPS/s)
Total time: 61.4 us.
----------------
Vulkan Timings:
MUL_MAT_VEC q4_0 m=10240 n=1 k=5120: 1 x 61.32 us = 61.32 us (1709.84 GFLOPS/s)
Total time: 61.32 us.
----------------
Vulkan Timings:
MUL_MAT_VEC q4_0 m=10240 n=1 k=5120: 1 x 61.64 us = 61.64 us (1700.96 GFLOPS/s)
Total time: 61.64 us.
----------------
Vulkan Timings:
MUL_MAT_VEC q4_0 m=10240 n=1 k=5120: 1 x 61.12 us = 61.12 us (1715.43 GFLOPS/s)
Total time: 61.12 us.
----------------
Vulkan Timings:
MUL_MAT_VEC q4_0 m=10240 n=1 k=5120: 1 x 61.24 us = 61.24 us (1712.07 GFLOPS/s)
Total time: 61.24 us.
----------------
Vulkan Timings:
MUL_MAT_VEC q4_0 m=10240 n=1 k=5120: 1 x 61.52 us = 61.52 us (1704.28 GFLOPS/s)
Total time: 61.52 us.
----------------
Vulkan Timings:
MUL_MAT_VEC q4_0 m=10240 n=1 k=5120: 1 x 61.12 us = 61.12 us (1715.43 GFLOPS/s)
Total time: 61.12 us.
----------------
Vulkan Timings:
MUL_MAT_VEC q4_0 m=10240 n=1 k=5120: 1 x 61.24 us = 61.24 us (1712.07 GFLOPS/s)
Total time: 61.24 us.
----------------
Vulkan Timings:
MUL_MAT_VEC q4_0 m=10240 n=1 k=5120: 1 x 61.24 us = 61.24 us (1712.07 GFLOPS/s)
Total time: 61.24 us.
----------------
Vulkan Timings:
MUL_MAT_VEC q4_0 m=10240 n=1 k=5120: 1 x 61.32 us = 61.32 us (1709.84 GFLOPS/s)
Total time: 61.32 us.
----------------
Vulkan Timings:
MUL_MAT_VEC q4_0 m=10240 n=1 k=5120: 1 x 61.16 us = 61.16 us (1714.31 GFLOPS/s)
Total time: 61.16 us.
----------------
Vulkan Timings:
MUL_MAT_VEC q4_0 m=10240 n=1 k=5120: 1 x 61.36 us = 61.36 us (1708.72 GFLOPS/s)
Total time: 61.36 us.
----------------
Vulkan Timings:
MUL_MAT_VEC q4_0 m=10240 n=1 k=5120: 1 x 61.28 us = 61.28 us (1710.96 GFLOPS/s)
Total time: 61.28 us.
----------------
Vulkan Timings:
MUL_MAT_VEC q4_0 m=10240 n=1 k=5120: 1 x 61.28 us = 61.28 us (1710.96 GFLOPS/s)
Total time: 61.28 us.
----------------
Vulkan Timings:
MUL_MAT_VEC q4_0 m=10240 n=1 k=5120: 1 x 61.36 us = 61.36 us (1708.72 GFLOPS/s)
Total time: 61.36 us.
----------------
Vulkan Timings:
MUL_MAT_VEC q4_0 m=10240 n=1 k=5120: 1 x 61.16 us = 61.16 us (1714.31 GFLOPS/s)
Total time: 61.16 us.
----------------
Vulkan Timings:
MUL_MAT_VEC q4_0 m=10240 n=1 k=5120: 1 x 61.28 us = 61.28 us (1710.96 GFLOPS/s)
Total time: 61.28 us.
----------------
Vulkan Timings:
MUL_MAT_VEC q4_0 m=10240 n=1 k=5120: 1 x 61.28 us = 61.28 us (1710.96 GFLOPS/s)
Total time: 61.28 us.
----------------
Vulkan Timings:
MUL_MAT_VEC q4_0 m=10240 n=1 k=5120: 1 x 61.68 us = 61.68 us (1699.86 GFLOPS/s)
Total time: 61.68 us.
----------------
Vulkan Timings:
MUL_MAT_VEC q4_0 m=10240 n=1 k=5120: 1 x 61.32 us = 61.32 us (1709.84 GFLOPS/s)
Total time: 61.32 us.
----------------
Vulkan Timings:
MUL_MAT_VEC q4_0 m=10240 n=1 k=5120: 1 x 61.28 us = 61.28 us (1710.96 GFLOPS/s)
Total time: 61.28 us.
----------------
Vulkan Timings:
MUL_MAT_VEC q4_0 m=10240 n=1 k=5120: 1 x 61.16 us = 61.16 us (1714.31 GFLOPS/s)
Total time: 61.16 us.
----------------
Vulkan Timings:
MUL_MAT_VEC q4_0 m=10240 n=1 k=5120: 1 x 61.24 us = 61.24 us (1712.07 GFLOPS/s)
Total time: 61.24 us.
----------------
Vulkan Timings:
MUL_MAT_VEC q4_0 m=10240 n=1 k=5120: 1 x 61.36 us = 61.36 us (1708.72 GFLOPS/s)
Total time: 61.36 us.
----------------
Vulkan Timings:
MUL_MAT_VEC q4_0 m=10240 n=1 k=5120: 1 x 60.8 us = 60.8 us (1724.46 GFLOPS/s)
Total time: 60.8 us.
----------------
Vulkan Timings:
MUL_MAT_VEC q4_0 m=10240 n=1 k=5120: 1 x 61.44 us = 61.44 us (1706.5 GFLOPS/s)
Total time: 61.44 us.
----------------
Vulkan Timings:
MUL_MAT_VEC q4_0 m=10240 n=1 k=5120: 1 x 61.36 us = 61.36 us (1708.72 GFLOPS/s)
Total time: 61.36 us.
----------------
Vulkan Timings:
MUL_MAT_VEC q4_0 m=10240 n=1 k=5120: 1 x 61.32 us = 61.32 us (1709.84 GFLOPS/s)
Total time: 61.32 us.
----------------
Vulkan Timings:
MUL_MAT_VEC q4_0 m=10240 n=1 k=5120: 1 x 61.4 us = 61.4 us (1707.61 GFLOPS/s)
Total time: 61.4 us.
----------------
Vulkan Timings:
MUL_MAT_VEC q4_0 m=10240 n=1 k=5120: 1 x 61.4 us = 61.4 us (1707.61 GFLOPS/s)
Total time: 61.4 us.
----------------
Vulkan Timings:
MUL_MAT_VEC q4_0 m=10240 n=1 k=5120: 1 x 61.28 us = 61.28 us (1710.96 GFLOPS/s)
Total time: 61.28 us.
----------------
Vulkan Timings:
MUL_MAT_VEC q4_0 m=10240 n=1 k=5120: 1 x 61.4 us = 61.4 us (1707.61 GFLOPS/s)
Total time: 61.4 us.
----------------
Vulkan Timings:
MUL_MAT_VEC q4_0 m=10240 n=1 k=5120: 1 x 61.16 us = 61.16 us (1714.31 GFLOPS/s)
Total time: 61.16 us.
----------------
Vulkan Timings:
MUL_MAT_VEC q4_0 m=10240 n=1 k=5120: 1 x 61.36 us = 61.36 us (1708.72 GFLOPS/s)
Total time: 61.36 us.
----------------
Vulkan Timings:
MUL_MAT_VEC q4_0 m=10240 n=1 k=5120: 1 x 61.16 us = 61.16 us (1714.31 GFLOPS/s)
Total time: 61.16 us.
----------------
Vulkan Timings:
MUL_MAT_VEC q4_0 m=10240 n=1 k=5120: 1 x 61.36 us = 61.36 us (1708.72 GFLOPS/s)
Total time: 61.36 us.
----------------
Vulkan Timings:
MUL_MAT_VEC q4_0 m=10240 n=1 k=5120: 1 x 61.2 us = 61.2 us (1713.19 GFLOPS/s)
Total time: 61.2 us.
----------------
Vulkan Timings:
MUL_MAT_VEC q4_0 m=10240 n=1 k=5120: 1 x 61.2 us = 61.2 us (1713.19 GFLOPS/s)
Total time: 61.2 us.
----------------
Vulkan Timings:
MUL_MAT_VEC q4_0 m=10240 n=1 k=5120: 1 x 61.16 us = 61.16 us (1714.31 GFLOPS/s)
Total time: 61.16 us.
----------------
Vulkan Timings:
MUL_MAT_VEC q4_0 m=10240 n=1 k=5120: 1 x 60.84 us = 60.84 us (1723.33 GFLOPS/s)
Total time: 60.84 us.
----------------
Vulkan Timings:
MUL_MAT_VEC q4_0 m=10240 n=1 k=5120: 1 x 61.28 us = 61.28 us (1710.96 GFLOPS/s)
Total time: 61.28 us.
----------------
Vulkan Timings:
MUL_MAT_VEC q4_0 m=10240 n=1 k=5120: 1 x 61.16 us = 61.16 us (1714.31 GFLOPS/s)
Total time: 61.16 us.
----------------
Vulkan Timings:
MUL_MAT_VEC q4_0 m=10240 n=1 k=5120: 1 x 61.24 us = 61.24 us (1712.07 GFLOPS/s)
Total time: 61.24 us.
----------------
Vulkan Timings:
MUL_MAT_VEC q4_0 m=10240 n=1 k=5120: 1 x 61.64 us = 61.64 us (1700.96 GFLOPS/s)
Total time: 61.64 us.
----------------
Vulkan Timings:
MUL_MAT_VEC q4_0 m=10240 n=1 k=5120: 1 x 61.12 us = 61.12 us (1715.43 GFLOPS/s)
Total time: 61.12 us.
----------------
Vulkan Timings:
MUL_MAT_VEC q4_0 m=10240 n=1 k=5120: 1 x 61.28 us = 61.28 us (1710.96 GFLOPS/s)
Total time: 61.28 us.
----------------
Vulkan Timings:
MUL_MAT_VEC q4_0 m=10240 n=1 k=5120: 1 x 61.24 us = 61.24 us (1712.07 GFLOPS/s)
Total time: 61.24 us.
----------------
Vulkan Timings:
MUL_MAT_VEC q4_0 m=10240 n=1 k=5120: 1 x 61.32 us = 61.32 us (1709.84 GFLOPS/s)
Total time: 61.32 us.
----------------
Vulkan Timings:
MUL_MAT_VEC q4_0 m=10240 n=1 k=5120: 1 x 61.36 us = 61.36 us (1708.72 GFLOPS/s)
Total time: 61.36 us.
----------------
Vulkan Timings:
MUL_MAT_VEC q4_0 m=10240 n=1 k=5120: 1 x 61.2 us = 61.2 us (1713.19 GFLOPS/s)
Total time: 61.2 us.
----------------
Vulkan Timings:
MUL_MAT_VEC q4_0 m=10240 n=1 k=5120: 1 x 61.24 us = 61.24 us (1712.07 GFLOPS/s)
Total time: 61.24 us.
----------------
Vulkan Timings:
MUL_MAT_VEC q4_0 m=10240 n=1 k=5120: 1 x 61.24 us = 61.24 us (1712.07 GFLOPS/s)
Total time: 61.24 us.
----------------
Vulkan Timings:
MUL_MAT_VEC q4_0 m=10240 n=1 k=5120: 1 x 61.44 us = 61.44 us (1706.5 GFLOPS/s)
Total time: 61.44 us.
----------------
Vulkan Timings:
MUL_MAT_VEC q4_0 m=10240 n=1 k=5120: 1 x 61.28 us = 61.28 us (1710.96 GFLOPS/s)
Total time: 61.28 us.
----------------
Vulkan Timings:
MUL_MAT_VEC q4_0 m=10240 n=1 k=5120: 1 x 61.24 us = 61.24 us (1712.07 GFLOPS/s)
Total time: 61.24 us.
----------------
Vulkan Timings:
MUL_MAT_VEC q4_0 m=10240 n=1 k=5120: 1 x 61.24 us = 61.24 us (1712.07 GFLOPS/s)
Total time: 61.24 us.
----------------
Vulkan Timings:
MUL_MAT_VEC q4_0 m=10240 n=1 k=5120: 1 x 61.12 us = 61.12 us (1715.43 GFLOPS/s)
Total time: 61.12 us.
----------------
Vulkan Timings:
MUL_MAT_VEC q4_0 m=10240 n=1 k=5120: 1 x 61.2 us = 61.2 us (1713.19 GFLOPS/s)
Total time: 61.2 us.
----------------
Vulkan Timings:
MUL_MAT_VEC q4_0 m=10240 n=1 k=5120: 1 x 61.24 us = 61.24 us (1712.07 GFLOPS/s)
Total time: 61.24 us.
----------------
Vulkan Timings:
MUL_MAT_VEC q4_0 m=10240 n=1 k=5120: 1 x 61.2 us = 61.2 us (1713.19 GFLOPS/s)
Total time: 61.2 us.
----------------
Vulkan Timings:
MUL_MAT_VEC q4_0 m=10240 n=1 k=5120: 1 x 61.44 us = 61.44 us (1706.5 GFLOPS/s)
Total time: 61.44 us.
----------------
Vulkan Timings:
MUL_MAT_VEC q4_0 m=10240 n=1 k=5120: 1 x 61.48 us = 61.48 us (1705.39 GFLOPS/s)
Total time: 61.48 us.
----------------
Vulkan Timings:
MUL_MAT_VEC q4_0 m=10240 n=1 k=5120: 1 x 61.36 us = 61.36 us (1708.72 GFLOPS/s)
Total time: 61.36 us.
----------------
Vulkan Timings:
MUL_MAT_VEC q4_0 m=10240 n=1 k=5120: 1 x 61.2 us = 61.2 us (1713.19 GFLOPS/s)
Total time: 61.2 us.
----------------
Vulkan Timings:
MUL_MAT_VEC q4_0 m=10240 n=1 k=5120: 1 x 61.32 us = 61.32 us (1709.84 GFLOPS/s)
Total time: 61.32 us.
----------------
Vulkan Timings:
MUL_MAT_VEC q4_0 m=10240 n=1 k=5120: 1 x 61.12 us = 61.12 us (1715.43 GFLOPS/s)
Total time: 61.12 us.
----------------
Vulkan Timings:
MUL_MAT_VEC q4_0 m=10240 n=1 k=5120: 1 x 61.32 us = 61.32 us (1709.84 GFLOPS/s)
Total time: 61.32 us.
----------------
Vulkan Timings:
MUL_MAT_VEC q4_0 m=10240 n=1 k=5120: 1 x 61.12 us = 61.12 us (1715.43 GFLOPS/s)
Total time: 61.12 us.
----------------
Vulkan Timings:
MUL_MAT_VEC q4_0 m=10240 n=1 k=5120: 1 x 60.88 us = 60.88 us (1722.2 GFLOPS/s)
Total time: 60.88 us.
----------------
Vulkan Timings:
MUL_MAT_VEC q4_0 m=10240 n=1 k=5120: 1 x 61.24 us = 61.24 us (1712.07 GFLOPS/s)
Total time: 61.24 us.
----------------
Vulkan Timings:
MUL_MAT_VEC q4_0 m=10240 n=1 k=5120: 1 x 61.28 us = 61.28 us (1710.96 GFLOPS/s)
Total time: 61.28 us.
----------------
Vulkan Timings:
MUL_MAT_VEC q4_0 m=10240 n=1 k=5120: 1 x 61.36 us = 61.36 us (1708.72 GFLOPS/s)
Total time: 61.36 us.
----------------
Vulkan Timings:
MUL_MAT_VEC q4_0 m=10240 n=1 k=5120: 1 x 61.32 us = 61.32 us (1709.84 GFLOPS/s)
Total time: 61.32 us.
----------------
Vulkan Timings:
MUL_MAT_VEC q4_0 m=10240 n=1 k=5120: 1 x 61.2 us = 61.2 us (1713.19 GFLOPS/s)
Total time: 61.2 us.
----------------
Vulkan Timings:
MUL_MAT_VEC q4_0 m=10240 n=1 k=5120: 1 x 61.2 us = 61.2 us (1713.19 GFLOPS/s)
Total time: 61.2 us.
----------------
Vulkan Timings:
MUL_MAT_VEC q4_0 m=10240 n=1 k=5120: 1 x 61.28 us = 61.28 us (1710.96 GFLOPS/s)
Total time: 61.28 us.
----------------
Vulkan Timings:
MUL_MAT_VEC q4_0 m=10240 n=1 k=5120: 1 x 61.16 us = 61.16 us (1714.31 GFLOPS/s)
Total time: 61.16 us.
----------------
Vulkan Timings:
MUL_MAT_VEC q4_0 m=10240 n=1 k=5120: 1 x 61.44 us = 61.44 us (1706.5 GFLOPS/s)
Total time: 61.44 us.
----------------
Vulkan Timings:
MUL_MAT_VEC q4_0 m=10240 n=1 k=5120: 1 x 61.44 us = 61.44 us (1706.5 GFLOPS/s)
Total time: 61.44 us.
----------------
Vulkan Timings:
MUL_MAT_VEC q4_0 m=10240 n=1 k=5120: 1 x 65.36 us = 65.36 us (1604.15 GFLOPS/s)
Total time: 65.36 us.
----------------
Vulkan Timings:
MUL_MAT_VEC q4_0 m=10240 n=1 k=5120: 1 x 61.48 us = 61.48 us (1705.39 GFLOPS/s)
Total time: 61.48 us.
----------------
Vulkan Timings:
MUL_MAT_VEC q4_0 m=10240 n=1 k=5120: 1 x 62.84 us = 62.84 us (1668.48 GFLOPS/s)
Total time: 62.84 us.
----------------
Vulkan Timings:
MUL_MAT_VEC q4_0 m=10240 n=1 k=5120: 1 x 61.44 us = 61.44 us (1706.5 GFLOPS/s)
Total time: 61.44 us.
----------------
Vulkan Timings:
MUL_MAT_VEC q4_0 m=10240 n=1 k=5120: 1 x 61.36 us = 61.36 us (1708.72 GFLOPS/s)
Total time: 61.36 us.
----------------
Vulkan Timings:
MUL_MAT_VEC q4_0 m=10240 n=1 k=5120: 1 x 61.32 us = 61.32 us (1709.84 GFLOPS/s)
Total time: 61.32 us.
----------------
Vulkan Timings:
MUL_MAT_VEC q4_0 m=10240 n=1 k=5120: 1 x 61.32 us = 61.32 us (1709.84 GFLOPS/s)
Total time: 61.32 us.
----------------
Vulkan Timings:
MUL_MAT_VEC q4_0 m=10240 n=1 k=5120: 1 x 61.28 us = 61.28 us (1710.96 GFLOPS/s)
Total time: 61.28 us.
