ggml_vulkan: Found 1 Vulkan devices:
ggml_vulkan: 0 = AMD Radeon RX 7900 XTX (RADV NAVI31) (radv) | uma: 0 | fp16: dot2 | bf16: 0 | fp4: 0 | warp size: 64 | shared memory: 65536 | int dot: 1 | matrix cores: KHR_coopmat
oracle=0.24.0 commit=456172ec-dirty device=AMD Radeon RX 7900 XTX (RADV NAVI31) disable_mmvq=1
backend_allocation_bytes=17739776
----------------
Vulkan Timings:
MUL_MAT_VEC q4_0 m=6144 n=1 k=5120: 1 x 69.48 us = 69.48 us (905.418 GFLOPS/s)
Total time: 69.48 us.
----------------
Vulkan Timings:
MUL_MAT_VEC q4_0 m=6144 n=1 k=5120: 1 x 43.76 us = 43.76 us (1437.58 GFLOPS/s)
Total time: 43.76 us.
----------------
Vulkan Timings:
MUL_MAT_VEC q4_0 m=6144 n=1 k=5120: 1 x 43.52 us = 43.52 us (1445.51 GFLOPS/s)
Total time: 43.52 us.
----------------
Vulkan Timings:
MUL_MAT_VEC q4_0 m=6144 n=1 k=5120: 1 x 43.8 us = 43.8 us (1436.27 GFLOPS/s)
Total time: 43.8 us.
----------------
Vulkan Timings:
MUL_MAT_VEC q4_0 m=6144 n=1 k=5120: 1 x 43.4 us = 43.4 us (1449.5 GFLOPS/s)
Total time: 43.4 us.
----------------
Vulkan Timings:
MUL_MAT_VEC q4_0 m=6144 n=1 k=5120: 1 x 45.56 us = 45.56 us (1380.78 GFLOPS/s)
Total time: 45.56 us.
----------------
Vulkan Timings:
MUL_MAT_VEC q4_0 m=6144 n=1 k=5120: 1 x 43.8 us = 43.8 us (1436.27 GFLOPS/s)
Total time: 43.8 us.
----------------
Vulkan Timings:
MUL_MAT_VEC q4_0 m=6144 n=1 k=5120: 1 x 43.72 us = 43.72 us (1438.89 GFLOPS/s)
Total time: 43.72 us.
----------------
Vulkan Timings:
MUL_MAT_VEC q4_0 m=6144 n=1 k=5120: 1 x 43.52 us = 43.52 us (1445.51 GFLOPS/s)
Total time: 43.52 us.
----------------
Vulkan Timings:
MUL_MAT_VEC q4_0 m=6144 n=1 k=5120: 1 x 43.8 us = 43.8 us (1436.27 GFLOPS/s)
Total time: 43.8 us.
----------------
Vulkan Timings:
MUL_MAT_VEC q4_0 m=6144 n=1 k=5120: 1 x 43.52 us = 43.52 us (1445.51 GFLOPS/s)
Total time: 43.52 us.
----------------
Vulkan Timings:
MUL_MAT_VEC q4_0 m=6144 n=1 k=5120: 1 x 43.6 us = 43.6 us (1442.85 GFLOPS/s)
Total time: 43.6 us.
----------------
Vulkan Timings:
MUL_MAT_VEC q4_0 m=6144 n=1 k=5120: 1 x 43.64 us = 43.64 us (1441.53 GFLOPS/s)
Total time: 43.64 us.
----------------
Vulkan Timings:
MUL_MAT_VEC q4_0 m=6144 n=1 k=5120: 1 x 43.44 us = 43.44 us (1448.17 GFLOPS/s)
Total time: 43.44 us.
----------------
Vulkan Timings:
MUL_MAT_VEC q4_0 m=6144 n=1 k=5120: 1 x 43.52 us = 43.52 us (1445.51 GFLOPS/s)
Total time: 43.52 us.
----------------
Vulkan Timings:
MUL_MAT_VEC q4_0 m=6144 n=1 k=5120: 1 x 43.56 us = 43.56 us (1444.18 GFLOPS/s)
Total time: 43.56 us.
----------------
Vulkan Timings:
MUL_MAT_VEC q4_0 m=6144 n=1 k=5120: 1 x 43.52 us = 43.52 us (1445.51 GFLOPS/s)
Total time: 43.52 us.
----------------
Vulkan Timings:
MUL_MAT_VEC q4_0 m=6144 n=1 k=5120: 1 x 43.52 us = 43.52 us (1445.51 GFLOPS/s)
Total time: 43.52 us.
----------------
Vulkan Timings:
MUL_MAT_VEC q4_0 m=6144 n=1 k=5120: 1 x 43.76 us = 43.76 us (1437.58 GFLOPS/s)
Total time: 43.76 us.
----------------
Vulkan Timings:
MUL_MAT_VEC q4_0 m=6144 n=1 k=5120: 1 x 43.56 us = 43.56 us (1444.18 GFLOPS/s)
Total time: 43.56 us.
----------------
Vulkan Timings:
MUL_MAT_VEC q4_0 m=6144 n=1 k=5120: 1 x 43.92 us = 43.92 us (1432.34 GFLOPS/s)
Total time: 43.92 us.
----------------
Vulkan Timings:
MUL_MAT_VEC q4_0 m=6144 n=1 k=5120: 1 x 43.48 us = 43.48 us (1446.84 GFLOPS/s)
Total time: 43.48 us.
----------------
Vulkan Timings:
MUL_MAT_VEC q4_0 m=6144 n=1 k=5120: 1 x 43.36 us = 43.36 us (1450.84 GFLOPS/s)
Total time: 43.36 us.
----------------
Vulkan Timings:
MUL_MAT_VEC q4_0 m=6144 n=1 k=5120: 1 x 43.76 us = 43.76 us (1437.58 GFLOPS/s)
Total time: 43.76 us.
----------------
Vulkan Timings:
MUL_MAT_VEC q4_0 m=6144 n=1 k=5120: 1 x 43.44 us = 43.44 us (1448.17 GFLOPS/s)
Total time: 43.44 us.
----------------
Vulkan Timings:
MUL_MAT_VEC q4_0 m=6144 n=1 k=5120: 1 x 43.8 us = 43.8 us (1436.27 GFLOPS/s)
Total time: 43.8 us.
----------------
Vulkan Timings:
MUL_MAT_VEC q4_0 m=6144 n=1 k=5120: 1 x 43.56 us = 43.56 us (1444.18 GFLOPS/s)
Total time: 43.56 us.
----------------
Vulkan Timings:
MUL_MAT_VEC q4_0 m=6144 n=1 k=5120: 1 x 43.56 us = 43.56 us (1444.18 GFLOPS/s)
Total time: 43.56 us.
----------------
Vulkan Timings:
MUL_MAT_VEC q4_0 m=6144 n=1 k=5120: 1 x 43.64 us = 43.64 us (1441.53 GFLOPS/s)
Total time: 43.64 us.
----------------
Vulkan Timings:
MUL_MAT_VEC q4_0 m=6144 n=1 k=5120: 1 x 43.56 us = 43.56 us (1444.18 GFLOPS/s)
Total time: 43.56 us.
----------------
Vulkan Timings:
MUL_MAT_VEC q4_0 m=6144 n=1 k=5120: 1 x 43.56 us = 43.56 us (1444.18 GFLOPS/s)
Total time: 43.56 us.
----------------
Vulkan Timings:
MUL_MAT_VEC q4_0 m=6144 n=1 k=5120: 1 x 43.48 us = 43.48 us (1446.84 GFLOPS/s)
Total time: 43.48 us.
----------------
Vulkan Timings:
MUL_MAT_VEC q4_0 m=6144 n=1 k=5120: 1 x 43.64 us = 43.64 us (1441.53 GFLOPS/s)
Total time: 43.64 us.
----------------
Vulkan Timings:
MUL_MAT_VEC q4_0 m=6144 n=1 k=5120: 1 x 43.6 us = 43.6 us (1442.85 GFLOPS/s)
Total time: 43.6 us.
----------------
Vulkan Timings:
MUL_MAT_VEC q4_0 m=6144 n=1 k=5120: 1 x 43.6 us = 43.6 us (1442.85 GFLOPS/s)
Total time: 43.6 us.
----------------
Vulkan Timings:
MUL_MAT_VEC q4_0 m=6144 n=1 k=5120: 1 x 43.64 us = 43.64 us (1441.53 GFLOPS/s)
Total time: 43.64 us.
----------------
Vulkan Timings:
MUL_MAT_VEC q4_0 m=6144 n=1 k=5120: 1 x 43.76 us = 43.76 us (1437.58 GFLOPS/s)
Total time: 43.76 us.
----------------
Vulkan Timings:
MUL_MAT_VEC q4_0 m=6144 n=1 k=5120: 1 x 43.84 us = 43.84 us (1434.95 GFLOPS/s)
Total time: 43.84 us.
----------------
Vulkan Timings:
MUL_MAT_VEC q4_0 m=6144 n=1 k=5120: 1 x 44.28 us = 44.28 us (1420.7 GFLOPS/s)
Total time: 44.28 us.
----------------
Vulkan Timings:
MUL_MAT_VEC q4_0 m=6144 n=1 k=5120: 1 x 43.24 us = 43.24 us (1454.87 GFLOPS/s)
Total time: 43.24 us.
----------------
Vulkan Timings:
MUL_MAT_VEC q4_0 m=6144 n=1 k=5120: 1 x 43.24 us = 43.24 us (1454.87 GFLOPS/s)
Total time: 43.24 us.
----------------
Vulkan Timings:
MUL_MAT_VEC q4_0 m=6144 n=1 k=5120: 1 x 43.2 us = 43.2 us (1456.21 GFLOPS/s)
Total time: 43.2 us.
----------------
Vulkan Timings:
MUL_MAT_VEC q4_0 m=6144 n=1 k=5120: 1 x 43.24 us = 43.24 us (1454.87 GFLOPS/s)
Total time: 43.24 us.
----------------
Vulkan Timings:
MUL_MAT_VEC q4_0 m=6144 n=1 k=5120: 1 x 43.2 us = 43.2 us (1456.21 GFLOPS/s)
Total time: 43.2 us.
----------------
Vulkan Timings:
MUL_MAT_VEC q4_0 m=6144 n=1 k=5120: 1 x 43.32 us = 43.32 us (1452.18 GFLOPS/s)
Total time: 43.32 us.
----------------
Vulkan Timings:
MUL_MAT_VEC q4_0 m=6144 n=1 k=5120: 1 x 43.4 us = 43.4 us (1449.5 GFLOPS/s)
Total time: 43.4 us.
----------------
Vulkan Timings:
MUL_MAT_VEC q4_0 m=6144 n=1 k=5120: 1 x 43.64 us = 43.64 us (1441.53 GFLOPS/s)
Total time: 43.64 us.
----------------
Vulkan Timings:
MUL_MAT_VEC q4_0 m=6144 n=1 k=5120: 1 x 43.4 us = 43.4 us (1449.5 GFLOPS/s)
Total time: 43.4 us.
----------------
Vulkan Timings:
MUL_MAT_VEC q4_0 m=6144 n=1 k=5120: 1 x 43.36 us = 43.36 us (1450.84 GFLOPS/s)
Total time: 43.36 us.
----------------
Vulkan Timings:
MUL_MAT_VEC q4_0 m=6144 n=1 k=5120: 1 x 43.6 us = 43.6 us (1442.85 GFLOPS/s)
Total time: 43.6 us.
----------------
Vulkan Timings:
MUL_MAT_VEC q4_0 m=6144 n=1 k=5120: 1 x 43.32 us = 43.32 us (1452.18 GFLOPS/s)
Total time: 43.32 us.
----------------
Vulkan Timings:
MUL_MAT_VEC q4_0 m=6144 n=1 k=5120: 1 x 43.16 us = 43.16 us (1457.56 GFLOPS/s)
Total time: 43.16 us.
----------------
Vulkan Timings:
MUL_MAT_VEC q4_0 m=6144 n=1 k=5120: 1 x 43.36 us = 43.36 us (1450.84 GFLOPS/s)
Total time: 43.36 us.
----------------
Vulkan Timings:
MUL_MAT_VEC q4_0 m=6144 n=1 k=5120: 1 x 43.2 us = 43.2 us (1456.21 GFLOPS/s)
Total time: 43.2 us.
----------------
Vulkan Timings:
MUL_MAT_VEC q4_0 m=6144 n=1 k=5120: 1 x 43.32 us = 43.32 us (1452.18 GFLOPS/s)
Total time: 43.32 us.
----------------
Vulkan Timings:
MUL_MAT_VEC q4_0 m=6144 n=1 k=5120: 1 x 42.92 us = 42.92 us (1465.71 GFLOPS/s)
Total time: 42.92 us.
----------------
Vulkan Timings:
MUL_MAT_VEC q4_0 m=6144 n=1 k=5120: 1 x 43.32 us = 43.32 us (1452.18 GFLOPS/s)
Total time: 43.32 us.
----------------
Vulkan Timings:
MUL_MAT_VEC q4_0 m=6144 n=1 k=5120: 1 x 43.24 us = 43.24 us (1454.87 GFLOPS/s)
Total time: 43.24 us.
----------------
Vulkan Timings:
MUL_MAT_VEC q4_0 m=6144 n=1 k=5120: 1 x 43.32 us = 43.32 us (1452.18 GFLOPS/s)
Total time: 43.32 us.
----------------
Vulkan Timings:
MUL_MAT_VEC q4_0 m=6144 n=1 k=5120: 1 x 43.56 us = 43.56 us (1444.18 GFLOPS/s)
Total time: 43.56 us.
----------------
Vulkan Timings:
MUL_MAT_VEC q4_0 m=6144 n=1 k=5120: 1 x 43.32 us = 43.32 us (1452.18 GFLOPS/s)
Total time: 43.32 us.
----------------
Vulkan Timings:
MUL_MAT_VEC q4_0 m=6144 n=1 k=5120: 1 x 43.68 us = 43.68 us (1440.21 GFLOPS/s)
Total time: 43.68 us.
----------------
Vulkan Timings:
MUL_MAT_VEC q4_0 m=6144 n=1 k=5120: 1 x 43.2 us = 43.2 us (1456.21 GFLOPS/s)
Total time: 43.2 us.
----------------
Vulkan Timings:
MUL_MAT_VEC q4_0 m=6144 n=1 k=5120: 1 x 43.56 us = 43.56 us (1444.18 GFLOPS/s)
Total time: 43.56 us.
----------------
Vulkan Timings:
MUL_MAT_VEC q4_0 m=6144 n=1 k=5120: 1 x 43.8 us = 43.8 us (1436.27 GFLOPS/s)
Total time: 43.8 us.
----------------
Vulkan Timings:
MUL_MAT_VEC q4_0 m=6144 n=1 k=5120: 1 x 43.28 us = 43.28 us (1453.52 GFLOPS/s)
Total time: 43.28 us.
----------------
Vulkan Timings:
MUL_MAT_VEC q4_0 m=6144 n=1 k=5120: 1 x 43.28 us = 43.28 us (1453.52 GFLOPS/s)
Total time: 43.28 us.
----------------
Vulkan Timings:
MUL_MAT_VEC q4_0 m=6144 n=1 k=5120: 1 x 43.2 us = 43.2 us (1456.21 GFLOPS/s)
Total time: 43.2 us.
----------------
Vulkan Timings:
MUL_MAT_VEC q4_0 m=6144 n=1 k=5120: 1 x 43.32 us = 43.32 us (1452.18 GFLOPS/s)
Total time: 43.32 us.
----------------
Vulkan Timings:
MUL_MAT_VEC q4_0 m=6144 n=1 k=5120: 1 x 43.36 us = 43.36 us (1450.84 GFLOPS/s)
Total time: 43.36 us.
----------------
Vulkan Timings:
MUL_MAT_VEC q4_0 m=6144 n=1 k=5120: 1 x 43.52 us = 43.52 us (1445.51 GFLOPS/s)
Total time: 43.52 us.
----------------
Vulkan Timings:
MUL_MAT_VEC q4_0 m=6144 n=1 k=5120: 1 x 43.52 us = 43.52 us (1445.51 GFLOPS/s)
Total time: 43.52 us.
----------------
Vulkan Timings:
MUL_MAT_VEC q4_0 m=6144 n=1 k=5120: 1 x 43.28 us = 43.28 us (1453.52 GFLOPS/s)
Total time: 43.28 us.
----------------
Vulkan Timings:
MUL_MAT_VEC q4_0 m=6144 n=1 k=5120: 1 x 43.28 us = 43.28 us (1453.52 GFLOPS/s)
Total time: 43.28 us.
----------------
Vulkan Timings:
MUL_MAT_VEC q4_0 m=6144 n=1 k=5120: 1 x 43.52 us = 43.52 us (1445.51 GFLOPS/s)
Total time: 43.52 us.
----------------
Vulkan Timings:
MUL_MAT_VEC q4_0 m=6144 n=1 k=5120: 1 x 43.32 us = 43.32 us (1452.18 GFLOPS/s)
Total time: 43.32 us.
----------------
Vulkan Timings:
MUL_MAT_VEC q4_0 m=6144 n=1 k=5120: 1 x 43.4 us = 43.4 us (1449.5 GFLOPS/s)
Total time: 43.4 us.
----------------
Vulkan Timings:
MUL_MAT_VEC q4_0 m=6144 n=1 k=5120: 1 x 43.52 us = 43.52 us (1445.51 GFLOPS/s)
Total time: 43.52 us.
----------------
Vulkan Timings:
MUL_MAT_VEC q4_0 m=6144 n=1 k=5120: 1 x 43.52 us = 43.52 us (1445.51 GFLOPS/s)
Total time: 43.52 us.
----------------
Vulkan Timings:
MUL_MAT_VEC q4_0 m=6144 n=1 k=5120: 1 x 43.28 us = 43.28 us (1453.52 GFLOPS/s)
Total time: 43.28 us.
----------------
Vulkan Timings:
MUL_MAT_VEC q4_0 m=6144 n=1 k=5120: 1 x 43.36 us = 43.36 us (1450.84 GFLOPS/s)
Total time: 43.36 us.
----------------
Vulkan Timings:
MUL_MAT_VEC q4_0 m=6144 n=1 k=5120: 1 x 43.44 us = 43.44 us (1448.17 GFLOPS/s)
Total time: 43.44 us.
----------------
Vulkan Timings:
MUL_MAT_VEC q4_0 m=6144 n=1 k=5120: 1 x 43.28 us = 43.28 us (1453.52 GFLOPS/s)
Total time: 43.28 us.
----------------
Vulkan Timings:
MUL_MAT_VEC q4_0 m=6144 n=1 k=5120: 1 x 43.52 us = 43.52 us (1445.51 GFLOPS/s)
Total time: 43.52 us.
----------------
Vulkan Timings:
MUL_MAT_VEC q4_0 m=6144 n=1 k=5120: 1 x 43.4 us = 43.4 us (1449.5 GFLOPS/s)
Total time: 43.4 us.
----------------
Vulkan Timings:
MUL_MAT_VEC q4_0 m=6144 n=1 k=5120: 1 x 43.2 us = 43.2 us (1456.21 GFLOPS/s)
Total time: 43.2 us.
----------------
Vulkan Timings:
MUL_MAT_VEC q4_0 m=6144 n=1 k=5120: 1 x 43.28 us = 43.28 us (1453.52 GFLOPS/s)
Total time: 43.28 us.
----------------
Vulkan Timings:
MUL_MAT_VEC q4_0 m=6144 n=1 k=5120: 1 x 43.52 us = 43.52 us (1445.51 GFLOPS/s)
Total time: 43.52 us.
----------------
Vulkan Timings:
MUL_MAT_VEC q4_0 m=6144 n=1 k=5120: 1 x 43.32 us = 43.32 us (1452.18 GFLOPS/s)
Total time: 43.32 us.
----------------
Vulkan Timings:
MUL_MAT_VEC q4_0 m=6144 n=1 k=5120: 1 x 43.16 us = 43.16 us (1457.56 GFLOPS/s)
Total time: 43.16 us.
----------------
Vulkan Timings:
MUL_MAT_VEC q4_0 m=6144 n=1 k=5120: 1 x 43.4 us = 43.4 us (1449.5 GFLOPS/s)
Total time: 43.4 us.
----------------
Vulkan Timings:
MUL_MAT_VEC q4_0 m=6144 n=1 k=5120: 1 x 43.36 us = 43.36 us (1450.84 GFLOPS/s)
Total time: 43.36 us.
----------------
Vulkan Timings:
MUL_MAT_VEC q4_0 m=6144 n=1 k=5120: 1 x 43.4 us = 43.4 us (1449.5 GFLOPS/s)
Total time: 43.4 us.
----------------
Vulkan Timings:
MUL_MAT_VEC q4_0 m=6144 n=1 k=5120: 1 x 43.24 us = 43.24 us (1454.87 GFLOPS/s)
Total time: 43.24 us.
----------------
Vulkan Timings:
MUL_MAT_VEC q4_0 m=6144 n=1 k=5120: 1 x 43.76 us = 43.76 us (1437.58 GFLOPS/s)
Total time: 43.76 us.
----------------
Vulkan Timings:
MUL_MAT_VEC q4_0 m=6144 n=1 k=5120: 1 x 43.64 us = 43.64 us (1441.53 GFLOPS/s)
Total time: 43.64 us.
----------------
Vulkan Timings:
MUL_MAT_VEC q4_0 m=6144 n=1 k=5120: 1 x 45.16 us = 45.16 us (1393.01 GFLOPS/s)
Total time: 45.16 us.
----------------
Vulkan Timings:
MUL_MAT_VEC q4_0 m=6144 n=1 k=5120: 1 x 43.8 us = 43.8 us (1436.27 GFLOPS/s)
Total time: 43.8 us.
----------------
Vulkan Timings:
MUL_MAT_VEC q4_0 m=6144 n=1 k=5120: 1 x 43.48 us = 43.48 us (1446.84 GFLOPS/s)
Total time: 43.48 us.
----------------
Vulkan Timings:
MUL_MAT_VEC q4_0 m=6144 n=1 k=5120: 1 x 43.68 us = 43.68 us (1440.21 GFLOPS/s)
Total time: 43.68 us.
----------------
Vulkan Timings:
MUL_MAT_VEC q4_0 m=6144 n=1 k=5120: 1 x 43.04 us = 43.04 us (1461.63 GFLOPS/s)
Total time: 43.04 us.
----------------
Vulkan Timings:
MUL_MAT_VEC q4_0 m=6144 n=1 k=5120: 1 x 43.36 us = 43.36 us (1450.84 GFLOPS/s)
Total time: 43.36 us.
----------------
Vulkan Timings:
MUL_MAT_VEC q4_0 m=6144 n=1 k=5120: 1 x 43.32 us = 43.32 us (1452.18 GFLOPS/s)
Total time: 43.32 us.
----------------
Vulkan Timings:
MUL_MAT_VEC q4_0 m=6144 n=1 k=5120: 1 x 43.56 us = 43.56 us (1444.18 GFLOPS/s)
Total time: 43.56 us.
----------------
Vulkan Timings:
MUL_MAT_VEC q4_0 m=6144 n=1 k=5120: 1 x 43.4 us = 43.4 us (1449.5 GFLOPS/s)
Total time: 43.4 us.
----------------
Vulkan Timings:
MUL_MAT_VEC q4_0 m=6144 n=1 k=5120: 1 x 43.24 us = 43.24 us (1454.87 GFLOPS/s)
Total time: 43.24 us.
----------------
Vulkan Timings:
MUL_MAT_VEC q4_0 m=6144 n=1 k=5120: 1 x 43.28 us = 43.28 us (1453.52 GFLOPS/s)
Total time: 43.28 us.
----------------
Vulkan Timings:
MUL_MAT_VEC q4_0 m=6144 n=1 k=5120: 1 x 43.28 us = 43.28 us (1453.52 GFLOPS/s)
Total time: 43.28 us.
----------------
Vulkan Timings:
MUL_MAT_VEC q4_0 m=6144 n=1 k=5120: 1 x 43.48 us = 43.48 us (1446.84 GFLOPS/s)
Total time: 43.48 us.
----------------
Vulkan Timings:
MUL_MAT_VEC q4_0 m=6144 n=1 k=5120: 1 x 43.28 us = 43.28 us (1453.52 GFLOPS/s)
Total time: 43.28 us.
----------------
Vulkan Timings:
MUL_MAT_VEC q4_0 m=6144 n=1 k=5120: 1 x 43.36 us = 43.36 us (1450.84 GFLOPS/s)
Total time: 43.36 us.
----------------
Vulkan Timings:
MUL_MAT_VEC q4_0 m=6144 n=1 k=5120: 1 x 43.16 us = 43.16 us (1457.56 GFLOPS/s)
Total time: 43.16 us.
----------------
Vulkan Timings:
MUL_MAT_VEC q4_0 m=6144 n=1 k=5120: 1 x 43.52 us = 43.52 us (1445.51 GFLOPS/s)
Total time: 43.52 us.
----------------
Vulkan Timings:
MUL_MAT_VEC q4_0 m=6144 n=1 k=5120: 1 x 43.4 us = 43.4 us (1449.5 GFLOPS/s)
Total time: 43.4 us.
----------------
Vulkan Timings:
MUL_MAT_VEC q4_0 m=6144 n=1 k=5120: 1 x 43.28 us = 43.28 us (1453.52 GFLOPS/s)
Total time: 43.28 us.
----------------
Vulkan Timings:
MUL_MAT_VEC q4_0 m=6144 n=1 k=5120: 1 x 43.4 us = 43.4 us (1449.5 GFLOPS/s)
Total time: 43.4 us.
----------------
Vulkan Timings:
MUL_MAT_VEC q4_0 m=6144 n=1 k=5120: 1 x 43.28 us = 43.28 us (1453.52 GFLOPS/s)
Total time: 43.28 us.
----------------
Vulkan Timings:
MUL_MAT_VEC q4_0 m=6144 n=1 k=5120: 1 x 43.32 us = 43.32 us (1452.18 GFLOPS/s)
Total time: 43.32 us.
----------------
Vulkan Timings:
MUL_MAT_VEC q4_0 m=6144 n=1 k=5120: 1 x 43.4 us = 43.4 us (1449.5 GFLOPS/s)
Total time: 43.4 us.
----------------
Vulkan Timings:
MUL_MAT_VEC q4_0 m=6144 n=1 k=5120: 1 x 43.4 us = 43.4 us (1449.5 GFLOPS/s)
Total time: 43.4 us.
----------------
Vulkan Timings:
MUL_MAT_VEC q4_0 m=6144 n=1 k=5120: 1 x 43.32 us = 43.32 us (1452.18 GFLOPS/s)
Total time: 43.32 us.
----------------
Vulkan Timings:
MUL_MAT_VEC q4_0 m=6144 n=1 k=5120: 1 x 43.72 us = 43.72 us (1438.89 GFLOPS/s)
Total time: 43.72 us.
----------------
Vulkan Timings:
MUL_MAT_VEC q4_0 m=6144 n=1 k=5120: 1 x 43.32 us = 43.32 us (1452.18 GFLOPS/s)
Total time: 43.32 us.
----------------
Vulkan Timings:
MUL_MAT_VEC q4_0 m=6144 n=1 k=5120: 1 x 43.72 us = 43.72 us (1438.89 GFLOPS/s)
Total time: 43.72 us.
----------------
Vulkan Timings:
MUL_MAT_VEC q4_0 m=6144 n=1 k=5120: 1 x 43.32 us = 43.32 us (1452.18 GFLOPS/s)
Total time: 43.32 us.
----------------
Vulkan Timings:
MUL_MAT_VEC q4_0 m=6144 n=1 k=5120: 1 x 43.36 us = 43.36 us (1450.84 GFLOPS/s)
Total time: 43.36 us.
----------------
Vulkan Timings:
MUL_MAT_VEC q4_0 m=6144 n=1 k=5120: 1 x 43.24 us = 43.24 us (1454.87 GFLOPS/s)
Total time: 43.24 us.
----------------
Vulkan Timings:
MUL_MAT_VEC q4_0 m=6144 n=1 k=5120: 1 x 43.32 us = 43.32 us (1452.18 GFLOPS/s)
Total time: 43.32 us.
----------------
Vulkan Timings:
MUL_MAT_VEC q4_0 m=6144 n=1 k=5120: 1 x 56.44 us = 56.44 us (1114.61 GFLOPS/s)
Total time: 56.44 us.
----------------
Vulkan Timings:
MUL_MAT_VEC q4_0 m=6144 n=1 k=5120: 1 x 43.64 us = 43.64 us (1441.53 GFLOPS/s)
Total time: 43.64 us.
----------------
Vulkan Timings:
MUL_MAT_VEC q4_0 m=6144 n=1 k=5120: 1 x 43.88 us = 43.88 us (1433.65 GFLOPS/s)
Total time: 43.88 us.
----------------
Vulkan Timings:
MUL_MAT_VEC q4_0 m=6144 n=1 k=5120: 1 x 44.04 us = 44.04 us (1428.44 GFLOPS/s)
Total time: 44.04 us.
----------------
Vulkan Timings:
MUL_MAT_VEC q4_0 m=6144 n=1 k=5120: 1 x 43.6 us = 43.6 us (1442.85 GFLOPS/s)
Total time: 43.6 us.
----------------
Vulkan Timings:
MUL_MAT_VEC q4_0 m=6144 n=1 k=5120: 1 x 43.76 us = 43.76 us (1437.58 GFLOPS/s)
Total time: 43.76 us.
----------------
Vulkan Timings:
MUL_MAT_VEC q4_0 m=6144 n=1 k=5120: 1 x 43.6 us = 43.6 us (1442.85 GFLOPS/s)
Total time: 43.6 us.
----------------
Vulkan Timings:
MUL_MAT_VEC q4_0 m=6144 n=1 k=5120: 1 x 43.6 us = 43.6 us (1442.85 GFLOPS/s)
Total time: 43.6 us.
----------------
Vulkan Timings:
MUL_MAT_VEC q4_0 m=6144 n=1 k=5120: 1 x 43.64 us = 43.64 us (1441.53 GFLOPS/s)
Total time: 43.64 us.
----------------
Vulkan Timings:
MUL_MAT_VEC q4_0 m=6144 n=1 k=5120: 1 x 43.52 us = 43.52 us (1445.51 GFLOPS/s)
Total time: 43.52 us.
----------------
Vulkan Timings:
MUL_MAT_VEC q4_0 m=6144 n=1 k=5120: 1 x 43.6 us = 43.6 us (1442.85 GFLOPS/s)
Total time: 43.6 us.
----------------
Vulkan Timings:
MUL_MAT_VEC q4_0 m=6144 n=1 k=5120: 1 x 43.64 us = 43.64 us (1441.53 GFLOPS/s)
Total time: 43.64 us.
----------------
Vulkan Timings:
MUL_MAT_VEC q4_0 m=6144 n=1 k=5120: 1 x 43.64 us = 43.64 us (1441.53 GFLOPS/s)
Total time: 43.64 us.
----------------
Vulkan Timings:
MUL_MAT_VEC q4_0 m=6144 n=1 k=5120: 1 x 43.64 us = 43.64 us (1441.53 GFLOPS/s)
Total time: 43.64 us.
----------------
Vulkan Timings:
MUL_MAT_VEC q4_0 m=6144 n=1 k=5120: 1 x 43.52 us = 43.52 us (1445.51 GFLOPS/s)
Total time: 43.52 us.
----------------
Vulkan Timings:
MUL_MAT_VEC q4_0 m=6144 n=1 k=5120: 1 x 43.52 us = 43.52 us (1445.51 GFLOPS/s)
Total time: 43.52 us.
----------------
Vulkan Timings:
MUL_MAT_VEC q4_0 m=6144 n=1 k=5120: 1 x 43.68 us = 43.68 us (1440.21 GFLOPS/s)
Total time: 43.68 us.
----------------
Vulkan Timings:
MUL_MAT_VEC q4_0 m=6144 n=1 k=5120: 1 x 43.84 us = 43.84 us (1434.95 GFLOPS/s)
Total time: 43.84 us.
----------------
Vulkan Timings:
MUL_MAT_VEC q4_0 m=6144 n=1 k=5120: 1 x 43.56 us = 43.56 us (1444.18 GFLOPS/s)
Total time: 43.56 us.
----------------
Vulkan Timings:
MUL_MAT_VEC q4_0 m=6144 n=1 k=5120: 1 x 44 us = 44 us (1429.74 GFLOPS/s)
Total time: 44 us.
----------------
Vulkan Timings:
MUL_MAT_VEC q4_0 m=6144 n=1 k=5120: 1 x 43.72 us = 43.72 us (1438.89 GFLOPS/s)
Total time: 43.72 us.
----------------
Vulkan Timings:
MUL_MAT_VEC q4_0 m=6144 n=1 k=5120: 1 x 43.72 us = 43.72 us (1438.89 GFLOPS/s)
Total time: 43.72 us.
----------------
Vulkan Timings:
MUL_MAT_VEC q4_0 m=6144 n=1 k=5120: 1 x 43.6 us = 43.6 us (1442.85 GFLOPS/s)
Total time: 43.6 us.
----------------
Vulkan Timings:
MUL_MAT_VEC q4_0 m=6144 n=1 k=5120: 1 x 43.56 us = 43.56 us (1444.18 GFLOPS/s)
Total time: 43.56 us.
----------------
Vulkan Timings:
MUL_MAT_VEC q4_0 m=6144 n=1 k=5120: 1 x 43.8 us = 43.8 us (1436.27 GFLOPS/s)
Total time: 43.8 us.
----------------
Vulkan Timings:
MUL_MAT_VEC q4_0 m=6144 n=1 k=5120: 1 x 43.6 us = 43.6 us (1442.85 GFLOPS/s)
Total time: 43.6 us.
----------------
Vulkan Timings:
MUL_MAT_VEC q4_0 m=6144 n=1 k=5120: 1 x 43.76 us = 43.76 us (1437.58 GFLOPS/s)
Total time: 43.76 us.
----------------
Vulkan Timings:
MUL_MAT_VEC q4_0 m=6144 n=1 k=5120: 1 x 43.76 us = 43.76 us (1437.58 GFLOPS/s)
Total time: 43.76 us.
----------------
Vulkan Timings:
MUL_MAT_VEC q4_0 m=6144 n=1 k=5120: 1 x 43.6 us = 43.6 us (1442.85 GFLOPS/s)
Total time: 43.6 us.
----------------
Vulkan Timings:
MUL_MAT_VEC q4_0 m=6144 n=1 k=5120: 1 x 43.6 us = 43.6 us (1442.85 GFLOPS/s)
Total time: 43.6 us.
----------------
Vulkan Timings:
MUL_MAT_VEC q4_0 m=6144 n=1 k=5120: 1 x 43.6 us = 43.6 us (1442.85 GFLOPS/s)
Total time: 43.6 us.
----------------
Vulkan Timings:
MUL_MAT_VEC q4_0 m=6144 n=1 k=5120: 1 x 43.6 us = 43.6 us (1442.85 GFLOPS/s)
Total time: 43.6 us.
----------------
Vulkan Timings:
MUL_MAT_VEC q4_0 m=6144 n=1 k=5120: 1 x 43.64 us = 43.64 us (1441.53 GFLOPS/s)
Total time: 43.64 us.
----------------
Vulkan Timings:
MUL_MAT_VEC q4_0 m=6144 n=1 k=5120: 1 x 43.76 us = 43.76 us (1437.58 GFLOPS/s)
Total time: 43.76 us.
----------------
Vulkan Timings:
MUL_MAT_VEC q4_0 m=6144 n=1 k=5120: 1 x 43.52 us = 43.52 us (1445.51 GFLOPS/s)
Total time: 43.52 us.
----------------
Vulkan Timings:
MUL_MAT_VEC q4_0 m=6144 n=1 k=5120: 1 x 43.6 us = 43.6 us (1442.85 GFLOPS/s)
Total time: 43.6 us.
----------------
Vulkan Timings:
MUL_MAT_VEC q4_0 m=6144 n=1 k=5120: 1 x 43.72 us = 43.72 us (1438.89 GFLOPS/s)
Total time: 43.72 us.
----------------
Vulkan Timings:
MUL_MAT_VEC q4_0 m=6144 n=1 k=5120: 1 x 43.6 us = 43.6 us (1442.85 GFLOPS/s)
Total time: 43.6 us.
----------------
Vulkan Timings:
MUL_MAT_VEC q4_0 m=6144 n=1 k=5120: 1 x 43.56 us = 43.56 us (1444.18 GFLOPS/s)
Total time: 43.56 us.
----------------
Vulkan Timings:
MUL_MAT_VEC q4_0 m=6144 n=1 k=5120: 1 x 43.56 us = 43.56 us (1444.18 GFLOPS/s)
Total time: 43.56 us.
----------------
Vulkan Timings:
MUL_MAT_VEC q4_0 m=6144 n=1 k=5120: 1 x 43.84 us = 43.84 us (1434.95 GFLOPS/s)
Total time: 43.84 us.
----------------
Vulkan Timings:
MUL_MAT_VEC q4_0 m=6144 n=1 k=5120: 1 x 43.2 us = 43.2 us (1456.21 GFLOPS/s)
Total time: 43.2 us.
----------------
Vulkan Timings:
MUL_MAT_VEC q4_0 m=6144 n=1 k=5120: 1 x 43.72 us = 43.72 us (1438.89 GFLOPS/s)
Total time: 43.72 us.
----------------
Vulkan Timings:
MUL_MAT_VEC q4_0 m=6144 n=1 k=5120: 1 x 43.48 us = 43.48 us (1446.84 GFLOPS/s)
Total time: 43.48 us.
----------------
Vulkan Timings:
MUL_MAT_VEC q4_0 m=6144 n=1 k=5120: 1 x 43.64 us = 43.64 us (1441.53 GFLOPS/s)
Total time: 43.64 us.
----------------
Vulkan Timings:
MUL_MAT_VEC q4_0 m=6144 n=1 k=5120: 1 x 43.56 us = 43.56 us (1444.18 GFLOPS/s)
Total time: 43.56 us.
----------------
Vulkan Timings:
MUL_MAT_VEC q4_0 m=6144 n=1 k=5120: 1 x 43.8 us = 43.8 us (1436.27 GFLOPS/s)
Total time: 43.8 us.
----------------
Vulkan Timings:
MUL_MAT_VEC q4_0 m=6144 n=1 k=5120: 1 x 43.52 us = 43.52 us (1445.51 GFLOPS/s)
Total time: 43.52 us.
----------------
Vulkan Timings:
MUL_MAT_VEC q4_0 m=6144 n=1 k=5120: 1 x 43.6 us = 43.6 us (1442.85 GFLOPS/s)
Total time: 43.6 us.
----------------
Vulkan Timings:
MUL_MAT_VEC q4_0 m=6144 n=1 k=5120: 1 x 43.6 us = 43.6 us (1442.85 GFLOPS/s)
Total time: 43.6 us.
----------------
Vulkan Timings:
MUL_MAT_VEC q4_0 m=6144 n=1 k=5120: 1 x 43.64 us = 43.64 us (1441.53 GFLOPS/s)
Total time: 43.64 us.
----------------
Vulkan Timings:
MUL_MAT_VEC q4_0 m=6144 n=1 k=5120: 1 x 43.52 us = 43.52 us (1445.51 GFLOPS/s)
Total time: 43.52 us.
----------------
Vulkan Timings:
MUL_MAT_VEC q4_0 m=6144 n=1 k=5120: 1 x 44.12 us = 44.12 us (1425.85 GFLOPS/s)
Total time: 44.12 us.
----------------
Vulkan Timings:
MUL_MAT_VEC q4_0 m=6144 n=1 k=5120: 1 x 43.76 us = 43.76 us (1437.58 GFLOPS/s)
Total time: 43.76 us.
----------------
Vulkan Timings:
MUL_MAT_VEC q4_0 m=6144 n=1 k=5120: 1 x 43.6 us = 43.6 us (1442.85 GFLOPS/s)
Total time: 43.6 us.
----------------
Vulkan Timings:
MUL_MAT_VEC q4_0 m=6144 n=1 k=5120: 1 x 43.6 us = 43.6 us (1442.85 GFLOPS/s)
Total time: 43.6 us.
----------------
Vulkan Timings:
MUL_MAT_VEC q4_0 m=6144 n=1 k=5120: 1 x 43.64 us = 43.64 us (1441.53 GFLOPS/s)
Total time: 43.64 us.
----------------
Vulkan Timings:
MUL_MAT_VEC q4_0 m=6144 n=1 k=5120: 1 x 43.6 us = 43.6 us (1442.85 GFLOPS/s)
Total time: 43.6 us.
----------------
Vulkan Timings:
MUL_MAT_VEC q4_0 m=6144 n=1 k=5120: 1 x 43.64 us = 43.64 us (1441.53 GFLOPS/s)
Total time: 43.64 us.
----------------
Vulkan Timings:
MUL_MAT_VEC q4_0 m=6144 n=1 k=5120: 1 x 43.52 us = 43.52 us (1445.51 GFLOPS/s)
Total time: 43.52 us.
----------------
Vulkan Timings:
MUL_MAT_VEC q4_0 m=6144 n=1 k=5120: 1 x 43.4 us = 43.4 us (1449.5 GFLOPS/s)
Total time: 43.4 us.
----------------
Vulkan Timings:
MUL_MAT_VEC q4_0 m=6144 n=1 k=5120: 1 x 43.8 us = 43.8 us (1436.27 GFLOPS/s)
Total time: 43.8 us.
----------------
Vulkan Timings:
MUL_MAT_VEC q4_0 m=6144 n=1 k=5120: 1 x 45.12 us = 45.12 us (1394.25 GFLOPS/s)
Total time: 45.12 us.
----------------
Vulkan Timings:
MUL_MAT_VEC q4_0 m=6144 n=1 k=5120: 1 x 43.84 us = 43.84 us (1434.95 GFLOPS/s)
Total time: 43.84 us.
----------------
Vulkan Timings:
MUL_MAT_VEC q4_0 m=6144 n=1 k=5120: 1 x 43.72 us = 43.72 us (1438.89 GFLOPS/s)
Total time: 43.72 us.
----------------
Vulkan Timings:
MUL_MAT_VEC q4_0 m=6144 n=1 k=5120: 1 x 43.56 us = 43.56 us (1444.18 GFLOPS/s)
Total time: 43.56 us.
----------------
Vulkan Timings:
MUL_MAT_VEC q4_0 m=6144 n=1 k=5120: 1 x 43.52 us = 43.52 us (1445.51 GFLOPS/s)
Total time: 43.52 us.
----------------
Vulkan Timings:
MUL_MAT_VEC q4_0 m=6144 n=1 k=5120: 1 x 43.6 us = 43.6 us (1442.85 GFLOPS/s)
Total time: 43.6 us.
----------------
Vulkan Timings:
MUL_MAT_VEC q4_0 m=6144 n=1 k=5120: 1 x 43.8 us = 43.8 us (1436.27 GFLOPS/s)
Total time: 43.8 us.
----------------
Vulkan Timings:
MUL_MAT_VEC q4_0 m=6144 n=1 k=5120: 1 x 43.84 us = 43.84 us (1434.95 GFLOPS/s)
Total time: 43.84 us.
----------------
Vulkan Timings:
MUL_MAT_VEC q4_0 m=6144 n=1 k=5120: 1 x 43.64 us = 43.64 us (1441.53 GFLOPS/s)
Total time: 43.64 us.
----------------
Vulkan Timings:
MUL_MAT_VEC q4_0 m=6144 n=1 k=5120: 1 x 43.8 us = 43.8 us (1436.27 GFLOPS/s)
Total time: 43.8 us.
----------------
Vulkan Timings:
MUL_MAT_VEC q4_0 m=6144 n=1 k=5120: 1 x 43.52 us = 43.52 us (1445.51 GFLOPS/s)
Total time: 43.52 us.
----------------
Vulkan Timings:
MUL_MAT_VEC q4_0 m=6144 n=1 k=5120: 1 x 43.52 us = 43.52 us (1445.51 GFLOPS/s)
Total time: 43.52 us.
----------------
Vulkan Timings:
MUL_MAT_VEC q4_0 m=6144 n=1 k=5120: 1 x 43.24 us = 43.24 us (1454.87 GFLOPS/s)
Total time: 43.24 us.
----------------
Vulkan Timings:
MUL_MAT_VEC q4_0 m=6144 n=1 k=5120: 1 x 43.2 us = 43.2 us (1456.21 GFLOPS/s)
Total time: 43.2 us.
----------------
Vulkan Timings:
MUL_MAT_VEC q4_0 m=6144 n=1 k=5120: 1 x 43.56 us = 43.56 us (1444.18 GFLOPS/s)
Total time: 43.56 us.
----------------
Vulkan Timings:
MUL_MAT_VEC q4_0 m=6144 n=1 k=5120: 1 x 43.56 us = 43.56 us (1444.18 GFLOPS/s)
Total time: 43.56 us.
----------------
Vulkan Timings:
MUL_MAT_VEC q4_0 m=6144 n=1 k=5120: 1 x 44.92 us = 44.92 us (1400.45 GFLOPS/s)
Total time: 44.92 us.
----------------
Vulkan Timings:
MUL_MAT_VEC q4_0 m=6144 n=1 k=5120: 1 x 43.44 us = 43.44 us (1448.17 GFLOPS/s)
Total time: 43.44 us.
----------------
Vulkan Timings:
MUL_MAT_VEC q4_0 m=6144 n=1 k=5120: 1 x 43.64 us = 43.64 us (1441.53 GFLOPS/s)
Total time: 43.64 us.
----------------
Vulkan Timings:
MUL_MAT_VEC q4_0 m=6144 n=1 k=5120: 1 x 43.48 us = 43.48 us (1446.84 GFLOPS/s)
Total time: 43.48 us.
----------------
Vulkan Timings:
MUL_MAT_VEC q4_0 m=6144 n=1 k=5120: 1 x 43.6 us = 43.6 us (1442.85 GFLOPS/s)
Total time: 43.6 us.
----------------
Vulkan Timings:
MUL_MAT_VEC q4_0 m=6144 n=1 k=5120: 1 x 43.64 us = 43.64 us (1441.53 GFLOPS/s)
Total time: 43.64 us.
----------------
Vulkan Timings:
MUL_MAT_VEC q4_0 m=6144 n=1 k=5120: 1 x 43.52 us = 43.52 us (1445.51 GFLOPS/s)
Total time: 43.52 us.
----------------
Vulkan Timings:
MUL_MAT_VEC q4_0 m=6144 n=1 k=5120: 1 x 43.52 us = 43.52 us (1445.51 GFLOPS/s)
Total time: 43.52 us.
----------------
Vulkan Timings:
MUL_MAT_VEC q4_0 m=6144 n=1 k=5120: 1 x 43.48 us = 43.48 us (1446.84 GFLOPS/s)
Total time: 43.48 us.
----------------
Vulkan Timings:
MUL_MAT_VEC q4_0 m=6144 n=1 k=5120: 1 x 43.6 us = 43.6 us (1442.85 GFLOPS/s)
Total time: 43.6 us.
----------------
Vulkan Timings:
MUL_MAT_VEC q4_0 m=6144 n=1 k=5120: 1 x 43.72 us = 43.72 us (1438.89 GFLOPS/s)
Total time: 43.72 us.
----------------
Vulkan Timings:
MUL_MAT_VEC q4_0 m=6144 n=1 k=5120: 1 x 43.52 us = 43.52 us (1445.51 GFLOPS/s)
Total time: 43.52 us.
----------------
Vulkan Timings:
MUL_MAT_VEC q4_0 m=6144 n=1 k=5120: 1 x 43.56 us = 43.56 us (1444.18 GFLOPS/s)
Total time: 43.56 us.
----------------
Vulkan Timings:
MUL_MAT_VEC q4_0 m=6144 n=1 k=5120: 1 x 43.84 us = 43.84 us (1434.95 GFLOPS/s)
Total time: 43.84 us.
----------------
Vulkan Timings:
MUL_MAT_VEC q4_0 m=6144 n=1 k=5120: 1 x 43.84 us = 43.84 us (1434.95 GFLOPS/s)
Total time: 43.84 us.
----------------
Vulkan Timings:
MUL_MAT_VEC q4_0 m=6144 n=1 k=5120: 1 x 43.76 us = 43.76 us (1437.58 GFLOPS/s)
Total time: 43.76 us.
----------------
Vulkan Timings:
MUL_MAT_VEC q4_0 m=6144 n=1 k=5120: 1 x 43.48 us = 43.48 us (1446.84 GFLOPS/s)
Total time: 43.48 us.
----------------
Vulkan Timings:
MUL_MAT_VEC q4_0 m=6144 n=1 k=5120: 1 x 43.2 us = 43.2 us (1456.21 GFLOPS/s)
Total time: 43.2 us.
----------------
Vulkan Timings:
MUL_MAT_VEC q4_0 m=6144 n=1 k=5120: 1 x 49.96 us = 49.96 us (1259.18 GFLOPS/s)
Total time: 49.96 us.
----------------
Vulkan Timings:
MUL_MAT_VEC q4_0 m=6144 n=1 k=5120: 1 x 42.6 us = 42.6 us (1476.72 GFLOPS/s)
Total time: 42.6 us.
----------------
Vulkan Timings:
MUL_MAT_VEC q4_0 m=6144 n=1 k=5120: 1 x 43.76 us = 43.76 us (1437.58 GFLOPS/s)
Total time: 43.76 us.
----------------
Vulkan Timings:
MUL_MAT_VEC q4_0 m=6144 n=1 k=5120: 1 x 43.36 us = 43.36 us (1450.84 GFLOPS/s)
Total time: 43.36 us.
----------------
Vulkan Timings:
MUL_MAT_VEC q4_0 m=6144 n=1 k=5120: 1 x 43.44 us = 43.44 us (1448.17 GFLOPS/s)
Total time: 43.44 us.
----------------
Vulkan Timings:
MUL_MAT_VEC q4_0 m=6144 n=1 k=5120: 1 x 43.32 us = 43.32 us (1452.18 GFLOPS/s)
Total time: 43.32 us.
----------------
Vulkan Timings:
MUL_MAT_VEC q4_0 m=6144 n=1 k=5120: 1 x 43.56 us = 43.56 us (1444.18 GFLOPS/s)
Total time: 43.56 us.
----------------
Vulkan Timings:
MUL_MAT_VEC q4_0 m=6144 n=1 k=5120: 1 x 43.2 us = 43.2 us (1456.21 GFLOPS/s)
Total time: 43.2 us.
----------------
Vulkan Timings:
MUL_MAT_VEC q4_0 m=6144 n=1 k=5120: 1 x 43.28 us = 43.28 us (1453.52 GFLOPS/s)
Total time: 43.28 us.
----------------
Vulkan Timings:
MUL_MAT_VEC q4_0 m=6144 n=1 k=5120: 1 x 43.44 us = 43.44 us (1448.17 GFLOPS/s)
Total time: 43.44 us.
----------------
Vulkan Timings:
MUL_MAT_VEC q4_0 m=6144 n=1 k=5120: 1 x 43.28 us = 43.28 us (1453.52 GFLOPS/s)
Total time: 43.28 us.
----------------
Vulkan Timings:
MUL_MAT_VEC q4_0 m=6144 n=1 k=5120: 1 x 43.28 us = 43.28 us (1453.52 GFLOPS/s)
Total time: 43.28 us.
----------------
Vulkan Timings:
MUL_MAT_VEC q4_0 m=6144 n=1 k=5120: 1 x 43.4 us = 43.4 us (1449.5 GFLOPS/s)
Total time: 43.4 us.
----------------
Vulkan Timings:
MUL_MAT_VEC q4_0 m=6144 n=1 k=5120: 1 x 43.24 us = 43.24 us (1454.87 GFLOPS/s)
Total time: 43.24 us.
----------------
Vulkan Timings:
MUL_MAT_VEC q4_0 m=6144 n=1 k=5120: 1 x 43.48 us = 43.48 us (1446.84 GFLOPS/s)
Total time: 43.48 us.
----------------
Vulkan Timings:
MUL_MAT_VEC q4_0 m=6144 n=1 k=5120: 1 x 43.32 us = 43.32 us (1452.18 GFLOPS/s)
Total time: 43.32 us.
----------------
Vulkan Timings:
MUL_MAT_VEC q4_0 m=6144 n=1 k=5120: 1 x 43.72 us = 43.72 us (1438.89 GFLOPS/s)
Total time: 43.72 us.
----------------
Vulkan Timings:
MUL_MAT_VEC q4_0 m=6144 n=1 k=5120: 1 x 43.68 us = 43.68 us (1440.21 GFLOPS/s)
Total time: 43.68 us.
----------------
Vulkan Timings:
MUL_MAT_VEC q4_0 m=6144 n=1 k=5120: 1 x 43.28 us = 43.28 us (1453.52 GFLOPS/s)
Total time: 43.28 us.
----------------
Vulkan Timings:
MUL_MAT_VEC q4_0 m=6144 n=1 k=5120: 1 x 43.28 us = 43.28 us (1453.52 GFLOPS/s)
Total time: 43.28 us.
----------------
Vulkan Timings:
MUL_MAT_VEC q4_0 m=6144 n=1 k=5120: 1 x 42.92 us = 42.92 us (1465.71 GFLOPS/s)
Total time: 42.92 us.
----------------
Vulkan Timings:
MUL_MAT_VEC q4_0 m=6144 n=1 k=5120: 1 x 43.28 us = 43.28 us (1453.52 GFLOPS/s)
Total time: 43.28 us.
----------------
Vulkan Timings:
MUL_MAT_VEC q4_0 m=6144 n=1 k=5120: 1 x 43.68 us = 43.68 us (1440.21 GFLOPS/s)
Total time: 43.68 us.
----------------
Vulkan Timings:
MUL_MAT_VEC q4_0 m=6144 n=1 k=5120: 1 x 43.64 us = 43.64 us (1441.53 GFLOPS/s)
Total time: 43.64 us.
----------------
Vulkan Timings:
MUL_MAT_VEC q4_0 m=6144 n=1 k=5120: 1 x 43.2 us = 43.2 us (1456.21 GFLOPS/s)
Total time: 43.2 us.
----------------
Vulkan Timings:
MUL_MAT_VEC q4_0 m=6144 n=1 k=5120: 1 x 43.68 us = 43.68 us (1440.21 GFLOPS/s)
Total time: 43.68 us.
----------------
Vulkan Timings:
MUL_MAT_VEC q4_0 m=6144 n=1 k=5120: 1 x 43.48 us = 43.48 us (1446.84 GFLOPS/s)
Total time: 43.48 us.
----------------
Vulkan Timings:
MUL_MAT_VEC q4_0 m=6144 n=1 k=5120: 1 x 43.4 us = 43.4 us (1449.5 GFLOPS/s)
Total time: 43.4 us.
----------------
Vulkan Timings:
MUL_MAT_VEC q4_0 m=6144 n=1 k=5120: 1 x 43.2 us = 43.2 us (1456.21 GFLOPS/s)
Total time: 43.2 us.
----------------
Vulkan Timings:
MUL_MAT_VEC q4_0 m=6144 n=1 k=5120: 1 x 43.32 us = 43.32 us (1452.18 GFLOPS/s)
Total time: 43.32 us.
----------------
Vulkan Timings:
MUL_MAT_VEC q4_0 m=6144 n=1 k=5120: 1 x 43.28 us = 43.28 us (1453.52 GFLOPS/s)
Total time: 43.28 us.
----------------
Vulkan Timings:
MUL_MAT_VEC q4_0 m=6144 n=1 k=5120: 1 x 43.44 us = 43.44 us (1448.17 GFLOPS/s)
Total time: 43.44 us.
----------------
Vulkan Timings:
MUL_MAT_VEC q4_0 m=6144 n=1 k=5120: 1 x 43.2 us = 43.2 us (1456.21 GFLOPS/s)
Total time: 43.2 us.
----------------
Vulkan Timings:
MUL_MAT_VEC q4_0 m=6144 n=1 k=5120: 1 x 43.28 us = 43.28 us (1453.52 GFLOPS/s)
Total time: 43.28 us.
----------------
Vulkan Timings:
MUL_MAT_VEC q4_0 m=6144 n=1 k=5120: 1 x 53.04 us = 53.04 us (1186.06 GFLOPS/s)
Total time: 53.04 us.
----------------
Vulkan Timings:
MUL_MAT_VEC q4_0 m=6144 n=1 k=5120: 1 x 43.24 us = 43.24 us (1454.87 GFLOPS/s)
Total time: 43.24 us.
----------------
Vulkan Timings:
MUL_MAT_VEC q4_0 m=6144 n=1 k=5120: 1 x 43.64 us = 43.64 us (1441.53 GFLOPS/s)
Total time: 43.64 us.
----------------
Vulkan Timings:
MUL_MAT_VEC q4_0 m=6144 n=1 k=5120: 1 x 43.84 us = 43.84 us (1434.95 GFLOPS/s)
Total time: 43.84 us.
----------------
Vulkan Timings:
MUL_MAT_VEC q4_0 m=6144 n=1 k=5120: 1 x 43.56 us = 43.56 us (1444.18 GFLOPS/s)
Total time: 43.56 us.
----------------
Vulkan Timings:
MUL_MAT_VEC q4_0 m=6144 n=1 k=5120: 1 x 43.64 us = 43.64 us (1441.53 GFLOPS/s)
Total time: 43.64 us.
----------------
Vulkan Timings:
MUL_MAT_VEC q4_0 m=6144 n=1 k=5120: 1 x 43.96 us = 43.96 us (1431.04 GFLOPS/s)
Total time: 43.96 us.
----------------
Vulkan Timings:
MUL_MAT_VEC q4_0 m=6144 n=1 k=5120: 1 x 43.6 us = 43.6 us (1442.85 GFLOPS/s)
Total time: 43.6 us.
----------------
Vulkan Timings:
MUL_MAT_VEC q4_0 m=6144 n=1 k=5120: 1 x 43.68 us = 43.68 us (1440.21 GFLOPS/s)
Total time: 43.68 us.
----------------
Vulkan Timings:
MUL_MAT_VEC q4_0 m=6144 n=1 k=5120: 1 x 43.52 us = 43.52 us (1445.51 GFLOPS/s)
Total time: 43.52 us.
----------------
Vulkan Timings:
MUL_MAT_VEC q4_0 m=6144 n=1 k=5120: 1 x 43.68 us = 43.68 us (1440.21 GFLOPS/s)
Total time: 43.68 us.
----------------
Vulkan Timings:
MUL_MAT_VEC q4_0 m=6144 n=1 k=5120: 1 x 43.56 us = 43.56 us (1444.18 GFLOPS/s)
Total time: 43.56 us.
----------------
Vulkan Timings:
MUL_MAT_VEC q4_0 m=6144 n=1 k=5120: 1 x 43.72 us = 43.72 us (1438.89 GFLOPS/s)
Total time: 43.72 us.
----------------
Vulkan Timings:
MUL_MAT_VEC q4_0 m=6144 n=1 k=5120: 1 x 43.68 us = 43.68 us (1440.21 GFLOPS/s)
Total time: 43.68 us.
----------------
Vulkan Timings:
MUL_MAT_VEC q4_0 m=6144 n=1 k=5120: 1 x 43.72 us = 43.72 us (1438.89 GFLOPS/s)
Total time: 43.72 us.
----------------
Vulkan Timings:
MUL_MAT_VEC q4_0 m=6144 n=1 k=5120: 1 x 43.52 us = 43.52 us (1445.51 GFLOPS/s)
Total time: 43.52 us.
----------------
Vulkan Timings:
MUL_MAT_VEC q4_0 m=6144 n=1 k=5120: 1 x 43.4 us = 43.4 us (1449.5 GFLOPS/s)
Total time: 43.4 us.
----------------
Vulkan Timings:
MUL_MAT_VEC q4_0 m=6144 n=1 k=5120: 1 x 43.56 us = 43.56 us (1444.18 GFLOPS/s)
Total time: 43.56 us.
----------------
Vulkan Timings:
MUL_MAT_VEC q4_0 m=6144 n=1 k=5120: 1 x 43.56 us = 43.56 us (1444.18 GFLOPS/s)
Total time: 43.56 us.
----------------
Vulkan Timings:
MUL_MAT_VEC q4_0 m=6144 n=1 k=5120: 1 x 43.6 us = 43.6 us (1442.85 GFLOPS/s)
Total time: 43.6 us.
----------------
Vulkan Timings:
MUL_MAT_VEC q4_0 m=6144 n=1 k=5120: 1 x 43.56 us = 43.56 us (1444.18 GFLOPS/s)
Total time: 43.56 us.
----------------
Vulkan Timings:
MUL_MAT_VEC q4_0 m=6144 n=1 k=5120: 1 x 43.52 us = 43.52 us (1445.51 GFLOPS/s)
Total time: 43.52 us.
----------------
Vulkan Timings:
MUL_MAT_VEC q4_0 m=6144 n=1 k=5120: 1 x 43.64 us = 43.64 us (1441.53 GFLOPS/s)
Total time: 43.64 us.
----------------
Vulkan Timings:
MUL_MAT_VEC q4_0 m=6144 n=1 k=5120: 1 x 43.56 us = 43.56 us (1444.18 GFLOPS/s)
Total time: 43.56 us.
----------------
Vulkan Timings:
MUL_MAT_VEC q4_0 m=6144 n=1 k=5120: 1 x 46.04 us = 46.04 us (1366.39 GFLOPS/s)
Total time: 46.04 us.
----------------
Vulkan Timings:
MUL_MAT_VEC q4_0 m=6144 n=1 k=5120: 1 x 43.92 us = 43.92 us (1432.34 GFLOPS/s)
Total time: 43.92 us.
----------------
Vulkan Timings:
MUL_MAT_VEC q4_0 m=6144 n=1 k=5120: 1 x 45.44 us = 45.44 us (1384.43 GFLOPS/s)
Total time: 45.44 us.
----------------
Vulkan Timings:
MUL_MAT_VEC q4_0 m=6144 n=1 k=5120: 1 x 43.84 us = 43.84 us (1434.95 GFLOPS/s)
Total time: 43.84 us.
----------------
Vulkan Timings:
MUL_MAT_VEC q4_0 m=6144 n=1 k=5120: 1 x 43.64 us = 43.64 us (1441.53 GFLOPS/s)
Total time: 43.64 us.
----------------
Vulkan Timings:
MUL_MAT_VEC q4_0 m=6144 n=1 k=5120: 1 x 43.56 us = 43.56 us (1444.18 GFLOPS/s)
Total time: 43.56 us.
----------------
Vulkan Timings:
MUL_MAT_VEC q4_0 m=6144 n=1 k=5120: 1 x 43.72 us = 43.72 us (1438.89 GFLOPS/s)
Total time: 43.72 us.
----------------
Vulkan Timings:
MUL_MAT_VEC q4_0 m=6144 n=1 k=5120: 1 x 43.72 us = 43.72 us (1438.89 GFLOPS/s)
Total time: 43.72 us.
----------------
Vulkan Timings:
MUL_MAT_VEC q4_0 m=6144 n=1 k=5120: 1 x 43.48 us = 43.48 us (1446.84 GFLOPS/s)
Total time: 43.48 us.
----------------
Vulkan Timings:
MUL_MAT_VEC q4_0 m=6144 n=1 k=5120: 1 x 43.56 us = 43.56 us (1444.18 GFLOPS/s)
Total time: 43.56 us.
----------------
Vulkan Timings:
MUL_MAT_VEC q4_0 m=6144 n=1 k=5120: 1 x 43.28 us = 43.28 us (1453.52 GFLOPS/s)
Total time: 43.28 us.
----------------
Vulkan Timings:
MUL_MAT_VEC q4_0 m=6144 n=1 k=5120: 1 x 43.48 us = 43.48 us (1446.84 GFLOPS/s)
Total time: 43.48 us.
----------------
Vulkan Timings:
MUL_MAT_VEC q4_0 m=6144 n=1 k=5120: 1 x 43.6 us = 43.6 us (1442.85 GFLOPS/s)
Total time: 43.6 us.
----------------
Vulkan Timings:
MUL_MAT_VEC q4_0 m=6144 n=1 k=5120: 1 x 43.56 us = 43.56 us (1444.18 GFLOPS/s)
Total time: 43.56 us.
----------------
Vulkan Timings:
MUL_MAT_VEC q4_0 m=6144 n=1 k=5120: 1 x 43.68 us = 43.68 us (1440.21 GFLOPS/s)
Total time: 43.68 us.
----------------
Vulkan Timings:
MUL_MAT_VEC q4_0 m=6144 n=1 k=5120: 1 x 43.52 us = 43.52 us (1445.51 GFLOPS/s)
Total time: 43.52 us.
----------------
Vulkan Timings:
MUL_MAT_VEC q4_0 m=6144 n=1 k=5120: 1 x 43.16 us = 43.16 us (1457.56 GFLOPS/s)
Total time: 43.16 us.
----------------
Vulkan Timings:
MUL_MAT_VEC q4_0 m=6144 n=1 k=5120: 1 x 43.92 us = 43.92 us (1432.34 GFLOPS/s)
Total time: 43.92 us.
----------------
Vulkan Timings:
MUL_MAT_VEC q4_0 m=6144 n=1 k=5120: 1 x 43.52 us = 43.52 us (1445.51 GFLOPS/s)
Total time: 43.52 us.
----------------
Vulkan Timings:
MUL_MAT_VEC q4_0 m=6144 n=1 k=5120: 1 x 43.48 us = 43.48 us (1446.84 GFLOPS/s)
Total time: 43.48 us.
----------------
Vulkan Timings:
MUL_MAT_VEC q4_0 m=6144 n=1 k=5120: 1 x 43.6 us = 43.6 us (1442.85 GFLOPS/s)
Total time: 43.6 us.
----------------
Vulkan Timings:
MUL_MAT_VEC q4_0 m=6144 n=1 k=5120: 1 x 43.6 us = 43.6 us (1442.85 GFLOPS/s)
Total time: 43.6 us.
----------------
Vulkan Timings:
MUL_MAT_VEC q4_0 m=6144 n=1 k=5120: 1 x 43.64 us = 43.64 us (1441.53 GFLOPS/s)
Total time: 43.64 us.
----------------
Vulkan Timings:
MUL_MAT_VEC q4_0 m=6144 n=1 k=5120: 1 x 43.52 us = 43.52 us (1445.51 GFLOPS/s)
Total time: 43.52 us.
----------------
Vulkan Timings:
MUL_MAT_VEC q4_0 m=6144 n=1 k=5120: 1 x 43.64 us = 43.64 us (1441.53 GFLOPS/s)
Total time: 43.64 us.
----------------
Vulkan Timings:
MUL_MAT_VEC q4_0 m=6144 n=1 k=5120: 1 x 43.64 us = 43.64 us (1441.53 GFLOPS/s)
Total time: 43.64 us.
----------------
Vulkan Timings:
MUL_MAT_VEC q4_0 m=6144 n=1 k=5120: 1 x 43.52 us = 43.52 us (1445.51 GFLOPS/s)
Total time: 43.52 us.
----------------
Vulkan Timings:
MUL_MAT_VEC q4_0 m=6144 n=1 k=5120: 1 x 43.52 us = 43.52 us (1445.51 GFLOPS/s)
Total time: 43.52 us.
----------------
Vulkan Timings:
MUL_MAT_VEC q4_0 m=6144 n=1 k=5120: 1 x 43.32 us = 43.32 us (1452.18 GFLOPS/s)
Total time: 43.32 us.
----------------
Vulkan Timings:
MUL_MAT_VEC q4_0 m=6144 n=1 k=5120: 1 x 43.4 us = 43.4 us (1449.5 GFLOPS/s)
Total time: 43.4 us.
----------------
Vulkan Timings:
MUL_MAT_VEC q4_0 m=6144 n=1 k=5120: 1 x 43.68 us = 43.68 us (1440.21 GFLOPS/s)
Total time: 43.68 us.
----------------
Vulkan Timings:
MUL_MAT_VEC q4_0 m=6144 n=1 k=5120: 1 x 43.56 us = 43.56 us (1444.18 GFLOPS/s)
Total time: 43.56 us.
----------------
Vulkan Timings:
MUL_MAT_VEC q4_0 m=6144 n=1 k=5120: 1 x 43.68 us = 43.68 us (1440.21 GFLOPS/s)
Total time: 43.68 us.
----------------
Vulkan Timings:
MUL_MAT_VEC q4_0 m=6144 n=1 k=5120: 1 x 43.68 us = 43.68 us (1440.21 GFLOPS/s)
Total time: 43.68 us.
----------------
Vulkan Timings:
MUL_MAT_VEC q4_0 m=6144 n=1 k=5120: 1 x 43.64 us = 43.64 us (1441.53 GFLOPS/s)
Total time: 43.64 us.
----------------
Vulkan Timings:
MUL_MAT_VEC q4_0 m=6144 n=1 k=5120: 1 x 43.6 us = 43.6 us (1442.85 GFLOPS/s)
Total time: 43.6 us.
----------------
Vulkan Timings:
MUL_MAT_VEC q4_0 m=6144 n=1 k=5120: 1 x 43.72 us = 43.72 us (1438.89 GFLOPS/s)
Total time: 43.72 us.
----------------
Vulkan Timings:
MUL_MAT_VEC q4_0 m=6144 n=1 k=5120: 1 x 43.76 us = 43.76 us (1437.58 GFLOPS/s)
Total time: 43.76 us.
----------------
Vulkan Timings:
MUL_MAT_VEC q4_0 m=6144 n=1 k=5120: 1 x 43.2 us = 43.2 us (1456.21 GFLOPS/s)
Total time: 43.2 us.
----------------
Vulkan Timings:
MUL_MAT_VEC q4_0 m=6144 n=1 k=5120: 1 x 43.44 us = 43.44 us (1448.17 GFLOPS/s)
Total time: 43.44 us.
----------------
Vulkan Timings:
MUL_MAT_VEC q4_0 m=6144 n=1 k=5120: 1 x 43.64 us = 43.64 us (1441.53 GFLOPS/s)
Total time: 43.64 us.
----------------
Vulkan Timings:
MUL_MAT_VEC q4_0 m=6144 n=1 k=5120: 1 x 43.64 us = 43.64 us (1441.53 GFLOPS/s)
Total time: 43.64 us.
----------------
Vulkan Timings:
MUL_MAT_VEC q4_0 m=6144 n=1 k=5120: 1 x 43.64 us = 43.64 us (1441.53 GFLOPS/s)
Total time: 43.64 us.
----------------
Vulkan Timings:
MUL_MAT_VEC q4_0 m=6144 n=1 k=5120: 1 x 43.6 us = 43.6 us (1442.85 GFLOPS/s)
Total time: 43.6 us.
----------------
Vulkan Timings:
MUL_MAT_VEC q4_0 m=6144 n=1 k=5120: 1 x 43.64 us = 43.64 us (1441.53 GFLOPS/s)
Total time: 43.64 us.
----------------
Vulkan Timings:
MUL_MAT_VEC q4_0 m=6144 n=1 k=5120: 1 x 43.72 us = 43.72 us (1438.89 GFLOPS/s)
Total time: 43.72 us.
----------------
Vulkan Timings:
MUL_MAT_VEC q4_0 m=6144 n=1 k=5120: 1 x 43.92 us = 43.92 us (1432.34 GFLOPS/s)
Total time: 43.92 us.
----------------
Vulkan Timings:
MUL_MAT_VEC q4_0 m=6144 n=1 k=5120: 1 x 43.6 us = 43.6 us (1442.85 GFLOPS/s)
Total time: 43.6 us.
----------------
Vulkan Timings:
MUL_MAT_VEC q4_0 m=6144 n=1 k=5120: 1 x 43.52 us = 43.52 us (1445.51 GFLOPS/s)
Total time: 43.52 us.
----------------
Vulkan Timings:
MUL_MAT_VEC q4_0 m=6144 n=1 k=5120: 1 x 43.48 us = 43.48 us (1446.84 GFLOPS/s)
Total time: 43.48 us.
----------------
Vulkan Timings:
MUL_MAT_VEC q4_0 m=6144 n=1 k=5120: 1 x 43.56 us = 43.56 us (1444.18 GFLOPS/s)
Total time: 43.56 us.
----------------
Vulkan Timings:
MUL_MAT_VEC q4_0 m=6144 n=1 k=5120: 1 x 43.96 us = 43.96 us (1431.04 GFLOPS/s)
Total time: 43.96 us.
----------------
Vulkan Timings:
MUL_MAT_VEC q4_0 m=6144 n=1 k=5120: 1 x 43.72 us = 43.72 us (1438.89 GFLOPS/s)
Total time: 43.72 us.
----------------
Vulkan Timings:
MUL_MAT_VEC q4_0 m=6144 n=1 k=5120: 1 x 43.76 us = 43.76 us (1437.58 GFLOPS/s)
Total time: 43.76 us.
----------------
Vulkan Timings:
MUL_MAT_VEC q4_0 m=6144 n=1 k=5120: 1 x 43.52 us = 43.52 us (1445.51 GFLOPS/s)
Total time: 43.52 us.
----------------
Vulkan Timings:
MUL_MAT_VEC q4_0 m=6144 n=1 k=5120: 1 x 43.68 us = 43.68 us (1440.21 GFLOPS/s)
Total time: 43.68 us.
----------------
Vulkan Timings:
MUL_MAT_VEC q4_0 m=6144 n=1 k=5120: 1 x 43.16 us = 43.16 us (1457.56 GFLOPS/s)
Total time: 43.16 us.
----------------
Vulkan Timings:
MUL_MAT_VEC q4_0 m=6144 n=1 k=5120: 1 x 43.52 us = 43.52 us (1445.51 GFLOPS/s)
Total time: 43.52 us.
----------------
Vulkan Timings:
MUL_MAT_VEC q4_0 m=6144 n=1 k=5120: 1 x 43.6 us = 43.6 us (1442.85 GFLOPS/s)
Total time: 43.6 us.
----------------
Vulkan Timings:
MUL_MAT_VEC q4_0 m=6144 n=1 k=5120: 1 x 43.88 us = 43.88 us (1433.65 GFLOPS/s)
Total time: 43.88 us.
----------------
Vulkan Timings:
MUL_MAT_VEC q4_0 m=6144 n=1 k=5120: 1 x 43.76 us = 43.76 us (1437.58 GFLOPS/s)
Total time: 43.76 us.
----------------
Vulkan Timings:
MUL_MAT_VEC q4_0 m=6144 n=1 k=5120: 1 x 43.6 us = 43.6 us (1442.85 GFLOPS/s)
Total time: 43.6 us.
----------------
Vulkan Timings:
MUL_MAT_VEC q4_0 m=6144 n=1 k=5120: 1 x 43.52 us = 43.52 us (1445.51 GFLOPS/s)
Total time: 43.52 us.
----------------
Vulkan Timings:
MUL_MAT_VEC q4_0 m=6144 n=1 k=5120: 1 x 43.92 us = 43.92 us (1432.34 GFLOPS/s)
Total time: 43.92 us.
----------------
Vulkan Timings:
MUL_MAT_VEC q4_0 m=6144 n=1 k=5120: 1 x 43.52 us = 43.52 us (1445.51 GFLOPS/s)
Total time: 43.52 us.
----------------
Vulkan Timings:
MUL_MAT_VEC q4_0 m=6144 n=1 k=5120: 1 x 43.56 us = 43.56 us (1444.18 GFLOPS/s)
Total time: 43.56 us.
----------------
Vulkan Timings:
MUL_MAT_VEC q4_0 m=6144 n=1 k=5120: 1 x 43.52 us = 43.52 us (1445.51 GFLOPS/s)
Total time: 43.52 us.
----------------
Vulkan Timings:
MUL_MAT_VEC q4_0 m=6144 n=1 k=5120: 1 x 43.48 us = 43.48 us (1446.84 GFLOPS/s)
Total time: 43.48 us.
----------------
Vulkan Timings:
MUL_MAT_VEC q4_0 m=6144 n=1 k=5120: 1 x 43.48 us = 43.48 us (1446.84 GFLOPS/s)
Total time: 43.48 us.
----------------
Vulkan Timings:
MUL_MAT_VEC q4_0 m=6144 n=1 k=5120: 1 x 43.6 us = 43.6 us (1442.85 GFLOPS/s)
Total time: 43.6 us.
----------------
Vulkan Timings:
MUL_MAT_VEC q4_0 m=6144 n=1 k=5120: 1 x 43.52 us = 43.52 us (1445.51 GFLOPS/s)
Total time: 43.52 us.
----------------
Vulkan Timings:
MUL_MAT_VEC q4_0 m=6144 n=1 k=5120: 1 x 43.52 us = 43.52 us (1445.51 GFLOPS/s)
Total time: 43.52 us.
----------------
Vulkan Timings:
MUL_MAT_VEC q4_0 m=6144 n=1 k=5120: 1 x 43.56 us = 43.56 us (1444.18 GFLOPS/s)
Total time: 43.56 us.
----------------
Vulkan Timings:
MUL_MAT_VEC q4_0 m=6144 n=1 k=5120: 1 x 43.8 us = 43.8 us (1436.27 GFLOPS/s)
Total time: 43.8 us.
----------------
Vulkan Timings:
MUL_MAT_VEC q4_0 m=6144 n=1 k=5120: 1 x 43.72 us = 43.72 us (1438.89 GFLOPS/s)
Total time: 43.72 us.
----------------
Vulkan Timings:
MUL_MAT_VEC q4_0 m=6144 n=1 k=5120: 1 x 43.64 us = 43.64 us (1441.53 GFLOPS/s)
Total time: 43.64 us.
----------------
Vulkan Timings:
MUL_MAT_VEC q4_0 m=6144 n=1 k=5120: 1 x 43.64 us = 43.64 us (1441.53 GFLOPS/s)
Total time: 43.64 us.
----------------
Vulkan Timings:
MUL_MAT_VEC q4_0 m=6144 n=1 k=5120: 1 x 43.52 us = 43.52 us (1445.51 GFLOPS/s)
Total time: 43.52 us.
----------------
Vulkan Timings:
MUL_MAT_VEC q4_0 m=6144 n=1 k=5120: 1 x 43.64 us = 43.64 us (1441.53 GFLOPS/s)
Total time: 43.64 us.
----------------
Vulkan Timings:
MUL_MAT_VEC q4_0 m=6144 n=1 k=5120: 1 x 43.96 us = 43.96 us (1431.04 GFLOPS/s)
Total time: 43.96 us.
----------------
Vulkan Timings:
MUL_MAT_VEC q4_0 m=6144 n=1 k=5120: 1 x 43.56 us = 43.56 us (1444.18 GFLOPS/s)
Total time: 43.56 us.
----------------
Vulkan Timings:
MUL_MAT_VEC q4_0 m=6144 n=1 k=5120: 1 x 43.64 us = 43.64 us (1441.53 GFLOPS/s)
Total time: 43.64 us.
----------------
Vulkan Timings:
MUL_MAT_VEC q4_0 m=6144 n=1 k=5120: 1 x 43.68 us = 43.68 us (1440.21 GFLOPS/s)
Total time: 43.68 us.
----------------
Vulkan Timings:
MUL_MAT_VEC q4_0 m=6144 n=1 k=5120: 1 x 43.88 us = 43.88 us (1433.65 GFLOPS/s)
Total time: 43.88 us.
----------------
Vulkan Timings:
MUL_MAT_VEC q4_0 m=6144 n=1 k=5120: 1 x 43.56 us = 43.56 us (1444.18 GFLOPS/s)
Total time: 43.56 us.
----------------
Vulkan Timings:
MUL_MAT_VEC q4_0 m=6144 n=1 k=5120: 1 x 43.96 us = 43.96 us (1431.04 GFLOPS/s)
Total time: 43.96 us.
----------------
Vulkan Timings:
MUL_MAT_VEC q4_0 m=6144 n=1 k=5120: 1 x 43.68 us = 43.68 us (1440.21 GFLOPS/s)
Total time: 43.68 us.
----------------
Vulkan Timings:
MUL_MAT_VEC q4_0 m=6144 n=1 k=5120: 1 x 43.56 us = 43.56 us (1444.18 GFLOPS/s)
Total time: 43.56 us.
----------------
Vulkan Timings:
MUL_MAT_VEC q4_0 m=6144 n=1 k=5120: 1 x 43.84 us = 43.84 us (1434.95 GFLOPS/s)
Total time: 43.84 us.
----------------
Vulkan Timings:
MUL_MAT_VEC q4_0 m=6144 n=1 k=5120: 1 x 43.56 us = 43.56 us (1444.18 GFLOPS/s)
Total time: 43.56 us.
----------------
Vulkan Timings:
MUL_MAT_VEC q4_0 m=6144 n=1 k=5120: 1 x 43.6 us = 43.6 us (1442.85 GFLOPS/s)
Total time: 43.6 us.
----------------
Vulkan Timings:
MUL_MAT_VEC q4_0 m=6144 n=1 k=5120: 1 x 43.88 us = 43.88 us (1433.65 GFLOPS/s)
Total time: 43.88 us.
----------------
Vulkan Timings:
MUL_MAT_VEC q4_0 m=6144 n=1 k=5120: 1 x 43.68 us = 43.68 us (1440.21 GFLOPS/s)
Total time: 43.68 us.
----------------
Vulkan Timings:
MUL_MAT_VEC q4_0 m=6144 n=1 k=5120: 1 x 43.88 us = 43.88 us (1433.65 GFLOPS/s)
Total time: 43.88 us.
----------------
Vulkan Timings:
MUL_MAT_VEC q4_0 m=6144 n=1 k=5120: 1 x 43.76 us = 43.76 us (1437.58 GFLOPS/s)
Total time: 43.76 us.
----------------
Vulkan Timings:
MUL_MAT_VEC q4_0 m=6144 n=1 k=5120: 1 x 45.16 us = 45.16 us (1393.01 GFLOPS/s)
Total time: 45.16 us.
----------------
Vulkan Timings:
MUL_MAT_VEC q4_0 m=6144 n=1 k=5120: 1 x 43.88 us = 43.88 us (1433.65 GFLOPS/s)
Total time: 43.88 us.
----------------
Vulkan Timings:
MUL_MAT_VEC q4_0 m=6144 n=1 k=5120: 1 x 43.68 us = 43.68 us (1440.21 GFLOPS/s)
Total time: 43.68 us.
----------------
Vulkan Timings:
MUL_MAT_VEC q4_0 m=6144 n=1 k=5120: 1 x 43.64 us = 43.64 us (1441.53 GFLOPS/s)
Total time: 43.64 us.
----------------
Vulkan Timings:
MUL_MAT_VEC q4_0 m=6144 n=1 k=5120: 1 x 43.36 us = 43.36 us (1450.84 GFLOPS/s)
Total time: 43.36 us.
----------------
Vulkan Timings:
MUL_MAT_VEC q4_0 m=6144 n=1 k=5120: 1 x 43.6 us = 43.6 us (1442.85 GFLOPS/s)
Total time: 43.6 us.
----------------
Vulkan Timings:
MUL_MAT_VEC q4_0 m=6144 n=1 k=5120: 1 x 43.68 us = 43.68 us (1440.21 GFLOPS/s)
Total time: 43.68 us.
----------------
Vulkan Timings:
MUL_MAT_VEC q4_0 m=6144 n=1 k=5120: 1 x 43.6 us = 43.6 us (1442.85 GFLOPS/s)
Total time: 43.6 us.
----------------
Vulkan Timings:
MUL_MAT_VEC q4_0 m=6144 n=1 k=5120: 1 x 44.08 us = 44.08 us (1427.14 GFLOPS/s)
Total time: 44.08 us.
----------------
Vulkan Timings:
MUL_MAT_VEC q4_0 m=6144 n=1 k=5120: 1 x 43.6 us = 43.6 us (1442.85 GFLOPS/s)
Total time: 43.6 us.
----------------
Vulkan Timings:
MUL_MAT_VEC q4_0 m=6144 n=1 k=5120: 1 x 43.84 us = 43.84 us (1434.95 GFLOPS/s)
Total time: 43.84 us.
----------------
Vulkan Timings:
MUL_MAT_VEC q4_0 m=6144 n=1 k=5120: 1 x 43.56 us = 43.56 us (1444.18 GFLOPS/s)
Total time: 43.56 us.
----------------
Vulkan Timings:
MUL_MAT_VEC q4_0 m=6144 n=1 k=5120: 1 x 43.64 us = 43.64 us (1441.53 GFLOPS/s)
Total time: 43.64 us.
----------------
Vulkan Timings:
MUL_MAT_VEC q4_0 m=6144 n=1 k=5120: 1 x 43.56 us = 43.56 us (1444.18 GFLOPS/s)
Total time: 43.56 us.
----------------
Vulkan Timings:
MUL_MAT_VEC q4_0 m=6144 n=1 k=5120: 1 x 43.68 us = 43.68 us (1440.21 GFLOPS/s)
Total time: 43.68 us.
----------------
Vulkan Timings:
MUL_MAT_VEC q4_0 m=6144 n=1 k=5120: 1 x 43.96 us = 43.96 us (1431.04 GFLOPS/s)
Total time: 43.96 us.
----------------
Vulkan Timings:
MUL_MAT_VEC q4_0 m=6144 n=1 k=5120: 1 x 43.6 us = 43.6 us (1442.85 GFLOPS/s)
Total time: 43.6 us.
----------------
Vulkan Timings:
MUL_MAT_VEC q4_0 m=6144 n=1 k=5120: 1 x 43.64 us = 43.64 us (1441.53 GFLOPS/s)
Total time: 43.64 us.
----------------
Vulkan Timings:
MUL_MAT_VEC q4_0 m=6144 n=1 k=5120: 1 x 43.64 us = 43.64 us (1441.53 GFLOPS/s)
Total time: 43.64 us.
----------------
Vulkan Timings:
MUL_MAT_VEC q4_0 m=6144 n=1 k=5120: 1 x 43.2 us = 43.2 us (1456.21 GFLOPS/s)
Total time: 43.2 us.
----------------
Vulkan Timings:
MUL_MAT_VEC q4_0 m=6144 n=1 k=5120: 1 x 44.16 us = 44.16 us (1424.56 GFLOPS/s)
Total time: 44.16 us.
----------------
Vulkan Timings:
MUL_MAT_VEC q4_0 m=6144 n=1 k=5120: 1 x 43.56 us = 43.56 us (1444.18 GFLOPS/s)
Total time: 43.56 us.
----------------
Vulkan Timings:
MUL_MAT_VEC q4_0 m=6144 n=1 k=5120: 1 x 43.68 us = 43.68 us (1440.21 GFLOPS/s)
Total time: 43.68 us.
----------------
Vulkan Timings:
MUL_MAT_VEC q4_0 m=6144 n=1 k=5120: 1 x 44.08 us = 44.08 us (1427.14 GFLOPS/s)
Total time: 44.08 us.
----------------
Vulkan Timings:
MUL_MAT_VEC q4_0 m=6144 n=1 k=5120: 1 x 43.6 us = 43.6 us (1442.85 GFLOPS/s)
Total time: 43.6 us.
----------------
Vulkan Timings:
MUL_MAT_VEC q4_0 m=6144 n=1 k=5120: 1 x 43.56 us = 43.56 us (1444.18 GFLOPS/s)
Total time: 43.56 us.
----------------
Vulkan Timings:
MUL_MAT_VEC q4_0 m=6144 n=1 k=5120: 1 x 43.6 us = 43.6 us (1442.85 GFLOPS/s)
Total time: 43.6 us.
----------------
Vulkan Timings:
MUL_MAT_VEC q4_0 m=6144 n=1 k=5120: 1 x 43.64 us = 43.64 us (1441.53 GFLOPS/s)
Total time: 43.64 us.
----------------
Vulkan Timings:
MUL_MAT_VEC q4_0 m=6144 n=1 k=5120: 1 x 43.68 us = 43.68 us (1440.21 GFLOPS/s)
Total time: 43.68 us.
----------------
Vulkan Timings:
MUL_MAT_VEC q4_0 m=6144 n=1 k=5120: 1 x 43.64 us = 43.64 us (1441.53 GFLOPS/s)
Total time: 43.64 us.
----------------
Vulkan Timings:
MUL_MAT_VEC q4_0 m=6144 n=1 k=5120: 1 x 43.68 us = 43.68 us (1440.21 GFLOPS/s)
Total time: 43.68 us.
----------------
Vulkan Timings:
MUL_MAT_VEC q4_0 m=6144 n=1 k=5120: 1 x 43.6 us = 43.6 us (1442.85 GFLOPS/s)
Total time: 43.6 us.
----------------
Vulkan Timings:
MUL_MAT_VEC q4_0 m=6144 n=1 k=5120: 1 x 54.36 us = 54.36 us (1157.26 GFLOPS/s)
Total time: 54.36 us.
----------------
Vulkan Timings:
MUL_MAT_VEC q4_0 m=6144 n=1 k=5120: 1 x 43.2 us = 43.2 us (1456.21 GFLOPS/s)
Total time: 43.2 us.
----------------
Vulkan Timings:
MUL_MAT_VEC q4_0 m=6144 n=1 k=5120: 1 x 43.6 us = 43.6 us (1442.85 GFLOPS/s)
Total time: 43.6 us.
----------------
Vulkan Timings:
MUL_MAT_VEC q4_0 m=6144 n=1 k=5120: 1 x 43.56 us = 43.56 us (1444.18 GFLOPS/s)
Total time: 43.56 us.
----------------
Vulkan Timings:
MUL_MAT_VEC q4_0 m=6144 n=1 k=5120: 1 x 43.76 us = 43.76 us (1437.58 GFLOPS/s)
Total time: 43.76 us.
----------------
Vulkan Timings:
MUL_MAT_VEC q4_0 m=6144 n=1 k=5120: 1 x 43.6 us = 43.6 us (1442.85 GFLOPS/s)
Total time: 43.6 us.
----------------
Vulkan Timings:
MUL_MAT_VEC q4_0 m=6144 n=1 k=5120: 1 x 43.88 us = 43.88 us (1433.65 GFLOPS/s)
Total time: 43.88 us.
----------------
Vulkan Timings:
MUL_MAT_VEC q4_0 m=6144 n=1 k=5120: 1 x 43.52 us = 43.52 us (1445.51 GFLOPS/s)
Total time: 43.52 us.
----------------
Vulkan Timings:
MUL_MAT_VEC q4_0 m=6144 n=1 k=5120: 1 x 43.92 us = 43.92 us (1432.34 GFLOPS/s)
Total time: 43.92 us.
----------------
Vulkan Timings:
MUL_MAT_VEC q4_0 m=6144 n=1 k=5120: 1 x 43.56 us = 43.56 us (1444.18 GFLOPS/s)
Total time: 43.56 us.
----------------
Vulkan Timings:
MUL_MAT_VEC q4_0 m=6144 n=1 k=5120: 1 x 43.68 us = 43.68 us (1440.21 GFLOPS/s)
Total time: 43.68 us.
----------------
Vulkan Timings:
MUL_MAT_VEC q4_0 m=6144 n=1 k=5120: 1 x 43.72 us = 43.72 us (1438.89 GFLOPS/s)
Total time: 43.72 us.
----------------
Vulkan Timings:
MUL_MAT_VEC q4_0 m=6144 n=1 k=5120: 1 x 43.72 us = 43.72 us (1438.89 GFLOPS/s)
Total time: 43.72 us.
----------------
Vulkan Timings:
MUL_MAT_VEC q4_0 m=6144 n=1 k=5120: 1 x 43.56 us = 43.56 us (1444.18 GFLOPS/s)
Total time: 43.56 us.
----------------
Vulkan Timings:
MUL_MAT_VEC q4_0 m=6144 n=1 k=5120: 1 x 43.64 us = 43.64 us (1441.53 GFLOPS/s)
Total time: 43.64 us.
----------------
Vulkan Timings:
MUL_MAT_VEC q4_0 m=6144 n=1 k=5120: 1 x 44.08 us = 44.08 us (1427.14 GFLOPS/s)
Total time: 44.08 us.
----------------
Vulkan Timings:
MUL_MAT_VEC q4_0 m=6144 n=1 k=5120: 1 x 43.52 us = 43.52 us (1445.51 GFLOPS/s)
Total time: 43.52 us.
----------------
Vulkan Timings:
MUL_MAT_VEC q4_0 m=6144 n=1 k=5120: 1 x 43.64 us = 43.64 us (1441.53 GFLOPS/s)
Total time: 43.64 us.
----------------
Vulkan Timings:
MUL_MAT_VEC q4_0 m=6144 n=1 k=5120: 1 x 43.48 us = 43.48 us (1446.84 GFLOPS/s)
Total time: 43.48 us.
----------------
Vulkan Timings:
MUL_MAT_VEC q4_0 m=6144 n=1 k=5120: 1 x 43.68 us = 43.68 us (1440.21 GFLOPS/s)
Total time: 43.68 us.
----------------
Vulkan Timings:
MUL_MAT_VEC q4_0 m=6144 n=1 k=5120: 1 x 43.68 us = 43.68 us (1440.21 GFLOPS/s)
Total time: 43.68 us.
----------------
Vulkan Timings:
MUL_MAT_VEC q4_0 m=6144 n=1 k=5120: 1 x 43.64 us = 43.64 us (1441.53 GFLOPS/s)
Total time: 43.64 us.
----------------
Vulkan Timings:
MUL_MAT_VEC q4_0 m=6144 n=1 k=5120: 1 x 43.28 us = 43.28 us (1453.52 GFLOPS/s)
Total time: 43.28 us.
----------------
Vulkan Timings:
MUL_MAT_VEC q4_0 m=6144 n=1 k=5120: 1 x 43.72 us = 43.72 us (1438.89 GFLOPS/s)
Total time: 43.72 us.
----------------
Vulkan Timings:
MUL_MAT_VEC q4_0 m=6144 n=1 k=5120: 1 x 43.52 us = 43.52 us (1445.51 GFLOPS/s)
Total time: 43.52 us.
----------------
Vulkan Timings:
MUL_MAT_VEC q4_0 m=6144 n=1 k=5120: 1 x 43.56 us = 43.56 us (1444.18 GFLOPS/s)
Total time: 43.56 us.
----------------
Vulkan Timings:
MUL_MAT_VEC q4_0 m=6144 n=1 k=5120: 1 x 43.68 us = 43.68 us (1440.21 GFLOPS/s)
Total time: 43.68 us.
----------------
Vulkan Timings:
MUL_MAT_VEC q4_0 m=6144 n=1 k=5120: 1 x 43.92 us = 43.92 us (1432.34 GFLOPS/s)
Total time: 43.92 us.
----------------
Vulkan Timings:
MUL_MAT_VEC q4_0 m=6144 n=1 k=5120: 1 x 43.8 us = 43.8 us (1436.27 GFLOPS/s)
Total time: 43.8 us.
----------------
Vulkan Timings:
MUL_MAT_VEC q4_0 m=6144 n=1 k=5120: 1 x 43.64 us = 43.64 us (1441.53 GFLOPS/s)
Total time: 43.64 us.
----------------
Vulkan Timings:
MUL_MAT_VEC q4_0 m=6144 n=1 k=5120: 1 x 43.52 us = 43.52 us (1445.51 GFLOPS/s)
Total time: 43.52 us.
----------------
Vulkan Timings:
MUL_MAT_VEC q4_0 m=6144 n=1 k=5120: 1 x 43.2 us = 43.2 us (1456.21 GFLOPS/s)
Total time: 43.2 us.
----------------
Vulkan Timings:
MUL_MAT_VEC q4_0 m=6144 n=1 k=5120: 1 x 43.56 us = 43.56 us (1444.18 GFLOPS/s)
Total time: 43.56 us.
----------------
Vulkan Timings:
MUL_MAT_VEC q4_0 m=6144 n=1 k=5120: 1 x 44.04 us = 44.04 us (1428.44 GFLOPS/s)
Total time: 44.04 us.
----------------
Vulkan Timings:
MUL_MAT_VEC q4_0 m=6144 n=1 k=5120: 1 x 43.68 us = 43.68 us (1440.21 GFLOPS/s)
Total time: 43.68 us.
----------------
Vulkan Timings:
MUL_MAT_VEC q4_0 m=6144 n=1 k=5120: 1 x 43.64 us = 43.64 us (1441.53 GFLOPS/s)
Total time: 43.64 us.
----------------
Vulkan Timings:
MUL_MAT_VEC q4_0 m=6144 n=1 k=5120: 1 x 43.24 us = 43.24 us (1454.87 GFLOPS/s)
Total time: 43.24 us.
----------------
Vulkan Timings:
MUL_MAT_VEC q4_0 m=6144 n=1 k=5120: 1 x 43.64 us = 43.64 us (1441.53 GFLOPS/s)
Total time: 43.64 us.
----------------
Vulkan Timings:
MUL_MAT_VEC q4_0 m=6144 n=1 k=5120: 1 x 43.2 us = 43.2 us (1456.21 GFLOPS/s)
Total time: 43.2 us.
----------------
Vulkan Timings:
MUL_MAT_VEC q4_0 m=6144 n=1 k=5120: 1 x 43.56 us = 43.56 us (1444.18 GFLOPS/s)
Total time: 43.56 us.
----------------
Vulkan Timings:
MUL_MAT_VEC q4_0 m=6144 n=1 k=5120: 1 x 43.6 us = 43.6 us (1442.85 GFLOPS/s)
Total time: 43.6 us.
----------------
Vulkan Timings:
MUL_MAT_VEC q4_0 m=6144 n=1 k=5120: 1 x 43.6 us = 43.6 us (1442.85 GFLOPS/s)
Total time: 43.6 us.
----------------
Vulkan Timings:
MUL_MAT_VEC q4_0 m=6144 n=1 k=5120: 1 x 43.52 us = 43.52 us (1445.51 GFLOPS/s)
Total time: 43.52 us.
