ggml_vulkan: Found 1 Vulkan devices:
ggml_vulkan: 0 = AMD Radeon RX 7900 XTX (RADV NAVI31) (radv) | uma: 0 | fp16: dot2 | bf16: 0 | fp4: 0 | warp size: 64 | shared memory: 65536 | int dot: 1 | matrix cores: KHR_coopmat
oracle=0.24.0 commit=456172ec-dirty device=AMD Radeon RX 7900 XTX (RADV NAVI31) disable_mmvq=1
backend_allocation_bytes=55795712
----------------
Vulkan Timings:
MUL_MAT_VEC q4_1 m=5120 n=1 k=17408: 1 x 124.48 us = 124.48 us (1431.98 GFLOPS/s)
Total time: 124.48 us.
----------------
Vulkan Timings:
MUL_MAT_VEC q4_1 m=5120 n=1 k=17408: 1 x 124.48 us = 124.48 us (1431.98 GFLOPS/s)
Total time: 124.48 us.
----------------
Vulkan Timings:
MUL_MAT_VEC q4_1 m=5120 n=1 k=17408: 1 x 123.76 us = 123.76 us (1440.31 GFLOPS/s)
Total time: 123.76 us.
----------------
Vulkan Timings:
MUL_MAT_VEC q4_1 m=5120 n=1 k=17408: 1 x 123.4 us = 123.4 us (1444.51 GFLOPS/s)
Total time: 123.4 us.
----------------
Vulkan Timings:
MUL_MAT_VEC q4_1 m=5120 n=1 k=17408: 1 x 123.6 us = 123.6 us (1442.17 GFLOPS/s)
Total time: 123.6 us.
----------------
Vulkan Timings:
MUL_MAT_VEC q4_1 m=5120 n=1 k=17408: 1 x 123.32 us = 123.32 us (1445.45 GFLOPS/s)
Total time: 123.32 us.
----------------
Vulkan Timings:
MUL_MAT_VEC q4_1 m=5120 n=1 k=17408: 1 x 123.96 us = 123.96 us (1437.99 GFLOPS/s)
Total time: 123.96 us.
----------------
Vulkan Timings:
MUL_MAT_VEC q4_1 m=5120 n=1 k=17408: 1 x 123.6 us = 123.6 us (1442.17 GFLOPS/s)
Total time: 123.6 us.
----------------
Vulkan Timings:
MUL_MAT_VEC q4_1 m=5120 n=1 k=17408: 1 x 123.68 us = 123.68 us (1441.24 GFLOPS/s)
Total time: 123.68 us.
----------------
Vulkan Timings:
MUL_MAT_VEC q4_1 m=5120 n=1 k=17408: 1 x 123.96 us = 123.96 us (1437.99 GFLOPS/s)
Total time: 123.96 us.
----------------
Vulkan Timings:
MUL_MAT_VEC q4_1 m=5120 n=1 k=17408: 1 x 123.76 us = 123.76 us (1440.31 GFLOPS/s)
Total time: 123.76 us.
----------------
Vulkan Timings:
MUL_MAT_VEC q4_1 m=5120 n=1 k=17408: 1 x 123.6 us = 123.6 us (1442.17 GFLOPS/s)
Total time: 123.6 us.
----------------
Vulkan Timings:
MUL_MAT_VEC q4_1 m=5120 n=1 k=17408: 1 x 123.72 us = 123.72 us (1440.78 GFLOPS/s)
Total time: 123.72 us.
----------------
Vulkan Timings:
MUL_MAT_VEC q4_1 m=5120 n=1 k=17408: 1 x 123.8 us = 123.8 us (1439.84 GFLOPS/s)
Total time: 123.8 us.
----------------
Vulkan Timings:
MUL_MAT_VEC q4_1 m=5120 n=1 k=17408: 1 x 123.6 us = 123.6 us (1442.17 GFLOPS/s)
Total time: 123.6 us.
----------------
Vulkan Timings:
MUL_MAT_VEC q4_1 m=5120 n=1 k=17408: 1 x 123.52 us = 123.52 us (1443.11 GFLOPS/s)
Total time: 123.52 us.
----------------
Vulkan Timings:
MUL_MAT_VEC q4_1 m=5120 n=1 k=17408: 1 x 123.48 us = 123.48 us (1443.58 GFLOPS/s)
Total time: 123.48 us.
----------------
Vulkan Timings:
MUL_MAT_VEC q4_1 m=5120 n=1 k=17408: 1 x 124 us = 124 us (1437.52 GFLOPS/s)
Total time: 124 us.
----------------
Vulkan Timings:
MUL_MAT_VEC q4_1 m=5120 n=1 k=17408: 1 x 123.64 us = 123.64 us (1441.71 GFLOPS/s)
Total time: 123.64 us.
----------------
Vulkan Timings:
MUL_MAT_VEC q4_1 m=5120 n=1 k=17408: 1 x 123.48 us = 123.48 us (1443.58 GFLOPS/s)
Total time: 123.48 us.
----------------
Vulkan Timings:
MUL_MAT_VEC q4_1 m=5120 n=1 k=17408: 1 x 123.84 us = 123.84 us (1439.38 GFLOPS/s)
Total time: 123.84 us.
----------------
Vulkan Timings:
MUL_MAT_VEC q4_1 m=5120 n=1 k=17408: 1 x 123.72 us = 123.72 us (1440.78 GFLOPS/s)
Total time: 123.72 us.
----------------
Vulkan Timings:
MUL_MAT_VEC q4_1 m=5120 n=1 k=17408: 1 x 123.52 us = 123.52 us (1443.11 GFLOPS/s)
Total time: 123.52 us.
----------------
Vulkan Timings:
MUL_MAT_VEC q4_1 m=5120 n=1 k=17408: 1 x 123.4 us = 123.4 us (1444.51 GFLOPS/s)
Total time: 123.4 us.
----------------
Vulkan Timings:
MUL_MAT_VEC q4_1 m=5120 n=1 k=17408: 1 x 123.64 us = 123.64 us (1441.71 GFLOPS/s)
Total time: 123.64 us.
----------------
Vulkan Timings:
MUL_MAT_VEC q4_1 m=5120 n=1 k=17408: 1 x 123.72 us = 123.72 us (1440.78 GFLOPS/s)
Total time: 123.72 us.
----------------
Vulkan Timings:
MUL_MAT_VEC q4_1 m=5120 n=1 k=17408: 1 x 123.48 us = 123.48 us (1443.58 GFLOPS/s)
Total time: 123.48 us.
----------------
Vulkan Timings:
MUL_MAT_VEC q4_1 m=5120 n=1 k=17408: 1 x 123.68 us = 123.68 us (1441.24 GFLOPS/s)
Total time: 123.68 us.
----------------
Vulkan Timings:
MUL_MAT_VEC q4_1 m=5120 n=1 k=17408: 1 x 123.56 us = 123.56 us (1442.64 GFLOPS/s)
Total time: 123.56 us.
----------------
Vulkan Timings:
MUL_MAT_VEC q4_1 m=5120 n=1 k=17408: 1 x 123.64 us = 123.64 us (1441.71 GFLOPS/s)
Total time: 123.64 us.
----------------
Vulkan Timings:
MUL_MAT_VEC q4_1 m=5120 n=1 k=17408: 1 x 123.6 us = 123.6 us (1442.17 GFLOPS/s)
Total time: 123.6 us.
----------------
Vulkan Timings:
MUL_MAT_VEC q4_1 m=5120 n=1 k=17408: 1 x 123.48 us = 123.48 us (1443.58 GFLOPS/s)
Total time: 123.48 us.
----------------
Vulkan Timings:
MUL_MAT_VEC q4_1 m=5120 n=1 k=17408: 1 x 123.6 us = 123.6 us (1442.17 GFLOPS/s)
Total time: 123.6 us.
----------------
Vulkan Timings:
MUL_MAT_VEC q4_1 m=5120 n=1 k=17408: 1 x 123.64 us = 123.64 us (1441.71 GFLOPS/s)
Total time: 123.64 us.
----------------
Vulkan Timings:
MUL_MAT_VEC q4_1 m=5120 n=1 k=17408: 1 x 123.68 us = 123.68 us (1441.24 GFLOPS/s)
Total time: 123.68 us.
----------------
Vulkan Timings:
MUL_MAT_VEC q4_1 m=5120 n=1 k=17408: 1 x 123.32 us = 123.32 us (1445.45 GFLOPS/s)
Total time: 123.32 us.
----------------
Vulkan Timings:
MUL_MAT_VEC q4_1 m=5120 n=1 k=17408: 1 x 123.76 us = 123.76 us (1440.31 GFLOPS/s)
Total time: 123.76 us.
----------------
Vulkan Timings:
MUL_MAT_VEC q4_1 m=5120 n=1 k=17408: 1 x 123.56 us = 123.56 us (1442.64 GFLOPS/s)
Total time: 123.56 us.
----------------
Vulkan Timings:
MUL_MAT_VEC q4_1 m=5120 n=1 k=17408: 1 x 123.64 us = 123.64 us (1441.71 GFLOPS/s)
Total time: 123.64 us.
----------------
Vulkan Timings:
MUL_MAT_VEC q4_1 m=5120 n=1 k=17408: 1 x 123.52 us = 123.52 us (1443.11 GFLOPS/s)
Total time: 123.52 us.
----------------
Vulkan Timings:
MUL_MAT_VEC q4_1 m=5120 n=1 k=17408: 1 x 123.4 us = 123.4 us (1444.51 GFLOPS/s)
Total time: 123.4 us.
----------------
Vulkan Timings:
MUL_MAT_VEC q4_1 m=5120 n=1 k=17408: 1 x 123.76 us = 123.76 us (1440.31 GFLOPS/s)
Total time: 123.76 us.
----------------
Vulkan Timings:
MUL_MAT_VEC q4_1 m=5120 n=1 k=17408: 1 x 123.32 us = 123.32 us (1445.45 GFLOPS/s)
Total time: 123.32 us.
----------------
Vulkan Timings:
MUL_MAT_VEC q4_1 m=5120 n=1 k=17408: 1 x 123.56 us = 123.56 us (1442.64 GFLOPS/s)
Total time: 123.56 us.
----------------
Vulkan Timings:
MUL_MAT_VEC q4_1 m=5120 n=1 k=17408: 1 x 123.8 us = 123.8 us (1439.84 GFLOPS/s)
Total time: 123.8 us.
----------------
Vulkan Timings:
MUL_MAT_VEC q4_1 m=5120 n=1 k=17408: 1 x 123.36 us = 123.36 us (1444.98 GFLOPS/s)
Total time: 123.36 us.
----------------
Vulkan Timings:
MUL_MAT_VEC q4_1 m=5120 n=1 k=17408: 1 x 123.56 us = 123.56 us (1442.64 GFLOPS/s)
Total time: 123.56 us.
----------------
Vulkan Timings:
MUL_MAT_VEC q4_1 m=5120 n=1 k=17408: 1 x 123.56 us = 123.56 us (1442.64 GFLOPS/s)
Total time: 123.56 us.
----------------
Vulkan Timings:
MUL_MAT_VEC q4_1 m=5120 n=1 k=17408: 1 x 123.56 us = 123.56 us (1442.64 GFLOPS/s)
Total time: 123.56 us.
----------------
Vulkan Timings:
MUL_MAT_VEC q4_1 m=5120 n=1 k=17408: 1 x 123.72 us = 123.72 us (1440.78 GFLOPS/s)
Total time: 123.72 us.
----------------
Vulkan Timings:
MUL_MAT_VEC q4_1 m=5120 n=1 k=17408: 1 x 123.68 us = 123.68 us (1441.24 GFLOPS/s)
Total time: 123.68 us.
----------------
Vulkan Timings:
MUL_MAT_VEC q4_1 m=5120 n=1 k=17408: 1 x 123.76 us = 123.76 us (1440.31 GFLOPS/s)
Total time: 123.76 us.
----------------
Vulkan Timings:
MUL_MAT_VEC q4_1 m=5120 n=1 k=17408: 1 x 123.48 us = 123.48 us (1443.58 GFLOPS/s)
Total time: 123.48 us.
----------------
Vulkan Timings:
MUL_MAT_VEC q4_1 m=5120 n=1 k=17408: 1 x 123.28 us = 123.28 us (1445.92 GFLOPS/s)
Total time: 123.28 us.
----------------
Vulkan Timings:
MUL_MAT_VEC q4_1 m=5120 n=1 k=17408: 1 x 123.48 us = 123.48 us (1443.58 GFLOPS/s)
Total time: 123.48 us.
----------------
Vulkan Timings:
MUL_MAT_VEC q4_1 m=5120 n=1 k=17408: 1 x 123.52 us = 123.52 us (1443.11 GFLOPS/s)
Total time: 123.52 us.
----------------
Vulkan Timings:
MUL_MAT_VEC q4_1 m=5120 n=1 k=17408: 1 x 123.84 us = 123.84 us (1439.38 GFLOPS/s)
Total time: 123.84 us.
----------------
Vulkan Timings:
MUL_MAT_VEC q4_1 m=5120 n=1 k=17408: 1 x 118.32 us = 118.32 us (1506.53 GFLOPS/s)
Total time: 118.32 us.
----------------
Vulkan Timings:
MUL_MAT_VEC q4_1 m=5120 n=1 k=17408: 1 x 123.16 us = 123.16 us (1447.33 GFLOPS/s)
Total time: 123.16 us.
----------------
Vulkan Timings:
MUL_MAT_VEC q4_1 m=5120 n=1 k=17408: 1 x 123.56 us = 123.56 us (1442.64 GFLOPS/s)
Total time: 123.56 us.
----------------
Vulkan Timings:
MUL_MAT_VEC q4_1 m=5120 n=1 k=17408: 1 x 123.72 us = 123.72 us (1440.78 GFLOPS/s)
Total time: 123.72 us.
----------------
Vulkan Timings:
MUL_MAT_VEC q4_1 m=5120 n=1 k=17408: 1 x 123.6 us = 123.6 us (1442.17 GFLOPS/s)
Total time: 123.6 us.
----------------
Vulkan Timings:
MUL_MAT_VEC q4_1 m=5120 n=1 k=17408: 1 x 123.92 us = 123.92 us (1438.45 GFLOPS/s)
Total time: 123.92 us.
----------------
Vulkan Timings:
MUL_MAT_VEC q4_1 m=5120 n=1 k=17408: 1 x 123.48 us = 123.48 us (1443.58 GFLOPS/s)
Total time: 123.48 us.
----------------
Vulkan Timings:
MUL_MAT_VEC q4_1 m=5120 n=1 k=17408: 1 x 123.72 us = 123.72 us (1440.78 GFLOPS/s)
Total time: 123.72 us.
----------------
Vulkan Timings:
MUL_MAT_VEC q4_1 m=5120 n=1 k=17408: 1 x 123.68 us = 123.68 us (1441.24 GFLOPS/s)
Total time: 123.68 us.
----------------
Vulkan Timings:
MUL_MAT_VEC q4_1 m=5120 n=1 k=17408: 1 x 123.8 us = 123.8 us (1439.84 GFLOPS/s)
Total time: 123.8 us.
----------------
Vulkan Timings:
MUL_MAT_VEC q4_1 m=5120 n=1 k=17408: 1 x 123.4 us = 123.4 us (1444.51 GFLOPS/s)
Total time: 123.4 us.
----------------
Vulkan Timings:
MUL_MAT_VEC q4_1 m=5120 n=1 k=17408: 1 x 123.52 us = 123.52 us (1443.11 GFLOPS/s)
Total time: 123.52 us.
----------------
Vulkan Timings:
MUL_MAT_VEC q4_1 m=5120 n=1 k=17408: 1 x 123.56 us = 123.56 us (1442.64 GFLOPS/s)
Total time: 123.56 us.
----------------
Vulkan Timings:
MUL_MAT_VEC q4_1 m=5120 n=1 k=17408: 1 x 123.64 us = 123.64 us (1441.71 GFLOPS/s)
Total time: 123.64 us.
----------------
Vulkan Timings:
MUL_MAT_VEC q4_1 m=5120 n=1 k=17408: 1 x 123.6 us = 123.6 us (1442.17 GFLOPS/s)
Total time: 123.6 us.
----------------
Vulkan Timings:
MUL_MAT_VEC q4_1 m=5120 n=1 k=17408: 1 x 123.6 us = 123.6 us (1442.17 GFLOPS/s)
Total time: 123.6 us.
----------------
Vulkan Timings:
MUL_MAT_VEC q4_1 m=5120 n=1 k=17408: 1 x 123.68 us = 123.68 us (1441.24 GFLOPS/s)
Total time: 123.68 us.
----------------
Vulkan Timings:
MUL_MAT_VEC q4_1 m=5120 n=1 k=17408: 1 x 123.4 us = 123.4 us (1444.51 GFLOPS/s)
Total time: 123.4 us.
----------------
Vulkan Timings:
MUL_MAT_VEC q4_1 m=5120 n=1 k=17408: 1 x 123.48 us = 123.48 us (1443.58 GFLOPS/s)
Total time: 123.48 us.
----------------
Vulkan Timings:
MUL_MAT_VEC q4_1 m=5120 n=1 k=17408: 1 x 123.72 us = 123.72 us (1440.78 GFLOPS/s)
Total time: 123.72 us.
----------------
Vulkan Timings:
MUL_MAT_VEC q4_1 m=5120 n=1 k=17408: 1 x 123.72 us = 123.72 us (1440.78 GFLOPS/s)
Total time: 123.72 us.
----------------
Vulkan Timings:
MUL_MAT_VEC q4_1 m=5120 n=1 k=17408: 1 x 123.48 us = 123.48 us (1443.58 GFLOPS/s)
Total time: 123.48 us.
----------------
Vulkan Timings:
MUL_MAT_VEC q4_1 m=5120 n=1 k=17408: 1 x 123.56 us = 123.56 us (1442.64 GFLOPS/s)
Total time: 123.56 us.
----------------
Vulkan Timings:
MUL_MAT_VEC q4_1 m=5120 n=1 k=17408: 1 x 123.4 us = 123.4 us (1444.51 GFLOPS/s)
Total time: 123.4 us.
----------------
Vulkan Timings:
MUL_MAT_VEC q4_1 m=5120 n=1 k=17408: 1 x 123.84 us = 123.84 us (1439.38 GFLOPS/s)
Total time: 123.84 us.
----------------
Vulkan Timings:
MUL_MAT_VEC q4_1 m=5120 n=1 k=17408: 1 x 123.6 us = 123.6 us (1442.17 GFLOPS/s)
Total time: 123.6 us.
----------------
Vulkan Timings:
MUL_MAT_VEC q4_1 m=5120 n=1 k=17408: 1 x 123.88 us = 123.88 us (1438.92 GFLOPS/s)
Total time: 123.88 us.
----------------
Vulkan Timings:
MUL_MAT_VEC q4_1 m=5120 n=1 k=17408: 1 x 123.48 us = 123.48 us (1443.58 GFLOPS/s)
Total time: 123.48 us.
----------------
Vulkan Timings:
MUL_MAT_VEC q4_1 m=5120 n=1 k=17408: 1 x 123.64 us = 123.64 us (1441.71 GFLOPS/s)
Total time: 123.64 us.
----------------
Vulkan Timings:
MUL_MAT_VEC q4_1 m=5120 n=1 k=17408: 1 x 123.8 us = 123.8 us (1439.84 GFLOPS/s)
Total time: 123.8 us.
----------------
Vulkan Timings:
MUL_MAT_VEC q4_1 m=5120 n=1 k=17408: 1 x 123.56 us = 123.56 us (1442.64 GFLOPS/s)
Total time: 123.56 us.
----------------
Vulkan Timings:
MUL_MAT_VEC q4_1 m=5120 n=1 k=17408: 1 x 123.64 us = 123.64 us (1441.71 GFLOPS/s)
Total time: 123.64 us.
----------------
Vulkan Timings:
MUL_MAT_VEC q4_1 m=5120 n=1 k=17408: 1 x 123.76 us = 123.76 us (1440.31 GFLOPS/s)
Total time: 123.76 us.
----------------
Vulkan Timings:
MUL_MAT_VEC q4_1 m=5120 n=1 k=17408: 1 x 124 us = 124 us (1437.52 GFLOPS/s)
Total time: 124 us.
----------------
Vulkan Timings:
MUL_MAT_VEC q4_1 m=5120 n=1 k=17408: 1 x 123.52 us = 123.52 us (1443.11 GFLOPS/s)
Total time: 123.52 us.
----------------
Vulkan Timings:
MUL_MAT_VEC q4_1 m=5120 n=1 k=17408: 1 x 123.76 us = 123.76 us (1440.31 GFLOPS/s)
Total time: 123.76 us.
----------------
Vulkan Timings:
MUL_MAT_VEC q4_1 m=5120 n=1 k=17408: 1 x 123.64 us = 123.64 us (1441.71 GFLOPS/s)
Total time: 123.64 us.
----------------
Vulkan Timings:
MUL_MAT_VEC q4_1 m=5120 n=1 k=17408: 1 x 123.36 us = 123.36 us (1444.98 GFLOPS/s)
Total time: 123.36 us.
----------------
Vulkan Timings:
MUL_MAT_VEC q4_1 m=5120 n=1 k=17408: 1 x 123.44 us = 123.44 us (1444.04 GFLOPS/s)
Total time: 123.44 us.
----------------
Vulkan Timings:
MUL_MAT_VEC q4_1 m=5120 n=1 k=17408: 1 x 123.8 us = 123.8 us (1439.84 GFLOPS/s)
Total time: 123.8 us.
----------------
Vulkan Timings:
MUL_MAT_VEC q4_1 m=5120 n=1 k=17408: 1 x 123.32 us = 123.32 us (1445.45 GFLOPS/s)
Total time: 123.32 us.
----------------
Vulkan Timings:
MUL_MAT_VEC q4_1 m=5120 n=1 k=17408: 1 x 123.64 us = 123.64 us (1441.71 GFLOPS/s)
Total time: 123.64 us.
----------------
Vulkan Timings:
MUL_MAT_VEC q4_1 m=5120 n=1 k=17408: 1 x 123.64 us = 123.64 us (1441.71 GFLOPS/s)
Total time: 123.64 us.
----------------
Vulkan Timings:
MUL_MAT_VEC q4_1 m=5120 n=1 k=17408: 1 x 124 us = 124 us (1437.52 GFLOPS/s)
Total time: 124 us.
----------------
Vulkan Timings:
MUL_MAT_VEC q4_1 m=5120 n=1 k=17408: 1 x 123.44 us = 123.44 us (1444.04 GFLOPS/s)
Total time: 123.44 us.
----------------
Vulkan Timings:
MUL_MAT_VEC q4_1 m=5120 n=1 k=17408: 1 x 123.6 us = 123.6 us (1442.17 GFLOPS/s)
Total time: 123.6 us.
----------------
Vulkan Timings:
MUL_MAT_VEC q4_1 m=5120 n=1 k=17408: 1 x 123.28 us = 123.28 us (1445.92 GFLOPS/s)
Total time: 123.28 us.
----------------
Vulkan Timings:
MUL_MAT_VEC q4_1 m=5120 n=1 k=17408: 1 x 123.76 us = 123.76 us (1440.31 GFLOPS/s)
Total time: 123.76 us.
----------------
Vulkan Timings:
MUL_MAT_VEC q4_1 m=5120 n=1 k=17408: 1 x 123.48 us = 123.48 us (1443.58 GFLOPS/s)
Total time: 123.48 us.
----------------
Vulkan Timings:
MUL_MAT_VEC q4_1 m=5120 n=1 k=17408: 1 x 123.6 us = 123.6 us (1442.17 GFLOPS/s)
Total time: 123.6 us.
----------------
Vulkan Timings:
MUL_MAT_VEC q4_1 m=5120 n=1 k=17408: 1 x 123.4 us = 123.4 us (1444.51 GFLOPS/s)
Total time: 123.4 us.
----------------
Vulkan Timings:
MUL_MAT_VEC q4_1 m=5120 n=1 k=17408: 1 x 123.64 us = 123.64 us (1441.71 GFLOPS/s)
Total time: 123.64 us.
----------------
Vulkan Timings:
MUL_MAT_VEC q4_1 m=5120 n=1 k=17408: 1 x 123.68 us = 123.68 us (1441.24 GFLOPS/s)
Total time: 123.68 us.
----------------
Vulkan Timings:
MUL_MAT_VEC q4_1 m=5120 n=1 k=17408: 1 x 123.64 us = 123.64 us (1441.71 GFLOPS/s)
Total time: 123.64 us.
----------------
Vulkan Timings:
MUL_MAT_VEC q4_1 m=5120 n=1 k=17408: 1 x 123.68 us = 123.68 us (1441.24 GFLOPS/s)
Total time: 123.68 us.
----------------
Vulkan Timings:
MUL_MAT_VEC q4_1 m=5120 n=1 k=17408: 1 x 123.64 us = 123.64 us (1441.71 GFLOPS/s)
Total time: 123.64 us.
----------------
Vulkan Timings:
MUL_MAT_VEC q4_1 m=5120 n=1 k=17408: 1 x 123.56 us = 123.56 us (1442.64 GFLOPS/s)
Total time: 123.56 us.
----------------
Vulkan Timings:
MUL_MAT_VEC q4_1 m=5120 n=1 k=17408: 1 x 123.68 us = 123.68 us (1441.24 GFLOPS/s)
Total time: 123.68 us.
----------------
Vulkan Timings:
MUL_MAT_VEC q4_1 m=5120 n=1 k=17408: 1 x 123.76 us = 123.76 us (1440.31 GFLOPS/s)
Total time: 123.76 us.
----------------
Vulkan Timings:
MUL_MAT_VEC q4_1 m=5120 n=1 k=17408: 1 x 123.6 us = 123.6 us (1442.17 GFLOPS/s)
Total time: 123.6 us.
----------------
Vulkan Timings:
MUL_MAT_VEC q4_1 m=5120 n=1 k=17408: 1 x 123.68 us = 123.68 us (1441.24 GFLOPS/s)
Total time: 123.68 us.
----------------
Vulkan Timings:
MUL_MAT_VEC q4_1 m=5120 n=1 k=17408: 1 x 123.28 us = 123.28 us (1445.92 GFLOPS/s)
Total time: 123.28 us.
----------------
Vulkan Timings:
MUL_MAT_VEC q4_1 m=5120 n=1 k=17408: 1 x 118.52 us = 118.52 us (1503.99 GFLOPS/s)
Total time: 118.52 us.
----------------
Vulkan Timings:
MUL_MAT_VEC q4_1 m=5120 n=1 k=17408: 1 x 131.24 us = 131.24 us (1358.22 GFLOPS/s)
Total time: 131.24 us.
----------------
Vulkan Timings:
MUL_MAT_VEC q4_1 m=5120 n=1 k=17408: 1 x 119.36 us = 119.36 us (1493.4 GFLOPS/s)
Total time: 119.36 us.
----------------
Vulkan Timings:
MUL_MAT_VEC q4_1 m=5120 n=1 k=17408: 1 x 123.52 us = 123.52 us (1443.11 GFLOPS/s)
Total time: 123.52 us.
----------------
Vulkan Timings:
MUL_MAT_VEC q4_1 m=5120 n=1 k=17408: 1 x 123.48 us = 123.48 us (1443.58 GFLOPS/s)
Total time: 123.48 us.
----------------
Vulkan Timings:
MUL_MAT_VEC q4_1 m=5120 n=1 k=17408: 1 x 123.36 us = 123.36 us (1444.98 GFLOPS/s)
Total time: 123.36 us.
----------------
Vulkan Timings:
MUL_MAT_VEC q4_1 m=5120 n=1 k=17408: 1 x 123.72 us = 123.72 us (1440.78 GFLOPS/s)
Total time: 123.72 us.
----------------
Vulkan Timings:
MUL_MAT_VEC q4_1 m=5120 n=1 k=17408: 1 x 123.52 us = 123.52 us (1443.11 GFLOPS/s)
Total time: 123.52 us.
----------------
Vulkan Timings:
MUL_MAT_VEC q4_1 m=5120 n=1 k=17408: 1 x 123.24 us = 123.24 us (1446.39 GFLOPS/s)
Total time: 123.24 us.
----------------
Vulkan Timings:
MUL_MAT_VEC q4_1 m=5120 n=1 k=17408: 1 x 123.72 us = 123.72 us (1440.78 GFLOPS/s)
Total time: 123.72 us.
----------------
Vulkan Timings:
MUL_MAT_VEC q4_1 m=5120 n=1 k=17408: 1 x 123.6 us = 123.6 us (1442.17 GFLOPS/s)
Total time: 123.6 us.
----------------
Vulkan Timings:
MUL_MAT_VEC q4_1 m=5120 n=1 k=17408: 1 x 123.52 us = 123.52 us (1443.11 GFLOPS/s)
Total time: 123.52 us.
----------------
Vulkan Timings:
MUL_MAT_VEC q4_1 m=5120 n=1 k=17408: 1 x 123.68 us = 123.68 us (1441.24 GFLOPS/s)
Total time: 123.68 us.
----------------
Vulkan Timings:
MUL_MAT_VEC q4_1 m=5120 n=1 k=17408: 1 x 123.2 us = 123.2 us (1446.86 GFLOPS/s)
Total time: 123.2 us.
----------------
Vulkan Timings:
MUL_MAT_VEC q4_1 m=5120 n=1 k=17408: 1 x 123.48 us = 123.48 us (1443.58 GFLOPS/s)
Total time: 123.48 us.
----------------
Vulkan Timings:
MUL_MAT_VEC q4_1 m=5120 n=1 k=17408: 1 x 123.36 us = 123.36 us (1444.98 GFLOPS/s)
Total time: 123.36 us.
----------------
Vulkan Timings:
MUL_MAT_VEC q4_1 m=5120 n=1 k=17408: 1 x 123.4 us = 123.4 us (1444.51 GFLOPS/s)
Total time: 123.4 us.
----------------
Vulkan Timings:
MUL_MAT_VEC q4_1 m=5120 n=1 k=17408: 1 x 123.52 us = 123.52 us (1443.11 GFLOPS/s)
Total time: 123.52 us.
----------------
Vulkan Timings:
MUL_MAT_VEC q4_1 m=5120 n=1 k=17408: 1 x 123.44 us = 123.44 us (1444.04 GFLOPS/s)
Total time: 123.44 us.
----------------
Vulkan Timings:
MUL_MAT_VEC q4_1 m=5120 n=1 k=17408: 1 x 123.56 us = 123.56 us (1442.64 GFLOPS/s)
Total time: 123.56 us.
----------------
Vulkan Timings:
MUL_MAT_VEC q4_1 m=5120 n=1 k=17408: 1 x 123.68 us = 123.68 us (1441.24 GFLOPS/s)
Total time: 123.68 us.
----------------
Vulkan Timings:
MUL_MAT_VEC q4_1 m=5120 n=1 k=17408: 1 x 123.44 us = 123.44 us (1444.04 GFLOPS/s)
Total time: 123.44 us.
----------------
Vulkan Timings:
MUL_MAT_VEC q4_1 m=5120 n=1 k=17408: 1 x 123.4 us = 123.4 us (1444.51 GFLOPS/s)
Total time: 123.4 us.
----------------
Vulkan Timings:
MUL_MAT_VEC q4_1 m=5120 n=1 k=17408: 1 x 123.56 us = 123.56 us (1442.64 GFLOPS/s)
Total time: 123.56 us.
----------------
Vulkan Timings:
MUL_MAT_VEC q4_1 m=5120 n=1 k=17408: 1 x 123.36 us = 123.36 us (1444.98 GFLOPS/s)
Total time: 123.36 us.
----------------
Vulkan Timings:
MUL_MAT_VEC q4_1 m=5120 n=1 k=17408: 1 x 123.76 us = 123.76 us (1440.31 GFLOPS/s)
Total time: 123.76 us.
----------------
Vulkan Timings:
MUL_MAT_VEC q4_1 m=5120 n=1 k=17408: 1 x 123.32 us = 123.32 us (1445.45 GFLOPS/s)
Total time: 123.32 us.
----------------
Vulkan Timings:
MUL_MAT_VEC q4_1 m=5120 n=1 k=17408: 1 x 123.6 us = 123.6 us (1442.17 GFLOPS/s)
Total time: 123.6 us.
----------------
Vulkan Timings:
MUL_MAT_VEC q4_1 m=5120 n=1 k=17408: 1 x 123.72 us = 123.72 us (1440.78 GFLOPS/s)
Total time: 123.72 us.
----------------
Vulkan Timings:
MUL_MAT_VEC q4_1 m=5120 n=1 k=17408: 1 x 123.76 us = 123.76 us (1440.31 GFLOPS/s)
Total time: 123.76 us.
----------------
Vulkan Timings:
MUL_MAT_VEC q4_1 m=5120 n=1 k=17408: 1 x 123.36 us = 123.36 us (1444.98 GFLOPS/s)
Total time: 123.36 us.
----------------
Vulkan Timings:
MUL_MAT_VEC q4_1 m=5120 n=1 k=17408: 1 x 123.36 us = 123.36 us (1444.98 GFLOPS/s)
Total time: 123.36 us.
----------------
Vulkan Timings:
MUL_MAT_VEC q4_1 m=5120 n=1 k=17408: 1 x 123.52 us = 123.52 us (1443.11 GFLOPS/s)
Total time: 123.52 us.
----------------
Vulkan Timings:
MUL_MAT_VEC q4_1 m=5120 n=1 k=17408: 1 x 123.48 us = 123.48 us (1443.58 GFLOPS/s)
Total time: 123.48 us.
----------------
Vulkan Timings:
MUL_MAT_VEC q4_1 m=5120 n=1 k=17408: 1 x 123.4 us = 123.4 us (1444.51 GFLOPS/s)
Total time: 123.4 us.
----------------
Vulkan Timings:
MUL_MAT_VEC q4_1 m=5120 n=1 k=17408: 1 x 123.48 us = 123.48 us (1443.58 GFLOPS/s)
Total time: 123.48 us.
----------------
Vulkan Timings:
MUL_MAT_VEC q4_1 m=5120 n=1 k=17408: 1 x 123.36 us = 123.36 us (1444.98 GFLOPS/s)
Total time: 123.36 us.
----------------
Vulkan Timings:
MUL_MAT_VEC q4_1 m=5120 n=1 k=17408: 1 x 123.36 us = 123.36 us (1444.98 GFLOPS/s)
Total time: 123.36 us.
----------------
Vulkan Timings:
MUL_MAT_VEC q4_1 m=5120 n=1 k=17408: 1 x 123.32 us = 123.32 us (1445.45 GFLOPS/s)
Total time: 123.32 us.
----------------
Vulkan Timings:
MUL_MAT_VEC q4_1 m=5120 n=1 k=17408: 1 x 123.64 us = 123.64 us (1441.71 GFLOPS/s)
Total time: 123.64 us.
----------------
Vulkan Timings:
MUL_MAT_VEC q4_1 m=5120 n=1 k=17408: 1 x 123.44 us = 123.44 us (1444.04 GFLOPS/s)
Total time: 123.44 us.
----------------
Vulkan Timings:
MUL_MAT_VEC q4_1 m=5120 n=1 k=17408: 1 x 123.4 us = 123.4 us (1444.51 GFLOPS/s)
Total time: 123.4 us.
----------------
Vulkan Timings:
MUL_MAT_VEC q4_1 m=5120 n=1 k=17408: 1 x 123.48 us = 123.48 us (1443.58 GFLOPS/s)
Total time: 123.48 us.
----------------
Vulkan Timings:
MUL_MAT_VEC q4_1 m=5120 n=1 k=17408: 1 x 123.52 us = 123.52 us (1443.11 GFLOPS/s)
Total time: 123.52 us.
----------------
Vulkan Timings:
MUL_MAT_VEC q4_1 m=5120 n=1 k=17408: 1 x 123.44 us = 123.44 us (1444.04 GFLOPS/s)
Total time: 123.44 us.
----------------
Vulkan Timings:
MUL_MAT_VEC q4_1 m=5120 n=1 k=17408: 1 x 123.64 us = 123.64 us (1441.71 GFLOPS/s)
Total time: 123.64 us.
----------------
Vulkan Timings:
MUL_MAT_VEC q4_1 m=5120 n=1 k=17408: 1 x 123.32 us = 123.32 us (1445.45 GFLOPS/s)
Total time: 123.32 us.
----------------
Vulkan Timings:
MUL_MAT_VEC q4_1 m=5120 n=1 k=17408: 1 x 123.48 us = 123.48 us (1443.58 GFLOPS/s)
Total time: 123.48 us.
----------------
Vulkan Timings:
MUL_MAT_VEC q4_1 m=5120 n=1 k=17408: 1 x 123.6 us = 123.6 us (1442.17 GFLOPS/s)
Total time: 123.6 us.
----------------
Vulkan Timings:
MUL_MAT_VEC q4_1 m=5120 n=1 k=17408: 1 x 123.6 us = 123.6 us (1442.17 GFLOPS/s)
Total time: 123.6 us.
----------------
Vulkan Timings:
MUL_MAT_VEC q4_1 m=5120 n=1 k=17408: 1 x 123.24 us = 123.24 us (1446.39 GFLOPS/s)
Total time: 123.24 us.
----------------
Vulkan Timings:
MUL_MAT_VEC q4_1 m=5120 n=1 k=17408: 1 x 123.36 us = 123.36 us (1444.98 GFLOPS/s)
Total time: 123.36 us.
----------------
Vulkan Timings:
MUL_MAT_VEC q4_1 m=5120 n=1 k=17408: 1 x 123.64 us = 123.64 us (1441.71 GFLOPS/s)
Total time: 123.64 us.
----------------
Vulkan Timings:
MUL_MAT_VEC q4_1 m=5120 n=1 k=17408: 1 x 123.32 us = 123.32 us (1445.45 GFLOPS/s)
Total time: 123.32 us.
----------------
Vulkan Timings:
MUL_MAT_VEC q4_1 m=5120 n=1 k=17408: 1 x 123.44 us = 123.44 us (1444.04 GFLOPS/s)
Total time: 123.44 us.
----------------
Vulkan Timings:
MUL_MAT_VEC q4_1 m=5120 n=1 k=17408: 1 x 123.72 us = 123.72 us (1440.78 GFLOPS/s)
Total time: 123.72 us.
----------------
Vulkan Timings:
MUL_MAT_VEC q4_1 m=5120 n=1 k=17408: 1 x 123.36 us = 123.36 us (1444.98 GFLOPS/s)
Total time: 123.36 us.
----------------
Vulkan Timings:
MUL_MAT_VEC q4_1 m=5120 n=1 k=17408: 1 x 123.4 us = 123.4 us (1444.51 GFLOPS/s)
Total time: 123.4 us.
----------------
Vulkan Timings:
MUL_MAT_VEC q4_1 m=5120 n=1 k=17408: 1 x 123.76 us = 123.76 us (1440.31 GFLOPS/s)
Total time: 123.76 us.
----------------
Vulkan Timings:
MUL_MAT_VEC q4_1 m=5120 n=1 k=17408: 1 x 123.48 us = 123.48 us (1443.58 GFLOPS/s)
Total time: 123.48 us.
----------------
Vulkan Timings:
MUL_MAT_VEC q4_1 m=5120 n=1 k=17408: 1 x 123.6 us = 123.6 us (1442.17 GFLOPS/s)
Total time: 123.6 us.
----------------
Vulkan Timings:
MUL_MAT_VEC q4_1 m=5120 n=1 k=17408: 1 x 123.44 us = 123.44 us (1444.04 GFLOPS/s)
Total time: 123.44 us.
----------------
Vulkan Timings:
MUL_MAT_VEC q4_1 m=5120 n=1 k=17408: 1 x 123.6 us = 123.6 us (1442.17 GFLOPS/s)
Total time: 123.6 us.
----------------
Vulkan Timings:
MUL_MAT_VEC q4_1 m=5120 n=1 k=17408: 1 x 123.48 us = 123.48 us (1443.58 GFLOPS/s)
Total time: 123.48 us.
----------------
Vulkan Timings:
MUL_MAT_VEC q4_1 m=5120 n=1 k=17408: 1 x 123.44 us = 123.44 us (1444.04 GFLOPS/s)
Total time: 123.44 us.
----------------
Vulkan Timings:
MUL_MAT_VEC q4_1 m=5120 n=1 k=17408: 1 x 118.92 us = 118.92 us (1498.93 GFLOPS/s)
Total time: 118.92 us.
----------------
Vulkan Timings:
MUL_MAT_VEC q4_1 m=5120 n=1 k=17408: 1 x 126.76 us = 126.76 us (1406.22 GFLOPS/s)
Total time: 126.76 us.
----------------
Vulkan Timings:
MUL_MAT_VEC q4_1 m=5120 n=1 k=17408: 1 x 123.76 us = 123.76 us (1440.31 GFLOPS/s)
Total time: 123.76 us.
----------------
Vulkan Timings:
MUL_MAT_VEC q4_1 m=5120 n=1 k=17408: 1 x 123.24 us = 123.24 us (1446.39 GFLOPS/s)
Total time: 123.24 us.
----------------
Vulkan Timings:
MUL_MAT_VEC q4_1 m=5120 n=1 k=17408: 1 x 123.48 us = 123.48 us (1443.58 GFLOPS/s)
Total time: 123.48 us.
----------------
Vulkan Timings:
MUL_MAT_VEC q4_1 m=5120 n=1 k=17408: 1 x 123.24 us = 123.24 us (1446.39 GFLOPS/s)
Total time: 123.24 us.
----------------
Vulkan Timings:
MUL_MAT_VEC q4_1 m=5120 n=1 k=17408: 1 x 123.44 us = 123.44 us (1444.04 GFLOPS/s)
Total time: 123.44 us.
----------------
Vulkan Timings:
MUL_MAT_VEC q4_1 m=5120 n=1 k=17408: 1 x 123.4 us = 123.4 us (1444.51 GFLOPS/s)
Total time: 123.4 us.
----------------
Vulkan Timings:
MUL_MAT_VEC q4_1 m=5120 n=1 k=17408: 1 x 123.48 us = 123.48 us (1443.58 GFLOPS/s)
Total time: 123.48 us.
----------------
Vulkan Timings:
MUL_MAT_VEC q4_1 m=5120 n=1 k=17408: 1 x 123.52 us = 123.52 us (1443.11 GFLOPS/s)
Total time: 123.52 us.
----------------
Vulkan Timings:
MUL_MAT_VEC q4_1 m=5120 n=1 k=17408: 1 x 123.2 us = 123.2 us (1446.86 GFLOPS/s)
Total time: 123.2 us.
----------------
Vulkan Timings:
MUL_MAT_VEC q4_1 m=5120 n=1 k=17408: 1 x 123.16 us = 123.16 us (1447.33 GFLOPS/s)
Total time: 123.16 us.
----------------
Vulkan Timings:
MUL_MAT_VEC q4_1 m=5120 n=1 k=17408: 1 x 123.28 us = 123.28 us (1445.92 GFLOPS/s)
Total time: 123.28 us.
----------------
Vulkan Timings:
MUL_MAT_VEC q4_1 m=5120 n=1 k=17408: 1 x 123.32 us = 123.32 us (1445.45 GFLOPS/s)
Total time: 123.32 us.
----------------
Vulkan Timings:
MUL_MAT_VEC q4_1 m=5120 n=1 k=17408: 1 x 123.48 us = 123.48 us (1443.58 GFLOPS/s)
Total time: 123.48 us.
----------------
Vulkan Timings:
MUL_MAT_VEC q4_1 m=5120 n=1 k=17408: 1 x 123.2 us = 123.2 us (1446.86 GFLOPS/s)
Total time: 123.2 us.
----------------
Vulkan Timings:
MUL_MAT_VEC q4_1 m=5120 n=1 k=17408: 1 x 123.36 us = 123.36 us (1444.98 GFLOPS/s)
Total time: 123.36 us.
----------------
Vulkan Timings:
MUL_MAT_VEC q4_1 m=5120 n=1 k=17408: 1 x 123.36 us = 123.36 us (1444.98 GFLOPS/s)
Total time: 123.36 us.
----------------
Vulkan Timings:
MUL_MAT_VEC q4_1 m=5120 n=1 k=17408: 1 x 123.52 us = 123.52 us (1443.11 GFLOPS/s)
Total time: 123.52 us.
----------------
Vulkan Timings:
MUL_MAT_VEC q4_1 m=5120 n=1 k=17408: 1 x 123.52 us = 123.52 us (1443.11 GFLOPS/s)
Total time: 123.52 us.
----------------
Vulkan Timings:
MUL_MAT_VEC q4_1 m=5120 n=1 k=17408: 1 x 123.4 us = 123.4 us (1444.51 GFLOPS/s)
Total time: 123.4 us.
----------------
Vulkan Timings:
MUL_MAT_VEC q4_1 m=5120 n=1 k=17408: 1 x 123.32 us = 123.32 us (1445.45 GFLOPS/s)
Total time: 123.32 us.
----------------
Vulkan Timings:
MUL_MAT_VEC q4_1 m=5120 n=1 k=17408: 1 x 123.28 us = 123.28 us (1445.92 GFLOPS/s)
Total time: 123.28 us.
----------------
Vulkan Timings:
MUL_MAT_VEC q4_1 m=5120 n=1 k=17408: 1 x 123.52 us = 123.52 us (1443.11 GFLOPS/s)
Total time: 123.52 us.
----------------
Vulkan Timings:
MUL_MAT_VEC q4_1 m=5120 n=1 k=17408: 1 x 123.36 us = 123.36 us (1444.98 GFLOPS/s)
Total time: 123.36 us.
----------------
Vulkan Timings:
MUL_MAT_VEC q4_1 m=5120 n=1 k=17408: 1 x 123.32 us = 123.32 us (1445.45 GFLOPS/s)
Total time: 123.32 us.
----------------
Vulkan Timings:
MUL_MAT_VEC q4_1 m=5120 n=1 k=17408: 1 x 123.24 us = 123.24 us (1446.39 GFLOPS/s)
Total time: 123.24 us.
----------------
Vulkan Timings:
MUL_MAT_VEC q4_1 m=5120 n=1 k=17408: 1 x 123.36 us = 123.36 us (1444.98 GFLOPS/s)
Total time: 123.36 us.
----------------
Vulkan Timings:
MUL_MAT_VEC q4_1 m=5120 n=1 k=17408: 1 x 123.32 us = 123.32 us (1445.45 GFLOPS/s)
Total time: 123.32 us.
----------------
Vulkan Timings:
MUL_MAT_VEC q4_1 m=5120 n=1 k=17408: 1 x 123.4 us = 123.4 us (1444.51 GFLOPS/s)
Total time: 123.4 us.
----------------
Vulkan Timings:
MUL_MAT_VEC q4_1 m=5120 n=1 k=17408: 1 x 123.44 us = 123.44 us (1444.04 GFLOPS/s)
Total time: 123.44 us.
----------------
Vulkan Timings:
MUL_MAT_VEC q4_1 m=5120 n=1 k=17408: 1 x 123.4 us = 123.4 us (1444.51 GFLOPS/s)
Total time: 123.4 us.
----------------
Vulkan Timings:
MUL_MAT_VEC q4_1 m=5120 n=1 k=17408: 1 x 123.56 us = 123.56 us (1442.64 GFLOPS/s)
Total time: 123.56 us.
----------------
Vulkan Timings:
MUL_MAT_VEC q4_1 m=5120 n=1 k=17408: 1 x 123.32 us = 123.32 us (1445.45 GFLOPS/s)
Total time: 123.32 us.
----------------
Vulkan Timings:
MUL_MAT_VEC q4_1 m=5120 n=1 k=17408: 1 x 123.28 us = 123.28 us (1445.92 GFLOPS/s)
Total time: 123.28 us.
----------------
Vulkan Timings:
MUL_MAT_VEC q4_1 m=5120 n=1 k=17408: 1 x 123.08 us = 123.08 us (1448.27 GFLOPS/s)
Total time: 123.08 us.
----------------
Vulkan Timings:
MUL_MAT_VEC q4_1 m=5120 n=1 k=17408: 1 x 123.56 us = 123.56 us (1442.64 GFLOPS/s)
Total time: 123.56 us.
----------------
Vulkan Timings:
MUL_MAT_VEC q4_1 m=5120 n=1 k=17408: 1 x 123.4 us = 123.4 us (1444.51 GFLOPS/s)
Total time: 123.4 us.
----------------
Vulkan Timings:
MUL_MAT_VEC q4_1 m=5120 n=1 k=17408: 1 x 123.48 us = 123.48 us (1443.58 GFLOPS/s)
Total time: 123.48 us.
----------------
Vulkan Timings:
MUL_MAT_VEC q4_1 m=5120 n=1 k=17408: 1 x 123.56 us = 123.56 us (1442.64 GFLOPS/s)
Total time: 123.56 us.
----------------
Vulkan Timings:
MUL_MAT_VEC q4_1 m=5120 n=1 k=17408: 1 x 123.52 us = 123.52 us (1443.11 GFLOPS/s)
Total time: 123.52 us.
----------------
Vulkan Timings:
MUL_MAT_VEC q4_1 m=5120 n=1 k=17408: 1 x 123.52 us = 123.52 us (1443.11 GFLOPS/s)
Total time: 123.52 us.
----------------
Vulkan Timings:
MUL_MAT_VEC q4_1 m=5120 n=1 k=17408: 1 x 123.76 us = 123.76 us (1440.31 GFLOPS/s)
Total time: 123.76 us.
----------------
Vulkan Timings:
MUL_MAT_VEC q4_1 m=5120 n=1 k=17408: 1 x 123.32 us = 123.32 us (1445.45 GFLOPS/s)
Total time: 123.32 us.
----------------
Vulkan Timings:
MUL_MAT_VEC q4_1 m=5120 n=1 k=17408: 1 x 123.72 us = 123.72 us (1440.78 GFLOPS/s)
Total time: 123.72 us.
----------------
Vulkan Timings:
MUL_MAT_VEC q4_1 m=5120 n=1 k=17408: 1 x 123.6 us = 123.6 us (1442.17 GFLOPS/s)
Total time: 123.6 us.
----------------
Vulkan Timings:
MUL_MAT_VEC q4_1 m=5120 n=1 k=17408: 1 x 123.56 us = 123.56 us (1442.64 GFLOPS/s)
Total time: 123.56 us.
----------------
Vulkan Timings:
MUL_MAT_VEC q4_1 m=5120 n=1 k=17408: 1 x 123.44 us = 123.44 us (1444.04 GFLOPS/s)
Total time: 123.44 us.
----------------
Vulkan Timings:
MUL_MAT_VEC q4_1 m=5120 n=1 k=17408: 1 x 123.52 us = 123.52 us (1443.11 GFLOPS/s)
Total time: 123.52 us.
----------------
Vulkan Timings:
MUL_MAT_VEC q4_1 m=5120 n=1 k=17408: 1 x 123.56 us = 123.56 us (1442.64 GFLOPS/s)
Total time: 123.56 us.
----------------
Vulkan Timings:
MUL_MAT_VEC q4_1 m=5120 n=1 k=17408: 1 x 123.44 us = 123.44 us (1444.04 GFLOPS/s)
Total time: 123.44 us.
----------------
Vulkan Timings:
MUL_MAT_VEC q4_1 m=5120 n=1 k=17408: 1 x 123.44 us = 123.44 us (1444.04 GFLOPS/s)
Total time: 123.44 us.
----------------
Vulkan Timings:
MUL_MAT_VEC q4_1 m=5120 n=1 k=17408: 1 x 123.44 us = 123.44 us (1444.04 GFLOPS/s)
Total time: 123.44 us.
----------------
Vulkan Timings:
MUL_MAT_VEC q4_1 m=5120 n=1 k=17408: 1 x 123.44 us = 123.44 us (1444.04 GFLOPS/s)
Total time: 123.44 us.
----------------
Vulkan Timings:
MUL_MAT_VEC q4_1 m=5120 n=1 k=17408: 1 x 123.16 us = 123.16 us (1447.33 GFLOPS/s)
Total time: 123.16 us.
----------------
Vulkan Timings:
MUL_MAT_VEC q4_1 m=5120 n=1 k=17408: 1 x 123.48 us = 123.48 us (1443.58 GFLOPS/s)
Total time: 123.48 us.
----------------
Vulkan Timings:
MUL_MAT_VEC q4_1 m=5120 n=1 k=17408: 1 x 123.56 us = 123.56 us (1442.64 GFLOPS/s)
Total time: 123.56 us.
----------------
Vulkan Timings:
MUL_MAT_VEC q4_1 m=5120 n=1 k=17408: 1 x 123.32 us = 123.32 us (1445.45 GFLOPS/s)
Total time: 123.32 us.
----------------
Vulkan Timings:
MUL_MAT_VEC q4_1 m=5120 n=1 k=17408: 1 x 123.36 us = 123.36 us (1444.98 GFLOPS/s)
Total time: 123.36 us.
----------------
Vulkan Timings:
MUL_MAT_VEC q4_1 m=5120 n=1 k=17408: 1 x 123.16 us = 123.16 us (1447.33 GFLOPS/s)
Total time: 123.16 us.
----------------
Vulkan Timings:
MUL_MAT_VEC q4_1 m=5120 n=1 k=17408: 1 x 123.52 us = 123.52 us (1443.11 GFLOPS/s)
Total time: 123.52 us.
----------------
Vulkan Timings:
MUL_MAT_VEC q4_1 m=5120 n=1 k=17408: 1 x 123.16 us = 123.16 us (1447.33 GFLOPS/s)
Total time: 123.16 us.
----------------
Vulkan Timings:
MUL_MAT_VEC q4_1 m=5120 n=1 k=17408: 1 x 123.48 us = 123.48 us (1443.58 GFLOPS/s)
Total time: 123.48 us.
----------------
Vulkan Timings:
MUL_MAT_VEC q4_1 m=5120 n=1 k=17408: 1 x 123.32 us = 123.32 us (1445.45 GFLOPS/s)
Total time: 123.32 us.
----------------
Vulkan Timings:
MUL_MAT_VEC q4_1 m=5120 n=1 k=17408: 1 x 123.4 us = 123.4 us (1444.51 GFLOPS/s)
Total time: 123.4 us.
----------------
Vulkan Timings:
MUL_MAT_VEC q4_1 m=5120 n=1 k=17408: 1 x 131.48 us = 131.48 us (1355.74 GFLOPS/s)
Total time: 131.48 us.
----------------
Vulkan Timings:
MUL_MAT_VEC q4_1 m=5120 n=1 k=17408: 1 x 119.44 us = 119.44 us (1492.4 GFLOPS/s)
Total time: 119.44 us.
----------------
Vulkan Timings:
MUL_MAT_VEC q4_1 m=5120 n=1 k=17408: 1 x 123.48 us = 123.48 us (1443.58 GFLOPS/s)
Total time: 123.48 us.
----------------
Vulkan Timings:
MUL_MAT_VEC q4_1 m=5120 n=1 k=17408: 1 x 123.6 us = 123.6 us (1442.17 GFLOPS/s)
Total time: 123.6 us.
----------------
Vulkan Timings:
MUL_MAT_VEC q4_1 m=5120 n=1 k=17408: 1 x 123.44 us = 123.44 us (1444.04 GFLOPS/s)
Total time: 123.44 us.
----------------
Vulkan Timings:
MUL_MAT_VEC q4_1 m=5120 n=1 k=17408: 1 x 123.6 us = 123.6 us (1442.17 GFLOPS/s)
Total time: 123.6 us.
----------------
Vulkan Timings:
MUL_MAT_VEC q4_1 m=5120 n=1 k=17408: 1 x 123.56 us = 123.56 us (1442.64 GFLOPS/s)
Total time: 123.56 us.
----------------
Vulkan Timings:
MUL_MAT_VEC q4_1 m=5120 n=1 k=17408: 1 x 123.52 us = 123.52 us (1443.11 GFLOPS/s)
Total time: 123.52 us.
----------------
Vulkan Timings:
MUL_MAT_VEC q4_1 m=5120 n=1 k=17408: 1 x 123.32 us = 123.32 us (1445.45 GFLOPS/s)
Total time: 123.32 us.
----------------
Vulkan Timings:
MUL_MAT_VEC q4_1 m=5120 n=1 k=17408: 1 x 123.4 us = 123.4 us (1444.51 GFLOPS/s)
Total time: 123.4 us.
----------------
Vulkan Timings:
MUL_MAT_VEC q4_1 m=5120 n=1 k=17408: 1 x 123.36 us = 123.36 us (1444.98 GFLOPS/s)
Total time: 123.36 us.
----------------
Vulkan Timings:
MUL_MAT_VEC q4_1 m=5120 n=1 k=17408: 1 x 123.32 us = 123.32 us (1445.45 GFLOPS/s)
Total time: 123.32 us.
----------------
Vulkan Timings:
MUL_MAT_VEC q4_1 m=5120 n=1 k=17408: 1 x 123.32 us = 123.32 us (1445.45 GFLOPS/s)
Total time: 123.32 us.
----------------
Vulkan Timings:
MUL_MAT_VEC q4_1 m=5120 n=1 k=17408: 1 x 123.4 us = 123.4 us (1444.51 GFLOPS/s)
Total time: 123.4 us.
----------------
Vulkan Timings:
MUL_MAT_VEC q4_1 m=5120 n=1 k=17408: 1 x 123.44 us = 123.44 us (1444.04 GFLOPS/s)
Total time: 123.44 us.
----------------
Vulkan Timings:
MUL_MAT_VEC q4_1 m=5120 n=1 k=17408: 1 x 122.92 us = 122.92 us (1450.15 GFLOPS/s)
Total time: 122.92 us.
----------------
Vulkan Timings:
MUL_MAT_VEC q4_1 m=5120 n=1 k=17408: 1 x 123.32 us = 123.32 us (1445.45 GFLOPS/s)
Total time: 123.32 us.
----------------
Vulkan Timings:
MUL_MAT_VEC q4_1 m=5120 n=1 k=17408: 1 x 123.6 us = 123.6 us (1442.17 GFLOPS/s)
Total time: 123.6 us.
----------------
Vulkan Timings:
MUL_MAT_VEC q4_1 m=5120 n=1 k=17408: 1 x 123.48 us = 123.48 us (1443.58 GFLOPS/s)
Total time: 123.48 us.
----------------
Vulkan Timings:
MUL_MAT_VEC q4_1 m=5120 n=1 k=17408: 1 x 123.56 us = 123.56 us (1442.64 GFLOPS/s)
Total time: 123.56 us.
----------------
Vulkan Timings:
MUL_MAT_VEC q4_1 m=5120 n=1 k=17408: 1 x 123.52 us = 123.52 us (1443.11 GFLOPS/s)
Total time: 123.52 us.
----------------
Vulkan Timings:
MUL_MAT_VEC q4_1 m=5120 n=1 k=17408: 1 x 123.44 us = 123.44 us (1444.04 GFLOPS/s)
Total time: 123.44 us.
----------------
Vulkan Timings:
MUL_MAT_VEC q4_1 m=5120 n=1 k=17408: 1 x 123.16 us = 123.16 us (1447.33 GFLOPS/s)
Total time: 123.16 us.
----------------
Vulkan Timings:
MUL_MAT_VEC q4_1 m=5120 n=1 k=17408: 1 x 123.32 us = 123.32 us (1445.45 GFLOPS/s)
Total time: 123.32 us.
----------------
Vulkan Timings:
MUL_MAT_VEC q4_1 m=5120 n=1 k=17408: 1 x 123.2 us = 123.2 us (1446.86 GFLOPS/s)
Total time: 123.2 us.
----------------
Vulkan Timings:
MUL_MAT_VEC q4_1 m=5120 n=1 k=17408: 1 x 123.4 us = 123.4 us (1444.51 GFLOPS/s)
Total time: 123.4 us.
----------------
Vulkan Timings:
MUL_MAT_VEC q4_1 m=5120 n=1 k=17408: 1 x 123.44 us = 123.44 us (1444.04 GFLOPS/s)
Total time: 123.44 us.
----------------
Vulkan Timings:
MUL_MAT_VEC q4_1 m=5120 n=1 k=17408: 1 x 123.36 us = 123.36 us (1444.98 GFLOPS/s)
Total time: 123.36 us.
----------------
Vulkan Timings:
MUL_MAT_VEC q4_1 m=5120 n=1 k=17408: 1 x 122.96 us = 122.96 us (1449.68 GFLOPS/s)
Total time: 122.96 us.
----------------
Vulkan Timings:
MUL_MAT_VEC q4_1 m=5120 n=1 k=17408: 1 x 123.56 us = 123.56 us (1442.64 GFLOPS/s)
Total time: 123.56 us.
----------------
Vulkan Timings:
MUL_MAT_VEC q4_1 m=5120 n=1 k=17408: 1 x 123.56 us = 123.56 us (1442.64 GFLOPS/s)
Total time: 123.56 us.
----------------
Vulkan Timings:
MUL_MAT_VEC q4_1 m=5120 n=1 k=17408: 1 x 123.28 us = 123.28 us (1445.92 GFLOPS/s)
Total time: 123.28 us.
----------------
Vulkan Timings:
MUL_MAT_VEC q4_1 m=5120 n=1 k=17408: 1 x 123.32 us = 123.32 us (1445.45 GFLOPS/s)
Total time: 123.32 us.
----------------
Vulkan Timings:
MUL_MAT_VEC q4_1 m=5120 n=1 k=17408: 1 x 123.44 us = 123.44 us (1444.04 GFLOPS/s)
Total time: 123.44 us.
----------------
Vulkan Timings:
MUL_MAT_VEC q4_1 m=5120 n=1 k=17408: 1 x 123.36 us = 123.36 us (1444.98 GFLOPS/s)
Total time: 123.36 us.
----------------
Vulkan Timings:
MUL_MAT_VEC q4_1 m=5120 n=1 k=17408: 1 x 123.44 us = 123.44 us (1444.04 GFLOPS/s)
Total time: 123.44 us.
----------------
Vulkan Timings:
MUL_MAT_VEC q4_1 m=5120 n=1 k=17408: 1 x 123.36 us = 123.36 us (1444.98 GFLOPS/s)
Total time: 123.36 us.
----------------
Vulkan Timings:
MUL_MAT_VEC q4_1 m=5120 n=1 k=17408: 1 x 123.36 us = 123.36 us (1444.98 GFLOPS/s)
Total time: 123.36 us.
----------------
Vulkan Timings:
MUL_MAT_VEC q4_1 m=5120 n=1 k=17408: 1 x 123.36 us = 123.36 us (1444.98 GFLOPS/s)
Total time: 123.36 us.
----------------
Vulkan Timings:
MUL_MAT_VEC q4_1 m=5120 n=1 k=17408: 1 x 123.36 us = 123.36 us (1444.98 GFLOPS/s)
Total time: 123.36 us.
----------------
Vulkan Timings:
MUL_MAT_VEC q4_1 m=5120 n=1 k=17408: 1 x 123.16 us = 123.16 us (1447.33 GFLOPS/s)
Total time: 123.16 us.
----------------
Vulkan Timings:
MUL_MAT_VEC q4_1 m=5120 n=1 k=17408: 1 x 123.44 us = 123.44 us (1444.04 GFLOPS/s)
Total time: 123.44 us.
----------------
Vulkan Timings:
MUL_MAT_VEC q4_1 m=5120 n=1 k=17408: 1 x 123.52 us = 123.52 us (1443.11 GFLOPS/s)
Total time: 123.52 us.
----------------
Vulkan Timings:
MUL_MAT_VEC q4_1 m=5120 n=1 k=17408: 1 x 123.32 us = 123.32 us (1445.45 GFLOPS/s)
Total time: 123.32 us.
----------------
Vulkan Timings:
MUL_MAT_VEC q4_1 m=5120 n=1 k=17408: 1 x 123.2 us = 123.2 us (1446.86 GFLOPS/s)
Total time: 123.2 us.
----------------
Vulkan Timings:
MUL_MAT_VEC q4_1 m=5120 n=1 k=17408: 1 x 123.48 us = 123.48 us (1443.58 GFLOPS/s)
Total time: 123.48 us.
----------------
Vulkan Timings:
MUL_MAT_VEC q4_1 m=5120 n=1 k=17408: 1 x 123.48 us = 123.48 us (1443.58 GFLOPS/s)
Total time: 123.48 us.
----------------
Vulkan Timings:
MUL_MAT_VEC q4_1 m=5120 n=1 k=17408: 1 x 123.24 us = 123.24 us (1446.39 GFLOPS/s)
Total time: 123.24 us.
----------------
Vulkan Timings:
MUL_MAT_VEC q4_1 m=5120 n=1 k=17408: 1 x 123.16 us = 123.16 us (1447.33 GFLOPS/s)
Total time: 123.16 us.
----------------
Vulkan Timings:
MUL_MAT_VEC q4_1 m=5120 n=1 k=17408: 1 x 123.2 us = 123.2 us (1446.86 GFLOPS/s)
Total time: 123.2 us.
----------------
Vulkan Timings:
MUL_MAT_VEC q4_1 m=5120 n=1 k=17408: 1 x 123.28 us = 123.28 us (1445.92 GFLOPS/s)
Total time: 123.28 us.
----------------
Vulkan Timings:
MUL_MAT_VEC q4_1 m=5120 n=1 k=17408: 1 x 123.24 us = 123.24 us (1446.39 GFLOPS/s)
Total time: 123.24 us.
----------------
Vulkan Timings:
MUL_MAT_VEC q4_1 m=5120 n=1 k=17408: 1 x 123.36 us = 123.36 us (1444.98 GFLOPS/s)
Total time: 123.36 us.
----------------
Vulkan Timings:
MUL_MAT_VEC q4_1 m=5120 n=1 k=17408: 1 x 123.36 us = 123.36 us (1444.98 GFLOPS/s)
Total time: 123.36 us.
----------------
Vulkan Timings:
MUL_MAT_VEC q4_1 m=5120 n=1 k=17408: 1 x 123.52 us = 123.52 us (1443.11 GFLOPS/s)
Total time: 123.52 us.
----------------
Vulkan Timings:
MUL_MAT_VEC q4_1 m=5120 n=1 k=17408: 1 x 123.2 us = 123.2 us (1446.86 GFLOPS/s)
Total time: 123.2 us.
----------------
Vulkan Timings:
MUL_MAT_VEC q4_1 m=5120 n=1 k=17408: 1 x 123.24 us = 123.24 us (1446.39 GFLOPS/s)
Total time: 123.24 us.
----------------
Vulkan Timings:
MUL_MAT_VEC q4_1 m=5120 n=1 k=17408: 1 x 123.2 us = 123.2 us (1446.86 GFLOPS/s)
Total time: 123.2 us.
----------------
Vulkan Timings:
MUL_MAT_VEC q4_1 m=5120 n=1 k=17408: 1 x 123.52 us = 123.52 us (1443.11 GFLOPS/s)
Total time: 123.52 us.
----------------
Vulkan Timings:
MUL_MAT_VEC q4_1 m=5120 n=1 k=17408: 1 x 123.24 us = 123.24 us (1446.39 GFLOPS/s)
Total time: 123.24 us.
----------------
Vulkan Timings:
MUL_MAT_VEC q4_1 m=5120 n=1 k=17408: 1 x 123.08 us = 123.08 us (1448.27 GFLOPS/s)
Total time: 123.08 us.
----------------
Vulkan Timings:
MUL_MAT_VEC q4_1 m=5120 n=1 k=17408: 1 x 123.28 us = 123.28 us (1445.92 GFLOPS/s)
Total time: 123.28 us.
----------------
Vulkan Timings:
MUL_MAT_VEC q4_1 m=5120 n=1 k=17408: 1 x 123.24 us = 123.24 us (1446.39 GFLOPS/s)
Total time: 123.24 us.
----------------
Vulkan Timings:
MUL_MAT_VEC q4_1 m=5120 n=1 k=17408: 1 x 123.28 us = 123.28 us (1445.92 GFLOPS/s)
Total time: 123.28 us.
----------------
Vulkan Timings:
MUL_MAT_VEC q4_1 m=5120 n=1 k=17408: 1 x 123.16 us = 123.16 us (1447.33 GFLOPS/s)
Total time: 123.16 us.
----------------
Vulkan Timings:
MUL_MAT_VEC q4_1 m=5120 n=1 k=17408: 1 x 137.28 us = 137.28 us (1298.46 GFLOPS/s)
Total time: 137.28 us.
----------------
Vulkan Timings:
MUL_MAT_VEC q4_1 m=5120 n=1 k=17408: 1 x 118.32 us = 118.32 us (1506.53 GFLOPS/s)
Total time: 118.32 us.
----------------
Vulkan Timings:
MUL_MAT_VEC q4_1 m=5120 n=1 k=17408: 1 x 123.24 us = 123.24 us (1446.39 GFLOPS/s)
Total time: 123.24 us.
----------------
Vulkan Timings:
MUL_MAT_VEC q4_1 m=5120 n=1 k=17408: 1 x 123.16 us = 123.16 us (1447.33 GFLOPS/s)
Total time: 123.16 us.
----------------
Vulkan Timings:
MUL_MAT_VEC q4_1 m=5120 n=1 k=17408: 1 x 123.44 us = 123.44 us (1444.04 GFLOPS/s)
Total time: 123.44 us.
----------------
Vulkan Timings:
MUL_MAT_VEC q4_1 m=5120 n=1 k=17408: 1 x 123.24 us = 123.24 us (1446.39 GFLOPS/s)
Total time: 123.24 us.
----------------
Vulkan Timings:
MUL_MAT_VEC q4_1 m=5120 n=1 k=17408: 1 x 122.92 us = 122.92 us (1450.15 GFLOPS/s)
Total time: 122.92 us.
----------------
Vulkan Timings:
MUL_MAT_VEC q4_1 m=5120 n=1 k=17408: 1 x 123.28 us = 123.28 us (1445.92 GFLOPS/s)
Total time: 123.28 us.
----------------
Vulkan Timings:
MUL_MAT_VEC q4_1 m=5120 n=1 k=17408: 1 x 123.28 us = 123.28 us (1445.92 GFLOPS/s)
Total time: 123.28 us.
----------------
Vulkan Timings:
MUL_MAT_VEC q4_1 m=5120 n=1 k=17408: 1 x 123.24 us = 123.24 us (1446.39 GFLOPS/s)
Total time: 123.24 us.
----------------
Vulkan Timings:
MUL_MAT_VEC q4_1 m=5120 n=1 k=17408: 1 x 123.16 us = 123.16 us (1447.33 GFLOPS/s)
Total time: 123.16 us.
----------------
Vulkan Timings:
MUL_MAT_VEC q4_1 m=5120 n=1 k=17408: 1 x 123.28 us = 123.28 us (1445.92 GFLOPS/s)
Total time: 123.28 us.
----------------
Vulkan Timings:
MUL_MAT_VEC q4_1 m=5120 n=1 k=17408: 1 x 123.24 us = 123.24 us (1446.39 GFLOPS/s)
Total time: 123.24 us.
----------------
Vulkan Timings:
MUL_MAT_VEC q4_1 m=5120 n=1 k=17408: 1 x 123.2 us = 123.2 us (1446.86 GFLOPS/s)
Total time: 123.2 us.
----------------
Vulkan Timings:
MUL_MAT_VEC q4_1 m=5120 n=1 k=17408: 1 x 123.28 us = 123.28 us (1445.92 GFLOPS/s)
Total time: 123.28 us.
----------------
Vulkan Timings:
MUL_MAT_VEC q4_1 m=5120 n=1 k=17408: 1 x 123.28 us = 123.28 us (1445.92 GFLOPS/s)
Total time: 123.28 us.
----------------
Vulkan Timings:
MUL_MAT_VEC q4_1 m=5120 n=1 k=17408: 1 x 123.2 us = 123.2 us (1446.86 GFLOPS/s)
Total time: 123.2 us.
----------------
Vulkan Timings:
MUL_MAT_VEC q4_1 m=5120 n=1 k=17408: 1 x 123.16 us = 123.16 us (1447.33 GFLOPS/s)
Total time: 123.16 us.
----------------
Vulkan Timings:
MUL_MAT_VEC q4_1 m=5120 n=1 k=17408: 1 x 123.28 us = 123.28 us (1445.92 GFLOPS/s)
Total time: 123.28 us.
----------------
Vulkan Timings:
MUL_MAT_VEC q4_1 m=5120 n=1 k=17408: 1 x 123.4 us = 123.4 us (1444.51 GFLOPS/s)
Total time: 123.4 us.
----------------
Vulkan Timings:
MUL_MAT_VEC q4_1 m=5120 n=1 k=17408: 1 x 123.16 us = 123.16 us (1447.33 GFLOPS/s)
Total time: 123.16 us.
----------------
Vulkan Timings:
MUL_MAT_VEC q4_1 m=5120 n=1 k=17408: 1 x 123.6 us = 123.6 us (1442.17 GFLOPS/s)
Total time: 123.6 us.
----------------
Vulkan Timings:
MUL_MAT_VEC q4_1 m=5120 n=1 k=17408: 1 x 123.48 us = 123.48 us (1443.58 GFLOPS/s)
Total time: 123.48 us.
----------------
Vulkan Timings:
MUL_MAT_VEC q4_1 m=5120 n=1 k=17408: 1 x 123.36 us = 123.36 us (1444.98 GFLOPS/s)
Total time: 123.36 us.
----------------
Vulkan Timings:
MUL_MAT_VEC q4_1 m=5120 n=1 k=17408: 1 x 123.16 us = 123.16 us (1447.33 GFLOPS/s)
Total time: 123.16 us.
----------------
Vulkan Timings:
MUL_MAT_VEC q4_1 m=5120 n=1 k=17408: 1 x 123.24 us = 123.24 us (1446.39 GFLOPS/s)
Total time: 123.24 us.
----------------
Vulkan Timings:
MUL_MAT_VEC q4_1 m=5120 n=1 k=17408: 1 x 123.32 us = 123.32 us (1445.45 GFLOPS/s)
Total time: 123.32 us.
----------------
Vulkan Timings:
MUL_MAT_VEC q4_1 m=5120 n=1 k=17408: 1 x 122.92 us = 122.92 us (1450.15 GFLOPS/s)
Total time: 122.92 us.
----------------
Vulkan Timings:
MUL_MAT_VEC q4_1 m=5120 n=1 k=17408: 1 x 123.28 us = 123.28 us (1445.92 GFLOPS/s)
Total time: 123.28 us.
----------------
Vulkan Timings:
MUL_MAT_VEC q4_1 m=5120 n=1 k=17408: 1 x 123.24 us = 123.24 us (1446.39 GFLOPS/s)
Total time: 123.24 us.
----------------
Vulkan Timings:
MUL_MAT_VEC q4_1 m=5120 n=1 k=17408: 1 x 123.4 us = 123.4 us (1444.51 GFLOPS/s)
Total time: 123.4 us.
----------------
Vulkan Timings:
MUL_MAT_VEC q4_1 m=5120 n=1 k=17408: 1 x 123.32 us = 123.32 us (1445.45 GFLOPS/s)
Total time: 123.32 us.
----------------
Vulkan Timings:
MUL_MAT_VEC q4_1 m=5120 n=1 k=17408: 1 x 122.88 us = 122.88 us (1450.62 GFLOPS/s)
Total time: 122.88 us.
----------------
Vulkan Timings:
MUL_MAT_VEC q4_1 m=5120 n=1 k=17408: 1 x 123.36 us = 123.36 us (1444.98 GFLOPS/s)
Total time: 123.36 us.
----------------
Vulkan Timings:
MUL_MAT_VEC q4_1 m=5120 n=1 k=17408: 1 x 123.48 us = 123.48 us (1443.58 GFLOPS/s)
Total time: 123.48 us.
----------------
Vulkan Timings:
MUL_MAT_VEC q4_1 m=5120 n=1 k=17408: 1 x 123.12 us = 123.12 us (1447.8 GFLOPS/s)
Total time: 123.12 us.
----------------
Vulkan Timings:
MUL_MAT_VEC q4_1 m=5120 n=1 k=17408: 1 x 122.84 us = 122.84 us (1451.1 GFLOPS/s)
Total time: 122.84 us.
----------------
Vulkan Timings:
MUL_MAT_VEC q4_1 m=5120 n=1 k=17408: 1 x 123.48 us = 123.48 us (1443.58 GFLOPS/s)
Total time: 123.48 us.
----------------
Vulkan Timings:
MUL_MAT_VEC q4_1 m=5120 n=1 k=17408: 1 x 122.8 us = 122.8 us (1451.57 GFLOPS/s)
Total time: 122.8 us.
----------------
Vulkan Timings:
MUL_MAT_VEC q4_1 m=5120 n=1 k=17408: 1 x 123.2 us = 123.2 us (1446.86 GFLOPS/s)
Total time: 123.2 us.
----------------
Vulkan Timings:
MUL_MAT_VEC q4_1 m=5120 n=1 k=17408: 1 x 123.28 us = 123.28 us (1445.92 GFLOPS/s)
Total time: 123.28 us.
----------------
Vulkan Timings:
MUL_MAT_VEC q4_1 m=5120 n=1 k=17408: 1 x 123.32 us = 123.32 us (1445.45 GFLOPS/s)
Total time: 123.32 us.
----------------
Vulkan Timings:
MUL_MAT_VEC q4_1 m=5120 n=1 k=17408: 1 x 123.24 us = 123.24 us (1446.39 GFLOPS/s)
Total time: 123.24 us.
----------------
Vulkan Timings:
MUL_MAT_VEC q4_1 m=5120 n=1 k=17408: 1 x 123.32 us = 123.32 us (1445.45 GFLOPS/s)
Total time: 123.32 us.
----------------
Vulkan Timings:
MUL_MAT_VEC q4_1 m=5120 n=1 k=17408: 1 x 123.2 us = 123.2 us (1446.86 GFLOPS/s)
Total time: 123.2 us.
----------------
Vulkan Timings:
MUL_MAT_VEC q4_1 m=5120 n=1 k=17408: 1 x 123.4 us = 123.4 us (1444.51 GFLOPS/s)
Total time: 123.4 us.
----------------
Vulkan Timings:
MUL_MAT_VEC q4_1 m=5120 n=1 k=17408: 1 x 123.4 us = 123.4 us (1444.51 GFLOPS/s)
Total time: 123.4 us.
----------------
Vulkan Timings:
MUL_MAT_VEC q4_1 m=5120 n=1 k=17408: 1 x 123.4 us = 123.4 us (1444.51 GFLOPS/s)
Total time: 123.4 us.
----------------
Vulkan Timings:
MUL_MAT_VEC q4_1 m=5120 n=1 k=17408: 1 x 123.28 us = 123.28 us (1445.92 GFLOPS/s)
Total time: 123.28 us.
----------------
Vulkan Timings:
MUL_MAT_VEC q4_1 m=5120 n=1 k=17408: 1 x 123.56 us = 123.56 us (1442.64 GFLOPS/s)
Total time: 123.56 us.
----------------
Vulkan Timings:
MUL_MAT_VEC q4_1 m=5120 n=1 k=17408: 1 x 123.04 us = 123.04 us (1448.74 GFLOPS/s)
Total time: 123.04 us.
----------------
Vulkan Timings:
MUL_MAT_VEC q4_1 m=5120 n=1 k=17408: 1 x 123.32 us = 123.32 us (1445.45 GFLOPS/s)
Total time: 123.32 us.
----------------
Vulkan Timings:
MUL_MAT_VEC q4_1 m=5120 n=1 k=17408: 1 x 123.4 us = 123.4 us (1444.51 GFLOPS/s)
Total time: 123.4 us.
----------------
Vulkan Timings:
MUL_MAT_VEC q4_1 m=5120 n=1 k=17408: 1 x 123.24 us = 123.24 us (1446.39 GFLOPS/s)
Total time: 123.24 us.
----------------
Vulkan Timings:
MUL_MAT_VEC q4_1 m=5120 n=1 k=17408: 1 x 123.2 us = 123.2 us (1446.86 GFLOPS/s)
Total time: 123.2 us.
----------------
Vulkan Timings:
MUL_MAT_VEC q4_1 m=5120 n=1 k=17408: 1 x 123.56 us = 123.56 us (1442.64 GFLOPS/s)
Total time: 123.56 us.
----------------
Vulkan Timings:
MUL_MAT_VEC q4_1 m=5120 n=1 k=17408: 1 x 123.32 us = 123.32 us (1445.45 GFLOPS/s)
Total time: 123.32 us.
----------------
Vulkan Timings:
MUL_MAT_VEC q4_1 m=5120 n=1 k=17408: 1 x 123.48 us = 123.48 us (1443.58 GFLOPS/s)
Total time: 123.48 us.
----------------
Vulkan Timings:
MUL_MAT_VEC q4_1 m=5120 n=1 k=17408: 1 x 123.6 us = 123.6 us (1442.17 GFLOPS/s)
Total time: 123.6 us.
----------------
Vulkan Timings:
MUL_MAT_VEC q4_1 m=5120 n=1 k=17408: 1 x 123.32 us = 123.32 us (1445.45 GFLOPS/s)
Total time: 123.32 us.
----------------
Vulkan Timings:
MUL_MAT_VEC q4_1 m=5120 n=1 k=17408: 1 x 123.32 us = 123.32 us (1445.45 GFLOPS/s)
Total time: 123.32 us.
----------------
Vulkan Timings:
MUL_MAT_VEC q4_1 m=5120 n=1 k=17408: 1 x 123.56 us = 123.56 us (1442.64 GFLOPS/s)
Total time: 123.56 us.
----------------
Vulkan Timings:
MUL_MAT_VEC q4_1 m=5120 n=1 k=17408: 1 x 123.36 us = 123.36 us (1444.98 GFLOPS/s)
Total time: 123.36 us.
----------------
Vulkan Timings:
MUL_MAT_VEC q4_1 m=5120 n=1 k=17408: 1 x 123.08 us = 123.08 us (1448.27 GFLOPS/s)
Total time: 123.08 us.
----------------
Vulkan Timings:
MUL_MAT_VEC q4_1 m=5120 n=1 k=17408: 1 x 118.4 us = 118.4 us (1505.51 GFLOPS/s)
Total time: 118.4 us.
----------------
Vulkan Timings:
MUL_MAT_VEC q4_1 m=5120 n=1 k=17408: 1 x 126.36 us = 126.36 us (1410.67 GFLOPS/s)
Total time: 126.36 us.
----------------
Vulkan Timings:
MUL_MAT_VEC q4_1 m=5120 n=1 k=17408: 1 x 123.68 us = 123.68 us (1441.24 GFLOPS/s)
Total time: 123.68 us.
----------------
Vulkan Timings:
MUL_MAT_VEC q4_1 m=5120 n=1 k=17408: 1 x 123.2 us = 123.2 us (1446.86 GFLOPS/s)
Total time: 123.2 us.
----------------
Vulkan Timings:
MUL_MAT_VEC q4_1 m=5120 n=1 k=17408: 1 x 122.6 us = 122.6 us (1453.94 GFLOPS/s)
Total time: 122.6 us.
----------------
Vulkan Timings:
MUL_MAT_VEC q4_1 m=5120 n=1 k=17408: 1 x 123.4 us = 123.4 us (1444.51 GFLOPS/s)
Total time: 123.4 us.
----------------
Vulkan Timings:
MUL_MAT_VEC q4_1 m=5120 n=1 k=17408: 1 x 123.28 us = 123.28 us (1445.92 GFLOPS/s)
Total time: 123.28 us.
----------------
Vulkan Timings:
MUL_MAT_VEC q4_1 m=5120 n=1 k=17408: 1 x 123.04 us = 123.04 us (1448.74 GFLOPS/s)
Total time: 123.04 us.
----------------
Vulkan Timings:
MUL_MAT_VEC q4_1 m=5120 n=1 k=17408: 1 x 122.96 us = 122.96 us (1449.68 GFLOPS/s)
Total time: 122.96 us.
----------------
Vulkan Timings:
MUL_MAT_VEC q4_1 m=5120 n=1 k=17408: 1 x 123.24 us = 123.24 us (1446.39 GFLOPS/s)
Total time: 123.24 us.
----------------
Vulkan Timings:
MUL_MAT_VEC q4_1 m=5120 n=1 k=17408: 1 x 123.52 us = 123.52 us (1443.11 GFLOPS/s)
Total time: 123.52 us.
----------------
Vulkan Timings:
MUL_MAT_VEC q4_1 m=5120 n=1 k=17408: 1 x 123.2 us = 123.2 us (1446.86 GFLOPS/s)
Total time: 123.2 us.
----------------
Vulkan Timings:
MUL_MAT_VEC q4_1 m=5120 n=1 k=17408: 1 x 123.32 us = 123.32 us (1445.45 GFLOPS/s)
Total time: 123.32 us.
----------------
Vulkan Timings:
MUL_MAT_VEC q4_1 m=5120 n=1 k=17408: 1 x 123.12 us = 123.12 us (1447.8 GFLOPS/s)
Total time: 123.12 us.
----------------
Vulkan Timings:
MUL_MAT_VEC q4_1 m=5120 n=1 k=17408: 1 x 123.28 us = 123.28 us (1445.92 GFLOPS/s)
Total time: 123.28 us.
----------------
Vulkan Timings:
MUL_MAT_VEC q4_1 m=5120 n=1 k=17408: 1 x 123.04 us = 123.04 us (1448.74 GFLOPS/s)
Total time: 123.04 us.
----------------
Vulkan Timings:
MUL_MAT_VEC q4_1 m=5120 n=1 k=17408: 1 x 123.12 us = 123.12 us (1447.8 GFLOPS/s)
Total time: 123.12 us.
----------------
Vulkan Timings:
MUL_MAT_VEC q4_1 m=5120 n=1 k=17408: 1 x 122.56 us = 122.56 us (1454.41 GFLOPS/s)
Total time: 122.56 us.
----------------
Vulkan Timings:
MUL_MAT_VEC q4_1 m=5120 n=1 k=17408: 1 x 123.28 us = 123.28 us (1445.92 GFLOPS/s)
Total time: 123.28 us.
----------------
Vulkan Timings:
MUL_MAT_VEC q4_1 m=5120 n=1 k=17408: 1 x 123.04 us = 123.04 us (1448.74 GFLOPS/s)
Total time: 123.04 us.
----------------
Vulkan Timings:
MUL_MAT_VEC q4_1 m=5120 n=1 k=17408: 1 x 123.04 us = 123.04 us (1448.74 GFLOPS/s)
Total time: 123.04 us.
----------------
Vulkan Timings:
MUL_MAT_VEC q4_1 m=5120 n=1 k=17408: 1 x 123 us = 123 us (1449.21 GFLOPS/s)
Total time: 123 us.
----------------
Vulkan Timings:
MUL_MAT_VEC q4_1 m=5120 n=1 k=17408: 1 x 123 us = 123 us (1449.21 GFLOPS/s)
Total time: 123 us.
----------------
Vulkan Timings:
MUL_MAT_VEC q4_1 m=5120 n=1 k=17408: 1 x 123.4 us = 123.4 us (1444.51 GFLOPS/s)
Total time: 123.4 us.
----------------
Vulkan Timings:
MUL_MAT_VEC q4_1 m=5120 n=1 k=17408: 1 x 123.04 us = 123.04 us (1448.74 GFLOPS/s)
Total time: 123.04 us.
----------------
Vulkan Timings:
MUL_MAT_VEC q4_1 m=5120 n=1 k=17408: 1 x 122.96 us = 122.96 us (1449.68 GFLOPS/s)
Total time: 122.96 us.
----------------
Vulkan Timings:
MUL_MAT_VEC q4_1 m=5120 n=1 k=17408: 1 x 122.92 us = 122.92 us (1450.15 GFLOPS/s)
Total time: 122.92 us.
----------------
Vulkan Timings:
MUL_MAT_VEC q4_1 m=5120 n=1 k=17408: 1 x 123.2 us = 123.2 us (1446.86 GFLOPS/s)
Total time: 123.2 us.
----------------
Vulkan Timings:
MUL_MAT_VEC q4_1 m=5120 n=1 k=17408: 1 x 123.12 us = 123.12 us (1447.8 GFLOPS/s)
Total time: 123.12 us.
----------------
Vulkan Timings:
MUL_MAT_VEC q4_1 m=5120 n=1 k=17408: 1 x 122.92 us = 122.92 us (1450.15 GFLOPS/s)
Total time: 122.92 us.
----------------
Vulkan Timings:
MUL_MAT_VEC q4_1 m=5120 n=1 k=17408: 1 x 123.12 us = 123.12 us (1447.8 GFLOPS/s)
Total time: 123.12 us.
----------------
Vulkan Timings:
MUL_MAT_VEC q4_1 m=5120 n=1 k=17408: 1 x 123 us = 123 us (1449.21 GFLOPS/s)
Total time: 123 us.
----------------
Vulkan Timings:
MUL_MAT_VEC q4_1 m=5120 n=1 k=17408: 1 x 122.96 us = 122.96 us (1449.68 GFLOPS/s)
Total time: 122.96 us.
----------------
Vulkan Timings:
MUL_MAT_VEC q4_1 m=5120 n=1 k=17408: 1 x 122.52 us = 122.52 us (1454.89 GFLOPS/s)
Total time: 122.52 us.
----------------
Vulkan Timings:
MUL_MAT_VEC q4_1 m=5120 n=1 k=17408: 1 x 123.2 us = 123.2 us (1446.86 GFLOPS/s)
Total time: 123.2 us.
----------------
Vulkan Timings:
MUL_MAT_VEC q4_1 m=5120 n=1 k=17408: 1 x 123.04 us = 123.04 us (1448.74 GFLOPS/s)
Total time: 123.04 us.
----------------
Vulkan Timings:
MUL_MAT_VEC q4_1 m=5120 n=1 k=17408: 1 x 122.8 us = 122.8 us (1451.57 GFLOPS/s)
Total time: 122.8 us.
----------------
Vulkan Timings:
MUL_MAT_VEC q4_1 m=5120 n=1 k=17408: 1 x 123.08 us = 123.08 us (1448.27 GFLOPS/s)
Total time: 123.08 us.
----------------
Vulkan Timings:
MUL_MAT_VEC q4_1 m=5120 n=1 k=17408: 1 x 122.96 us = 122.96 us (1449.68 GFLOPS/s)
Total time: 122.96 us.
----------------
Vulkan Timings:
MUL_MAT_VEC q4_1 m=5120 n=1 k=17408: 1 x 123 us = 123 us (1449.21 GFLOPS/s)
Total time: 123 us.
----------------
Vulkan Timings:
MUL_MAT_VEC q4_1 m=5120 n=1 k=17408: 1 x 123.28 us = 123.28 us (1445.92 GFLOPS/s)
Total time: 123.28 us.
----------------
Vulkan Timings:
MUL_MAT_VEC q4_1 m=5120 n=1 k=17408: 1 x 123.08 us = 123.08 us (1448.27 GFLOPS/s)
Total time: 123.08 us.
----------------
Vulkan Timings:
MUL_MAT_VEC q4_1 m=5120 n=1 k=17408: 1 x 123.04 us = 123.04 us (1448.74 GFLOPS/s)
Total time: 123.04 us.
----------------
Vulkan Timings:
MUL_MAT_VEC q4_1 m=5120 n=1 k=17408: 1 x 123.12 us = 123.12 us (1447.8 GFLOPS/s)
Total time: 123.12 us.
----------------
Vulkan Timings:
MUL_MAT_VEC q4_1 m=5120 n=1 k=17408: 1 x 122.72 us = 122.72 us (1452.52 GFLOPS/s)
Total time: 122.72 us.
----------------
Vulkan Timings:
MUL_MAT_VEC q4_1 m=5120 n=1 k=17408: 1 x 123 us = 123 us (1449.21 GFLOPS/s)
Total time: 123 us.
----------------
Vulkan Timings:
MUL_MAT_VEC q4_1 m=5120 n=1 k=17408: 1 x 123.12 us = 123.12 us (1447.8 GFLOPS/s)
Total time: 123.12 us.
----------------
Vulkan Timings:
MUL_MAT_VEC q4_1 m=5120 n=1 k=17408: 1 x 123.6 us = 123.6 us (1442.17 GFLOPS/s)
Total time: 123.6 us.
----------------
Vulkan Timings:
MUL_MAT_VEC q4_1 m=5120 n=1 k=17408: 1 x 122.68 us = 122.68 us (1452.99 GFLOPS/s)
Total time: 122.68 us.
----------------
Vulkan Timings:
MUL_MAT_VEC q4_1 m=5120 n=1 k=17408: 1 x 123.2 us = 123.2 us (1446.86 GFLOPS/s)
Total time: 123.2 us.
----------------
Vulkan Timings:
MUL_MAT_VEC q4_1 m=5120 n=1 k=17408: 1 x 123.2 us = 123.2 us (1446.86 GFLOPS/s)
Total time: 123.2 us.
----------------
Vulkan Timings:
MUL_MAT_VEC q4_1 m=5120 n=1 k=17408: 1 x 123.28 us = 123.28 us (1445.92 GFLOPS/s)
Total time: 123.28 us.
----------------
Vulkan Timings:
MUL_MAT_VEC q4_1 m=5120 n=1 k=17408: 1 x 123.4 us = 123.4 us (1444.51 GFLOPS/s)
Total time: 123.4 us.
----------------
Vulkan Timings:
MUL_MAT_VEC q4_1 m=5120 n=1 k=17408: 1 x 123.16 us = 123.16 us (1447.33 GFLOPS/s)
Total time: 123.16 us.
----------------
Vulkan Timings:
MUL_MAT_VEC q4_1 m=5120 n=1 k=17408: 1 x 123.04 us = 123.04 us (1448.74 GFLOPS/s)
Total time: 123.04 us.
----------------
Vulkan Timings:
MUL_MAT_VEC q4_1 m=5120 n=1 k=17408: 1 x 123.16 us = 123.16 us (1447.33 GFLOPS/s)
Total time: 123.16 us.
----------------
Vulkan Timings:
MUL_MAT_VEC q4_1 m=5120 n=1 k=17408: 1 x 123.16 us = 123.16 us (1447.33 GFLOPS/s)
Total time: 123.16 us.
----------------
Vulkan Timings:
MUL_MAT_VEC q4_1 m=5120 n=1 k=17408: 1 x 123.2 us = 123.2 us (1446.86 GFLOPS/s)
Total time: 123.2 us.
----------------
Vulkan Timings:
MUL_MAT_VEC q4_1 m=5120 n=1 k=17408: 1 x 123 us = 123 us (1449.21 GFLOPS/s)
Total time: 123 us.
----------------
Vulkan Timings:
MUL_MAT_VEC q4_1 m=5120 n=1 k=17408: 1 x 123.28 us = 123.28 us (1445.92 GFLOPS/s)
Total time: 123.28 us.
----------------
Vulkan Timings:
MUL_MAT_VEC q4_1 m=5120 n=1 k=17408: 1 x 123.2 us = 123.2 us (1446.86 GFLOPS/s)
Total time: 123.2 us.
----------------
Vulkan Timings:
MUL_MAT_VEC q4_1 m=5120 n=1 k=17408: 1 x 123.28 us = 123.28 us (1445.92 GFLOPS/s)
Total time: 123.28 us.
----------------
Vulkan Timings:
MUL_MAT_VEC q4_1 m=5120 n=1 k=17408: 1 x 123.12 us = 123.12 us (1447.8 GFLOPS/s)
Total time: 123.12 us.
----------------
Vulkan Timings:
MUL_MAT_VEC q4_1 m=5120 n=1 k=17408: 1 x 123.2 us = 123.2 us (1446.86 GFLOPS/s)
Total time: 123.2 us.
----------------
Vulkan Timings:
MUL_MAT_VEC q4_1 m=5120 n=1 k=17408: 1 x 122.76 us = 122.76 us (1452.04 GFLOPS/s)
Total time: 122.76 us.
----------------
Vulkan Timings:
MUL_MAT_VEC q4_1 m=5120 n=1 k=17408: 1 x 123.28 us = 123.28 us (1445.92 GFLOPS/s)
Total time: 123.28 us.
----------------
Vulkan Timings:
MUL_MAT_VEC q4_1 m=5120 n=1 k=17408: 1 x 123.84 us = 123.84 us (1439.38 GFLOPS/s)
Total time: 123.84 us.
----------------
Vulkan Timings:
MUL_MAT_VEC q4_1 m=5120 n=1 k=17408: 1 x 125.68 us = 125.68 us (1418.31 GFLOPS/s)
Total time: 125.68 us.
----------------
Vulkan Timings:
MUL_MAT_VEC q4_1 m=5120 n=1 k=17408: 1 x 123.52 us = 123.52 us (1443.11 GFLOPS/s)
Total time: 123.52 us.
----------------
Vulkan Timings:
MUL_MAT_VEC q4_1 m=5120 n=1 k=17408: 1 x 122.96 us = 122.96 us (1449.68 GFLOPS/s)
Total time: 122.96 us.
----------------
Vulkan Timings:
MUL_MAT_VEC q4_1 m=5120 n=1 k=17408: 1 x 122.88 us = 122.88 us (1450.62 GFLOPS/s)
Total time: 122.88 us.
----------------
Vulkan Timings:
MUL_MAT_VEC q4_1 m=5120 n=1 k=17408: 1 x 122.84 us = 122.84 us (1451.1 GFLOPS/s)
Total time: 122.84 us.
----------------
Vulkan Timings:
MUL_MAT_VEC q4_1 m=5120 n=1 k=17408: 1 x 123.28 us = 123.28 us (1445.92 GFLOPS/s)
Total time: 123.28 us.
----------------
Vulkan Timings:
MUL_MAT_VEC q4_1 m=5120 n=1 k=17408: 1 x 123.24 us = 123.24 us (1446.39 GFLOPS/s)
Total time: 123.24 us.
