ggml_vulkan: Found 1 Vulkan devices:
ggml_vulkan: 0 = AMD Radeon RX 7900 XTX (RADV NAVI31) (radv) | uma: 0 | fp16: dot2 | bf16: 0 | fp4: 0 | warp size: 64 | shared memory: 65536 | int dot: 1 | matrix cores: KHR_coopmat
oracle=0.24.0 commit=456172ec-dirty device=AMD Radeon RX 7900 XTX (RADV NAVI31) disable_mmvq=1
backend_allocation_bytes=1043957760
----------------
Vulkan Timings:
MUL_MAT_VEC q6_K m=248320 n=1 k=5120: 1 x 2849.44 us = 2849.44 us (892.298 GFLOPS/s)
Total time: 2849.44 us.
----------------
Vulkan Timings:
MUL_MAT_VEC q6_K m=248320 n=1 k=5120: 1 x 1721.92 us = 1721.92 us (1476.58 GFLOPS/s)
Total time: 1721.92 us.
----------------
Vulkan Timings:
MUL_MAT_VEC q6_K m=248320 n=1 k=5120: 1 x 1219.76 us = 1219.76 us (2084.47 GFLOPS/s)
Total time: 1219.76 us.
----------------
Vulkan Timings:
MUL_MAT_VEC q6_K m=248320 n=1 k=5120: 1 x 1222.24 us = 1222.24 us (2080.24 GFLOPS/s)
Total time: 1222.24 us.
----------------
Vulkan Timings:
MUL_MAT_VEC q6_K m=248320 n=1 k=5120: 1 x 1216.04 us = 1216.04 us (2090.84 GFLOPS/s)
Total time: 1216.04 us.
----------------
Vulkan Timings:
MUL_MAT_VEC q6_K m=248320 n=1 k=5120: 1 x 1221.92 us = 1221.92 us (2080.78 GFLOPS/s)
Total time: 1221.92 us.
----------------
Vulkan Timings:
MUL_MAT_VEC q6_K m=248320 n=1 k=5120: 1 x 1218.92 us = 1218.92 us (2085.9 GFLOPS/s)
Total time: 1218.92 us.
----------------
Vulkan Timings:
MUL_MAT_VEC q6_K m=248320 n=1 k=5120: 1 x 1218.88 us = 1218.88 us (2085.97 GFLOPS/s)
Total time: 1218.88 us.
----------------
Vulkan Timings:
MUL_MAT_VEC q6_K m=248320 n=1 k=5120: 1 x 1221.52 us = 1221.52 us (2081.46 GFLOPS/s)
Total time: 1221.52 us.
----------------
Vulkan Timings:
MUL_MAT_VEC q6_K m=248320 n=1 k=5120: 1 x 1215.24 us = 1215.24 us (2092.22 GFLOPS/s)
Total time: 1215.24 us.
----------------
Vulkan Timings:
MUL_MAT_VEC q6_K m=248320 n=1 k=5120: 1 x 1213.68 us = 1213.68 us (2094.91 GFLOPS/s)
Total time: 1213.68 us.
----------------
Vulkan Timings:
MUL_MAT_VEC q6_K m=248320 n=1 k=5120: 1 x 1211 us = 1211 us (2099.54 GFLOPS/s)
Total time: 1211 us.
----------------
Vulkan Timings:
MUL_MAT_VEC q6_K m=248320 n=1 k=5120: 1 x 1214.44 us = 1214.44 us (2093.6 GFLOPS/s)
Total time: 1214.44 us.
----------------
Vulkan Timings:
MUL_MAT_VEC q6_K m=248320 n=1 k=5120: 1 x 1222.12 us = 1222.12 us (2080.44 GFLOPS/s)
Total time: 1222.12 us.
----------------
Vulkan Timings:
MUL_MAT_VEC q6_K m=248320 n=1 k=5120: 1 x 1218.16 us = 1218.16 us (2087.2 GFLOPS/s)
Total time: 1218.16 us.
----------------
Vulkan Timings:
MUL_MAT_VEC q6_K m=248320 n=1 k=5120: 1 x 1216.88 us = 1216.88 us (2089.4 GFLOPS/s)
Total time: 1216.88 us.
----------------
Vulkan Timings:
MUL_MAT_VEC q6_K m=248320 n=1 k=5120: 1 x 1203.08 us = 1203.08 us (2113.37 GFLOPS/s)
Total time: 1203.08 us.
----------------
Vulkan Timings:
MUL_MAT_VEC q6_K m=248320 n=1 k=5120: 1 x 1221 us = 1221 us (2082.35 GFLOPS/s)
Total time: 1221 us.
----------------
Vulkan Timings:
MUL_MAT_VEC q6_K m=248320 n=1 k=5120: 1 x 1218.84 us = 1218.84 us (2086.04 GFLOPS/s)
Total time: 1218.84 us.
----------------
Vulkan Timings:
MUL_MAT_VEC q6_K m=248320 n=1 k=5120: 1 x 1212.56 us = 1212.56 us (2096.84 GFLOPS/s)
Total time: 1212.56 us.
----------------
Vulkan Timings:
MUL_MAT_VEC q6_K m=248320 n=1 k=5120: 1 x 1201.96 us = 1201.96 us (2115.34 GFLOPS/s)
Total time: 1201.96 us.
----------------
Vulkan Timings:
MUL_MAT_VEC q6_K m=248320 n=1 k=5120: 1 x 1210.32 us = 1210.32 us (2100.72 GFLOPS/s)
Total time: 1210.32 us.
----------------
Vulkan Timings:
MUL_MAT_VEC q6_K m=248320 n=1 k=5120: 1 x 1209.12 us = 1209.12 us (2102.81 GFLOPS/s)
Total time: 1209.12 us.
----------------
Vulkan Timings:
MUL_MAT_VEC q6_K m=248320 n=1 k=5120: 1 x 1210.04 us = 1210.04 us (2101.21 GFLOPS/s)
Total time: 1210.04 us.
----------------
Vulkan Timings:
MUL_MAT_VEC q6_K m=248320 n=1 k=5120: 1 x 1215.08 us = 1215.08 us (2092.49 GFLOPS/s)
Total time: 1215.08 us.
----------------
Vulkan Timings:
MUL_MAT_VEC q6_K m=248320 n=1 k=5120: 1 x 1210.44 us = 1210.44 us (2100.52 GFLOPS/s)
Total time: 1210.44 us.
----------------
Vulkan Timings:
MUL_MAT_VEC q6_K m=248320 n=1 k=5120: 1 x 1208.84 us = 1208.84 us (2103.3 GFLOPS/s)
Total time: 1208.84 us.
----------------
Vulkan Timings:
MUL_MAT_VEC q6_K m=248320 n=1 k=5120: 1 x 1210.2 us = 1210.2 us (2100.93 GFLOPS/s)
Total time: 1210.2 us.
----------------
Vulkan Timings:
MUL_MAT_VEC q6_K m=248320 n=1 k=5120: 1 x 1208.56 us = 1208.56 us (2103.78 GFLOPS/s)
Total time: 1208.56 us.
----------------
Vulkan Timings:
MUL_MAT_VEC q6_K m=248320 n=1 k=5120: 1 x 1230.68 us = 1230.68 us (2065.97 GFLOPS/s)
Total time: 1230.68 us.
----------------
Vulkan Timings:
MUL_MAT_VEC q6_K m=248320 n=1 k=5120: 1 x 1206.16 us = 1206.16 us (2107.97 GFLOPS/s)
Total time: 1206.16 us.
----------------
Vulkan Timings:
MUL_MAT_VEC q6_K m=248320 n=1 k=5120: 1 x 1210.4 us = 1210.4 us (2100.59 GFLOPS/s)
Total time: 1210.4 us.
----------------
Vulkan Timings:
MUL_MAT_VEC q6_K m=248320 n=1 k=5120: 1 x 1204.12 us = 1204.12 us (2111.54 GFLOPS/s)
Total time: 1204.12 us.
----------------
Vulkan Timings:
MUL_MAT_VEC q6_K m=248320 n=1 k=5120: 1 x 1214.44 us = 1214.44 us (2093.6 GFLOPS/s)
Total time: 1214.44 us.
----------------
Vulkan Timings:
MUL_MAT_VEC q6_K m=248320 n=1 k=5120: 1 x 1212.8 us = 1212.8 us (2096.43 GFLOPS/s)
Total time: 1212.8 us.
----------------
Vulkan Timings:
MUL_MAT_VEC q6_K m=248320 n=1 k=5120: 1 x 1213.28 us = 1213.28 us (2095.6 GFLOPS/s)
Total time: 1213.28 us.
----------------
Vulkan Timings:
MUL_MAT_VEC q6_K m=248320 n=1 k=5120: 1 x 1200.72 us = 1200.72 us (2117.52 GFLOPS/s)
Total time: 1200.72 us.
----------------
Vulkan Timings:
MUL_MAT_VEC q6_K m=248320 n=1 k=5120: 1 x 1203.52 us = 1203.52 us (2112.59 GFLOPS/s)
Total time: 1203.52 us.
----------------
Vulkan Timings:
MUL_MAT_VEC q6_K m=248320 n=1 k=5120: 1 x 1209.84 us = 1209.84 us (2101.56 GFLOPS/s)
Total time: 1209.84 us.
----------------
Vulkan Timings:
MUL_MAT_VEC q6_K m=248320 n=1 k=5120: 1 x 1207.96 us = 1207.96 us (2104.83 GFLOPS/s)
Total time: 1207.96 us.
----------------
Vulkan Timings:
MUL_MAT_VEC q6_K m=248320 n=1 k=5120: 1 x 1203.6 us = 1203.6 us (2112.45 GFLOPS/s)
Total time: 1203.6 us.
----------------
Vulkan Timings:
MUL_MAT_VEC q6_K m=248320 n=1 k=5120: 1 x 1209.88 us = 1209.88 us (2101.49 GFLOPS/s)
Total time: 1209.88 us.
----------------
Vulkan Timings:
MUL_MAT_VEC q6_K m=248320 n=1 k=5120: 1 x 1203.68 us = 1203.68 us (2112.31 GFLOPS/s)
Total time: 1203.68 us.
----------------
Vulkan Timings:
MUL_MAT_VEC q6_K m=248320 n=1 k=5120: 1 x 1201.36 us = 1201.36 us (2116.39 GFLOPS/s)
Total time: 1201.36 us.
----------------
Vulkan Timings:
MUL_MAT_VEC q6_K m=248320 n=1 k=5120: 1 x 1205.2 us = 1205.2 us (2109.65 GFLOPS/s)
Total time: 1205.2 us.
----------------
Vulkan Timings:
MUL_MAT_VEC q6_K m=248320 n=1 k=5120: 1 x 1212.36 us = 1212.36 us (2097.19 GFLOPS/s)
Total time: 1212.36 us.
----------------
Vulkan Timings:
MUL_MAT_VEC q6_K m=248320 n=1 k=5120: 1 x 1211.52 us = 1211.52 us (2098.64 GFLOPS/s)
Total time: 1211.52 us.
----------------
Vulkan Timings:
MUL_MAT_VEC q6_K m=248320 n=1 k=5120: 1 x 1208.32 us = 1208.32 us (2104.2 GFLOPS/s)
Total time: 1208.32 us.
----------------
Vulkan Timings:
MUL_MAT_VEC q6_K m=248320 n=1 k=5120: 1 x 1202.88 us = 1202.88 us (2113.72 GFLOPS/s)
Total time: 1202.88 us.
----------------
Vulkan Timings:
MUL_MAT_VEC q6_K m=248320 n=1 k=5120: 1 x 1208.96 us = 1208.96 us (2103.09 GFLOPS/s)
Total time: 1208.96 us.
----------------
Vulkan Timings:
MUL_MAT_VEC q6_K m=248320 n=1 k=5120: 1 x 1209.84 us = 1209.84 us (2101.56 GFLOPS/s)
Total time: 1209.84 us.
----------------
Vulkan Timings:
MUL_MAT_VEC q6_K m=248320 n=1 k=5120: 1 x 1208.64 us = 1208.64 us (2103.64 GFLOPS/s)
Total time: 1208.64 us.
----------------
Vulkan Timings:
MUL_MAT_VEC q6_K m=248320 n=1 k=5120: 1 x 1205.48 us = 1205.48 us (2109.16 GFLOPS/s)
Total time: 1205.48 us.
----------------
Vulkan Timings:
MUL_MAT_VEC q6_K m=248320 n=1 k=5120: 1 x 1207.96 us = 1207.96 us (2104.83 GFLOPS/s)
Total time: 1207.96 us.
----------------
Vulkan Timings:
MUL_MAT_VEC q6_K m=248320 n=1 k=5120: 1 x 1240.04 us = 1240.04 us (2050.38 GFLOPS/s)
Total time: 1240.04 us.
----------------
Vulkan Timings:
MUL_MAT_VEC q6_K m=248320 n=1 k=5120: 1 x 1209 us = 1209 us (2103.02 GFLOPS/s)
Total time: 1209 us.
----------------
Vulkan Timings:
MUL_MAT_VEC q6_K m=248320 n=1 k=5120: 1 x 1208.84 us = 1208.84 us (2103.3 GFLOPS/s)
Total time: 1208.84 us.
----------------
Vulkan Timings:
MUL_MAT_VEC q6_K m=248320 n=1 k=5120: 1 x 1211.4 us = 1211.4 us (2098.85 GFLOPS/s)
Total time: 1211.4 us.
----------------
Vulkan Timings:
MUL_MAT_VEC q6_K m=248320 n=1 k=5120: 1 x 1206.76 us = 1206.76 us (2106.92 GFLOPS/s)
Total time: 1206.76 us.
----------------
Vulkan Timings:
MUL_MAT_VEC q6_K m=248320 n=1 k=5120: 1 x 1195.84 us = 1195.84 us (2126.16 GFLOPS/s)
Total time: 1195.84 us.
----------------
Vulkan Timings:
MUL_MAT_VEC q6_K m=248320 n=1 k=5120: 1 x 1200.76 us = 1200.76 us (2117.45 GFLOPS/s)
Total time: 1200.76 us.
----------------
Vulkan Timings:
MUL_MAT_VEC q6_K m=248320 n=1 k=5120: 1 x 1193.6 us = 1193.6 us (2130.15 GFLOPS/s)
Total time: 1193.6 us.
----------------
Vulkan Timings:
MUL_MAT_VEC q6_K m=248320 n=1 k=5120: 1 x 1203 us = 1203 us (2113.51 GFLOPS/s)
Total time: 1203 us.
----------------
Vulkan Timings:
MUL_MAT_VEC q6_K m=248320 n=1 k=5120: 1 x 1207.88 us = 1207.88 us (2104.97 GFLOPS/s)
Total time: 1207.88 us.
----------------
Vulkan Timings:
MUL_MAT_VEC q6_K m=248320 n=1 k=5120: 1 x 1196.92 us = 1196.92 us (2124.24 GFLOPS/s)
Total time: 1196.92 us.
----------------
Vulkan Timings:
MUL_MAT_VEC q6_K m=248320 n=1 k=5120: 1 x 1203.52 us = 1203.52 us (2112.59 GFLOPS/s)
Total time: 1203.52 us.
----------------
Vulkan Timings:
MUL_MAT_VEC q6_K m=248320 n=1 k=5120: 1 x 1211.92 us = 1211.92 us (2097.95 GFLOPS/s)
Total time: 1211.92 us.
----------------
Vulkan Timings:
MUL_MAT_VEC q6_K m=248320 n=1 k=5120: 1 x 1200.32 us = 1200.32 us (2118.23 GFLOPS/s)
Total time: 1200.32 us.
----------------
Vulkan Timings:
MUL_MAT_VEC q6_K m=248320 n=1 k=5120: 1 x 1196.52 us = 1196.52 us (2124.95 GFLOPS/s)
Total time: 1196.52 us.
----------------
Vulkan Timings:
MUL_MAT_VEC q6_K m=248320 n=1 k=5120: 1 x 1197.32 us = 1197.32 us (2123.53 GFLOPS/s)
Total time: 1197.32 us.
----------------
Vulkan Timings:
MUL_MAT_VEC q6_K m=248320 n=1 k=5120: 1 x 1206.04 us = 1206.04 us (2108.18 GFLOPS/s)
Total time: 1206.04 us.
----------------
Vulkan Timings:
MUL_MAT_VEC q6_K m=248320 n=1 k=5120: 1 x 1211 us = 1211 us (2099.54 GFLOPS/s)
Total time: 1211 us.
----------------
Vulkan Timings:
MUL_MAT_VEC q6_K m=248320 n=1 k=5120: 1 x 1193.96 us = 1193.96 us (2129.51 GFLOPS/s)
Total time: 1193.96 us.
----------------
Vulkan Timings:
MUL_MAT_VEC q6_K m=248320 n=1 k=5120: 1 x 1204.08 us = 1204.08 us (2111.61 GFLOPS/s)
Total time: 1204.08 us.
----------------
Vulkan Timings:
MUL_MAT_VEC q6_K m=248320 n=1 k=5120: 1 x 1205.08 us = 1205.08 us (2109.86 GFLOPS/s)
Total time: 1205.08 us.
----------------
Vulkan Timings:
MUL_MAT_VEC q6_K m=248320 n=1 k=5120: 1 x 1204 us = 1204 us (2111.75 GFLOPS/s)
Total time: 1204 us.
----------------
Vulkan Timings:
MUL_MAT_VEC q6_K m=248320 n=1 k=5120: 1 x 1192.44 us = 1192.44 us (2132.22 GFLOPS/s)
Total time: 1192.44 us.
----------------
Vulkan Timings:
MUL_MAT_VEC q6_K m=248320 n=1 k=5120: 1 x 1206.4 us = 1206.4 us (2107.55 GFLOPS/s)
Total time: 1206.4 us.
----------------
Vulkan Timings:
MUL_MAT_VEC q6_K m=248320 n=1 k=5120: 1 x 1196.36 us = 1196.36 us (2125.24 GFLOPS/s)
Total time: 1196.36 us.
----------------
Vulkan Timings:
MUL_MAT_VEC q6_K m=248320 n=1 k=5120: 1 x 1241.08 us = 1241.08 us (2048.66 GFLOPS/s)
Total time: 1241.08 us.
----------------
Vulkan Timings:
MUL_MAT_VEC q6_K m=248320 n=1 k=5120: 1 x 1200.2 us = 1200.2 us (2118.44 GFLOPS/s)
Total time: 1200.2 us.
----------------
Vulkan Timings:
MUL_MAT_VEC q6_K m=248320 n=1 k=5120: 1 x 1201.48 us = 1201.48 us (2116.18 GFLOPS/s)
Total time: 1201.48 us.
----------------
Vulkan Timings:
MUL_MAT_VEC q6_K m=248320 n=1 k=5120: 1 x 1198.92 us = 1198.92 us (2120.7 GFLOPS/s)
Total time: 1198.92 us.
----------------
Vulkan Timings:
MUL_MAT_VEC q6_K m=248320 n=1 k=5120: 1 x 1204.56 us = 1204.56 us (2110.77 GFLOPS/s)
Total time: 1204.56 us.
----------------
Vulkan Timings:
MUL_MAT_VEC q6_K m=248320 n=1 k=5120: 1 x 1203.48 us = 1203.48 us (2112.66 GFLOPS/s)
Total time: 1203.48 us.
----------------
Vulkan Timings:
MUL_MAT_VEC q6_K m=248320 n=1 k=5120: 1 x 1201.16 us = 1201.16 us (2116.74 GFLOPS/s)
Total time: 1201.16 us.
----------------
Vulkan Timings:
MUL_MAT_VEC q6_K m=248320 n=1 k=5120: 1 x 1197.48 us = 1197.48 us (2123.25 GFLOPS/s)
Total time: 1197.48 us.
----------------
Vulkan Timings:
MUL_MAT_VEC q6_K m=248320 n=1 k=5120: 1 x 1200.72 us = 1200.72 us (2117.52 GFLOPS/s)
Total time: 1200.72 us.
----------------
Vulkan Timings:
MUL_MAT_VEC q6_K m=248320 n=1 k=5120: 1 x 1192.92 us = 1192.92 us (2131.37 GFLOPS/s)
Total time: 1192.92 us.
----------------
Vulkan Timings:
MUL_MAT_VEC q6_K m=248320 n=1 k=5120: 1 x 1203.16 us = 1203.16 us (2113.23 GFLOPS/s)
Total time: 1203.16 us.
----------------
Vulkan Timings:
MUL_MAT_VEC q6_K m=248320 n=1 k=5120: 1 x 1202 us = 1202 us (2115.26 GFLOPS/s)
Total time: 1202 us.
----------------
Vulkan Timings:
MUL_MAT_VEC q6_K m=248320 n=1 k=5120: 1 x 1208.16 us = 1208.16 us (2104.48 GFLOPS/s)
Total time: 1208.16 us.
----------------
Vulkan Timings:
MUL_MAT_VEC q6_K m=248320 n=1 k=5120: 1 x 1200.48 us = 1200.48 us (2117.94 GFLOPS/s)
Total time: 1200.48 us.
----------------
Vulkan Timings:
MUL_MAT_VEC q6_K m=248320 n=1 k=5120: 1 x 1204.24 us = 1204.24 us (2111.33 GFLOPS/s)
Total time: 1204.24 us.
----------------
Vulkan Timings:
MUL_MAT_VEC q6_K m=248320 n=1 k=5120: 1 x 1194.24 us = 1194.24 us (2129.01 GFLOPS/s)
Total time: 1194.24 us.
----------------
Vulkan Timings:
MUL_MAT_VEC q6_K m=248320 n=1 k=5120: 1 x 1207.84 us = 1207.84 us (2105.04 GFLOPS/s)
Total time: 1207.84 us.
----------------
Vulkan Timings:
MUL_MAT_VEC q6_K m=248320 n=1 k=5120: 1 x 1202.48 us = 1202.48 us (2114.42 GFLOPS/s)
Total time: 1202.48 us.
----------------
Vulkan Timings:
MUL_MAT_VEC q6_K m=248320 n=1 k=5120: 1 x 1196.2 us = 1196.2 us (2125.52 GFLOPS/s)
Total time: 1196.2 us.
----------------
Vulkan Timings:
MUL_MAT_VEC q6_K m=248320 n=1 k=5120: 1 x 1206.52 us = 1206.52 us (2107.34 GFLOPS/s)
Total time: 1206.52 us.
----------------
Vulkan Timings:
MUL_MAT_VEC q6_K m=248320 n=1 k=5120: 1 x 1201.76 us = 1201.76 us (2115.69 GFLOPS/s)
Total time: 1201.76 us.
----------------
Vulkan Timings:
MUL_MAT_VEC q6_K m=248320 n=1 k=5120: 1 x 1205.56 us = 1205.56 us (2109.02 GFLOPS/s)
Total time: 1205.56 us.
----------------
Vulkan Timings:
MUL_MAT_VEC q6_K m=248320 n=1 k=5120: 1 x 1200.84 us = 1200.84 us (2117.31 GFLOPS/s)
Total time: 1200.84 us.
----------------
Vulkan Timings:
MUL_MAT_VEC q6_K m=248320 n=1 k=5120: 1 x 1203.52 us = 1203.52 us (2112.59 GFLOPS/s)
Total time: 1203.52 us.
----------------
Vulkan Timings:
MUL_MAT_VEC q6_K m=248320 n=1 k=5120: 1 x 1196.44 us = 1196.44 us (2125.09 GFLOPS/s)
Total time: 1196.44 us.
----------------
Vulkan Timings:
MUL_MAT_VEC q6_K m=248320 n=1 k=5120: 1 x 1227.72 us = 1227.72 us (2070.95 GFLOPS/s)
Total time: 1227.72 us.
----------------
Vulkan Timings:
MUL_MAT_VEC q6_K m=248320 n=1 k=5120: 1 x 1195.16 us = 1195.16 us (2127.37 GFLOPS/s)
Total time: 1195.16 us.
----------------
Vulkan Timings:
MUL_MAT_VEC q6_K m=248320 n=1 k=5120: 1 x 1198.4 us = 1198.4 us (2121.62 GFLOPS/s)
Total time: 1198.4 us.
----------------
Vulkan Timings:
MUL_MAT_VEC q6_K m=248320 n=1 k=5120: 1 x 1198.24 us = 1198.24 us (2121.9 GFLOPS/s)
Total time: 1198.24 us.
----------------
Vulkan Timings:
MUL_MAT_VEC q6_K m=248320 n=1 k=5120: 1 x 1195.44 us = 1195.44 us (2126.87 GFLOPS/s)
Total time: 1195.44 us.
----------------
Vulkan Timings:
MUL_MAT_VEC q6_K m=248320 n=1 k=5120: 1 x 1203.96 us = 1203.96 us (2111.82 GFLOPS/s)
Total time: 1203.96 us.
----------------
Vulkan Timings:
MUL_MAT_VEC q6_K m=248320 n=1 k=5120: 1 x 1201.64 us = 1201.64 us (2115.9 GFLOPS/s)
Total time: 1201.64 us.
----------------
Vulkan Timings:
MUL_MAT_VEC q6_K m=248320 n=1 k=5120: 1 x 1203.44 us = 1203.44 us (2112.73 GFLOPS/s)
Total time: 1203.44 us.
----------------
Vulkan Timings:
MUL_MAT_VEC q6_K m=248320 n=1 k=5120: 1 x 1193.04 us = 1193.04 us (2131.15 GFLOPS/s)
Total time: 1193.04 us.
----------------
Vulkan Timings:
MUL_MAT_VEC q6_K m=248320 n=1 k=5120: 1 x 1206.96 us = 1206.96 us (2106.57 GFLOPS/s)
Total time: 1206.96 us.
----------------
Vulkan Timings:
MUL_MAT_VEC q6_K m=248320 n=1 k=5120: 1 x 1194.88 us = 1194.88 us (2127.87 GFLOPS/s)
Total time: 1194.88 us.
----------------
Vulkan Timings:
MUL_MAT_VEC q6_K m=248320 n=1 k=5120: 1 x 1197.84 us = 1197.84 us (2122.61 GFLOPS/s)
Total time: 1197.84 us.
----------------
Vulkan Timings:
MUL_MAT_VEC q6_K m=248320 n=1 k=5120: 1 x 1216 us = 1216 us (2090.91 GFLOPS/s)
Total time: 1216 us.
----------------
Vulkan Timings:
MUL_MAT_VEC q6_K m=248320 n=1 k=5120: 1 x 1201.4 us = 1201.4 us (2116.32 GFLOPS/s)
Total time: 1201.4 us.
----------------
Vulkan Timings:
MUL_MAT_VEC q6_K m=248320 n=1 k=5120: 1 x 1196.52 us = 1196.52 us (2124.95 GFLOPS/s)
Total time: 1196.52 us.
----------------
Vulkan Timings:
MUL_MAT_VEC q6_K m=248320 n=1 k=5120: 1 x 1196.2 us = 1196.2 us (2125.52 GFLOPS/s)
Total time: 1196.2 us.
----------------
Vulkan Timings:
MUL_MAT_VEC q6_K m=248320 n=1 k=5120: 1 x 1200.24 us = 1200.24 us (2118.37 GFLOPS/s)
Total time: 1200.24 us.
----------------
Vulkan Timings:
MUL_MAT_VEC q6_K m=248320 n=1 k=5120: 1 x 1201.2 us = 1201.2 us (2116.67 GFLOPS/s)
Total time: 1201.2 us.
----------------
Vulkan Timings:
MUL_MAT_VEC q6_K m=248320 n=1 k=5120: 1 x 1203.56 us = 1203.56 us (2112.52 GFLOPS/s)
Total time: 1203.56 us.
----------------
Vulkan Timings:
MUL_MAT_VEC q6_K m=248320 n=1 k=5120: 1 x 1201.64 us = 1201.64 us (2115.9 GFLOPS/s)
Total time: 1201.64 us.
----------------
Vulkan Timings:
MUL_MAT_VEC q6_K m=248320 n=1 k=5120: 1 x 1202.56 us = 1202.56 us (2114.28 GFLOPS/s)
Total time: 1202.56 us.
----------------
Vulkan Timings:
MUL_MAT_VEC q6_K m=248320 n=1 k=5120: 1 x 1198.32 us = 1198.32 us (2121.76 GFLOPS/s)
Total time: 1198.32 us.
----------------
Vulkan Timings:
MUL_MAT_VEC q6_K m=248320 n=1 k=5120: 1 x 1193.56 us = 1193.56 us (2130.22 GFLOPS/s)
Total time: 1193.56 us.
----------------
Vulkan Timings:
MUL_MAT_VEC q6_K m=248320 n=1 k=5120: 1 x 1199.84 us = 1199.84 us (2119.07 GFLOPS/s)
Total time: 1199.84 us.
----------------
Vulkan Timings:
MUL_MAT_VEC q6_K m=248320 n=1 k=5120: 1 x 1196.04 us = 1196.04 us (2125.81 GFLOPS/s)
Total time: 1196.04 us.
----------------
Vulkan Timings:
MUL_MAT_VEC q6_K m=248320 n=1 k=5120: 1 x 1226.2 us = 1226.2 us (2073.52 GFLOPS/s)
Total time: 1226.2 us.
----------------
Vulkan Timings:
MUL_MAT_VEC q6_K m=248320 n=1 k=5120: 1 x 1201.88 us = 1201.88 us (2115.48 GFLOPS/s)
Total time: 1201.88 us.
----------------
Vulkan Timings:
MUL_MAT_VEC q6_K m=248320 n=1 k=5120: 1 x 1202 us = 1202 us (2115.26 GFLOPS/s)
Total time: 1202 us.
----------------
Vulkan Timings:
MUL_MAT_VEC q6_K m=248320 n=1 k=5120: 1 x 1194.96 us = 1194.96 us (2127.73 GFLOPS/s)
Total time: 1194.96 us.
----------------
Vulkan Timings:
MUL_MAT_VEC q6_K m=248320 n=1 k=5120: 1 x 1187.84 us = 1187.84 us (2140.48 GFLOPS/s)
Total time: 1187.84 us.
----------------
Vulkan Timings:
MUL_MAT_VEC q6_K m=248320 n=1 k=5120: 1 x 1194.92 us = 1194.92 us (2127.8 GFLOPS/s)
Total time: 1194.92 us.
----------------
Vulkan Timings:
MUL_MAT_VEC q6_K m=248320 n=1 k=5120: 1 x 1202.2 us = 1202.2 us (2114.91 GFLOPS/s)
Total time: 1202.2 us.
----------------
Vulkan Timings:
MUL_MAT_VEC q6_K m=248320 n=1 k=5120: 1 x 1190.36 us = 1190.36 us (2135.95 GFLOPS/s)
Total time: 1190.36 us.
----------------
Vulkan Timings:
MUL_MAT_VEC q6_K m=248320 n=1 k=5120: 1 x 1204.36 us = 1204.36 us (2111.12 GFLOPS/s)
Total time: 1204.36 us.
----------------
Vulkan Timings:
MUL_MAT_VEC q6_K m=248320 n=1 k=5120: 1 x 1201.48 us = 1201.48 us (2116.18 GFLOPS/s)
Total time: 1201.48 us.
----------------
Vulkan Timings:
MUL_MAT_VEC q6_K m=248320 n=1 k=5120: 1 x 1199.72 us = 1199.72 us (2119.28 GFLOPS/s)
Total time: 1199.72 us.
----------------
Vulkan Timings:
MUL_MAT_VEC q6_K m=248320 n=1 k=5120: 1 x 1199.44 us = 1199.44 us (2119.78 GFLOPS/s)
Total time: 1199.44 us.
----------------
Vulkan Timings:
MUL_MAT_VEC q6_K m=248320 n=1 k=5120: 1 x 1218.32 us = 1218.32 us (2086.93 GFLOPS/s)
Total time: 1218.32 us.
----------------
Vulkan Timings:
MUL_MAT_VEC q6_K m=248320 n=1 k=5120: 1 x 1193.96 us = 1193.96 us (2129.51 GFLOPS/s)
Total time: 1193.96 us.
----------------
Vulkan Timings:
MUL_MAT_VEC q6_K m=248320 n=1 k=5120: 1 x 1192.76 us = 1192.76 us (2131.65 GFLOPS/s)
Total time: 1192.76 us.
----------------
Vulkan Timings:
MUL_MAT_VEC q6_K m=248320 n=1 k=5120: 1 x 1199 us = 1199 us (2120.56 GFLOPS/s)
Total time: 1199 us.
----------------
Vulkan Timings:
MUL_MAT_VEC q6_K m=248320 n=1 k=5120: 1 x 1202.6 us = 1202.6 us (2114.21 GFLOPS/s)
Total time: 1202.6 us.
----------------
Vulkan Timings:
MUL_MAT_VEC q6_K m=248320 n=1 k=5120: 1 x 1204.48 us = 1204.48 us (2110.91 GFLOPS/s)
Total time: 1204.48 us.
----------------
Vulkan Timings:
MUL_MAT_VEC q6_K m=248320 n=1 k=5120: 1 x 1196.2 us = 1196.2 us (2125.52 GFLOPS/s)
Total time: 1196.2 us.
----------------
Vulkan Timings:
MUL_MAT_VEC q6_K m=248320 n=1 k=5120: 1 x 1188.48 us = 1188.48 us (2139.33 GFLOPS/s)
Total time: 1188.48 us.
----------------
Vulkan Timings:
MUL_MAT_VEC q6_K m=248320 n=1 k=5120: 1 x 1202.84 us = 1202.84 us (2113.79 GFLOPS/s)
Total time: 1202.84 us.
----------------
Vulkan Timings:
MUL_MAT_VEC q6_K m=248320 n=1 k=5120: 1 x 1201.28 us = 1201.28 us (2116.53 GFLOPS/s)
Total time: 1201.28 us.
----------------
Vulkan Timings:
MUL_MAT_VEC q6_K m=248320 n=1 k=5120: 1 x 1198.44 us = 1198.44 us (2121.55 GFLOPS/s)
Total time: 1198.44 us.
----------------
Vulkan Timings:
MUL_MAT_VEC q6_K m=248320 n=1 k=5120: 1 x 1206.16 us = 1206.16 us (2107.97 GFLOPS/s)
Total time: 1206.16 us.
----------------
Vulkan Timings:
MUL_MAT_VEC q6_K m=248320 n=1 k=5120: 1 x 1199.68 us = 1199.68 us (2119.36 GFLOPS/s)
Total time: 1199.68 us.
----------------
Vulkan Timings:
MUL_MAT_VEC q6_K m=248320 n=1 k=5120: 1 x 1239.56 us = 1239.56 us (2051.17 GFLOPS/s)
Total time: 1239.56 us.
----------------
Vulkan Timings:
MUL_MAT_VEC q6_K m=248320 n=1 k=5120: 1 x 1195.68 us = 1195.68 us (2126.45 GFLOPS/s)
Total time: 1195.68 us.
----------------
Vulkan Timings:
MUL_MAT_VEC q6_K m=248320 n=1 k=5120: 1 x 1204.72 us = 1204.72 us (2110.49 GFLOPS/s)
Total time: 1204.72 us.
----------------
Vulkan Timings:
MUL_MAT_VEC q6_K m=248320 n=1 k=5120: 1 x 1198.6 us = 1198.6 us (2121.27 GFLOPS/s)
Total time: 1198.6 us.
----------------
Vulkan Timings:
MUL_MAT_VEC q6_K m=248320 n=1 k=5120: 1 x 1201.56 us = 1201.56 us (2116.04 GFLOPS/s)
Total time: 1201.56 us.
----------------
Vulkan Timings:
MUL_MAT_VEC q6_K m=248320 n=1 k=5120: 1 x 1201.64 us = 1201.64 us (2115.9 GFLOPS/s)
Total time: 1201.64 us.
----------------
Vulkan Timings:
MUL_MAT_VEC q6_K m=248320 n=1 k=5120: 1 x 1196.6 us = 1196.6 us (2124.81 GFLOPS/s)
Total time: 1196.6 us.
----------------
Vulkan Timings:
MUL_MAT_VEC q6_K m=248320 n=1 k=5120: 1 x 1204.16 us = 1204.16 us (2111.47 GFLOPS/s)
Total time: 1204.16 us.
----------------
Vulkan Timings:
MUL_MAT_VEC q6_K m=248320 n=1 k=5120: 1 x 1198.6 us = 1198.6 us (2121.27 GFLOPS/s)
Total time: 1198.6 us.
----------------
Vulkan Timings:
MUL_MAT_VEC q6_K m=248320 n=1 k=5120: 1 x 1201.92 us = 1201.92 us (2115.41 GFLOPS/s)
Total time: 1201.92 us.
----------------
Vulkan Timings:
MUL_MAT_VEC q6_K m=248320 n=1 k=5120: 1 x 1200.04 us = 1200.04 us (2118.72 GFLOPS/s)
Total time: 1200.04 us.
----------------
Vulkan Timings:
MUL_MAT_VEC q6_K m=248320 n=1 k=5120: 1 x 1198.56 us = 1198.56 us (2121.34 GFLOPS/s)
Total time: 1198.56 us.
----------------
Vulkan Timings:
MUL_MAT_VEC q6_K m=248320 n=1 k=5120: 1 x 1210.72 us = 1210.72 us (2100.03 GFLOPS/s)
Total time: 1210.72 us.
----------------
Vulkan Timings:
MUL_MAT_VEC q6_K m=248320 n=1 k=5120: 1 x 1197.96 us = 1197.96 us (2122.4 GFLOPS/s)
Total time: 1197.96 us.
----------------
Vulkan Timings:
MUL_MAT_VEC q6_K m=248320 n=1 k=5120: 1 x 1194 us = 1194 us (2129.44 GFLOPS/s)
Total time: 1194 us.
----------------
Vulkan Timings:
MUL_MAT_VEC q6_K m=248320 n=1 k=5120: 1 x 1196.64 us = 1196.64 us (2124.74 GFLOPS/s)
Total time: 1196.64 us.
----------------
Vulkan Timings:
MUL_MAT_VEC q6_K m=248320 n=1 k=5120: 1 x 1193.44 us = 1193.44 us (2130.44 GFLOPS/s)
Total time: 1193.44 us.
----------------
Vulkan Timings:
MUL_MAT_VEC q6_K m=248320 n=1 k=5120: 1 x 1200.44 us = 1200.44 us (2118.01 GFLOPS/s)
Total time: 1200.44 us.
----------------
Vulkan Timings:
MUL_MAT_VEC q6_K m=248320 n=1 k=5120: 1 x 1201.08 us = 1201.08 us (2116.89 GFLOPS/s)
Total time: 1201.08 us.
----------------
Vulkan Timings:
MUL_MAT_VEC q6_K m=248320 n=1 k=5120: 1 x 1201.56 us = 1201.56 us (2116.04 GFLOPS/s)
Total time: 1201.56 us.
----------------
Vulkan Timings:
MUL_MAT_VEC q6_K m=248320 n=1 k=5120: 1 x 1197.8 us = 1197.8 us (2122.68 GFLOPS/s)
Total time: 1197.8 us.
----------------
Vulkan Timings:
MUL_MAT_VEC q6_K m=248320 n=1 k=5120: 1 x 1203.24 us = 1203.24 us (2113.09 GFLOPS/s)
Total time: 1203.24 us.
----------------
Vulkan Timings:
MUL_MAT_VEC q6_K m=248320 n=1 k=5120: 1 x 1186.6 us = 1186.6 us (2142.72 GFLOPS/s)
Total time: 1186.6 us.
----------------
Vulkan Timings:
MUL_MAT_VEC q6_K m=248320 n=1 k=5120: 1 x 1192.4 us = 1192.4 us (2132.29 GFLOPS/s)
Total time: 1192.4 us.
----------------
Vulkan Timings:
MUL_MAT_VEC q6_K m=248320 n=1 k=5120: 1 x 1198.08 us = 1198.08 us (2122.19 GFLOPS/s)
Total time: 1198.08 us.
----------------
Vulkan Timings:
MUL_MAT_VEC q6_K m=248320 n=1 k=5120: 1 x 1239.76 us = 1239.76 us (2050.84 GFLOPS/s)
Total time: 1239.76 us.
----------------
Vulkan Timings:
MUL_MAT_VEC q6_K m=248320 n=1 k=5120: 1 x 1192.52 us = 1192.52 us (2132.08 GFLOPS/s)
Total time: 1192.52 us.
----------------
Vulkan Timings:
MUL_MAT_VEC q6_K m=248320 n=1 k=5120: 1 x 1202.08 us = 1202.08 us (2115.12 GFLOPS/s)
Total time: 1202.08 us.
----------------
Vulkan Timings:
MUL_MAT_VEC q6_K m=248320 n=1 k=5120: 1 x 1201.44 us = 1201.44 us (2116.25 GFLOPS/s)
Total time: 1201.44 us.
----------------
Vulkan Timings:
MUL_MAT_VEC q6_K m=248320 n=1 k=5120: 1 x 1194.96 us = 1194.96 us (2127.73 GFLOPS/s)
Total time: 1194.96 us.
----------------
Vulkan Timings:
MUL_MAT_VEC q6_K m=248320 n=1 k=5120: 1 x 1198.24 us = 1198.24 us (2121.9 GFLOPS/s)
Total time: 1198.24 us.
----------------
Vulkan Timings:
MUL_MAT_VEC q6_K m=248320 n=1 k=5120: 1 x 1200.4 us = 1200.4 us (2118.08 GFLOPS/s)
Total time: 1200.4 us.
----------------
Vulkan Timings:
MUL_MAT_VEC q6_K m=248320 n=1 k=5120: 1 x 1200.4 us = 1200.4 us (2118.08 GFLOPS/s)
Total time: 1200.4 us.
----------------
Vulkan Timings:
MUL_MAT_VEC q6_K m=248320 n=1 k=5120: 1 x 1200.68 us = 1200.68 us (2117.59 GFLOPS/s)
Total time: 1200.68 us.
----------------
Vulkan Timings:
MUL_MAT_VEC q6_K m=248320 n=1 k=5120: 1 x 1201.08 us = 1201.08 us (2116.89 GFLOPS/s)
Total time: 1201.08 us.
----------------
Vulkan Timings:
MUL_MAT_VEC q6_K m=248320 n=1 k=5120: 1 x 1187.76 us = 1187.76 us (2140.62 GFLOPS/s)
Total time: 1187.76 us.
----------------
Vulkan Timings:
MUL_MAT_VEC q6_K m=248320 n=1 k=5120: 1 x 1198.32 us = 1198.32 us (2121.76 GFLOPS/s)
Total time: 1198.32 us.
----------------
Vulkan Timings:
MUL_MAT_VEC q6_K m=248320 n=1 k=5120: 1 x 1214.64 us = 1214.64 us (2093.25 GFLOPS/s)
Total time: 1214.64 us.
----------------
Vulkan Timings:
MUL_MAT_VEC q6_K m=248320 n=1 k=5120: 1 x 1190.16 us = 1190.16 us (2136.31 GFLOPS/s)
Total time: 1190.16 us.
----------------
Vulkan Timings:
MUL_MAT_VEC q6_K m=248320 n=1 k=5120: 1 x 1199.64 us = 1199.64 us (2119.43 GFLOPS/s)
Total time: 1199.64 us.
----------------
Vulkan Timings:
MUL_MAT_VEC q6_K m=248320 n=1 k=5120: 1 x 1195.76 us = 1195.76 us (2126.3 GFLOPS/s)
Total time: 1195.76 us.
----------------
Vulkan Timings:
MUL_MAT_VEC q6_K m=248320 n=1 k=5120: 1 x 1202.24 us = 1202.24 us (2114.84 GFLOPS/s)
Total time: 1202.24 us.
----------------
Vulkan Timings:
MUL_MAT_VEC q6_K m=248320 n=1 k=5120: 1 x 1195.92 us = 1195.92 us (2126.02 GFLOPS/s)
Total time: 1195.92 us.
----------------
Vulkan Timings:
MUL_MAT_VEC q6_K m=248320 n=1 k=5120: 1 x 1197 us = 1197 us (2124.1 GFLOPS/s)
Total time: 1197 us.
----------------
Vulkan Timings:
MUL_MAT_VEC q6_K m=248320 n=1 k=5120: 1 x 1201.24 us = 1201.24 us (2116.6 GFLOPS/s)
Total time: 1201.24 us.
----------------
Vulkan Timings:
MUL_MAT_VEC q6_K m=248320 n=1 k=5120: 1 x 1197.68 us = 1197.68 us (2122.89 GFLOPS/s)
Total time: 1197.68 us.
----------------
Vulkan Timings:
MUL_MAT_VEC q6_K m=248320 n=1 k=5120: 1 x 1204.64 us = 1204.64 us (2110.63 GFLOPS/s)
Total time: 1204.64 us.
----------------
Vulkan Timings:
MUL_MAT_VEC q6_K m=248320 n=1 k=5120: 1 x 1193 us = 1193 us (2131.22 GFLOPS/s)
Total time: 1193 us.
----------------
Vulkan Timings:
MUL_MAT_VEC q6_K m=248320 n=1 k=5120: 1 x 1193.32 us = 1193.32 us (2130.65 GFLOPS/s)
Total time: 1193.32 us.
----------------
Vulkan Timings:
MUL_MAT_VEC q6_K m=248320 n=1 k=5120: 1 x 1193.04 us = 1193.04 us (2131.15 GFLOPS/s)
Total time: 1193.04 us.
----------------
Vulkan Timings:
MUL_MAT_VEC q6_K m=248320 n=1 k=5120: 1 x 1241.96 us = 1241.96 us (2047.21 GFLOPS/s)
Total time: 1241.96 us.
----------------
Vulkan Timings:
MUL_MAT_VEC q6_K m=248320 n=1 k=5120: 1 x 1192.92 us = 1192.92 us (2131.37 GFLOPS/s)
Total time: 1192.92 us.
----------------
Vulkan Timings:
MUL_MAT_VEC q6_K m=248320 n=1 k=5120: 1 x 1197.4 us = 1197.4 us (2123.39 GFLOPS/s)
Total time: 1197.4 us.
----------------
Vulkan Timings:
MUL_MAT_VEC q6_K m=248320 n=1 k=5120: 1 x 1199.92 us = 1199.92 us (2118.93 GFLOPS/s)
Total time: 1199.92 us.
----------------
Vulkan Timings:
MUL_MAT_VEC q6_K m=248320 n=1 k=5120: 1 x 1196.4 us = 1196.4 us (2125.17 GFLOPS/s)
Total time: 1196.4 us.
----------------
Vulkan Timings:
MUL_MAT_VEC q6_K m=248320 n=1 k=5120: 1 x 1195.36 us = 1195.36 us (2127.01 GFLOPS/s)
Total time: 1195.36 us.
----------------
Vulkan Timings:
MUL_MAT_VEC q6_K m=248320 n=1 k=5120: 1 x 1201.84 us = 1201.84 us (2115.55 GFLOPS/s)
Total time: 1201.84 us.
----------------
Vulkan Timings:
MUL_MAT_VEC q6_K m=248320 n=1 k=5120: 1 x 1197.08 us = 1197.08 us (2123.96 GFLOPS/s)
Total time: 1197.08 us.
----------------
Vulkan Timings:
MUL_MAT_VEC q6_K m=248320 n=1 k=5120: 1 x 1206.64 us = 1206.64 us (2107.13 GFLOPS/s)
Total time: 1206.64 us.
----------------
Vulkan Timings:
MUL_MAT_VEC q6_K m=248320 n=1 k=5120: 1 x 1203.16 us = 1203.16 us (2113.23 GFLOPS/s)
Total time: 1203.16 us.
----------------
Vulkan Timings:
MUL_MAT_VEC q6_K m=248320 n=1 k=5120: 1 x 1199.84 us = 1199.84 us (2119.07 GFLOPS/s)
Total time: 1199.84 us.
----------------
Vulkan Timings:
MUL_MAT_VEC q6_K m=248320 n=1 k=5120: 1 x 1201.6 us = 1201.6 us (2115.97 GFLOPS/s)
Total time: 1201.6 us.
----------------
Vulkan Timings:
MUL_MAT_VEC q6_K m=248320 n=1 k=5120: 1 x 1207.44 us = 1207.44 us (2105.73 GFLOPS/s)
Total time: 1207.44 us.
----------------
Vulkan Timings:
MUL_MAT_VEC q6_K m=248320 n=1 k=5120: 1 x 1188.84 us = 1188.84 us (2138.68 GFLOPS/s)
Total time: 1188.84 us.
----------------
Vulkan Timings:
MUL_MAT_VEC q6_K m=248320 n=1 k=5120: 1 x 1195.04 us = 1195.04 us (2127.58 GFLOPS/s)
Total time: 1195.04 us.
----------------
Vulkan Timings:
MUL_MAT_VEC q6_K m=248320 n=1 k=5120: 1 x 1205 us = 1205 us (2110 GFLOPS/s)
Total time: 1205 us.
----------------
Vulkan Timings:
MUL_MAT_VEC q6_K m=248320 n=1 k=5120: 1 x 1188.32 us = 1188.32 us (2139.62 GFLOPS/s)
Total time: 1188.32 us.
----------------
Vulkan Timings:
MUL_MAT_VEC q6_K m=248320 n=1 k=5120: 1 x 1198.72 us = 1198.72 us (2121.05 GFLOPS/s)
Total time: 1198.72 us.
----------------
Vulkan Timings:
MUL_MAT_VEC q6_K m=248320 n=1 k=5120: 1 x 1197.8 us = 1197.8 us (2122.68 GFLOPS/s)
Total time: 1197.8 us.
----------------
Vulkan Timings:
MUL_MAT_VEC q6_K m=248320 n=1 k=5120: 1 x 1195.2 us = 1195.2 us (2127.3 GFLOPS/s)
Total time: 1195.2 us.
----------------
Vulkan Timings:
MUL_MAT_VEC q6_K m=248320 n=1 k=5120: 1 x 1196.24 us = 1196.24 us (2125.45 GFLOPS/s)
Total time: 1196.24 us.
----------------
Vulkan Timings:
MUL_MAT_VEC q6_K m=248320 n=1 k=5120: 1 x 1194.72 us = 1194.72 us (2128.15 GFLOPS/s)
Total time: 1194.72 us.
----------------
Vulkan Timings:
MUL_MAT_VEC q6_K m=248320 n=1 k=5120: 1 x 1196.8 us = 1196.8 us (2124.46 GFLOPS/s)
Total time: 1196.8 us.
----------------
Vulkan Timings:
MUL_MAT_VEC q6_K m=248320 n=1 k=5120: 1 x 1200.56 us = 1200.56 us (2117.8 GFLOPS/s)
Total time: 1200.56 us.
----------------
Vulkan Timings:
MUL_MAT_VEC q6_K m=248320 n=1 k=5120: 1 x 1192.72 us = 1192.72 us (2131.72 GFLOPS/s)
Total time: 1192.72 us.
----------------
Vulkan Timings:
MUL_MAT_VEC q6_K m=248320 n=1 k=5120: 1 x 1236.88 us = 1236.88 us (2055.61 GFLOPS/s)
Total time: 1236.88 us.
----------------
Vulkan Timings:
MUL_MAT_VEC q6_K m=248320 n=1 k=5120: 1 x 1198.8 us = 1198.8 us (2120.91 GFLOPS/s)
Total time: 1198.8 us.
----------------
Vulkan Timings:
MUL_MAT_VEC q6_K m=248320 n=1 k=5120: 1 x 1206.48 us = 1206.48 us (2107.41 GFLOPS/s)
Total time: 1206.48 us.
----------------
Vulkan Timings:
MUL_MAT_VEC q6_K m=248320 n=1 k=5120: 1 x 1198.68 us = 1198.68 us (2121.12 GFLOPS/s)
Total time: 1198.68 us.
----------------
Vulkan Timings:
MUL_MAT_VEC q6_K m=248320 n=1 k=5120: 1 x 1194.24 us = 1194.24 us (2129.01 GFLOPS/s)
Total time: 1194.24 us.
----------------
Vulkan Timings:
MUL_MAT_VEC q6_K m=248320 n=1 k=5120: 1 x 1190.04 us = 1190.04 us (2136.52 GFLOPS/s)
Total time: 1190.04 us.
----------------
Vulkan Timings:
MUL_MAT_VEC q6_K m=248320 n=1 k=5120: 1 x 1198.28 us = 1198.28 us (2121.83 GFLOPS/s)
Total time: 1198.28 us.
----------------
Vulkan Timings:
MUL_MAT_VEC q6_K m=248320 n=1 k=5120: 1 x 1193.6 us = 1193.6 us (2130.15 GFLOPS/s)
Total time: 1193.6 us.
----------------
Vulkan Timings:
MUL_MAT_VEC q6_K m=248320 n=1 k=5120: 1 x 1203.04 us = 1203.04 us (2113.44 GFLOPS/s)
Total time: 1203.04 us.
----------------
Vulkan Timings:
MUL_MAT_VEC q6_K m=248320 n=1 k=5120: 1 x 1189.48 us = 1189.48 us (2137.53 GFLOPS/s)
Total time: 1189.48 us.
----------------
Vulkan Timings:
MUL_MAT_VEC q6_K m=248320 n=1 k=5120: 1 x 1203.52 us = 1203.52 us (2112.59 GFLOPS/s)
Total time: 1203.52 us.
----------------
Vulkan Timings:
MUL_MAT_VEC q6_K m=248320 n=1 k=5120: 1 x 1197.8 us = 1197.8 us (2122.68 GFLOPS/s)
Total time: 1197.8 us.
----------------
Vulkan Timings:
MUL_MAT_VEC q6_K m=248320 n=1 k=5120: 1 x 1205.44 us = 1205.44 us (2109.23 GFLOPS/s)
Total time: 1205.44 us.
----------------
Vulkan Timings:
MUL_MAT_VEC q6_K m=248320 n=1 k=5120: 1 x 1195.2 us = 1195.2 us (2127.3 GFLOPS/s)
Total time: 1195.2 us.
----------------
Vulkan Timings:
MUL_MAT_VEC q6_K m=248320 n=1 k=5120: 1 x 1203.44 us = 1203.44 us (2112.73 GFLOPS/s)
Total time: 1203.44 us.
----------------
Vulkan Timings:
MUL_MAT_VEC q6_K m=248320 n=1 k=5120: 1 x 1200.32 us = 1200.32 us (2118.23 GFLOPS/s)
Total time: 1200.32 us.
----------------
Vulkan Timings:
MUL_MAT_VEC q6_K m=248320 n=1 k=5120: 1 x 1196.64 us = 1196.64 us (2124.74 GFLOPS/s)
Total time: 1196.64 us.
----------------
Vulkan Timings:
MUL_MAT_VEC q6_K m=248320 n=1 k=5120: 1 x 1200.56 us = 1200.56 us (2117.8 GFLOPS/s)
Total time: 1200.56 us.
----------------
Vulkan Timings:
MUL_MAT_VEC q6_K m=248320 n=1 k=5120: 1 x 1199.84 us = 1199.84 us (2119.07 GFLOPS/s)
Total time: 1199.84 us.
----------------
Vulkan Timings:
MUL_MAT_VEC q6_K m=248320 n=1 k=5120: 1 x 1192.72 us = 1192.72 us (2131.72 GFLOPS/s)
Total time: 1192.72 us.
----------------
Vulkan Timings:
MUL_MAT_VEC q6_K m=248320 n=1 k=5120: 1 x 1202.28 us = 1202.28 us (2114.77 GFLOPS/s)
Total time: 1202.28 us.
----------------
Vulkan Timings:
MUL_MAT_VEC q6_K m=248320 n=1 k=5120: 1 x 1193.84 us = 1193.84 us (2129.72 GFLOPS/s)
Total time: 1193.84 us.
----------------
Vulkan Timings:
MUL_MAT_VEC q6_K m=248320 n=1 k=5120: 1 x 1207.72 us = 1207.72 us (2105.25 GFLOPS/s)
Total time: 1207.72 us.
----------------
Vulkan Timings:
MUL_MAT_VEC q6_K m=248320 n=1 k=5120: 1 x 1199.08 us = 1199.08 us (2120.42 GFLOPS/s)
Total time: 1199.08 us.
----------------
Vulkan Timings:
MUL_MAT_VEC q6_K m=248320 n=1 k=5120: 1 x 1191.32 us = 1191.32 us (2134.23 GFLOPS/s)
Total time: 1191.32 us.
----------------
Vulkan Timings:
MUL_MAT_VEC q6_K m=248320 n=1 k=5120: 1 x 1236.16 us = 1236.16 us (2056.81 GFLOPS/s)
Total time: 1236.16 us.
----------------
Vulkan Timings:
MUL_MAT_VEC q6_K m=248320 n=1 k=5120: 1 x 1197.12 us = 1197.12 us (2123.89 GFLOPS/s)
Total time: 1197.12 us.
----------------
Vulkan Timings:
MUL_MAT_VEC q6_K m=248320 n=1 k=5120: 1 x 1187.84 us = 1187.84 us (2140.48 GFLOPS/s)
Total time: 1187.84 us.
----------------
Vulkan Timings:
MUL_MAT_VEC q6_K m=248320 n=1 k=5120: 1 x 1200.28 us = 1200.28 us (2118.3 GFLOPS/s)
Total time: 1200.28 us.
----------------
Vulkan Timings:
MUL_MAT_VEC q6_K m=248320 n=1 k=5120: 1 x 1190.4 us = 1190.4 us (2135.88 GFLOPS/s)
Total time: 1190.4 us.
----------------
Vulkan Timings:
MUL_MAT_VEC q6_K m=248320 n=1 k=5120: 1 x 1202.28 us = 1202.28 us (2114.77 GFLOPS/s)
Total time: 1202.28 us.
----------------
Vulkan Timings:
MUL_MAT_VEC q6_K m=248320 n=1 k=5120: 1 x 1193.6 us = 1193.6 us (2130.15 GFLOPS/s)
Total time: 1193.6 us.
----------------
Vulkan Timings:
MUL_MAT_VEC q6_K m=248320 n=1 k=5120: 1 x 1193.88 us = 1193.88 us (2129.65 GFLOPS/s)
Total time: 1193.88 us.
----------------
Vulkan Timings:
MUL_MAT_VEC q6_K m=248320 n=1 k=5120: 1 x 1192.36 us = 1192.36 us (2132.37 GFLOPS/s)
Total time: 1192.36 us.
----------------
Vulkan Timings:
MUL_MAT_VEC q6_K m=248320 n=1 k=5120: 1 x 1197.28 us = 1197.28 us (2123.6 GFLOPS/s)
Total time: 1197.28 us.
----------------
Vulkan Timings:
MUL_MAT_VEC q6_K m=248320 n=1 k=5120: 1 x 1194.24 us = 1194.24 us (2129.01 GFLOPS/s)
Total time: 1194.24 us.
----------------
Vulkan Timings:
MUL_MAT_VEC q6_K m=248320 n=1 k=5120: 1 x 1203.24 us = 1203.24 us (2113.09 GFLOPS/s)
Total time: 1203.24 us.
----------------
Vulkan Timings:
MUL_MAT_VEC q6_K m=248320 n=1 k=5120: 1 x 1203.24 us = 1203.24 us (2113.09 GFLOPS/s)
Total time: 1203.24 us.
----------------
Vulkan Timings:
MUL_MAT_VEC q6_K m=248320 n=1 k=5120: 1 x 1193.24 us = 1193.24 us (2130.79 GFLOPS/s)
Total time: 1193.24 us.
----------------
Vulkan Timings:
MUL_MAT_VEC q6_K m=248320 n=1 k=5120: 1 x 1203.68 us = 1203.68 us (2112.31 GFLOPS/s)
Total time: 1203.68 us.
----------------
Vulkan Timings:
MUL_MAT_VEC q6_K m=248320 n=1 k=5120: 1 x 1202.6 us = 1202.6 us (2114.21 GFLOPS/s)
Total time: 1202.6 us.
----------------
Vulkan Timings:
MUL_MAT_VEC q6_K m=248320 n=1 k=5120: 1 x 1197.16 us = 1197.16 us (2123.82 GFLOPS/s)
Total time: 1197.16 us.
----------------
Vulkan Timings:
MUL_MAT_VEC q6_K m=248320 n=1 k=5120: 1 x 1194.96 us = 1194.96 us (2127.73 GFLOPS/s)
Total time: 1194.96 us.
----------------
Vulkan Timings:
MUL_MAT_VEC q6_K m=248320 n=1 k=5120: 1 x 1192.08 us = 1192.08 us (2132.87 GFLOPS/s)
Total time: 1192.08 us.
----------------
Vulkan Timings:
MUL_MAT_VEC q6_K m=248320 n=1 k=5120: 1 x 1189.96 us = 1189.96 us (2136.67 GFLOPS/s)
Total time: 1189.96 us.
----------------
Vulkan Timings:
MUL_MAT_VEC q6_K m=248320 n=1 k=5120: 1 x 1192.88 us = 1192.88 us (2131.44 GFLOPS/s)
Total time: 1192.88 us.
----------------
Vulkan Timings:
MUL_MAT_VEC q6_K m=248320 n=1 k=5120: 1 x 1194.92 us = 1194.92 us (2127.8 GFLOPS/s)
Total time: 1194.92 us.
----------------
Vulkan Timings:
MUL_MAT_VEC q6_K m=248320 n=1 k=5120: 1 x 1197.64 us = 1197.64 us (2122.97 GFLOPS/s)
Total time: 1197.64 us.
----------------
Vulkan Timings:
MUL_MAT_VEC q6_K m=248320 n=1 k=5120: 1 x 1200.32 us = 1200.32 us (2118.23 GFLOPS/s)
Total time: 1200.32 us.
----------------
Vulkan Timings:
MUL_MAT_VEC q6_K m=248320 n=1 k=5120: 1 x 1187.04 us = 1187.04 us (2141.92 GFLOPS/s)
Total time: 1187.04 us.
----------------
Vulkan Timings:
MUL_MAT_VEC q6_K m=248320 n=1 k=5120: 1 x 1242.84 us = 1242.84 us (2045.76 GFLOPS/s)
Total time: 1242.84 us.
----------------
Vulkan Timings:
MUL_MAT_VEC q6_K m=248320 n=1 k=5120: 1 x 1201.08 us = 1201.08 us (2116.89 GFLOPS/s)
Total time: 1201.08 us.
----------------
Vulkan Timings:
MUL_MAT_VEC q6_K m=248320 n=1 k=5120: 1 x 1188.68 us = 1188.68 us (2138.97 GFLOPS/s)
Total time: 1188.68 us.
----------------
Vulkan Timings:
MUL_MAT_VEC q6_K m=248320 n=1 k=5120: 1 x 1202.68 us = 1202.68 us (2114.07 GFLOPS/s)
Total time: 1202.68 us.
----------------
Vulkan Timings:
MUL_MAT_VEC q6_K m=248320 n=1 k=5120: 1 x 1195.16 us = 1195.16 us (2127.37 GFLOPS/s)
Total time: 1195.16 us.
----------------
Vulkan Timings:
MUL_MAT_VEC q6_K m=248320 n=1 k=5120: 1 x 1191.24 us = 1191.24 us (2134.37 GFLOPS/s)
Total time: 1191.24 us.
----------------
Vulkan Timings:
MUL_MAT_VEC q6_K m=248320 n=1 k=5120: 1 x 1201.84 us = 1201.84 us (2115.55 GFLOPS/s)
Total time: 1201.84 us.
----------------
Vulkan Timings:
MUL_MAT_VEC q6_K m=248320 n=1 k=5120: 1 x 1193.4 us = 1193.4 us (2130.51 GFLOPS/s)
Total time: 1193.4 us.
----------------
Vulkan Timings:
MUL_MAT_VEC q6_K m=248320 n=1 k=5120: 1 x 1199.76 us = 1199.76 us (2119.21 GFLOPS/s)
Total time: 1199.76 us.
----------------
Vulkan Timings:
MUL_MAT_VEC q6_K m=248320 n=1 k=5120: 1 x 1194.92 us = 1194.92 us (2127.8 GFLOPS/s)
Total time: 1194.92 us.
----------------
Vulkan Timings:
MUL_MAT_VEC q6_K m=248320 n=1 k=5120: 1 x 1202.28 us = 1202.28 us (2114.77 GFLOPS/s)
Total time: 1202.28 us.
----------------
Vulkan Timings:
MUL_MAT_VEC q6_K m=248320 n=1 k=5120: 1 x 1187.88 us = 1187.88 us (2140.41 GFLOPS/s)
Total time: 1187.88 us.
----------------
Vulkan Timings:
MUL_MAT_VEC q6_K m=248320 n=1 k=5120: 1 x 1212.92 us = 1212.92 us (2096.22 GFLOPS/s)
Total time: 1212.92 us.
----------------
Vulkan Timings:
MUL_MAT_VEC q6_K m=248320 n=1 k=5120: 1 x 1190.04 us = 1190.04 us (2136.52 GFLOPS/s)
Total time: 1190.04 us.
----------------
Vulkan Timings:
MUL_MAT_VEC q6_K m=248320 n=1 k=5120: 1 x 1201.12 us = 1201.12 us (2116.81 GFLOPS/s)
Total time: 1201.12 us.
----------------
Vulkan Timings:
MUL_MAT_VEC q6_K m=248320 n=1 k=5120: 1 x 1194.24 us = 1194.24 us (2129.01 GFLOPS/s)
Total time: 1194.24 us.
----------------
Vulkan Timings:
MUL_MAT_VEC q6_K m=248320 n=1 k=5120: 1 x 1202.56 us = 1202.56 us (2114.28 GFLOPS/s)
Total time: 1202.56 us.
----------------
Vulkan Timings:
MUL_MAT_VEC q6_K m=248320 n=1 k=5120: 1 x 1202.68 us = 1202.68 us (2114.07 GFLOPS/s)
Total time: 1202.68 us.
----------------
Vulkan Timings:
MUL_MAT_VEC q6_K m=248320 n=1 k=5120: 1 x 1190.56 us = 1190.56 us (2135.59 GFLOPS/s)
Total time: 1190.56 us.
----------------
Vulkan Timings:
MUL_MAT_VEC q6_K m=248320 n=1 k=5120: 1 x 1196.72 us = 1196.72 us (2124.6 GFLOPS/s)
Total time: 1196.72 us.
----------------
Vulkan Timings:
MUL_MAT_VEC q6_K m=248320 n=1 k=5120: 1 x 1198.12 us = 1198.12 us (2122.12 GFLOPS/s)
Total time: 1198.12 us.
----------------
Vulkan Timings:
MUL_MAT_VEC q6_K m=248320 n=1 k=5120: 1 x 1199.52 us = 1199.52 us (2119.64 GFLOPS/s)
Total time: 1199.52 us.
----------------
Vulkan Timings:
MUL_MAT_VEC q6_K m=248320 n=1 k=5120: 1 x 1195.68 us = 1195.68 us (2126.45 GFLOPS/s)
Total time: 1195.68 us.
----------------
Vulkan Timings:
MUL_MAT_VEC q6_K m=248320 n=1 k=5120: 1 x 1198.48 us = 1198.48 us (2121.48 GFLOPS/s)
Total time: 1198.48 us.
----------------
Vulkan Timings:
MUL_MAT_VEC q6_K m=248320 n=1 k=5120: 1 x 1195.64 us = 1195.64 us (2126.52 GFLOPS/s)
Total time: 1195.64 us.
----------------
Vulkan Timings:
MUL_MAT_VEC q6_K m=248320 n=1 k=5120: 1 x 1237.96 us = 1237.96 us (2053.82 GFLOPS/s)
Total time: 1237.96 us.
----------------
Vulkan Timings:
MUL_MAT_VEC q6_K m=248320 n=1 k=5120: 1 x 1197.72 us = 1197.72 us (2122.82 GFLOPS/s)
Total time: 1197.72 us.
----------------
Vulkan Timings:
MUL_MAT_VEC q6_K m=248320 n=1 k=5120: 1 x 1195.76 us = 1195.76 us (2126.3 GFLOPS/s)
Total time: 1195.76 us.
----------------
Vulkan Timings:
MUL_MAT_VEC q6_K m=248320 n=1 k=5120: 1 x 1194.64 us = 1194.64 us (2128.3 GFLOPS/s)
Total time: 1194.64 us.
----------------
Vulkan Timings:
MUL_MAT_VEC q6_K m=248320 n=1 k=5120: 1 x 1205.88 us = 1205.88 us (2108.46 GFLOPS/s)
Total time: 1205.88 us.
----------------
Vulkan Timings:
MUL_MAT_VEC q6_K m=248320 n=1 k=5120: 1 x 1200.6 us = 1200.6 us (2117.73 GFLOPS/s)
Total time: 1200.6 us.
----------------
Vulkan Timings:
MUL_MAT_VEC q6_K m=248320 n=1 k=5120: 1 x 1190.24 us = 1190.24 us (2136.16 GFLOPS/s)
Total time: 1190.24 us.
----------------
Vulkan Timings:
MUL_MAT_VEC q6_K m=248320 n=1 k=5120: 1 x 1204.4 us = 1204.4 us (2111.05 GFLOPS/s)
Total time: 1204.4 us.
----------------
Vulkan Timings:
MUL_MAT_VEC q6_K m=248320 n=1 k=5120: 1 x 1194.8 us = 1194.8 us (2128.01 GFLOPS/s)
Total time: 1194.8 us.
----------------
Vulkan Timings:
MUL_MAT_VEC q6_K m=248320 n=1 k=5120: 1 x 1202.04 us = 1202.04 us (2115.19 GFLOPS/s)
Total time: 1202.04 us.
----------------
Vulkan Timings:
MUL_MAT_VEC q6_K m=248320 n=1 k=5120: 1 x 1193.24 us = 1193.24 us (2130.79 GFLOPS/s)
Total time: 1193.24 us.
----------------
Vulkan Timings:
MUL_MAT_VEC q6_K m=248320 n=1 k=5120: 1 x 1202.68 us = 1202.68 us (2114.07 GFLOPS/s)
Total time: 1202.68 us.
----------------
Vulkan Timings:
MUL_MAT_VEC q6_K m=248320 n=1 k=5120: 1 x 1206.48 us = 1206.48 us (2107.41 GFLOPS/s)
Total time: 1206.48 us.
----------------
Vulkan Timings:
MUL_MAT_VEC q6_K m=248320 n=1 k=5120: 1 x 1199.56 us = 1199.56 us (2119.57 GFLOPS/s)
Total time: 1199.56 us.
----------------
Vulkan Timings:
MUL_MAT_VEC q6_K m=248320 n=1 k=5120: 1 x 1198.4 us = 1198.4 us (2121.62 GFLOPS/s)
Total time: 1198.4 us.
----------------
Vulkan Timings:
MUL_MAT_VEC q6_K m=248320 n=1 k=5120: 1 x 1191.28 us = 1191.28 us (2134.3 GFLOPS/s)
Total time: 1191.28 us.
----------------
Vulkan Timings:
MUL_MAT_VEC q6_K m=248320 n=1 k=5120: 1 x 1203.68 us = 1203.68 us (2112.31 GFLOPS/s)
Total time: 1203.68 us.
----------------
Vulkan Timings:
MUL_MAT_VEC q6_K m=248320 n=1 k=5120: 1 x 1194.12 us = 1194.12 us (2129.22 GFLOPS/s)
Total time: 1194.12 us.
----------------
Vulkan Timings:
MUL_MAT_VEC q6_K m=248320 n=1 k=5120: 1 x 1201.36 us = 1201.36 us (2116.39 GFLOPS/s)
Total time: 1201.36 us.
----------------
Vulkan Timings:
MUL_MAT_VEC q6_K m=248320 n=1 k=5120: 1 x 1202.36 us = 1202.36 us (2114.63 GFLOPS/s)
Total time: 1202.36 us.
----------------
Vulkan Timings:
MUL_MAT_VEC q6_K m=248320 n=1 k=5120: 1 x 1195.08 us = 1195.08 us (2127.51 GFLOPS/s)
Total time: 1195.08 us.
----------------
Vulkan Timings:
MUL_MAT_VEC q6_K m=248320 n=1 k=5120: 1 x 1192.48 us = 1192.48 us (2132.15 GFLOPS/s)
Total time: 1192.48 us.
----------------
Vulkan Timings:
MUL_MAT_VEC q6_K m=248320 n=1 k=5120: 1 x 1196.04 us = 1196.04 us (2125.81 GFLOPS/s)
Total time: 1196.04 us.
----------------
Vulkan Timings:
MUL_MAT_VEC q6_K m=248320 n=1 k=5120: 1 x 1191.72 us = 1191.72 us (2133.51 GFLOPS/s)
Total time: 1191.72 us.
----------------
Vulkan Timings:
MUL_MAT_VEC q6_K m=248320 n=1 k=5120: 1 x 1199 us = 1199 us (2120.56 GFLOPS/s)
Total time: 1199 us.
----------------
Vulkan Timings:
MUL_MAT_VEC q6_K m=248320 n=1 k=5120: 1 x 1235.92 us = 1235.92 us (2057.21 GFLOPS/s)
Total time: 1235.92 us.
----------------
Vulkan Timings:
MUL_MAT_VEC q6_K m=248320 n=1 k=5120: 1 x 1196.6 us = 1196.6 us (2124.81 GFLOPS/s)
Total time: 1196.6 us.
----------------
Vulkan Timings:
MUL_MAT_VEC q6_K m=248320 n=1 k=5120: 1 x 1199 us = 1199 us (2120.56 GFLOPS/s)
Total time: 1199 us.
----------------
Vulkan Timings:
MUL_MAT_VEC q6_K m=248320 n=1 k=5120: 1 x 1200.32 us = 1200.32 us (2118.23 GFLOPS/s)
Total time: 1200.32 us.
----------------
Vulkan Timings:
MUL_MAT_VEC q6_K m=248320 n=1 k=5120: 1 x 1191.96 us = 1191.96 us (2133.08 GFLOPS/s)
Total time: 1191.96 us.
----------------
Vulkan Timings:
MUL_MAT_VEC q6_K m=248320 n=1 k=5120: 1 x 1192.28 us = 1192.28 us (2132.51 GFLOPS/s)
Total time: 1192.28 us.
----------------
Vulkan Timings:
MUL_MAT_VEC q6_K m=248320 n=1 k=5120: 1 x 1199.28 us = 1199.28 us (2120.06 GFLOPS/s)
Total time: 1199.28 us.
----------------
Vulkan Timings:
MUL_MAT_VEC q6_K m=248320 n=1 k=5120: 1 x 1193 us = 1193 us (2131.22 GFLOPS/s)
Total time: 1193 us.
----------------
Vulkan Timings:
MUL_MAT_VEC q6_K m=248320 n=1 k=5120: 1 x 1204 us = 1204 us (2111.75 GFLOPS/s)
Total time: 1204 us.
----------------
Vulkan Timings:
MUL_MAT_VEC q6_K m=248320 n=1 k=5120: 1 x 1196.56 us = 1196.56 us (2124.88 GFLOPS/s)
Total time: 1196.56 us.
----------------
Vulkan Timings:
MUL_MAT_VEC q6_K m=248320 n=1 k=5120: 1 x 1196.84 us = 1196.84 us (2124.38 GFLOPS/s)
Total time: 1196.84 us.
----------------
Vulkan Timings:
MUL_MAT_VEC q6_K m=248320 n=1 k=5120: 1 x 1198.8 us = 1198.8 us (2120.91 GFLOPS/s)
Total time: 1198.8 us.
----------------
Vulkan Timings:
MUL_MAT_VEC q6_K m=248320 n=1 k=5120: 1 x 1204.16 us = 1204.16 us (2111.47 GFLOPS/s)
Total time: 1204.16 us.
----------------
Vulkan Timings:
MUL_MAT_VEC q6_K m=248320 n=1 k=5120: 1 x 1198.84 us = 1198.84 us (2120.84 GFLOPS/s)
Total time: 1198.84 us.
----------------
Vulkan Timings:
MUL_MAT_VEC q6_K m=248320 n=1 k=5120: 1 x 1193.96 us = 1193.96 us (2129.51 GFLOPS/s)
Total time: 1193.96 us.
----------------
Vulkan Timings:
MUL_MAT_VEC q6_K m=248320 n=1 k=5120: 1 x 1200.28 us = 1200.28 us (2118.3 GFLOPS/s)
Total time: 1200.28 us.
----------------
Vulkan Timings:
MUL_MAT_VEC q6_K m=248320 n=1 k=5120: 1 x 1190.52 us = 1190.52 us (2135.66 GFLOPS/s)
Total time: 1190.52 us.
----------------
Vulkan Timings:
MUL_MAT_VEC q6_K m=248320 n=1 k=5120: 1 x 1190.96 us = 1190.96 us (2134.87 GFLOPS/s)
Total time: 1190.96 us.
----------------
Vulkan Timings:
MUL_MAT_VEC q6_K m=248320 n=1 k=5120: 1 x 1199.12 us = 1199.12 us (2120.35 GFLOPS/s)
Total time: 1199.12 us.
----------------
Vulkan Timings:
MUL_MAT_VEC q6_K m=248320 n=1 k=5120: 1 x 1204.32 us = 1204.32 us (2111.19 GFLOPS/s)
Total time: 1204.32 us.
----------------
Vulkan Timings:
MUL_MAT_VEC q6_K m=248320 n=1 k=5120: 1 x 1203.32 us = 1203.32 us (2112.94 GFLOPS/s)
Total time: 1203.32 us.
----------------
Vulkan Timings:
MUL_MAT_VEC q6_K m=248320 n=1 k=5120: 1 x 1197.4 us = 1197.4 us (2123.39 GFLOPS/s)
Total time: 1197.4 us.
----------------
Vulkan Timings:
MUL_MAT_VEC q6_K m=248320 n=1 k=5120: 1 x 1195.92 us = 1195.92 us (2126.02 GFLOPS/s)
Total time: 1195.92 us.
----------------
Vulkan Timings:
MUL_MAT_VEC q6_K m=248320 n=1 k=5120: 1 x 1202.84 us = 1202.84 us (2113.79 GFLOPS/s)
Total time: 1202.84 us.
----------------
Vulkan Timings:
MUL_MAT_VEC q6_K m=248320 n=1 k=5120: 1 x 1200.48 us = 1200.48 us (2117.94 GFLOPS/s)
Total time: 1200.48 us.
----------------
Vulkan Timings:
MUL_MAT_VEC q6_K m=248320 n=1 k=5120: 1 x 1230.12 us = 1230.12 us (2066.91 GFLOPS/s)
Total time: 1230.12 us.
----------------
Vulkan Timings:
MUL_MAT_VEC q6_K m=248320 n=1 k=5120: 1 x 1200.88 us = 1200.88 us (2117.24 GFLOPS/s)
Total time: 1200.88 us.
----------------
Vulkan Timings:
MUL_MAT_VEC q6_K m=248320 n=1 k=5120: 1 x 1199.8 us = 1199.8 us (2119.14 GFLOPS/s)
Total time: 1199.8 us.
----------------
Vulkan Timings:
MUL_MAT_VEC q6_K m=248320 n=1 k=5120: 1 x 1201.36 us = 1201.36 us (2116.39 GFLOPS/s)
Total time: 1201.36 us.
----------------
Vulkan Timings:
MUL_MAT_VEC q6_K m=248320 n=1 k=5120: 1 x 1199.12 us = 1199.12 us (2120.35 GFLOPS/s)
Total time: 1199.12 us.
----------------
Vulkan Timings:
MUL_MAT_VEC q6_K m=248320 n=1 k=5120: 1 x 1203.12 us = 1203.12 us (2113.3 GFLOPS/s)
Total time: 1203.12 us.
----------------
Vulkan Timings:
MUL_MAT_VEC q6_K m=248320 n=1 k=5120: 1 x 1193.76 us = 1193.76 us (2129.87 GFLOPS/s)
Total time: 1193.76 us.
----------------
Vulkan Timings:
MUL_MAT_VEC q6_K m=248320 n=1 k=5120: 1 x 1198.32 us = 1198.32 us (2121.76 GFLOPS/s)
Total time: 1198.32 us.
----------------
Vulkan Timings:
MUL_MAT_VEC q6_K m=248320 n=1 k=5120: 1 x 1199.6 us = 1199.6 us (2119.5 GFLOPS/s)
Total time: 1199.6 us.
----------------
Vulkan Timings:
MUL_MAT_VEC q6_K m=248320 n=1 k=5120: 1 x 1194.12 us = 1194.12 us (2129.22 GFLOPS/s)
Total time: 1194.12 us.
----------------
Vulkan Timings:
MUL_MAT_VEC q6_K m=248320 n=1 k=5120: 1 x 1200.44 us = 1200.44 us (2118.01 GFLOPS/s)
Total time: 1200.44 us.
----------------
Vulkan Timings:
MUL_MAT_VEC q6_K m=248320 n=1 k=5120: 1 x 1204.92 us = 1204.92 us (2110.14 GFLOPS/s)
Total time: 1204.92 us.
----------------
Vulkan Timings:
MUL_MAT_VEC q6_K m=248320 n=1 k=5120: 1 x 1213.84 us = 1213.84 us (2094.63 GFLOPS/s)
Total time: 1213.84 us.
----------------
Vulkan Timings:
MUL_MAT_VEC q6_K m=248320 n=1 k=5120: 1 x 1197.8 us = 1197.8 us (2122.68 GFLOPS/s)
Total time: 1197.8 us.
----------------
Vulkan Timings:
MUL_MAT_VEC q6_K m=248320 n=1 k=5120: 1 x 1197.24 us = 1197.24 us (2123.67 GFLOPS/s)
Total time: 1197.24 us.
----------------
Vulkan Timings:
MUL_MAT_VEC q6_K m=248320 n=1 k=5120: 1 x 1200.24 us = 1200.24 us (2118.37 GFLOPS/s)
Total time: 1200.24 us.
----------------
Vulkan Timings:
MUL_MAT_VEC q6_K m=248320 n=1 k=5120: 1 x 1202.08 us = 1202.08 us (2115.12 GFLOPS/s)
Total time: 1202.08 us.
----------------
Vulkan Timings:
MUL_MAT_VEC q6_K m=248320 n=1 k=5120: 1 x 1199.6 us = 1199.6 us (2119.5 GFLOPS/s)
Total time: 1199.6 us.
----------------
Vulkan Timings:
MUL_MAT_VEC q6_K m=248320 n=1 k=5120: 1 x 1203.76 us = 1203.76 us (2112.17 GFLOPS/s)
Total time: 1203.76 us.
----------------
Vulkan Timings:
MUL_MAT_VEC q6_K m=248320 n=1 k=5120: 1 x 1204.16 us = 1204.16 us (2111.47 GFLOPS/s)
Total time: 1204.16 us.
----------------
Vulkan Timings:
MUL_MAT_VEC q6_K m=248320 n=1 k=5120: 1 x 1194.72 us = 1194.72 us (2128.15 GFLOPS/s)
Total time: 1194.72 us.
----------------
Vulkan Timings:
MUL_MAT_VEC q6_K m=248320 n=1 k=5120: 1 x 1200.64 us = 1200.64 us (2117.66 GFLOPS/s)
Total time: 1200.64 us.
----------------
Vulkan Timings:
MUL_MAT_VEC q6_K m=248320 n=1 k=5120: 1 x 1198.36 us = 1198.36 us (2121.69 GFLOPS/s)
Total time: 1198.36 us.
----------------
Vulkan Timings:
MUL_MAT_VEC q6_K m=248320 n=1 k=5120: 1 x 1202.76 us = 1202.76 us (2113.93 GFLOPS/s)
Total time: 1202.76 us.
----------------
Vulkan Timings:
MUL_MAT_VEC q6_K m=248320 n=1 k=5120: 1 x 1199.24 us = 1199.24 us (2120.13 GFLOPS/s)
Total time: 1199.24 us.
----------------
Vulkan Timings:
MUL_MAT_VEC q6_K m=248320 n=1 k=5120: 1 x 1237.84 us = 1237.84 us (2054.02 GFLOPS/s)
Total time: 1237.84 us.
----------------
Vulkan Timings:
MUL_MAT_VEC q6_K m=248320 n=1 k=5120: 1 x 1200.12 us = 1200.12 us (2118.58 GFLOPS/s)
Total time: 1200.12 us.
----------------
Vulkan Timings:
MUL_MAT_VEC q6_K m=248320 n=1 k=5120: 1 x 1202.68 us = 1202.68 us (2114.07 GFLOPS/s)
Total time: 1202.68 us.
----------------
Vulkan Timings:
MUL_MAT_VEC q6_K m=248320 n=1 k=5120: 1 x 1197.6 us = 1197.6 us (2123.04 GFLOPS/s)
Total time: 1197.6 us.
----------------
Vulkan Timings:
MUL_MAT_VEC q6_K m=248320 n=1 k=5120: 1 x 1195.24 us = 1195.24 us (2127.23 GFLOPS/s)
Total time: 1195.24 us.
----------------
Vulkan Timings:
MUL_MAT_VEC q6_K m=248320 n=1 k=5120: 1 x 1201.24 us = 1201.24 us (2116.6 GFLOPS/s)
Total time: 1201.24 us.
----------------
Vulkan Timings:
MUL_MAT_VEC q6_K m=248320 n=1 k=5120: 1 x 1203.6 us = 1203.6 us (2112.45 GFLOPS/s)
Total time: 1203.6 us.
----------------
Vulkan Timings:
MUL_MAT_VEC q6_K m=248320 n=1 k=5120: 1 x 1195.52 us = 1195.52 us (2126.73 GFLOPS/s)
Total time: 1195.52 us.
----------------
Vulkan Timings:
MUL_MAT_VEC q6_K m=248320 n=1 k=5120: 1 x 1203.92 us = 1203.92 us (2111.89 GFLOPS/s)
Total time: 1203.92 us.
----------------
Vulkan Timings:
MUL_MAT_VEC q6_K m=248320 n=1 k=5120: 1 x 1192.8 us = 1192.8 us (2131.58 GFLOPS/s)
Total time: 1192.8 us.
----------------
Vulkan Timings:
MUL_MAT_VEC q6_K m=248320 n=1 k=5120: 1 x 1201.64 us = 1201.64 us (2115.9 GFLOPS/s)
Total time: 1201.64 us.
----------------
Vulkan Timings:
MUL_MAT_VEC q6_K m=248320 n=1 k=5120: 1 x 1204.52 us = 1204.52 us (2110.84 GFLOPS/s)
Total time: 1204.52 us.
----------------
Vulkan Timings:
MUL_MAT_VEC q6_K m=248320 n=1 k=5120: 1 x 1209.64 us = 1209.64 us (2101.91 GFLOPS/s)
Total time: 1209.64 us.
----------------
Vulkan Timings:
MUL_MAT_VEC q6_K m=248320 n=1 k=5120: 1 x 1194.12 us = 1194.12 us (2129.22 GFLOPS/s)
Total time: 1194.12 us.
----------------
Vulkan Timings:
MUL_MAT_VEC q6_K m=248320 n=1 k=5120: 1 x 1192.2 us = 1192.2 us (2132.65 GFLOPS/s)
Total time: 1192.2 us.
----------------
Vulkan Timings:
MUL_MAT_VEC q6_K m=248320 n=1 k=5120: 1 x 1202.44 us = 1202.44 us (2114.49 GFLOPS/s)
Total time: 1202.44 us.
----------------
Vulkan Timings:
MUL_MAT_VEC q6_K m=248320 n=1 k=5120: 1 x 1194.6 us = 1194.6 us (2128.37 GFLOPS/s)
Total time: 1194.6 us.
----------------
Vulkan Timings:
MUL_MAT_VEC q6_K m=248320 n=1 k=5120: 1 x 1196.28 us = 1196.28 us (2125.38 GFLOPS/s)
Total time: 1196.28 us.
----------------
Vulkan Timings:
MUL_MAT_VEC q6_K m=248320 n=1 k=5120: 1 x 1201.64 us = 1201.64 us (2115.9 GFLOPS/s)
Total time: 1201.64 us.
----------------
Vulkan Timings:
MUL_MAT_VEC q6_K m=248320 n=1 k=5120: 1 x 1200.24 us = 1200.24 us (2118.37 GFLOPS/s)
Total time: 1200.24 us.
----------------
Vulkan Timings:
MUL_MAT_VEC q6_K m=248320 n=1 k=5120: 1 x 1189.12 us = 1189.12 us (2138.18 GFLOPS/s)
Total time: 1189.12 us.
----------------
Vulkan Timings:
MUL_MAT_VEC q6_K m=248320 n=1 k=5120: 1 x 1195.2 us = 1195.2 us (2127.3 GFLOPS/s)
Total time: 1195.2 us.
----------------
Vulkan Timings:
MUL_MAT_VEC q6_K m=248320 n=1 k=5120: 1 x 1193.36 us = 1193.36 us (2130.58 GFLOPS/s)
Total time: 1193.36 us.
----------------
Vulkan Timings:
MUL_MAT_VEC q6_K m=248320 n=1 k=5120: 1 x 1197.08 us = 1197.08 us (2123.96 GFLOPS/s)
Total time: 1197.08 us.
----------------
Vulkan Timings:
MUL_MAT_VEC q6_K m=248320 n=1 k=5120: 1 x 1204.08 us = 1204.08 us (2111.61 GFLOPS/s)
Total time: 1204.08 us.
----------------
Vulkan Timings:
MUL_MAT_VEC q6_K m=248320 n=1 k=5120: 1 x 1235.6 us = 1235.6 us (2057.74 GFLOPS/s)
Total time: 1235.6 us.
----------------
Vulkan Timings:
MUL_MAT_VEC q6_K m=248320 n=1 k=5120: 1 x 1197.72 us = 1197.72 us (2122.82 GFLOPS/s)
Total time: 1197.72 us.
----------------
Vulkan Timings:
MUL_MAT_VEC q6_K m=248320 n=1 k=5120: 1 x 1200.44 us = 1200.44 us (2118.01 GFLOPS/s)
Total time: 1200.44 us.
----------------
Vulkan Timings:
MUL_MAT_VEC q6_K m=248320 n=1 k=5120: 1 x 1199.76 us = 1199.76 us (2119.21 GFLOPS/s)
Total time: 1199.76 us.
----------------
Vulkan Timings:
MUL_MAT_VEC q6_K m=248320 n=1 k=5120: 1 x 1201.12 us = 1201.12 us (2116.81 GFLOPS/s)
Total time: 1201.12 us.
----------------
Vulkan Timings:
MUL_MAT_VEC q6_K m=248320 n=1 k=5120: 1 x 1189.6 us = 1189.6 us (2137.31 GFLOPS/s)
Total time: 1189.6 us.
----------------
Vulkan Timings:
MUL_MAT_VEC q6_K m=248320 n=1 k=5120: 1 x 1203.12 us = 1203.12 us (2113.3 GFLOPS/s)
Total time: 1203.12 us.
----------------
Vulkan Timings:
MUL_MAT_VEC q6_K m=248320 n=1 k=5120: 1 x 1203.76 us = 1203.76 us (2112.17 GFLOPS/s)
Total time: 1203.76 us.
----------------
Vulkan Timings:
MUL_MAT_VEC q6_K m=248320 n=1 k=5120: 1 x 1193.6 us = 1193.6 us (2130.15 GFLOPS/s)
Total time: 1193.6 us.
----------------
Vulkan Timings:
MUL_MAT_VEC q6_K m=248320 n=1 k=5120: 1 x 1204.2 us = 1204.2 us (2111.4 GFLOPS/s)
Total time: 1204.2 us.
----------------
Vulkan Timings:
MUL_MAT_VEC q6_K m=248320 n=1 k=5120: 1 x 1198.28 us = 1198.28 us (2121.83 GFLOPS/s)
Total time: 1198.28 us.
----------------
Vulkan Timings:
MUL_MAT_VEC q6_K m=248320 n=1 k=5120: 1 x 1204.12 us = 1204.12 us (2111.54 GFLOPS/s)
Total time: 1204.12 us.
----------------
Vulkan Timings:
MUL_MAT_VEC q6_K m=248320 n=1 k=5120: 1 x 1209.84 us = 1209.84 us (2101.56 GFLOPS/s)
Total time: 1209.84 us.
----------------
Vulkan Timings:
MUL_MAT_VEC q6_K m=248320 n=1 k=5120: 1 x 1200.36 us = 1200.36 us (2118.15 GFLOPS/s)
Total time: 1200.36 us.
----------------
Vulkan Timings:
MUL_MAT_VEC q6_K m=248320 n=1 k=5120: 1 x 1198.32 us = 1198.32 us (2121.76 GFLOPS/s)
Total time: 1198.32 us.
----------------
Vulkan Timings:
MUL_MAT_VEC q6_K m=248320 n=1 k=5120: 1 x 1198.48 us = 1198.48 us (2121.48 GFLOPS/s)
Total time: 1198.48 us.
----------------
Vulkan Timings:
MUL_MAT_VEC q6_K m=248320 n=1 k=5120: 1 x 1198.88 us = 1198.88 us (2120.77 GFLOPS/s)
Total time: 1198.88 us.
----------------
Vulkan Timings:
MUL_MAT_VEC q6_K m=248320 n=1 k=5120: 1 x 1200.56 us = 1200.56 us (2117.8 GFLOPS/s)
Total time: 1200.56 us.
----------------
Vulkan Timings:
MUL_MAT_VEC q6_K m=248320 n=1 k=5120: 1 x 1198.88 us = 1198.88 us (2120.77 GFLOPS/s)
Total time: 1198.88 us.
----------------
Vulkan Timings:
MUL_MAT_VEC q6_K m=248320 n=1 k=5120: 1 x 1192.76 us = 1192.76 us (2131.65 GFLOPS/s)
Total time: 1192.76 us.
----------------
Vulkan Timings:
MUL_MAT_VEC q6_K m=248320 n=1 k=5120: 1 x 1204.36 us = 1204.36 us (2111.12 GFLOPS/s)
Total time: 1204.36 us.
----------------
Vulkan Timings:
MUL_MAT_VEC q6_K m=248320 n=1 k=5120: 1 x 1196.2 us = 1196.2 us (2125.52 GFLOPS/s)
Total time: 1196.2 us.
----------------
Vulkan Timings:
MUL_MAT_VEC q6_K m=248320 n=1 k=5120: 1 x 1199.76 us = 1199.76 us (2119.21 GFLOPS/s)
Total time: 1199.76 us.
----------------
Vulkan Timings:
MUL_MAT_VEC q6_K m=248320 n=1 k=5120: 1 x 1197.32 us = 1197.32 us (2123.53 GFLOPS/s)
Total time: 1197.32 us.
----------------
Vulkan Timings:
MUL_MAT_VEC q6_K m=248320 n=1 k=5120: 1 x 1199.28 us = 1199.28 us (2120.06 GFLOPS/s)
Total time: 1199.28 us.
----------------
Vulkan Timings:
MUL_MAT_VEC q6_K m=248320 n=1 k=5120: 1 x 1234.16 us = 1234.16 us (2060.14 GFLOPS/s)
Total time: 1234.16 us.
----------------
Vulkan Timings:
MUL_MAT_VEC q6_K m=248320 n=1 k=5120: 1 x 1198.96 us = 1198.96 us (2120.63 GFLOPS/s)
Total time: 1198.96 us.
----------------
Vulkan Timings:
MUL_MAT_VEC q6_K m=248320 n=1 k=5120: 1 x 1188.72 us = 1188.72 us (2138.9 GFLOPS/s)
Total time: 1188.72 us.
----------------
Vulkan Timings:
MUL_MAT_VEC q6_K m=248320 n=1 k=5120: 1 x 1198.12 us = 1198.12 us (2122.12 GFLOPS/s)
Total time: 1198.12 us.
----------------
Vulkan Timings:
MUL_MAT_VEC q6_K m=248320 n=1 k=5120: 1 x 1202.52 us = 1202.52 us (2114.35 GFLOPS/s)
Total time: 1202.52 us.
----------------
Vulkan Timings:
MUL_MAT_VEC q6_K m=248320 n=1 k=5120: 1 x 1200.4 us = 1200.4 us (2118.08 GFLOPS/s)
Total time: 1200.4 us.
----------------
Vulkan Timings:
MUL_MAT_VEC q6_K m=248320 n=1 k=5120: 1 x 1197.4 us = 1197.4 us (2123.39 GFLOPS/s)
Total time: 1197.4 us.
----------------
Vulkan Timings:
MUL_MAT_VEC q6_K m=248320 n=1 k=5120: 1 x 1198.28 us = 1198.28 us (2121.83 GFLOPS/s)
Total time: 1198.28 us.
----------------
Vulkan Timings:
MUL_MAT_VEC q6_K m=248320 n=1 k=5120: 1 x 1197.24 us = 1197.24 us (2123.67 GFLOPS/s)
Total time: 1197.24 us.
----------------
Vulkan Timings:
MUL_MAT_VEC q6_K m=248320 n=1 k=5120: 1 x 1203.84 us = 1203.84 us (2112.03 GFLOPS/s)
Total time: 1203.84 us.
----------------
Vulkan Timings:
MUL_MAT_VEC q6_K m=248320 n=1 k=5120: 1 x 1199.68 us = 1199.68 us (2119.36 GFLOPS/s)
Total time: 1199.68 us.
----------------
Vulkan Timings:
MUL_MAT_VEC q6_K m=248320 n=1 k=5120: 1 x 1196.08 us = 1196.08 us (2125.73 GFLOPS/s)
Total time: 1196.08 us.
----------------
Vulkan Timings:
MUL_MAT_VEC q6_K m=248320 n=1 k=5120: 1 x 1210.68 us = 1210.68 us (2100.1 GFLOPS/s)
Total time: 1210.68 us.
----------------
Vulkan Timings:
MUL_MAT_VEC q6_K m=248320 n=1 k=5120: 1 x 1202.08 us = 1202.08 us (2115.12 GFLOPS/s)
Total time: 1202.08 us.
----------------
Vulkan Timings:
MUL_MAT_VEC q6_K m=248320 n=1 k=5120: 1 x 1198.24 us = 1198.24 us (2121.9 GFLOPS/s)
Total time: 1198.24 us.
----------------
Vulkan Timings:
MUL_MAT_VEC q6_K m=248320 n=1 k=5120: 1 x 1197.12 us = 1197.12 us (2123.89 GFLOPS/s)
Total time: 1197.12 us.
----------------
Vulkan Timings:
MUL_MAT_VEC q6_K m=248320 n=1 k=5120: 1 x 1204.44 us = 1204.44 us (2110.98 GFLOPS/s)
Total time: 1204.44 us.
----------------
Vulkan Timings:
MUL_MAT_VEC q6_K m=248320 n=1 k=5120: 1 x 1195.32 us = 1195.32 us (2127.09 GFLOPS/s)
Total time: 1195.32 us.
----------------
Vulkan Timings:
MUL_MAT_VEC q6_K m=248320 n=1 k=5120: 1 x 1199.84 us = 1199.84 us (2119.07 GFLOPS/s)
Total time: 1199.84 us.
----------------
Vulkan Timings:
MUL_MAT_VEC q6_K m=248320 n=1 k=5120: 1 x 1193.68 us = 1193.68 us (2130.01 GFLOPS/s)
Total time: 1193.68 us.
----------------
Vulkan Timings:
MUL_MAT_VEC q6_K m=248320 n=1 k=5120: 1 x 1187.08 us = 1187.08 us (2141.85 GFLOPS/s)
Total time: 1187.08 us.
----------------
Vulkan Timings:
MUL_MAT_VEC q6_K m=248320 n=1 k=5120: 1 x 1202.24 us = 1202.24 us (2114.84 GFLOPS/s)
Total time: 1202.24 us.
----------------
Vulkan Timings:
MUL_MAT_VEC q6_K m=248320 n=1 k=5120: 1 x 1194 us = 1194 us (2129.44 GFLOPS/s)
Total time: 1194 us.
