Traceback (most recent call last):
  File "/home/USER/projects/zerv/bench/tune_matvec.py", line 85, in <module>
    if __name__ == "__main__": main()
                               ~~~~^^
  File "/home/USER/projects/zerv/bench/tune_matvec.py", line 55, in main
    run([native, "--fixtures", artifact, str(a.rows)])
    ~~~^^^^^^^^^^^^^^^^^^^^^^^^^^^^^^^^^^^^^^^^^^^^^^^
  File "/home/USER/projects/zerv/bench/tune_matvec.py", line 37, in run
    r = subprocess.run(cmd, cwd=ROOT, text=True, capture_output=True, timeout=300)
  File "/usr/lib/python3.14/subprocess.py", line 555, in run
    with Popen(*popenargs, **kwargs) as process:
         ~~~~~^^^^^^^^^^^^^^^^^^^^^^
  File "/usr/lib/python3.14/subprocess.py", line 1039, in __init__
    self._execute_child(args, executable, preexec_fn, close_fds,
    ~~~~~~~~~~~~~~~~~~~^^^^^^^^^^^^^^^^^^^^^^^^^^^^^^^^^^^^^^^^^
                        pass_fds, cwd, env,
                        ^^^^^^^^^^^^^^^^^^^
    ...<5 lines>...
                        gid, gids, uid, umask,
                        ^^^^^^^^^^^^^^^^^^^^^^
                        start_new_session, process_group)
                        ^^^^^^^^^^^^^^^^^^^^^^^^^^^^^^^^^
  File "/usr/lib/python3.14/subprocess.py", line 1990, in _execute_child
    raise child_exception_type(errno_num, err_msg, err_filename)
PermissionError: [Errno 13] Permission denied: '/home/USER/projects/zerv/third_party/matvec-dfs/2026-09-22-matvec-half/native'
