["glslc", "--target-env=vulkan1.1", "-O", "-fshader-stage=compute", "-DFORMAT=0", "-DBLOCK_BYTES=4", "-DPAYLOAD_OFFSET=2", "-DLANES=64", "-DROWS=1", "-DACC_FMA=1", "/home/USER/projects/zerv/docs/bench/data/2026-09-22-matvec-packed64r1f1/candidate.comp", "-o", "/home/USER/projects/zerv/third_party/matvec-dfs/2026-09-22-matvec-packed64r1f1/f32.spv"]
["spirv-val", "--target-env", "vulkan1.1", "/home/USER/projects/zerv/third_party/matvec-dfs/2026-09-22-matvec-packed64r1f1/f32.spv"]
["glslc", "--target-env=vulkan1.1", "-O", "-fshader-stage=compute", "-DFORMAT=2", "-DBLOCK_BYTES=18", "-DPAYLOAD_OFFSET=2", "-DLANES=64", "-DROWS=1", "-DACC_FMA=1", "/home/USER/projects/zerv/docs/bench/data/2026-09-22-matvec-packed64r1f1/candidate.comp", "-o", "/home/USER/projects/zerv/third_party/matvec-dfs/2026-09-22-matvec-packed64r1f1/q4_0.spv"]
["spirv-val", "--target-env", "vulkan1.1", "/home/USER/projects/zerv/third_party/matvec-dfs/2026-09-22-matvec-packed64r1f1/q4_0.spv"]
["glslc", "--target-env=vulkan1.1", "-O", "-fshader-stage=compute", "-DFORMAT=3", "-DBLOCK_BYTES=20", "-DPAYLOAD_OFFSET=4", "-DLANES=64", "-DROWS=1", "-DACC_FMA=1", "/home/USER/projects/zerv/docs/bench/data/2026-09-22-matvec-packed64r1f1/candidate.comp", "-o", "/home/USER/projects/zerv/third_party/matvec-dfs/2026-09-22-matvec-packed64r1f1/q4_1.spv"]
["spirv-val", "--target-env", "vulkan1.1", "/home/USER/projects/zerv/third_party/matvec-dfs/2026-09-22-matvec-packed64r1f1/q4_1.spv"]
["glslc", "--target-env=vulkan1.1", "-O", "-fshader-stage=compute", "-DFORMAT=13", "-DBLOCK_BYTES=176", "-DPAYLOAD_OFFSET=2", "-DLANES=64", "-DROWS=1", "-DACC_FMA=1", "/home/USER/projects/zerv/docs/bench/data/2026-09-22-matvec-packed64r1f1/candidate.comp", "-o", "/home/USER/projects/zerv/third_party/matvec-dfs/2026-09-22-matvec-packed64r1f1/q5_k.spv"]
["spirv-val", "--target-env", "vulkan1.1", "/home/USER/projects/zerv/third_party/matvec-dfs/2026-09-22-matvec-packed64r1f1/q5_k.spv"]
["glslc", "--target-env=vulkan1.1", "-O", "-fshader-stage=compute", "-DFORMAT=14", "-DBLOCK_BYTES=210", "-DPAYLOAD_OFFSET=2", "-DLANES=64", "-DROWS=1", "-DACC_FMA=1", "/home/USER/projects/zerv/docs/bench/data/2026-09-22-matvec-packed64r1f1/candidate.comp", "-o", "/home/USER/projects/zerv/third_party/matvec-dfs/2026-09-22-matvec-packed64r1f1/q6_k.spv"]
["spirv-val", "--target-env", "vulkan1.1", "/home/USER/projects/zerv/third_party/matvec-dfs/2026-09-22-matvec-packed64r1f1/q6_k.spv"]
["/home/USER/projects/zerv/.tools/zig-x86_64-linux-0.16.0/zig", "build", "gpu-matvec-bench-build", "-Doptimize=ReleaseFast", "-Dcpu=native"]
["/home/USER/projects/zerv/third_party/matvec-dfs/2026-09-22-matvec-packed64r1f1/native", "--fixtures", "/home/USER/projects/zerv/third_party/matvec-dfs/2026-09-22-matvec-packed64r1f1", "1"]
verified 48 independent cases, replay, guards and changed input
["/home/USER/projects/zerv/third_party/matvec-dfs/2026-09-22-matvec-packed64r1f1/native", "/home/USER/projects/zerv/third_party/gpu-matvec-bench/2026-09-22-gpu-matvec-repeat/q6_k-5120-248320.case", "/home/USER/projects/zerv/third_party/matvec-dfs/2026-09-22-matvec-packed64r1f1/q6_k-5120-248320.output", "10", "/home/USER/projects/zerv/third_party/matvec-dfs/2026-09-22-matvec-packed64r1f1/q6_k.spv", "1"]
{"trial":0,"iterations":10,"elapsed_ns":12217059}
{"trial":1,"iterations":10,"elapsed_ns":12090770}
{"trial":2,"iterations":10,"elapsed_ns":12238729}
{"trial":3,"iterations":10,"elapsed_ns":12125145}
{"trial":4,"iterations":10,"elapsed_ns":12303974}
{"trial":5,"iterations":10,"elapsed_ns":12184447}
{"trial":6,"iterations":10,"elapsed_ns":12153549}
device=AMD Radeon RX 7900 XTX (RADV NAVI31) vendor=1002 id=744c api=4211042 driver=109060099 family=1
allocation_bytes=2088909104 sizes=1043957872,1043957872,993360 memory_types=5,0,5 groups=65535,4,1
["/home/USER/projects/zerv/third_party/matvec-dfs/2026-09-22-matvec-packed64r1f1/native", "/home/USER/projects/zerv/third_party/gpu-matvec-bench/2026-09-22-gpu-matvec-repeat/q4_0-5120-6144.case", "/home/USER/projects/zerv/third_party/matvec-dfs/2026-09-22-matvec-packed64r1f1/q4_0-5120-6144.output", "64", "/home/USER/projects/zerv/third_party/matvec-dfs/2026-09-22-matvec-packed64r1f1/q4_0.spv", "1"]
{"trial":0,"iterations":64,"elapsed_ns":5305182}
{"trial":1,"iterations":64,"elapsed_ns":5308098}
{"trial":2,"iterations":64,"elapsed_ns":5373211}
{"trial":3,"iterations":64,"elapsed_ns":5315912}
{"trial":4,"iterations":64,"elapsed_ns":5338345}
{"trial":5,"iterations":64,"elapsed_ns":5307747}
{"trial":6,"iterations":64,"elapsed_ns":5346620}
device=AMD Radeon RX 7900 XTX (RADV NAVI31) vendor=1002 id=744c api=4211042 driver=109060099 family=1
allocation_bytes=35504432 sizes=17739888,17739888,24656 memory_types=5,0,5 groups=6144,1,1
["/home/USER/projects/zerv/third_party/matvec-dfs/2026-09-22-matvec-packed64r1f1/native", "/home/USER/projects/zerv/third_party/gpu-matvec-bench/2026-09-22-gpu-matvec-repeat/q4_0-5120-10240.case", "/home/USER/projects/zerv/third_party/matvec-dfs/2026-09-22-matvec-packed64r1f1/q4_0-5120-10240.output", "64", "/home/USER/projects/zerv/third_party/matvec-dfs/2026-09-22-matvec-packed64r1f1/q4_0.spv", "1"]
{"trial":0,"iterations":64,"elapsed_ns":7133436}
{"trial":1,"iterations":64,"elapsed_ns":7081187}
{"trial":2,"iterations":64,"elapsed_ns":7135861}
{"trial":3,"iterations":64,"elapsed_ns":7107828}
{"trial":4,"iterations":64,"elapsed_ns":7128617}
{"trial":5,"iterations":64,"elapsed_ns":7076369}
{"trial":6,"iterations":64,"elapsed_ns":7103881}
device=AMD Radeon RX 7900 XTX (RADV NAVI31) vendor=1002 id=744c api=4211042 driver=109060099 family=1
allocation_bytes=59146544 sizes=29552752,29552752,41040 memory_types=5,0,5 groups=10240,1,1
["/home/USER/projects/zerv/third_party/matvec-dfs/2026-09-22-matvec-packed64r1f1/native", "/home/USER/projects/zerv/third_party/gpu-matvec-bench/2026-09-22-gpu-matvec-repeat/q4_1-17408-5120.case", "/home/USER/projects/zerv/third_party/matvec-dfs/2026-09-22-matvec-packed64r1f1/q4_1-17408-5120.output", "64", "/home/USER/projects/zerv/third_party/matvec-dfs/2026-09-22-matvec-packed64r1f1/q4_1.spv", "1"]
{"trial":0,"iterations":64,"elapsed_ns":10055003}
{"trial":1,"iterations":64,"elapsed_ns":9422995}
{"trial":2,"iterations":64,"elapsed_ns":8933067}
{"trial":3,"iterations":64,"elapsed_ns":8820643}
{"trial":4,"iterations":64,"elapsed_ns":8825843}
{"trial":5,"iterations":64,"elapsed_ns":8762533}
{"trial":6,"iterations":64,"elapsed_ns":8804433}
device=AMD Radeon RX 7900 XTX (RADV NAVI31) vendor=1002 id=744c api=4211042 driver=109060099 family=1
allocation_bytes=111612208 sizes=55795824,55795824,20560 memory_types=5,0,5 groups=5120,1,1
["/home/USER/projects/zerv/third_party/matvec-dfs/2026-09-22-matvec-packed64r1f1/native", "/home/USER/projects/zerv/third_party/gpu-matvec-bench/2026-09-22-gpu-matvec-repeat/q4_0-5120-17408.case", "/home/USER/projects/zerv/third_party/matvec-dfs/2026-09-22-matvec-packed64r1f1/q4_0-5120-17408.output", "64", "/home/USER/projects/zerv/third_party/matvec-dfs/2026-09-22-matvec-packed64r1f1/q4_0.spv", "1"]
{"trial":0,"iterations":64,"elapsed_ns":9638884}
{"trial":1,"iterations":64,"elapsed_ns":9146320}
{"trial":2,"iterations":64,"elapsed_ns":8673284}
{"trial":3,"iterations":64,"elapsed_ns":8692139}
{"trial":4,"iterations":64,"elapsed_ns":8510425}
{"trial":5,"iterations":64,"elapsed_ns":8476601}
{"trial":6,"iterations":64,"elapsed_ns":8484356}
device=AMD Radeon RX 7900 XTX (RADV NAVI31) vendor=1002 id=744c api=4211042 driver=109060099 family=1
allocation_bytes=100520240 sizes=50225264,50225264,69712 memory_types=5,0,5 groups=17408,1,1
["/home/USER/projects/zerv/third_party/matvec-dfs/2026-09-22-matvec-packed64r1f1/native", "/home/USER/projects/zerv/third_party/gpu-matvec-bench/2026-09-22-gpu-matvec-repeat/f32-5120-48.case", "/home/USER/projects/zerv/third_party/matvec-dfs/2026-09-22-matvec-packed64r1f1/f32-5120-48.output", "256", "/home/USER/projects/zerv/third_party/matvec-dfs/2026-09-22-matvec-packed64r1f1/f32.spv", "1"]
{"trial":0,"iterations":256,"elapsed_ns":15428274}
{"trial":1,"iterations":256,"elapsed_ns":15509286}
{"trial":2,"iterations":256,"elapsed_ns":15367288}
{"trial":3,"iterations":256,"elapsed_ns":15303286}
{"trial":4,"iterations":256,"elapsed_ns":15317303}
{"trial":5,"iterations":256,"elapsed_ns":15310200}
{"trial":6,"iterations":256,"elapsed_ns":15437541}
device=AMD Radeon RX 7900 XTX (RADV NAVI31) vendor=1002 id=744c api=4211042 driver=109060099 family=1
allocation_bytes=2007920 sizes=1003824,1003824,272 memory_types=5,0,5 groups=48,1,1
["/home/USER/projects/zerv/third_party/matvec-dfs/2026-09-22-matvec-packed64r1f1/native", "/home/USER/projects/zerv/third_party/gpu-matvec-bench/2026-09-22-gpu-matvec-repeat/q5_k-6144-5120.case", "/home/USER/projects/zerv/third_party/matvec-dfs/2026-09-22-matvec-packed64r1f1/q5_k-6144-5120.output", "64", "/home/USER/projects/zerv/third_party/matvec-dfs/2026-09-22-matvec-packed64r1f1/q5_k.spv", "1"]
{"trial":0,"iterations":64,"elapsed_ns":6355893}
{"trial":1,"iterations":64,"elapsed_ns":6346255}
{"trial":2,"iterations":64,"elapsed_ns":6407550}
{"trial":3,"iterations":64,"elapsed_ns":6395619}
{"trial":4,"iterations":64,"elapsed_ns":6337058}
{"trial":5,"iterations":64,"elapsed_ns":6362406}
{"trial":6,"iterations":64,"elapsed_ns":6321729}
device=AMD Radeon RX 7900 XTX (RADV NAVI31) vendor=1002 id=744c api=4211042 driver=109060099 family=1
allocation_bytes=43364656 sizes=21672048,21672048,20560 memory_types=5,0,5 groups=5120,1,1
["/home/USER/projects/zerv/third_party/matvec-dfs/2026-09-22-matvec-packed64r1f1/native", "/home/USER/projects/zerv/third_party/gpu-matvec-bench/2026-09-22-gpu-matvec-repeat/q4_0-5120-1024.case", "/home/USER/projects/zerv/third_party/matvec-dfs/2026-09-22-matvec-packed64r1f1/q4_0-5120-1024.output", "64", "/home/USER/projects/zerv/third_party/matvec-dfs/2026-09-22-matvec-packed64r1f1/q4_0.spv", "1"]
{"trial":0,"iterations":64,"elapsed_ns":3490403}
{"trial":1,"iterations":64,"elapsed_ns":3477279}
{"trial":2,"iterations":64,"elapsed_ns":3496275}
{"trial":3,"iterations":64,"elapsed_ns":3481236}
{"trial":4,"iterations":64,"elapsed_ns":3579523}
{"trial":5,"iterations":64,"elapsed_ns":3501685}
{"trial":6,"iterations":64,"elapsed_ns":3487077}
device=AMD Radeon RX 7900 XTX (RADV NAVI31) vendor=1002 id=744c api=4211042 driver=109060099 family=1
allocation_bytes=5951792 sizes=2973808,2973808,4176 memory_types=5,0,5 groups=1024,1,1
["/home/USER/projects/zerv/third_party/matvec-dfs/2026-09-22-matvec-packed64r1f1/native", "/home/USER/projects/zerv/third_party/gpu-matvec-bench/2026-09-22-gpu-matvec-repeat/q4_0-6144-5120.case", "/home/USER/projects/zerv/third_party/matvec-dfs/2026-09-22-matvec-packed64r1f1/q4_0-6144-5120.output", "64", "/home/USER/projects/zerv/third_party/matvec-dfs/2026-09-22-matvec-packed64r1f1/q4_0.spv", "1"]
{"trial":0,"iterations":64,"elapsed_ns":5297348}
{"trial":1,"iterations":64,"elapsed_ns":5427174}
{"trial":2,"iterations":64,"elapsed_ns":5341692}
{"trial":3,"iterations":64,"elapsed_ns":5344928}
{"trial":4,"iterations":64,"elapsed_ns":5461478}
{"trial":5,"iterations":64,"elapsed_ns":5281196}
{"trial":6,"iterations":64,"elapsed_ns":5341902}
device=AMD Radeon RX 7900 XTX (RADV NAVI31) vendor=1002 id=744c api=4211042 driver=109060099 family=1
allocation_bytes=35500336 sizes=17739888,17739888,20560 memory_types=5,0,5 groups=5120,1,1
["/home/USER/projects/zerv/third_party/matvec-dfs/2026-09-22-matvec-packed64r1f1/native", "/home/USER/projects/zerv/third_party/gpu-matvec-bench/2026-09-22-gpu-matvec-repeat/q4_0-5120-12288.case", "/home/USER/projects/zerv/third_party/matvec-dfs/2026-09-22-matvec-packed64r1f1/q4_0-5120-12288.output", "64", "/home/USER/projects/zerv/third_party/matvec-dfs/2026-09-22-matvec-packed64r1f1/q4_0.spv", "1"]
{"trial":0,"iterations":64,"elapsed_ns":7862568}
{"trial":1,"iterations":64,"elapsed_ns":7849242}
{"trial":2,"iterations":64,"elapsed_ns":7905510}
{"trial":3,"iterations":64,"elapsed_ns":7548693}
{"trial":4,"iterations":64,"elapsed_ns":7550196}
{"trial":5,"iterations":64,"elapsed_ns":7521772}
{"trial":6,"iterations":64,"elapsed_ns":7498709}
device=AMD Radeon RX 7900 XTX (RADV NAVI31) vendor=1002 id=744c api=4211042 driver=109060099 family=1
allocation_bytes=70967600 sizes=35459184,35459184,49232 memory_types=5,0,5 groups=12288,1,1
["/home/USER/projects/zerv/third_party/matvec-dfs/2026-09-22-matvec-packed64r1f1/native", "/home/USER/projects/zerv/third_party/gpu-matvec-bench/2026-09-22-gpu-matvec-repeat/q4_0-17408-5120.case", "/home/USER/projects/zerv/third_party/matvec-dfs/2026-09-22-matvec-packed64r1f1/q4_0-17408-5120.output", "64", "/home/USER/projects/zerv/third_party/matvec-dfs/2026-09-22-matvec-packed64r1f1/q4_0.spv", "1"]
{"trial":0,"iterations":64,"elapsed_ns":9938060}
{"trial":1,"iterations":64,"elapsed_ns":9292758}
{"trial":2,"iterations":64,"elapsed_ns":8998260}
{"trial":3,"iterations":64,"elapsed_ns":8680367}
{"trial":4,"iterations":64,"elapsed_ns":8779565}
{"trial":5,"iterations":64,"elapsed_ns":8688963}
{"trial":6,"iterations":64,"elapsed_ns":8720384}
device=AMD Radeon RX 7900 XTX (RADV NAVI31) vendor=1002 id=744c api=4211042 driver=109060099 family=1
allocation_bytes=100471088 sizes=50225264,50225264,20560 memory_types=5,0,5 groups=5120,1,1
