LibClamAV Warning: **************************************************
LibClamAV Warning: ***  The virus database is older than 7 days!  ***
LibClamAV Warning: ***   Please update it as soon as possible.    ***
LibClamAV Warning: **************************************************
LibClamAV Error: cli_gentempfd_with_prefix: Can't create temporary file /tmp/clamav-02fdee58f384184668dbde0dfe5c5a53.tmp: Read-only file system
LibClamAV Error: cli_gentempfd_with_prefix: Can't create temporary file /tmp/clamav-419126709bb371645306ff67453f8153.tmp: Read-only file system
LibClamAV Error: cli_gentempfd_with_prefix: Can't create temporary file /tmp/clamav-ba5b81d03efcb27ff2da65a90923bdc9.tmp: Read-only file system
LibClamAV Error: cli_gentempfd_with_prefix: Can't create temporary file /tmp/clamav-ff2c7ad18ba62ec55c238b45160d8203.tmp: Read-only file system
LibClamAV Error: cli_gentempfd_with_prefix: Can't create temporary file /tmp/clamav-3e3b836c90f808a553226eeeb03a40ad.tmp: Read-only file system
LibClamAV Error: cli_gentempfd_with_prefix: Can't create temporary file /tmp/clamav-5dbf5f83161d3ac518d29975c079ba84.tmp: Read-only file system
LibClamAV Error: cli_gentempfd_with_prefix: Can't create temporary file /tmp/clamav-772e9bfca19b04fd54021a76d9e4be76.tmp: Read-only file system
LibClamAV Error: cli_gentempfd_with_prefix: Can't create temporary file /tmp/clamav-6e696aa3e05e607d3122e3e6d84d09b3.tmp: Read-only file system
LibClamAV Error: cli_gentempfd_with_prefix: Can't create temporary file /tmp/clamav-fe0d33ce0a080679c4c9233fa0127aea.tmp: Read-only file system
LibClamAV Error: cli_gentempfd_with_prefix: Can't create temporary file /tmp/clamav-d073b838ad0fdf887d120febbb66e771.tmp: Read-only file system
LibClamAV Error: cli_gentempfd_with_prefix: Can't create temporary file /tmp/clamav-4c900ff2a97915d8c245288d0a94753e.tmp: Read-only file system
LibClamAV Error: cli_gentempfd_with_prefix: Can't create temporary file /tmp/clamav-850d2f7d09b87349f4144ed126a7de0c.tmp: Read-only file system
LibClamAV Error: cli_scanhtml: Can't create temporary directory /tmp/html-tmp.d133c2c843

----------- SCAN SUMMARY -----------
Known viruses: 3628071
Engine version: 1.5.4
Scanned directories: 6
Scanned files: 12
Infected files: 0
Total errors: 1
Data scanned: 290.65 KiB
Data read: 290.71 KiB (ratio 1.00:1)
Time: 10.797 sec (0 m 10 s)
Start Date: 2026:09:29 09:37:50
End Date:   2026:09:29 09:38:01
