["glslc", "--target-env=vulkan1.1", "-O", "-fshader-stage=compute", "-DFORMAT=0", "-DBLOCK_BYTES=4", "-DPAYLOAD_OFFSET=2", "-DLANES=64", "-DNR=8", "-DALIGN_Q41_Q5", "/home/USER/projects/zerv/docs/bench/data/2026-09-22-matvec-rows8/candidate.comp", "-o", "/home/USER/projects/zerv/third_party/matvec-dfs/2026-09-22-matvec-rows8/f32.spv"]
["spirv-val", "--target-env", "vulkan1.1", "/home/USER/projects/zerv/third_party/matvec-dfs/2026-09-22-matvec-rows8/f32.spv"]
["glslc", "--target-env=vulkan1.1", "-O", "-fshader-stage=compute", "-DFORMAT=2", "-DBLOCK_BYTES=18", "-DPAYLOAD_OFFSET=2", "-DLANES=64", "-DNR=8", "-DALIGN_Q41_Q5", "/home/USER/projects/zerv/docs/bench/data/2026-09-22-matvec-rows8/candidate.comp", "-o", "/home/USER/projects/zerv/third_party/matvec-dfs/2026-09-22-matvec-rows8/q4_0.spv"]
["spirv-val", "--target-env", "vulkan1.1", "/home/USER/projects/zerv/third_party/matvec-dfs/2026-09-22-matvec-rows8/q4_0.spv"]
["glslc", "--target-env=vulkan1.1", "-O", "-fshader-stage=compute", "-DFORMAT=3", "-DBLOCK_BYTES=20", "-DPAYLOAD_OFFSET=4", "-DLANES=64", "-DNR=8", "-DALIGN_Q41_Q5", "/home/USER/projects/zerv/docs/bench/data/2026-09-22-matvec-rows8/candidate.comp", "-o", "/home/USER/projects/zerv/third_party/matvec-dfs/2026-09-22-matvec-rows8/q4_1.spv"]
["spirv-val", "--target-env", "vulkan1.1", "/home/USER/projects/zerv/third_party/matvec-dfs/2026-09-22-matvec-rows8/q4_1.spv"]
["glslc", "--target-env=vulkan1.1", "-O", "-fshader-stage=compute", "-DFORMAT=13", "-DBLOCK_BYTES=176", "-DPAYLOAD_OFFSET=2", "-DLANES=64", "-DNR=8", "-DALIGN_Q41_Q5", "/home/USER/projects/zerv/docs/bench/data/2026-09-22-matvec-rows8/candidate.comp", "-o", "/home/USER/projects/zerv/third_party/matvec-dfs/2026-09-22-matvec-rows8/q5_k.spv"]
["spirv-val", "--target-env", "vulkan1.1", "/home/USER/projects/zerv/third_party/matvec-dfs/2026-09-22-matvec-rows8/q5_k.spv"]
["glslc", "--target-env=vulkan1.1", "-O", "-fshader-stage=compute", "-DFORMAT=14", "-DBLOCK_BYTES=210", "-DPAYLOAD_OFFSET=2", "-DLANES=64", "-DNR=8", "-DALIGN_Q41_Q5", "/home/USER/projects/zerv/docs/bench/data/2026-09-22-matvec-rows8/candidate.comp", "-o", "/home/USER/projects/zerv/third_party/matvec-dfs/2026-09-22-matvec-rows8/q6_k.spv"]
["spirv-val", "--target-env", "vulkan1.1", "/home/USER/projects/zerv/third_party/matvec-dfs/2026-09-22-matvec-rows8/q6_k.spv"]
["/home/USER/projects/zerv/.tools/zig-x86_64-linux-0.16.0/zig", "build", "gpu-matvec-bench-build", "-Doptimize=ReleaseFast", "-Dcpu=native"]
["/home/USER/projects/zerv/third_party/matvec-dfs/2026-09-22-matvec-rows8/native", "--fixtures", "/home/USER/projects/zerv/third_party/matvec-dfs/2026-09-22-matvec-rows8", "1", "f32", "--aligned"]
verified 8 independent cases, replay, guards and changed input
["/home/USER/projects/zerv/third_party/matvec-dfs/2026-09-22-matvec-rows8/native", "--fixtures", "/home/USER/projects/zerv/third_party/matvec-dfs/2026-09-22-matvec-rows8", "8", "q4_0", "--aligned"]
verified 14 independent cases, replay, guards and changed input
["/home/USER/projects/zerv/third_party/matvec-dfs/2026-09-22-matvec-rows8/native", "--fixtures", "/home/USER/projects/zerv/third_party/matvec-dfs/2026-09-22-matvec-rows8", "8", "q4_1", "--aligned"]
verified 9 independent cases, replay, guards and changed input
["/home/USER/projects/zerv/third_party/matvec-dfs/2026-09-22-matvec-rows8/native", "--fixtures", "/home/USER/projects/zerv/third_party/matvec-dfs/2026-09-22-matvec-rows8", "8", "q5_k", "--aligned"]
verified 9 independent cases, replay, guards and changed input
["/home/USER/projects/zerv/third_party/matvec-dfs/2026-09-22-matvec-rows8/native", "--fixtures", "/home/USER/projects/zerv/third_party/matvec-dfs/2026-09-22-matvec-rows8", "8", "q6_k", "--aligned"]
verified 8 independent cases, replay, guards and changed input
["/home/USER/projects/zerv/third_party/matvec-dfs/2026-09-22-matvec-rows8/native", "/home/USER/projects/zerv/third_party/gpu-matvec-bench/2026-09-22-gpu-matvec-repeat/q6_k-5120-248320.case", "/home/USER/projects/zerv/third_party/matvec-dfs/2026-09-22-matvec-rows8/q6_k-5120-248320.output", "10", "/home/USER/projects/zerv/third_party/matvec-dfs/2026-09-22-matvec-rows8/q6_k.spv", "8", "--aligned"]
{"trial":0,"iterations":10,"elapsed_ns":12524601}
{"trial":1,"iterations":10,"elapsed_ns":12457704}
{"trial":2,"iterations":10,"elapsed_ns":12502310}
{"trial":3,"iterations":10,"elapsed_ns":12502420}
{"trial":4,"iterations":10,"elapsed_ns":12504193}
{"trial":5,"iterations":10,"elapsed_ns":12475438}
{"trial":6,"iterations":10,"elapsed_ns":12518109}
device=AMD Radeon RX 7900 XTX (RADV NAVI31) vendor=1002 id=744c api=4211042 driver=109060099 family=1
allocation_bytes=2088909072 sizes=1043957856,1043957856,993360 memory_types=5,0,5 groups=31040,1,1
["/home/USER/projects/zerv/third_party/matvec-dfs/2026-09-22-matvec-rows8/native", "/home/USER/projects/zerv/third_party/gpu-matvec-bench/2026-09-22-gpu-matvec-repeat/q4_0-5120-6144.case", "/home/USER/projects/zerv/third_party/matvec-dfs/2026-09-22-matvec-rows8/q4_0-5120-6144.output", "64", "/home/USER/projects/zerv/third_party/matvec-dfs/2026-09-22-matvec-rows8/q4_0.spv", "8", "--aligned"]
{"trial":0,"iterations":64,"elapsed_ns":6043351}
{"trial":1,"iterations":64,"elapsed_ns":6039244}
{"trial":2,"iterations":64,"elapsed_ns":6027762}
{"trial":3,"iterations":64,"elapsed_ns":5978838}
{"trial":4,"iterations":64,"elapsed_ns":5983047}
{"trial":5,"iterations":64,"elapsed_ns":5991122}
{"trial":6,"iterations":64,"elapsed_ns":5987305}
device=AMD Radeon RX 7900 XTX (RADV NAVI31) vendor=1002 id=744c api=4211042 driver=109060099 family=1
allocation_bytes=35504400 sizes=17739872,17739872,24656 memory_types=5,0,5 groups=768,1,1
["/home/USER/projects/zerv/third_party/matvec-dfs/2026-09-22-matvec-rows8/native", "/home/USER/projects/zerv/third_party/gpu-matvec-bench/2026-09-22-gpu-matvec-repeat/q4_0-5120-10240.case", "/home/USER/projects/zerv/third_party/matvec-dfs/2026-09-22-matvec-rows8/q4_0-5120-10240.output", "64", "/home/USER/projects/zerv/third_party/matvec-dfs/2026-09-22-matvec-rows8/q4_0.spv", "8", "--aligned"]
{"trial":0,"iterations":64,"elapsed_ns":7591855}
{"trial":1,"iterations":64,"elapsed_ns":7638353}
{"trial":2,"iterations":64,"elapsed_ns":7622173}
{"trial":3,"iterations":64,"elapsed_ns":7663411}
{"trial":4,"iterations":64,"elapsed_ns":7603667}
{"trial":5,"iterations":64,"elapsed_ns":7513176}
{"trial":6,"iterations":64,"elapsed_ns":7563962}
device=AMD Radeon RX 7900 XTX (RADV NAVI31) vendor=1002 id=744c api=4211042 driver=109060099 family=1
allocation_bytes=59146512 sizes=29552736,29552736,41040 memory_types=5,0,5 groups=1280,1,1
["/home/USER/projects/zerv/third_party/matvec-dfs/2026-09-22-matvec-rows8/native", "/home/USER/projects/zerv/third_party/gpu-matvec-bench/2026-09-22-gpu-matvec-repeat/q4_1-17408-5120.case", "/home/USER/projects/zerv/third_party/matvec-dfs/2026-09-22-matvec-rows8/q4_1-17408-5120.output", "64", "/home/USER/projects/zerv/third_party/matvec-dfs/2026-09-22-matvec-rows8/q4_1.spv", "8", "--aligned"]
{"trial":0,"iterations":64,"elapsed_ns":11841147}
{"trial":1,"iterations":64,"elapsed_ns":10790045}
{"trial":2,"iterations":64,"elapsed_ns":10117090}
{"trial":3,"iterations":64,"elapsed_ns":10099135}
{"trial":4,"iterations":64,"elapsed_ns":9991131}
{"trial":5,"iterations":64,"elapsed_ns":9932300}
{"trial":6,"iterations":64,"elapsed_ns":9825708}
device=AMD Radeon RX 7900 XTX (RADV NAVI31) vendor=1002 id=744c api=4211042 driver=109060099 family=1
allocation_bytes=111612176 sizes=55795808,55795808,20560 memory_types=5,0,5 groups=640,1,1
["/home/USER/projects/zerv/third_party/matvec-dfs/2026-09-22-matvec-rows8/native", "/home/USER/projects/zerv/third_party/gpu-matvec-bench/2026-09-22-gpu-matvec-repeat/q4_0-5120-17408.case", "/home/USER/projects/zerv/third_party/matvec-dfs/2026-09-22-matvec-rows8/q4_0-5120-17408.output", "64", "/home/USER/projects/zerv/third_party/matvec-dfs/2026-09-22-matvec-rows8/q4_0.spv", "8", "--aligned"]
{"trial":0,"iterations":64,"elapsed_ns":9965442}
{"trial":1,"iterations":64,"elapsed_ns":9290283}
{"trial":2,"iterations":64,"elapsed_ns":8930451}
{"trial":3,"iterations":64,"elapsed_ns":8732066}
{"trial":4,"iterations":64,"elapsed_ns":8629521}
{"trial":5,"iterations":64,"elapsed_ns":8726896}
{"trial":6,"iterations":64,"elapsed_ns":8677491}
device=AMD Radeon RX 7900 XTX (RADV NAVI31) vendor=1002 id=744c api=4211042 driver=109060099 family=1
allocation_bytes=100520208 sizes=50225248,50225248,69712 memory_types=5,0,5 groups=2176,1,1
["/home/USER/projects/zerv/third_party/matvec-dfs/2026-09-22-matvec-rows8/native", "/home/USER/projects/zerv/third_party/gpu-matvec-bench/2026-09-22-gpu-matvec-repeat/f32-5120-48.case", "/home/USER/projects/zerv/third_party/matvec-dfs/2026-09-22-matvec-rows8/f32-5120-48.output", "256", "/home/USER/projects/zerv/third_party/matvec-dfs/2026-09-22-matvec-rows8/f32.spv", "1", "--aligned"]
{"trial":0,"iterations":256,"elapsed_ns":12776789}
{"trial":1,"iterations":256,"elapsed_ns":12809291}
{"trial":2,"iterations":256,"elapsed_ns":12837194}
{"trial":3,"iterations":256,"elapsed_ns":12660179}
{"trial":4,"iterations":256,"elapsed_ns":12624792}
{"trial":5,"iterations":256,"elapsed_ns":12594504}
{"trial":6,"iterations":256,"elapsed_ns":12578564}
device=AMD Radeon RX 7900 XTX (RADV NAVI31) vendor=1002 id=744c api=4211042 driver=109060099 family=1
allocation_bytes=2007888 sizes=1003808,1003808,272 memory_types=5,0,5 groups=48,1,1
["/home/USER/projects/zerv/third_party/matvec-dfs/2026-09-22-matvec-rows8/native", "/home/USER/projects/zerv/third_party/gpu-matvec-bench/2026-09-22-gpu-matvec-repeat/q5_k-6144-5120.case", "/home/USER/projects/zerv/third_party/matvec-dfs/2026-09-22-matvec-rows8/q5_k-6144-5120.output", "64", "/home/USER/projects/zerv/third_party/matvec-dfs/2026-09-22-matvec-rows8/q5_k.spv", "8", "--aligned"]
{"trial":0,"iterations":64,"elapsed_ns":6200368}
{"trial":1,"iterations":64,"elapsed_ns":6177615}
{"trial":2,"iterations":64,"elapsed_ns":6173518}
{"trial":3,"iterations":64,"elapsed_ns":6157126}
{"trial":4,"iterations":64,"elapsed_ns":6153550}
{"trial":5,"iterations":64,"elapsed_ns":6188947}
{"trial":6,"iterations":64,"elapsed_ns":6189337}
device=AMD Radeon RX 7900 XTX (RADV NAVI31) vendor=1002 id=744c api=4211042 driver=109060099 family=1
allocation_bytes=43364624 sizes=21672032,21672032,20560 memory_types=5,0,5 groups=640,1,1
["/home/USER/projects/zerv/third_party/matvec-dfs/2026-09-22-matvec-rows8/native", "/home/USER/projects/zerv/third_party/gpu-matvec-bench/2026-09-22-gpu-matvec-repeat/q4_0-5120-1024.case", "/home/USER/projects/zerv/third_party/matvec-dfs/2026-09-22-matvec-rows8/q4_0-5120-1024.output", "64", "/home/USER/projects/zerv/third_party/matvec-dfs/2026-09-22-matvec-rows8/q4_0.spv", "8", "--aligned"]
{"trial":0,"iterations":64,"elapsed_ns":5070157}
{"trial":1,"iterations":64,"elapsed_ns":5022266}
{"trial":2,"iterations":64,"elapsed_ns":5030331}
{"trial":3,"iterations":64,"elapsed_ns":5302427}
{"trial":4,"iterations":64,"elapsed_ns":4989575}
{"trial":5,"iterations":64,"elapsed_ns":4973183}
{"trial":6,"iterations":64,"elapsed_ns":5040000}
device=AMD Radeon RX 7900 XTX (RADV NAVI31) vendor=1002 id=744c api=4211042 driver=109060099 family=1
allocation_bytes=5951760 sizes=2973792,2973792,4176 memory_types=5,0,5 groups=128,1,1
["/home/USER/projects/zerv/third_party/matvec-dfs/2026-09-22-matvec-rows8/native", "/home/USER/projects/zerv/third_party/gpu-matvec-bench/2026-09-22-gpu-matvec-repeat/q4_0-6144-5120.case", "/home/USER/projects/zerv/third_party/matvec-dfs/2026-09-22-matvec-rows8/q4_0-6144-5120.output", "64", "/home/USER/projects/zerv/third_party/matvec-dfs/2026-09-22-matvec-rows8/q4_0.spv", "8", "--aligned"]
{"trial":0,"iterations":64,"elapsed_ns":6486190}
{"trial":1,"iterations":64,"elapsed_ns":6489065}
{"trial":2,"iterations":64,"elapsed_ns":6479197}
{"trial":3,"iterations":64,"elapsed_ns":6456194}
{"trial":4,"iterations":64,"elapsed_ns":6430284}
{"trial":5,"iterations":64,"elapsed_ns":6474728}
{"trial":6,"iterations":64,"elapsed_ns":6402872}
device=AMD Radeon RX 7900 XTX (RADV NAVI31) vendor=1002 id=744c api=4211042 driver=109060099 family=1
allocation_bytes=35500304 sizes=17739872,17739872,20560 memory_types=5,0,5 groups=640,1,1
["/home/USER/projects/zerv/third_party/matvec-dfs/2026-09-22-matvec-rows8/native", "/home/USER/projects/zerv/third_party/gpu-matvec-bench/2026-09-22-gpu-matvec-repeat/q4_0-5120-12288.case", "/home/USER/projects/zerv/third_party/matvec-dfs/2026-09-22-matvec-rows8/q4_0-5120-12288.output", "64", "/home/USER/projects/zerv/third_party/matvec-dfs/2026-09-22-matvec-rows8/q4_0.spv", "8", "--aligned"]
{"trial":0,"iterations":64,"elapsed_ns":8494145}
{"trial":1,"iterations":64,"elapsed_ns":8582793}
{"trial":2,"iterations":64,"elapsed_ns":7955514}
{"trial":3,"iterations":64,"elapsed_ns":7617413}
{"trial":4,"iterations":64,"elapsed_ns":7639536}
{"trial":5,"iterations":64,"elapsed_ns":7631761}
{"trial":6,"iterations":64,"elapsed_ns":7641148}
device=AMD Radeon RX 7900 XTX (RADV NAVI31) vendor=1002 id=744c api=4211042 driver=109060099 family=1
allocation_bytes=70967568 sizes=35459168,35459168,49232 memory_types=5,0,5 groups=1536,1,1
["/home/USER/projects/zerv/third_party/matvec-dfs/2026-09-22-matvec-rows8/native", "/home/USER/projects/zerv/third_party/gpu-matvec-bench/2026-09-22-gpu-matvec-repeat/q4_0-17408-5120.case", "/home/USER/projects/zerv/third_party/matvec-dfs/2026-09-22-matvec-rows8/q4_0-17408-5120.output", "64", "/home/USER/projects/zerv/third_party/matvec-dfs/2026-09-22-matvec-rows8/q4_0.spv", "8", "--aligned"]
{"trial":0,"iterations":64,"elapsed_ns":12356533}
{"trial":1,"iterations":64,"elapsed_ns":11093770}
{"trial":2,"iterations":64,"elapsed_ns":10608060}
{"trial":3,"iterations":64,"elapsed_ns":10945941}
{"trial":4,"iterations":64,"elapsed_ns":10857823}
{"trial":5,"iterations":64,"elapsed_ns":10776740}
{"trial":6,"iterations":64,"elapsed_ns":10540021}
device=AMD Radeon RX 7900 XTX (RADV NAVI31) vendor=1002 id=744c api=4211042 driver=109060099 family=1
allocation_bytes=100471056 sizes=50225248,50225248,20560 memory_types=5,0,5 groups=640,1,1
