["glslc", "--target-env=vulkan1.1", "-O", "-fshader-stage=compute", "-DFORMAT=0", "-DBLOCK_BYTES=4", "-DPAYLOAD_OFFSET=2", "-DLANES=32", "-DROWS=2", "-DACC_FMA=0", "/home/USER/projects/zerv/docs/bench/data/2026-09-22-matvec-packed32r2f0/candidate.comp", "-o", "/home/USER/projects/zerv/third_party/matvec-dfs/2026-09-22-matvec-packed32r2f0/f32.spv"]
["spirv-val", "--target-env", "vulkan1.1", "/home/USER/projects/zerv/third_party/matvec-dfs/2026-09-22-matvec-packed32r2f0/f32.spv"]
["glslc", "--target-env=vulkan1.1", "-O", "-fshader-stage=compute", "-DFORMAT=2", "-DBLOCK_BYTES=18", "-DPAYLOAD_OFFSET=2", "-DLANES=32", "-DROWS=2", "-DACC_FMA=0", "/home/USER/projects/zerv/docs/bench/data/2026-09-22-matvec-packed32r2f0/candidate.comp", "-o", "/home/USER/projects/zerv/third_party/matvec-dfs/2026-09-22-matvec-packed32r2f0/q4_0.spv"]
["spirv-val", "--target-env", "vulkan1.1", "/home/USER/projects/zerv/third_party/matvec-dfs/2026-09-22-matvec-packed32r2f0/q4_0.spv"]
["glslc", "--target-env=vulkan1.1", "-O", "-fshader-stage=compute", "-DFORMAT=3", "-DBLOCK_BYTES=20", "-DPAYLOAD_OFFSET=4", "-DLANES=32", "-DROWS=2", "-DACC_FMA=0", "/home/USER/projects/zerv/docs/bench/data/2026-09-22-matvec-packed32r2f0/candidate.comp", "-o", "/home/USER/projects/zerv/third_party/matvec-dfs/2026-09-22-matvec-packed32r2f0/q4_1.spv"]
["spirv-val", "--target-env", "vulkan1.1", "/home/USER/projects/zerv/third_party/matvec-dfs/2026-09-22-matvec-packed32r2f0/q4_1.spv"]
["glslc", "--target-env=vulkan1.1", "-O", "-fshader-stage=compute", "-DFORMAT=13", "-DBLOCK_BYTES=176", "-DPAYLOAD_OFFSET=2", "-DLANES=32", "-DROWS=2", "-DACC_FMA=0", "/home/USER/projects/zerv/docs/bench/data/2026-09-22-matvec-packed32r2f0/candidate.comp", "-o", "/home/USER/projects/zerv/third_party/matvec-dfs/2026-09-22-matvec-packed32r2f0/q5_k.spv"]
["spirv-val", "--target-env", "vulkan1.1", "/home/USER/projects/zerv/third_party/matvec-dfs/2026-09-22-matvec-packed32r2f0/q5_k.spv"]
["glslc", "--target-env=vulkan1.1", "-O", "-fshader-stage=compute", "-DFORMAT=14", "-DBLOCK_BYTES=210", "-DPAYLOAD_OFFSET=2", "-DLANES=32", "-DROWS=2", "-DACC_FMA=0", "/home/USER/projects/zerv/docs/bench/data/2026-09-22-matvec-packed32r2f0/candidate.comp", "-o", "/home/USER/projects/zerv/third_party/matvec-dfs/2026-09-22-matvec-packed32r2f0/q6_k.spv"]
["spirv-val", "--target-env", "vulkan1.1", "/home/USER/projects/zerv/third_party/matvec-dfs/2026-09-22-matvec-packed32r2f0/q6_k.spv"]
["/home/USER/projects/zerv/.tools/zig-x86_64-linux-0.16.0/zig", "build", "gpu-matvec-bench-build", "-Doptimize=ReleaseFast", "-Dcpu=native"]
["/home/USER/projects/zerv/third_party/matvec-dfs/2026-09-22-matvec-packed32r2f0/native", "--fixtures", "/home/USER/projects/zerv/third_party/matvec-dfs/2026-09-22-matvec-packed32r2f0", "2"]
verified 48 independent cases, replay, guards and changed input
["/home/USER/projects/zerv/third_party/matvec-dfs/2026-09-22-matvec-packed32r2f0/native", "/home/USER/projects/zerv/third_party/gpu-matvec-bench/2026-09-22-gpu-matvec-repeat/q6_k-5120-248320.case", "/home/USER/projects/zerv/third_party/matvec-dfs/2026-09-22-matvec-packed32r2f0/q6_k-5120-248320.output", "10", "/home/USER/projects/zerv/third_party/matvec-dfs/2026-09-22-matvec-packed32r2f0/q6_k.spv", "2"]
{"trial":0,"iterations":10,"elapsed_ns":12475949}
{"trial":1,"iterations":10,"elapsed_ns":12482892}
{"trial":2,"iterations":10,"elapsed_ns":12523780}
{"trial":3,"iterations":10,"elapsed_ns":12587049}
{"trial":4,"iterations":10,"elapsed_ns":12506387}
{"trial":5,"iterations":10,"elapsed_ns":12589004}
{"trial":6,"iterations":10,"elapsed_ns":12567953}
device=AMD Radeon RX 7900 XTX (RADV NAVI31) vendor=1002 id=744c api=4211042 driver=109060099 family=1
allocation_bytes=2088909104 sizes=1043957872,1043957872,993360 memory_types=5,0,5 groups=65535,2,1
["/home/USER/projects/zerv/third_party/matvec-dfs/2026-09-22-matvec-packed32r2f0/native", "/home/USER/projects/zerv/third_party/gpu-matvec-bench/2026-09-22-gpu-matvec-repeat/q4_0-5120-6144.case", "/home/USER/projects/zerv/third_party/matvec-dfs/2026-09-22-matvec-packed32r2f0/q4_0-5120-6144.output", "64", "/home/USER/projects/zerv/third_party/matvec-dfs/2026-09-22-matvec-packed32r2f0/q4_0.spv", "2"]
{"trial":0,"iterations":64,"elapsed_ns":5847620}
{"trial":1,"iterations":64,"elapsed_ns":5873279}
{"trial":2,"iterations":64,"elapsed_ns":5807524}
{"trial":3,"iterations":64,"elapsed_ns":5836328}
{"trial":4,"iterations":64,"elapsed_ns":5845145}
{"trial":5,"iterations":64,"elapsed_ns":5830508}
{"trial":6,"iterations":64,"elapsed_ns":5830898}
device=AMD Radeon RX 7900 XTX (RADV NAVI31) vendor=1002 id=744c api=4211042 driver=109060099 family=1
allocation_bytes=35504432 sizes=17739888,17739888,24656 memory_types=5,0,5 groups=3072,1,1
["/home/USER/projects/zerv/third_party/matvec-dfs/2026-09-22-matvec-packed32r2f0/native", "/home/USER/projects/zerv/third_party/gpu-matvec-bench/2026-09-22-gpu-matvec-repeat/q4_0-5120-10240.case", "/home/USER/projects/zerv/third_party/matvec-dfs/2026-09-22-matvec-packed32r2f0/q4_0-5120-10240.output", "64", "/home/USER/projects/zerv/third_party/matvec-dfs/2026-09-22-matvec-packed32r2f0/q4_0.spv", "2"]
{"trial":0,"iterations":64,"elapsed_ns":7266890}
{"trial":1,"iterations":64,"elapsed_ns":7275235}
{"trial":2,"iterations":64,"elapsed_ns":7259034}
{"trial":3,"iterations":64,"elapsed_ns":7296796}
{"trial":4,"iterations":64,"elapsed_ns":7273522}
{"trial":5,"iterations":64,"elapsed_ns":7280194}
{"trial":6,"iterations":64,"elapsed_ns":7334948}
device=AMD Radeon RX 7900 XTX (RADV NAVI31) vendor=1002 id=744c api=4211042 driver=109060099 family=1
allocation_bytes=59146544 sizes=29552752,29552752,41040 memory_types=5,0,5 groups=5120,1,1
["/home/USER/projects/zerv/third_party/matvec-dfs/2026-09-22-matvec-packed32r2f0/native", "/home/USER/projects/zerv/third_party/gpu-matvec-bench/2026-09-22-gpu-matvec-repeat/q4_1-17408-5120.case", "/home/USER/projects/zerv/third_party/matvec-dfs/2026-09-22-matvec-packed32r2f0/q4_1-17408-5120.output", "64", "/home/USER/projects/zerv/third_party/matvec-dfs/2026-09-22-matvec-packed32r2f0/q4_1.spv", "2"]
{"trial":0,"iterations":64,"elapsed_ns":10790386}
{"trial":1,"iterations":64,"elapsed_ns":9806832}
{"trial":2,"iterations":64,"elapsed_ns":9621581}
{"trial":3,"iterations":64,"elapsed_ns":9286676}
{"trial":4,"iterations":64,"elapsed_ns":9223707}
{"trial":5,"iterations":64,"elapsed_ns":9167199}
{"trial":6,"iterations":64,"elapsed_ns":9373982}
device=AMD Radeon RX 7900 XTX (RADV NAVI31) vendor=1002 id=744c api=4211042 driver=109060099 family=1
allocation_bytes=111612208 sizes=55795824,55795824,20560 memory_types=5,0,5 groups=2560,1,1
["/home/USER/projects/zerv/third_party/matvec-dfs/2026-09-22-matvec-packed32r2f0/native", "/home/USER/projects/zerv/third_party/gpu-matvec-bench/2026-09-22-gpu-matvec-repeat/q4_0-5120-17408.case", "/home/USER/projects/zerv/third_party/matvec-dfs/2026-09-22-matvec-packed32r2f0/q4_0-5120-17408.output", "64", "/home/USER/projects/zerv/third_party/matvec-dfs/2026-09-22-matvec-packed32r2f0/q4_0.spv", "2"]
{"trial":0,"iterations":64,"elapsed_ns":9964150}
{"trial":1,"iterations":64,"elapsed_ns":9506252}
{"trial":2,"iterations":64,"elapsed_ns":8851212}
{"trial":3,"iterations":64,"elapsed_ns":8718390}
{"trial":4,"iterations":64,"elapsed_ns":8672172}
{"trial":5,"iterations":64,"elapsed_ns":8684014}
{"trial":6,"iterations":64,"elapsed_ns":8570429}
device=AMD Radeon RX 7900 XTX (RADV NAVI31) vendor=1002 id=744c api=4211042 driver=109060099 family=1
allocation_bytes=100520240 sizes=50225264,50225264,69712 memory_types=5,0,5 groups=8704,1,1
["/home/USER/projects/zerv/third_party/matvec-dfs/2026-09-22-matvec-packed32r2f0/native", "/home/USER/projects/zerv/third_party/gpu-matvec-bench/2026-09-22-gpu-matvec-repeat/f32-5120-48.case", "/home/USER/projects/zerv/third_party/matvec-dfs/2026-09-22-matvec-packed32r2f0/f32-5120-48.output", "256", "/home/USER/projects/zerv/third_party/matvec-dfs/2026-09-22-matvec-packed32r2f0/f32.spv", "2"]
{"trial":0,"iterations":256,"elapsed_ns":20537434}
{"trial":1,"iterations":256,"elapsed_ns":20321124}
{"trial":2,"iterations":256,"elapsed_ns":20204252}
{"trial":3,"iterations":256,"elapsed_ns":20065340}
{"trial":4,"iterations":256,"elapsed_ns":20148297}
{"trial":5,"iterations":256,"elapsed_ns":20106257}
{"trial":6,"iterations":256,"elapsed_ns":20151192}
device=AMD Radeon RX 7900 XTX (RADV NAVI31) vendor=1002 id=744c api=4211042 driver=109060099 family=1
allocation_bytes=2007920 sizes=1003824,1003824,272 memory_types=5,0,5 groups=24,1,1
["/home/USER/projects/zerv/third_party/matvec-dfs/2026-09-22-matvec-packed32r2f0/native", "/home/USER/projects/zerv/third_party/gpu-matvec-bench/2026-09-22-gpu-matvec-repeat/q5_k-6144-5120.case", "/home/USER/projects/zerv/third_party/matvec-dfs/2026-09-22-matvec-packed32r2f0/q5_k-6144-5120.output", "64", "/home/USER/projects/zerv/third_party/matvec-dfs/2026-09-22-matvec-packed32r2f0/q5_k.spv", "2"]
{"trial":0,"iterations":64,"elapsed_ns":6660320}
{"trial":1,"iterations":64,"elapsed_ns":6681760}
{"trial":2,"iterations":64,"elapsed_ns":6679446}
{"trial":3,"iterations":64,"elapsed_ns":6731675}
{"trial":4,"iterations":64,"elapsed_ns":6682503}
{"trial":5,"iterations":64,"elapsed_ns":6696519}
{"trial":6,"iterations":64,"elapsed_ns":6707689}
device=AMD Radeon RX 7900 XTX (RADV NAVI31) vendor=1002 id=744c api=4211042 driver=109060099 family=1
allocation_bytes=43364656 sizes=21672048,21672048,20560 memory_types=5,0,5 groups=2560,1,1
["/home/USER/projects/zerv/third_party/matvec-dfs/2026-09-22-matvec-packed32r2f0/native", "/home/USER/projects/zerv/third_party/gpu-matvec-bench/2026-09-22-gpu-matvec-repeat/q4_0-5120-1024.case", "/home/USER/projects/zerv/third_party/matvec-dfs/2026-09-22-matvec-packed32r2f0/q4_0-5120-1024.output", "64", "/home/USER/projects/zerv/third_party/matvec-dfs/2026-09-22-matvec-packed32r2f0/q4_0.spv", "2"]
{"trial":0,"iterations":64,"elapsed_ns":3428166}
{"trial":1,"iterations":64,"elapsed_ns":3453885}
{"trial":2,"iterations":64,"elapsed_ns":3432974}
{"trial":3,"iterations":64,"elapsed_ns":3437313}
{"trial":4,"iterations":64,"elapsed_ns":3511774}
{"trial":5,"iterations":64,"elapsed_ns":3448564}
{"trial":6,"iterations":64,"elapsed_ns":3443545}
device=AMD Radeon RX 7900 XTX (RADV NAVI31) vendor=1002 id=744c api=4211042 driver=109060099 family=1
allocation_bytes=5951792 sizes=2973808,2973808,4176 memory_types=5,0,5 groups=512,1,1
["/home/USER/projects/zerv/third_party/matvec-dfs/2026-09-22-matvec-packed32r2f0/native", "/home/USER/projects/zerv/third_party/gpu-matvec-bench/2026-09-22-gpu-matvec-repeat/q4_0-6144-5120.case", "/home/USER/projects/zerv/third_party/matvec-dfs/2026-09-22-matvec-packed32r2f0/q4_0-6144-5120.output", "64", "/home/USER/projects/zerv/third_party/matvec-dfs/2026-09-22-matvec-packed32r2f0/q4_0.spv", "2"]
{"trial":0,"iterations":64,"elapsed_ns":5907143}
{"trial":1,"iterations":64,"elapsed_ns":5923153}
{"trial":2,"iterations":64,"elapsed_ns":5891994}
{"trial":3,"iterations":64,"elapsed_ns":5895221}
{"trial":4,"iterations":64,"elapsed_ns":5890451}
{"trial":5,"iterations":64,"elapsed_ns":5955574}
{"trial":6,"iterations":64,"elapsed_ns":5886053}
device=AMD Radeon RX 7900 XTX (RADV NAVI31) vendor=1002 id=744c api=4211042 driver=109060099 family=1
allocation_bytes=35500336 sizes=17739888,17739888,20560 memory_types=5,0,5 groups=2560,1,1
["/home/USER/projects/zerv/third_party/matvec-dfs/2026-09-22-matvec-packed32r2f0/native", "/home/USER/projects/zerv/third_party/gpu-matvec-bench/2026-09-22-gpu-matvec-repeat/q4_0-5120-12288.case", "/home/USER/projects/zerv/third_party/matvec-dfs/2026-09-22-matvec-packed32r2f0/q4_0-5120-12288.output", "64", "/home/USER/projects/zerv/third_party/matvec-dfs/2026-09-22-matvec-packed32r2f0/q4_0.spv", "2"]
{"trial":0,"iterations":64,"elapsed_ns":8049051}
{"trial":1,"iterations":64,"elapsed_ns":8091882}
{"trial":2,"iterations":64,"elapsed_ns":7973759}
{"trial":3,"iterations":64,"elapsed_ns":7856337}
{"trial":4,"iterations":64,"elapsed_ns":7677297}
{"trial":5,"iterations":64,"elapsed_ns":7628324}
{"trial":6,"iterations":64,"elapsed_ns":7698778}
device=AMD Radeon RX 7900 XTX (RADV NAVI31) vendor=1002 id=744c api=4211042 driver=109060099 family=1
allocation_bytes=70967600 sizes=35459184,35459184,49232 memory_types=5,0,5 groups=6144,1,1
["/home/USER/projects/zerv/third_party/matvec-dfs/2026-09-22-matvec-packed32r2f0/native", "/home/USER/projects/zerv/third_party/gpu-matvec-bench/2026-09-22-gpu-matvec-repeat/q4_0-17408-5120.case", "/home/USER/projects/zerv/third_party/matvec-dfs/2026-09-22-matvec-packed32r2f0/q4_0-17408-5120.output", "64", "/home/USER/projects/zerv/third_party/matvec-dfs/2026-09-22-matvec-packed32r2f0/q4_0.spv", "2"]
{"trial":0,"iterations":64,"elapsed_ns":11020471}
{"trial":1,"iterations":64,"elapsed_ns":10342367}
{"trial":2,"iterations":64,"elapsed_ns":9981173}
{"trial":3,"iterations":64,"elapsed_ns":10007192}
{"trial":4,"iterations":64,"elapsed_ns":9895930}
{"trial":5,"iterations":64,"elapsed_ns":9607825}
{"trial":6,"iterations":64,"elapsed_ns":9639124}
device=AMD Radeon RX 7900 XTX (RADV NAVI31) vendor=1002 id=744c api=4211042 driver=109060099 family=1
allocation_bytes=100471088 sizes=50225264,50225264,20560 memory_types=5,0,5 groups=2560,1,1
