INFO: Invocation ID: 25e91269-c17b-4f85-8e7c-0e40107a1135
Computing main repo mapping: 
Loading: 
Loading: 0 packages loaded
Analyzing: 191 targets (0 packages loaded, 0 targets configured)
Analyzing: 191 targets (0 packages loaded, 0 targets configured)

DEBUG: /home/USER/.cache/bazel/_bazel_USER/100872e8ae7632816cc29185b66cbaf5/external/rules_python+/python/private/py_executable.bzl:1595:14: 
======================================================================
WARNING: Target @@//tools:generate_vulkan_bindings is using implicit __init__.py creation.
  This diabolic behavior is deprecated and will be disabled by default in a
  future release.
  See https://github.com/bazel-contrib/rules_python/issues/2945

  Ensure all __init__.py files are explicitly created and
  added to the srcs or deps of your targets.

  Disable implicit creation for your module in MODULE.bazel:

    rules_python_config = use_extension("@rules_python//python/extensions:config.bzl", "config")
    rules_python_config.explicit_init_py(default = True)

  Or for a specific target by setting:

    legacy_create_init = 0

  Or globally with the following Bazel flag:

    --incompatible_default_to_explicit_init_py
======================================================================
DEBUG: /home/USER/.cache/bazel/_bazel_USER/100872e8ae7632816cc29185b66cbaf5/external/rules_python+/python/private/py_executable.bzl:1595:14: 
======================================================================
WARNING: Target @@//src/gpu:vk_zig_update is using implicit __init__.py creation.
  This diabolic behavior is deprecated and will be disabled by default in a
  future release.
  See https://github.com/bazel-contrib/rules_python/issues/2945

  Ensure all __init__.py files are explicitly created and
  added to the srcs or deps of your targets.

  Disable implicit creation for your module in MODULE.bazel:

    rules_python_config = use_extension("@rules_python//python/extensions:config.bzl", "config")
    rules_python_config.explicit_init_py(default = True)

  Or for a specific target by setting:

    legacy_create_init = 0

  Or globally with the following Bazel flag:

    --incompatible_default_to_explicit_init_py
======================================================================
DEBUG: /home/USER/.cache/bazel/_bazel_USER/100872e8ae7632816cc29185b66cbaf5/external/rules_python+/python/private/py_executable.bzl:1595:14: 
======================================================================
WARNING: Target @@//src/gpu:vk_zig_test is using implicit __init__.py creation.
  This diabolic behavior is deprecated and will be disabled by default in a
  future release.
  See https://github.com/bazel-contrib/rules_python/issues/2945

  Ensure all __init__.py files are explicitly created and
  added to the srcs or deps of your targets.

  Disable implicit creation for your module in MODULE.bazel:

    rules_python_config = use_extension("@rules_python//python/extensions:config.bzl", "config")
    rules_python_config.explicit_init_py(default = True)

  Or for a specific target by setting:

    legacy_create_init = 0

  Or globally with the following Bazel flag:

    --incompatible_default_to_explicit_init_py
======================================================================
DEBUG: /home/USER/.cache/bazel/_bazel_USER/100872e8ae7632816cc29185b66cbaf5/external/rules_python+/python/private/py_executable.bzl:1595:14: 
======================================================================
WARNING: Target @@//tests:generate_gpu_timing_abi is using implicit __init__.py creation.
  This diabolic behavior is deprecated and will be disabled by default in a
  future release.
  See https://github.com/bazel-contrib/rules_python/issues/2945

  Ensure all __init__.py files are explicitly created and
  added to the srcs or deps of your targets.

  Disable implicit creation for your module in MODULE.bazel:

    rules_python_config = use_extension("@rules_python//python/extensions:config.bzl", "config")
    rules_python_config.explicit_init_py(default = True)

  Or for a specific target by setting:

    legacy_create_init = 0

  Or globally with the following Bazel flag:

    --incompatible_default_to_explicit_init_py
======================================================================
DEBUG: /home/USER/.cache/bazel/_bazel_USER/100872e8ae7632816cc29185b66cbaf5/external/rules_python+/python/private/py_executable.bzl:1595:14: 
======================================================================
WARNING: Target @@//tests:test_tokenizer_baseline_rebuild is using implicit __init__.py creation.
  This diabolic behavior is deprecated and will be disabled by default in a
  future release.
  See https://github.com/bazel-contrib/rules_python/issues/2945

  Ensure all __init__.py files are explicitly created and
  added to the srcs or deps of your targets.

  Disable implicit creation for your module in MODULE.bazel:

    rules_python_config = use_extension("@rules_python//python/extensions:config.bzl", "config")
    rules_python_config.explicit_init_py(default = True)

  Or for a specific target by setting:

    legacy_create_init = 0

  Or globally with the following Bazel flag:

    --incompatible_default_to_explicit_init_py
======================================================================
DEBUG: /home/USER/.cache/bazel/_bazel_USER/100872e8ae7632816cc29185b66cbaf5/external/rules_python+/python/private/py_executable.bzl:1595:14: 
======================================================================
WARNING: Target @@//tests:generate_gpu_timing_abi is using implicit __init__.py creation.
  This diabolic behavior is deprecated and will be disabled by default in a
  future release.
  See https://github.com/bazel-contrib/rules_python/issues/2945

  Ensure all __init__.py files are explicitly created and
  added to the srcs or deps of your targets.

  Disable implicit creation for your module in MODULE.bazel:

    rules_python_config = use_extension("@rules_python//python/extensions:config.bzl", "config")
    rules_python_config.explicit_init_py(default = True)

  Or for a specific target by setting:

    legacy_create_init = 0

  Or globally with the following Bazel flag:

    --incompatible_default_to_explicit_init_py
======================================================================
DEBUG: /home/USER/.cache/bazel/_bazel_USER/100872e8ae7632816cc29185b66cbaf5/external/rules_python+/python/private/py_executable.bzl:1595:14: 
======================================================================
WARNING: Target @@//tests:generate_vulkan_abi is using implicit __init__.py creation.
  This diabolic behavior is deprecated and will be disabled by default in a
  future release.
  See https://github.com/bazel-contrib/rules_python/issues/2945

  Ensure all __init__.py files are explicitly created and
  added to the srcs or deps of your targets.

  Disable implicit creation for your module in MODULE.bazel:

    rules_python_config = use_extension("@rules_python//python/extensions:config.bzl", "config")
    rules_python_config.explicit_init_py(default = True)

  Or for a specific target by setting:

    legacy_create_init = 0

  Or globally with the following Bazel flag:

    --incompatible_default_to_explicit_init_py
======================================================================
DEBUG: /home/USER/.cache/bazel/_bazel_USER/100872e8ae7632816cc29185b66cbaf5/external/rules_python+/python/private/py_executable.bzl:1595:14: 
======================================================================
WARNING: Target @@//tests:generate_vulkan_abi is using implicit __init__.py creation.
  This diabolic behavior is deprecated and will be disabled by default in a
  future release.
  See https://github.com/bazel-contrib/rules_python/issues/2945

  Ensure all __init__.py files are explicitly created and
  added to the srcs or deps of your targets.

  Disable implicit creation for your module in MODULE.bazel:

    rules_python_config = use_extension("@rules_python//python/extensions:config.bzl", "config")
    rules_python_config.explicit_init_py(default = True)

  Or for a specific target by setting:

    legacy_create_init = 0

  Or globally with the following Bazel flag:

    --incompatible_default_to_explicit_init_py
======================================================================
DEBUG: /home/USER/.cache/bazel/_bazel_USER/100872e8ae7632816cc29185b66cbaf5/external/rules_python+/python/private/py_executable.bzl:1595:14: 
======================================================================
WARNING: Target @@//tests:test_vulkan_fixtures is using implicit __init__.py creation.
  This diabolic behavior is deprecated and will be disabled by default in a
  future release.
  See https://github.com/bazel-contrib/rules_python/issues/2945

  Ensure all __init__.py files are explicitly created and
  added to the srcs or deps of your targets.

  Disable implicit creation for your module in MODULE.bazel:

    rules_python_config = use_extension("@rules_python//python/extensions:config.bzl", "config")
    rules_python_config.explicit_init_py(default = True)

  Or for a specific target by setting:

    legacy_create_init = 0

  Or globally with the following Bazel flag:

    --incompatible_default_to_explicit_init_py
======================================================================
DEBUG: /home/USER/.cache/bazel/_bazel_USER/100872e8ae7632816cc29185b66cbaf5/external/rules_python+/python/private/py_executable.bzl:1595:14: 
======================================================================
WARNING: Target @@//tests:test_archive_model_harness is using implicit __init__.py creation.
  This diabolic behavior is deprecated and will be disabled by default in a
  future release.
  See https://github.com/bazel-contrib/rules_python/issues/2945

  Ensure all __init__.py files are explicitly created and
  added to the srcs or deps of your targets.

  Disable implicit creation for your module in MODULE.bazel:

    rules_python_config = use_extension("@rules_python//python/extensions:config.bzl", "config")
    rules_python_config.explicit_init_py(default = True)

  Or for a specific target by setting:

    legacy_create_init = 0

  Or globally with the following Bazel flag:

    --incompatible_default_to_explicit_init_py
======================================================================
DEBUG: /home/USER/.cache/bazel/_bazel_USER/100872e8ae7632816cc29185b66cbaf5/external/rules_python+/python/private/py_executable.bzl:1595:14: 
======================================================================
WARNING: Target @@//tools:generate_vulkan_bindings is using implicit __init__.py creation.
  This diabolic behavior is deprecated and will be disabled by default in a
  future release.
  See https://github.com/bazel-contrib/rules_python/issues/2945

  Ensure all __init__.py files are explicitly created and
  added to the srcs or deps of your targets.

  Disable implicit creation for your module in MODULE.bazel:

    rules_python_config = use_extension("@rules_python//python/extensions:config.bzl", "config")
    rules_python_config.explicit_init_py(default = True)

  Or for a specific target by setting:

    legacy_create_init = 0

  Or globally with the following Bazel flag:

    --incompatible_default_to_explicit_init_py
======================================================================
DEBUG: /home/USER/.cache/bazel/_bazel_USER/100872e8ae7632816cc29185b66cbaf5/external/rules_python+/python/private/py_executable.bzl:1595:14: 
======================================================================
WARNING: Target @@//tests:test_gpu_driver_bench is using implicit __init__.py creation.
  This diabolic behavior is deprecated and will be disabled by default in a
  future release.
  See https://github.com/bazel-contrib/rules_python/issues/2945

  Ensure all __init__.py files are explicitly created and
  added to the srcs or deps of your targets.

  Disable implicit creation for your module in MODULE.bazel:

    rules_python_config = use_extension("@rules_python//python/extensions:config.bzl", "config")
    rules_python_config.explicit_init_py(default = True)

  Or for a specific target by setting:

    legacy_create_init = 0

  Or globally with the following Bazel flag:

    --incompatible_default_to_explicit_init_py
======================================================================
DEBUG: /home/USER/.cache/bazel/_bazel_USER/100872e8ae7632816cc29185b66cbaf5/external/rules_python+/python/private/py_executable.bzl:1595:14: 
======================================================================
WARNING: Target @@//tests:test_gguf_bench is using implicit __init__.py creation.
  This diabolic behavior is deprecated and will be disabled by default in a
  future release.
  See https://github.com/bazel-contrib/rules_python/issues/2945

  Ensure all __init__.py files are explicitly created and
  added to the srcs or deps of your targets.

  Disable implicit creation for your module in MODULE.bazel:

    rules_python_config = use_extension("@rules_python//python/extensions:config.bzl", "config")
    rules_python_config.explicit_init_py(default = True)

  Or for a specific target by setting:

    legacy_create_init = 0

  Or globally with the following Bazel flag:

    --incompatible_default_to_explicit_init_py
======================================================================
DEBUG: /home/USER/.cache/bazel/_bazel_USER/100872e8ae7632816cc29185b66cbaf5/external/rules_python+/python/private/py_executable.bzl:1595:14: 
======================================================================
WARNING: Target @@//tests:test_chat_bench is using implicit __init__.py creation.
  This diabolic behavior is deprecated and will be disabled by default in a
  future release.
  See https://github.com/bazel-contrib/rules_python/issues/2945

  Ensure all __init__.py files are explicitly created and
  added to the srcs or deps of your targets.

  Disable implicit creation for your module in MODULE.bazel:

    rules_python_config = use_extension("@rules_python//python/extensions:config.bzl", "config")
    rules_python_config.explicit_init_py(default = True)

  Or for a specific target by setting:

    legacy_create_init = 0

  Or globally with the following Bazel flag:

    --incompatible_default_to_explicit_init_py
======================================================================
DEBUG: /home/USER/.cache/bazel/_bazel_USER/100872e8ae7632816cc29185b66cbaf5/external/rules_python+/python/private/py_executable.bzl:1595:14: 
======================================================================
WARNING: Target @@//tests:test_model_market_summary is using implicit __init__.py creation.
  This diabolic behavior is deprecated and will be disabled by default in a
  future release.
  See https://github.com/bazel-contrib/rules_python/issues/2945

  Ensure all __init__.py files are explicitly created and
  added to the srcs or deps of your targets.

  Disable implicit creation for your module in MODULE.bazel:

    rules_python_config = use_extension("@rules_python//python/extensions:config.bzl", "config")
    rules_python_config.explicit_init_py(default = True)

  Or for a specific target by setting:

    legacy_create_init = 0

  Or globally with the following Bazel flag:

    --incompatible_default_to_explicit_init_py
======================================================================
DEBUG: /home/USER/.cache/bazel/_bazel_USER/100872e8ae7632816cc29185b66cbaf5/external/rules_python+/python/private/py_executable.bzl:1595:14: 
======================================================================
WARNING: Target @@//tests:test_gpu_matvec is using implicit __init__.py creation.
  This diabolic behavior is deprecated and will be disabled by default in a
  future release.
  See https://github.com/bazel-contrib/rules_python/issues/2945

  Ensure all __init__.py files are explicitly created and
  added to the srcs or deps of your targets.

  Disable implicit creation for your module in MODULE.bazel:

    rules_python_config = use_extension("@rules_python//python/extensions:config.bzl", "config")
    rules_python_config.explicit_init_py(default = True)

  Or for a specific target by setting:

    legacy_create_init = 0

  Or globally with the following Bazel flag:

    --incompatible_default_to_explicit_init_py
======================================================================
DEBUG: /home/USER/.cache/bazel/_bazel_USER/100872e8ae7632816cc29185b66cbaf5/external/rules_python+/python/private/py_executable.bzl:1595:14: 
======================================================================
WARNING: Target @@//tests:test_rented_gpu_economics is using implicit __init__.py creation.
  This diabolic behavior is deprecated and will be disabled by default in a
  future release.
  See https://github.com/bazel-contrib/rules_python/issues/2945

  Ensure all __init__.py files are explicitly created and
  added to the srcs or deps of your targets.

  Disable implicit creation for your module in MODULE.bazel:

    rules_python_config = use_extension("@rules_python//python/extensions:config.bzl", "config")
    rules_python_config.explicit_init_py(default = True)

  Or for a specific target by setting:

    legacy_create_init = 0

  Or globally with the following Bazel flag:

    --incompatible_default_to_explicit_init_py
======================================================================
DEBUG: /home/USER/.cache/bazel/_bazel_USER/100872e8ae7632816cc29185b66cbaf5/external/rules_python+/python/private/py_executable.bzl:1595:14: 
======================================================================
WARNING: Target @@//tests:test_nfc_bench is using implicit __init__.py creation.
  This diabolic behavior is deprecated and will be disabled by default in a
  future release.
  See https://github.com/bazel-contrib/rules_python/issues/2945

  Ensure all __init__.py files are explicitly created and
  added to the srcs or deps of your targets.

  Disable implicit creation for your module in MODULE.bazel:

    rules_python_config = use_extension("@rules_python//python/extensions:config.bzl", "config")
    rules_python_config.explicit_init_py(default = True)

  Or for a specific target by setting:

    legacy_create_init = 0

  Or globally with the following Bazel flag:

    --incompatible_default_to_explicit_init_py
======================================================================
DEBUG: /home/USER/.cache/bazel/_bazel_USER/100872e8ae7632816cc29185b66cbaf5/external/rules_python+/python/private/py_executable.bzl:1595:14: 
======================================================================
WARNING: Target @@//tests:test_model is using implicit __init__.py creation.
  This diabolic behavior is deprecated and will be disabled by default in a
  future release.
  See https://github.com/bazel-contrib/rules_python/issues/2945

  Ensure all __init__.py files are explicitly created and
  added to the srcs or deps of your targets.

  Disable implicit creation for your module in MODULE.bazel:

    rules_python_config = use_extension("@rules_python//python/extensions:config.bzl", "config")
    rules_python_config.explicit_init_py(default = True)

  Or for a specific target by setting:

    legacy_create_init = 0

  Or globally with the following Bazel flag:

    --incompatible_default_to_explicit_init_py
======================================================================
DEBUG: /home/USER/.cache/bazel/_bazel_USER/100872e8ae7632816cc29185b66cbaf5/external/rules_python+/python/private/py_executable.bzl:1595:14: 
======================================================================
WARNING: Target @@//tests:test_quant_bench is using implicit __init__.py creation.
  This diabolic behavior is deprecated and will be disabled by default in a
  future release.
  See https://github.com/bazel-contrib/rules_python/issues/2945

  Ensure all __init__.py files are explicitly created and
  added to the srcs or deps of your targets.

  Disable implicit creation for your module in MODULE.bazel:

    rules_python_config = use_extension("@rules_python//python/extensions:config.bzl", "config")
    rules_python_config.explicit_init_py(default = True)

  Or for a specific target by setting:

    legacy_create_init = 0

  Or globally with the following Bazel flag:

    --incompatible_default_to_explicit_init_py
======================================================================
DEBUG: /home/USER/.cache/bazel/_bazel_USER/100872e8ae7632816cc29185b66cbaf5/external/rules_python+/python/private/py_executable.bzl:1595:14: 
======================================================================
WARNING: Target @@//tests:test_output_reference is using implicit __init__.py creation.
  This diabolic behavior is deprecated and will be disabled by default in a
  future release.
  See https://github.com/bazel-contrib/rules_python/issues/2945

  Ensure all __init__.py files are explicitly created and
  added to the srcs or deps of your targets.

  Disable implicit creation for your module in MODULE.bazel:

    rules_python_config = use_extension("@rules_python//python/extensions:config.bzl", "config")
    rules_python_config.explicit_init_py(default = True)

  Or for a specific target by setting:

    legacy_create_init = 0

  Or globally with the following Bazel flag:

    --incompatible_default_to_explicit_init_py
======================================================================
DEBUG: /home/USER/.cache/bazel/_bazel_USER/100872e8ae7632816cc29185b66cbaf5/external/rules_python+/python/private/py_executable.bzl:1595:14: 
======================================================================
WARNING: Target @@//tests:test_split_bench is using implicit __init__.py creation.
  This diabolic behavior is deprecated and will be disabled by default in a
  future release.
  See https://github.com/bazel-contrib/rules_python/issues/2945

  Ensure all __init__.py files are explicitly created and
  added to the srcs or deps of your targets.

  Disable implicit creation for your module in MODULE.bazel:

    rules_python_config = use_extension("@rules_python//python/extensions:config.bzl", "config")
    rules_python_config.explicit_init_py(default = True)

  Or for a specific target by setting:

    legacy_create_init = 0

  Or globally with the following Bazel flag:

    --incompatible_default_to_explicit_init_py
======================================================================
DEBUG: /home/USER/.cache/bazel/_bazel_USER/100872e8ae7632816cc29185b66cbaf5/external/rules_python+/python/private/py_executable.bzl:1595:14: 
======================================================================
WARNING: Target @@//tests:test_kv_quality is using implicit __init__.py creation.
  This diabolic behavior is deprecated and will be disabled by default in a
  future release.
  See https://github.com/bazel-contrib/rules_python/issues/2945

  Ensure all __init__.py files are explicitly created and
  added to the srcs or deps of your targets.

  Disable implicit creation for your module in MODULE.bazel:

    rules_python_config = use_extension("@rules_python//python/extensions:config.bzl", "config")
    rules_python_config.explicit_init_py(default = True)

  Or for a specific target by setting:

    legacy_create_init = 0

  Or globally with the following Bazel flag:

    --incompatible_default_to_explicit_init_py
======================================================================
DEBUG: /home/USER/.cache/bazel/_bazel_USER/100872e8ae7632816cc29185b66cbaf5/external/rules_python+/python/private/py_executable.bzl:1595:14: 
======================================================================
WARNING: Target @@//tests:test_model_quant_bench is using implicit __init__.py creation.
  This diabolic behavior is deprecated and will be disabled by default in a
  future release.
  See https://github.com/bazel-contrib/rules_python/issues/2945

  Ensure all __init__.py files are explicitly created and
  added to the srcs or deps of your targets.

  Disable implicit creation for your module in MODULE.bazel:

    rules_python_config = use_extension("@rules_python//python/extensions:config.bzl", "config")
    rules_python_config.explicit_init_py(default = True)

  Or for a specific target by setting:

    legacy_create_init = 0

  Or globally with the following Bazel flag:

    --incompatible_default_to_explicit_init_py
======================================================================
DEBUG: /home/USER/.cache/bazel/_bazel_USER/100872e8ae7632816cc29185b66cbaf5/external/rules_python+/python/private/py_executable.bzl:1595:14: 
======================================================================
WARNING: Target @@//tests:test_serving_harness is using implicit __init__.py creation.
  This diabolic behavior is deprecated and will be disabled by default in a
  future release.
  See https://github.com/bazel-contrib/rules_python/issues/2945

  Ensure all __init__.py files are explicitly created and
  added to the srcs or deps of your targets.

  Disable implicit creation for your module in MODULE.bazel:

    rules_python_config = use_extension("@rules_python//python/extensions:config.bzl", "config")
    rules_python_config.explicit_init_py(default = True)

  Or for a specific target by setting:

    legacy_create_init = 0

  Or globally with the following Bazel flag:

    --incompatible_default_to_explicit_init_py
======================================================================
DEBUG: /home/USER/.cache/bazel/_bazel_USER/100872e8ae7632816cc29185b66cbaf5/external/rules_python+/python/private/py_executable.bzl:1595:14: 
======================================================================
WARNING: Target @@//tests:test_tokenizer_bench is using implicit __init__.py creation.
  This diabolic behavior is deprecated and will be disabled by default in a
  future release.
  See https://github.com/bazel-contrib/rules_python/issues/2945

  Ensure all __init__.py files are explicitly created and
  added to the srcs or deps of your targets.

  Disable implicit creation for your module in MODULE.bazel:

    rules_python_config = use_extension("@rules_python//python/extensions:config.bzl", "config")
    rules_python_config.explicit_init_py(default = True)

  Or for a specific target by setting:

    legacy_create_init = 0

  Or globally with the following Bazel flag:

    --incompatible_default_to_explicit_init_py
======================================================================
DEBUG: /home/USER/.cache/bazel/_bazel_USER/100872e8ae7632816cc29185b66cbaf5/external/rules_python+/python/private/py_executable.bzl:1595:14: 
======================================================================
WARNING: Target @@//tests:test_token_economics is using implicit __init__.py creation.
  This diabolic behavior is deprecated and will be disabled by default in a
  future release.
  See https://github.com/bazel-contrib/rules_python/issues/2945

  Ensure all __init__.py files are explicitly created and
  added to the srcs or deps of your targets.

  Disable implicit creation for your module in MODULE.bazel:

    rules_python_config = use_extension("@rules_python//python/extensions:config.bzl", "config")
    rules_python_config.explicit_init_py(default = True)

  Or for a specific target by setting:

    legacy_create_init = 0

  Or globally with the following Bazel flag:

    --incompatible_default_to_explicit_init_py
======================================================================
DEBUG: /home/USER/.cache/bazel/_bazel_USER/100872e8ae7632816cc29185b66cbaf5/external/rules_python+/python/private/py_executable.bzl:1595:14: 
======================================================================
WARNING: Target @@//tests:vulkan_fixtures_update is using implicit __init__.py creation.
  This diabolic behavior is deprecated and will be disabled by default in a
  future release.
  See https://github.com/bazel-contrib/rules_python/issues/2945

  Ensure all __init__.py files are explicitly created and
  added to the srcs or deps of your targets.

  Disable implicit creation for your module in MODULE.bazel:

    rules_python_config = use_extension("@rules_python//python/extensions:config.bzl", "config")
    rules_python_config.explicit_init_py(default = True)

  Or for a specific target by setting:

    legacy_create_init = 0

  Or globally with the following Bazel flag:

    --incompatible_default_to_explicit_init_py
======================================================================
DEBUG: /home/USER/.cache/bazel/_bazel_USER/100872e8ae7632816cc29185b66cbaf5/external/rules_python+/python/private/py_executable.bzl:1595:14: 
======================================================================
WARNING: Target @@//tests:test_tokenizer_matched_bench is using implicit __init__.py creation.
  This diabolic behavior is deprecated and will be disabled by default in a
  future release.
  See https://github.com/bazel-contrib/rules_python/issues/2945

  Ensure all __init__.py files are explicitly created and
  added to the srcs or deps of your targets.

  Disable implicit creation for your module in MODULE.bazel:

    rules_python_config = use_extension("@rules_python//python/extensions:config.bzl", "config")
    rules_python_config.explicit_init_py(default = True)

  Or for a specific target by setting:

    legacy_create_init = 0

  Or globally with the following Bazel flag:

    --incompatible_default_to_explicit_init_py
======================================================================
DEBUG: /home/USER/.cache/bazel/_bazel_USER/100872e8ae7632816cc29185b66cbaf5/external/rules_python+/python/private/py_executable.bzl:1595:14: 
======================================================================
WARNING: Target @@//tests:vulkan_fixtures_test is using implicit __init__.py creation.
  This diabolic behavior is deprecated and will be disabled by default in a
  future release.
  See https://github.com/bazel-contrib/rules_python/issues/2945

  Ensure all __init__.py files are explicitly created and
  added to the srcs or deps of your targets.

  Disable implicit creation for your module in MODULE.bazel:

    rules_python_config = use_extension("@rules_python//python/extensions:config.bzl", "config")
    rules_python_config.explicit_init_py(default = True)

  Or for a specific target by setting:

    legacy_create_init = 0

  Or globally with the following Bazel flag:

    --incompatible_default_to_explicit_init_py
======================================================================
DEBUG: /home/USER/.cache/bazel/_bazel_USER/100872e8ae7632816cc29185b66cbaf5/external/rules_python+/python/private/py_executable.bzl:1595:14: 
======================================================================
WARNING: Target @@//tests:test_linkage is using implicit __init__.py creation.
  This diabolic behavior is deprecated and will be disabled by default in a
  future release.
  See https://github.com/bazel-contrib/rules_python/issues/2945

  Ensure all __init__.py files are explicitly created and
  added to the srcs or deps of your targets.

  Disable implicit creation for your module in MODULE.bazel:

    rules_python_config = use_extension("@rules_python//python/extensions:config.bzl", "config")
    rules_python_config.explicit_init_py(default = True)

  Or for a specific target by setting:

    legacy_create_init = 0

  Or globally with the following Bazel flag:

    --incompatible_default_to_explicit_init_py
======================================================================
DEBUG: /home/USER/.cache/bazel/_bazel_USER/100872e8ae7632816cc29185b66cbaf5/external/rules_python+/python/private/py_executable.bzl:1595:14: 
======================================================================
WARNING: Target @@//tests:test_build_lists is using implicit __init__.py creation.
  This diabolic behavior is deprecated and will be disabled by default in a
  future release.
  See https://github.com/bazel-contrib/rules_python/issues/2945

  Ensure all __init__.py files are explicitly created and
  added to the srcs or deps of your targets.

  Disable implicit creation for your module in MODULE.bazel:

    rules_python_config = use_extension("@rules_python//python/extensions:config.bzl", "config")
    rules_python_config.explicit_init_py(default = True)

  Or for a specific target by setting:

    legacy_create_init = 0

  Or globally with the following Bazel flag:

    --incompatible_default_to_explicit_init_py
======================================================================
INFO: Analyzed 191 targets (0 packages loaded, 284 targets configured, 4 aspect applications).
ERROR: /home/USER/projects/zerv/tests/BUILD.bazel:183:10: zig test //tests:serve failed: (Exit 1): zig failed: error executing ZigBuildTest command (from zig_test rule target //tests:serve) external/rules_zig++zig+zig_0.16.0_x86_64-linux/zig test --test-no-exec --zig-lib-dir external/rules_zig++zig+zig_0.16.0_x86_64-linux/lib --cache-dir /tmp/zig-cache --global-cache-dir /tmp/zig-cache -O ... (remaining 83 arguments skipped)

Use --sandbox_debug to see verbose messages from the sandbox and retain the sandbox build root for debugging
src/serve/batcher.zig:974:22: error: expected statement, found ';'
                    };
                     ^
Use --verbose_failures to see the command lines of failed build steps.
INFO: Elapsed time: 0.521s, Critical Path: 0.35s
INFO: 25 processes: 821 action cache hit, 25 internal.
ERROR: Build did NOT complete successfully
//tests:serve_release_fast                                      FAILED TO BUILD

Executed 0 out of 82 tests: 41 tests pass, 1 fails to build, and 40 were skipped.
There were tests whose specified size is too big. Use the --test_verbose_timeout_warnings command line option to see which ones these are.
