["glslc", "--target-env=vulkan1.1", "-O", "-fshader-stage=compute", "-DFORMAT=0", "-DBLOCK_BYTES=4", "-DPAYLOAD_OFFSET=2", "-DLANES=256", "/home/USER/projects/zerv/docs/bench/data/2026-09-22-matvec-compact256/candidate.comp", "-o", "/home/USER/projects/zerv/third_party/matvec-dfs/2026-09-22-matvec-compact256/f32.spv"]
["spirv-val", "--target-env", "vulkan1.1", "/home/USER/projects/zerv/third_party/matvec-dfs/2026-09-22-matvec-compact256/f32.spv"]
["glslc", "--target-env=vulkan1.1", "-O", "-fshader-stage=compute", "-DFORMAT=2", "-DBLOCK_BYTES=18", "-DPAYLOAD_OFFSET=2", "-DLANES=256", "/home/USER/projects/zerv/docs/bench/data/2026-09-22-matvec-compact256/candidate.comp", "-o", "/home/USER/projects/zerv/third_party/matvec-dfs/2026-09-22-matvec-compact256/q4_0.spv"]
["spirv-val", "--target-env", "vulkan1.1", "/home/USER/projects/zerv/third_party/matvec-dfs/2026-09-22-matvec-compact256/q4_0.spv"]
["glslc", "--target-env=vulkan1.1", "-O", "-fshader-stage=compute", "-DFORMAT=3", "-DBLOCK_BYTES=20", "-DPAYLOAD_OFFSET=4", "-DLANES=256", "/home/USER/projects/zerv/docs/bench/data/2026-09-22-matvec-compact256/candidate.comp", "-o", "/home/USER/projects/zerv/third_party/matvec-dfs/2026-09-22-matvec-compact256/q4_1.spv"]
["spirv-val", "--target-env", "vulkan1.1", "/home/USER/projects/zerv/third_party/matvec-dfs/2026-09-22-matvec-compact256/q4_1.spv"]
["glslc", "--target-env=vulkan1.1", "-O", "-fshader-stage=compute", "-DFORMAT=13", "-DBLOCK_BYTES=176", "-DPAYLOAD_OFFSET=2", "-DLANES=256", "/home/USER/projects/zerv/docs/bench/data/2026-09-22-matvec-compact256/candidate.comp", "-o", "/home/USER/projects/zerv/third_party/matvec-dfs/2026-09-22-matvec-compact256/q5_k.spv"]
["spirv-val", "--target-env", "vulkan1.1", "/home/USER/projects/zerv/third_party/matvec-dfs/2026-09-22-matvec-compact256/q5_k.spv"]
["glslc", "--target-env=vulkan1.1", "-O", "-fshader-stage=compute", "-DFORMAT=14", "-DBLOCK_BYTES=210", "-DPAYLOAD_OFFSET=2", "-DLANES=256", "/home/USER/projects/zerv/docs/bench/data/2026-09-22-matvec-compact256/candidate.comp", "-o", "/home/USER/projects/zerv/third_party/matvec-dfs/2026-09-22-matvec-compact256/q6_k.spv"]
["spirv-val", "--target-env", "vulkan1.1", "/home/USER/projects/zerv/third_party/matvec-dfs/2026-09-22-matvec-compact256/q6_k.spv"]
["/home/USER/projects/zerv/.tools/zig-x86_64-linux-0.16.0/zig", "build", "gpu-matvec-bench-build", "-Doptimize=ReleaseFast", "-Dcpu=native"]
["/home/USER/projects/zerv/third_party/matvec-dfs/2026-09-22-matvec-compact256/native", "--fixtures", "/home/USER/projects/zerv/third_party/matvec-dfs/2026-09-22-matvec-compact256", "1"]
verified 48 independent cases, replay, guards and changed input
["/home/USER/projects/zerv/third_party/matvec-dfs/2026-09-22-matvec-compact256/native", "/home/USER/projects/zerv/third_party/gpu-matvec-bench/2026-09-22-gpu-matvec-repeat/q6_k-5120-248320.case", "/home/USER/projects/zerv/third_party/matvec-dfs/2026-09-22-matvec-compact256/q6_k-5120-248320.output", "10", "/home/USER/projects/zerv/third_party/matvec-dfs/2026-09-22-matvec-compact256/q6_k.spv", "1"]
{"trial":0,"iterations":10,"elapsed_ns":12552284}
{"trial":1,"iterations":10,"elapsed_ns":12369238}
{"trial":2,"iterations":10,"elapsed_ns":12528209}
{"trial":3,"iterations":10,"elapsed_ns":12638898}
{"trial":4,"iterations":10,"elapsed_ns":12624562}
{"trial":5,"iterations":10,"elapsed_ns":12603832}
{"trial":6,"iterations":10,"elapsed_ns":12693201}
device=AMD Radeon RX 7900 XTX (RADV NAVI31) vendor=1002 id=744c api=4211042 driver=109060099 family=1
allocation_bytes=2088909104 sizes=1043957872,1043957872,993360 memory_types=5,0,5 groups=65535,4,1
["/home/USER/projects/zerv/third_party/matvec-dfs/2026-09-22-matvec-compact256/native", "/home/USER/projects/zerv/third_party/gpu-matvec-bench/2026-09-22-gpu-matvec-repeat/q4_0-5120-6144.case", "/home/USER/projects/zerv/third_party/matvec-dfs/2026-09-22-matvec-compact256/q4_0-5120-6144.output", "64", "/home/USER/projects/zerv/third_party/matvec-dfs/2026-09-22-matvec-compact256/q4_0.spv", "1"]
{"trial":0,"iterations":64,"elapsed_ns":5966315}
{"trial":1,"iterations":64,"elapsed_ns":5961947}
{"trial":2,"iterations":64,"elapsed_ns":5951428}
{"trial":3,"iterations":64,"elapsed_ns":5959522}
{"trial":4,"iterations":64,"elapsed_ns":5950575}
{"trial":5,"iterations":64,"elapsed_ns":5968990}
{"trial":6,"iterations":64,"elapsed_ns":5930587}
device=AMD Radeon RX 7900 XTX (RADV NAVI31) vendor=1002 id=744c api=4211042 driver=109060099 family=1
allocation_bytes=35504432 sizes=17739888,17739888,24656 memory_types=5,0,5 groups=6144,1,1
["/home/USER/projects/zerv/third_party/matvec-dfs/2026-09-22-matvec-compact256/native", "/home/USER/projects/zerv/third_party/gpu-matvec-bench/2026-09-22-gpu-matvec-repeat/q4_0-5120-10240.case", "/home/USER/projects/zerv/third_party/matvec-dfs/2026-09-22-matvec-compact256/q4_0-5120-10240.output", "64", "/home/USER/projects/zerv/third_party/matvec-dfs/2026-09-22-matvec-compact256/q4_0.spv", "1"]
{"trial":0,"iterations":64,"elapsed_ns":7862197}
{"trial":1,"iterations":64,"elapsed_ns":7853561}
{"trial":2,"iterations":64,"elapsed_ns":7683589}
{"trial":3,"iterations":64,"elapsed_ns":7384452}
{"trial":4,"iterations":64,"elapsed_ns":7388529}
{"trial":5,"iterations":64,"elapsed_ns":7324608}
{"trial":6,"iterations":64,"elapsed_ns":7320511}
device=AMD Radeon RX 7900 XTX (RADV NAVI31) vendor=1002 id=744c api=4211042 driver=109060099 family=1
allocation_bytes=59146544 sizes=29552752,29552752,41040 memory_types=5,0,5 groups=10240,1,1
["/home/USER/projects/zerv/third_party/matvec-dfs/2026-09-22-matvec-compact256/native", "/home/USER/projects/zerv/third_party/gpu-matvec-bench/2026-09-22-gpu-matvec-repeat/q4_1-17408-5120.case", "/home/USER/projects/zerv/third_party/matvec-dfs/2026-09-22-matvec-compact256/q4_1-17408-5120.output", "64", "/home/USER/projects/zerv/third_party/matvec-dfs/2026-09-22-matvec-compact256/q4_1.spv", "1"]
{"trial":0,"iterations":64,"elapsed_ns":10068528}
{"trial":1,"iterations":64,"elapsed_ns":9417845}
{"trial":2,"iterations":64,"elapsed_ns":9025201}
{"trial":3,"iterations":64,"elapsed_ns":8857444}
{"trial":4,"iterations":64,"elapsed_ns":8849799}
{"trial":5,"iterations":64,"elapsed_ns":8926574}
{"trial":6,"iterations":64,"elapsed_ns":9080696}
device=AMD Radeon RX 7900 XTX (RADV NAVI31) vendor=1002 id=744c api=4211042 driver=109060099 family=1
allocation_bytes=111612208 sizes=55795824,55795824,20560 memory_types=5,0,5 groups=5120,1,1
["/home/USER/projects/zerv/third_party/matvec-dfs/2026-09-22-matvec-compact256/native", "/home/USER/projects/zerv/third_party/gpu-matvec-bench/2026-09-22-gpu-matvec-repeat/q4_0-5120-17408.case", "/home/USER/projects/zerv/third_party/matvec-dfs/2026-09-22-matvec-compact256/q4_0-5120-17408.output", "64", "/home/USER/projects/zerv/third_party/matvec-dfs/2026-09-22-matvec-compact256/q4_0.spv", "1"]
{"trial":0,"iterations":64,"elapsed_ns":10607961}
{"trial":1,"iterations":64,"elapsed_ns":9738592}
{"trial":2,"iterations":64,"elapsed_ns":9254355}
{"trial":3,"iterations":64,"elapsed_ns":9024560}
{"trial":4,"iterations":64,"elapsed_ns":8884574}
{"trial":5,"iterations":64,"elapsed_ns":8868504}
{"trial":6,"iterations":64,"elapsed_ns":8913078}
device=AMD Radeon RX 7900 XTX (RADV NAVI31) vendor=1002 id=744c api=4211042 driver=109060099 family=1
allocation_bytes=100520240 sizes=50225264,50225264,69712 memory_types=5,0,5 groups=17408,1,1
["/home/USER/projects/zerv/third_party/matvec-dfs/2026-09-22-matvec-compact256/native", "/home/USER/projects/zerv/third_party/gpu-matvec-bench/2026-09-22-gpu-matvec-repeat/f32-5120-48.case", "/home/USER/projects/zerv/third_party/matvec-dfs/2026-09-22-matvec-compact256/f32-5120-48.output", "256", "/home/USER/projects/zerv/third_party/matvec-dfs/2026-09-22-matvec-compact256/f32.spv", "1"]
{"trial":0,"iterations":256,"elapsed_ns":12831103}
{"trial":1,"iterations":256,"elapsed_ns":12896336}
{"trial":2,"iterations":256,"elapsed_ns":12825342}
{"trial":3,"iterations":256,"elapsed_ns":12809942}
{"trial":4,"iterations":256,"elapsed_ns":12741482}
{"trial":5,"iterations":256,"elapsed_ns":12700025}
{"trial":6,"iterations":256,"elapsed_ns":12738477}
device=AMD Radeon RX 7900 XTX (RADV NAVI31) vendor=1002 id=744c api=4211042 driver=109060099 family=1
allocation_bytes=2007920 sizes=1003824,1003824,272 memory_types=5,0,5 groups=48,1,1
["/home/USER/projects/zerv/third_party/matvec-dfs/2026-09-22-matvec-compact256/native", "/home/USER/projects/zerv/third_party/gpu-matvec-bench/2026-09-22-gpu-matvec-repeat/q5_k-6144-5120.case", "/home/USER/projects/zerv/third_party/matvec-dfs/2026-09-22-matvec-compact256/q5_k-6144-5120.output", "64", "/home/USER/projects/zerv/third_party/matvec-dfs/2026-09-22-matvec-compact256/q5_k.spv", "1"]
{"trial":0,"iterations":64,"elapsed_ns":7299702}
{"trial":1,"iterations":64,"elapsed_ns":7293770}
{"trial":2,"iterations":64,"elapsed_ns":7310893}
{"trial":3,"iterations":64,"elapsed_ns":7400693}
{"trial":4,"iterations":64,"elapsed_ns":7091688}
{"trial":5,"iterations":64,"elapsed_ns":6720583}
{"trial":6,"iterations":64,"elapsed_ns":6755431}
device=AMD Radeon RX 7900 XTX (RADV NAVI31) vendor=1002 id=744c api=4211042 driver=109060099 family=1
allocation_bytes=43364656 sizes=21672048,21672048,20560 memory_types=5,0,5 groups=5120,1,1
["/home/USER/projects/zerv/third_party/matvec-dfs/2026-09-22-matvec-compact256/native", "/home/USER/projects/zerv/third_party/gpu-matvec-bench/2026-09-22-gpu-matvec-repeat/q4_0-5120-1024.case", "/home/USER/projects/zerv/third_party/matvec-dfs/2026-09-22-matvec-compact256/q4_0-5120-1024.output", "64", "/home/USER/projects/zerv/third_party/matvec-dfs/2026-09-22-matvec-compact256/q4_0.spv", "1"]
{"trial":0,"iterations":64,"elapsed_ns":3483000}
{"trial":1,"iterations":64,"elapsed_ns":3562009}
{"trial":2,"iterations":64,"elapsed_ns":3480845}
{"trial":3,"iterations":64,"elapsed_ns":3483441}
{"trial":4,"iterations":64,"elapsed_ns":3480705}
{"trial":5,"iterations":64,"elapsed_ns":3503078}
{"trial":6,"iterations":64,"elapsed_ns":3575275}
device=AMD Radeon RX 7900 XTX (RADV NAVI31) vendor=1002 id=744c api=4211042 driver=109060099 family=1
allocation_bytes=5951792 sizes=2973808,2973808,4176 memory_types=5,0,5 groups=1024,1,1
["/home/USER/projects/zerv/third_party/matvec-dfs/2026-09-22-matvec-compact256/native", "/home/USER/projects/zerv/third_party/gpu-matvec-bench/2026-09-22-gpu-matvec-repeat/q4_0-6144-5120.case", "/home/USER/projects/zerv/third_party/matvec-dfs/2026-09-22-matvec-compact256/q4_0-6144-5120.output", "64", "/home/USER/projects/zerv/third_party/matvec-dfs/2026-09-22-matvec-compact256/q4_0.spv", "1"]
{"trial":0,"iterations":64,"elapsed_ns":5884280}
{"trial":1,"iterations":64,"elapsed_ns":5903426}
{"trial":2,"iterations":64,"elapsed_ns":5876444}
{"trial":3,"iterations":64,"elapsed_ns":5895221}
{"trial":4,"iterations":64,"elapsed_ns":5930707}
{"trial":5,"iterations":64,"elapsed_ns":5937571}
{"trial":6,"iterations":64,"elapsed_ns":5889670}
device=AMD Radeon RX 7900 XTX (RADV NAVI31) vendor=1002 id=744c api=4211042 driver=109060099 family=1
allocation_bytes=35500336 sizes=17739888,17739888,20560 memory_types=5,0,5 groups=5120,1,1
["/home/USER/projects/zerv/third_party/matvec-dfs/2026-09-22-matvec-compact256/native", "/home/USER/projects/zerv/third_party/gpu-matvec-bench/2026-09-22-gpu-matvec-repeat/q4_0-5120-12288.case", "/home/USER/projects/zerv/third_party/matvec-dfs/2026-09-22-matvec-compact256/q4_0-5120-12288.output", "64", "/home/USER/projects/zerv/third_party/matvec-dfs/2026-09-22-matvec-compact256/q4_0.spv", "1"]
{"trial":0,"iterations":64,"elapsed_ns":8691459}
{"trial":1,"iterations":64,"elapsed_ns":8561883}
{"trial":2,"iterations":64,"elapsed_ns":7999658}
{"trial":3,"iterations":64,"elapsed_ns":7961175}
{"trial":4,"iterations":64,"elapsed_ns":7685804}
{"trial":5,"iterations":64,"elapsed_ns":7737200}
{"trial":6,"iterations":64,"elapsed_ns":7631040}
device=AMD Radeon RX 7900 XTX (RADV NAVI31) vendor=1002 id=744c api=4211042 driver=109060099 family=1
allocation_bytes=70967600 sizes=35459184,35459184,49232 memory_types=5,0,5 groups=12288,1,1
["/home/USER/projects/zerv/third_party/matvec-dfs/2026-09-22-matvec-compact256/native", "/home/USER/projects/zerv/third_party/gpu-matvec-bench/2026-09-22-gpu-matvec-repeat/q4_0-17408-5120.case", "/home/USER/projects/zerv/third_party/matvec-dfs/2026-09-22-matvec-compact256/q4_0-17408-5120.output", "64", "/home/USER/projects/zerv/third_party/matvec-dfs/2026-09-22-matvec-compact256/q4_0.spv", "1"]
{"trial":0,"iterations":64,"elapsed_ns":9890320}
{"trial":1,"iterations":64,"elapsed_ns":9377929}
{"trial":2,"iterations":64,"elapsed_ns":8952363}
{"trial":3,"iterations":64,"elapsed_ns":8815884}
{"trial":4,"iterations":64,"elapsed_ns":8716336}
{"trial":5,"iterations":64,"elapsed_ns":8638227}
{"trial":6,"iterations":64,"elapsed_ns":8613291}
device=AMD Radeon RX 7900 XTX (RADV NAVI31) vendor=1002 id=744c api=4211042 driver=109060099 family=1
allocation_bytes=100471088 sizes=50225264,50225264,20560 memory_types=5,0,5 groups=5120,1,1
