Another command (pid=846739) is running. Waiting for it to complete on the server (server_pid=2358)...
DEBUG: /home/USER/.cache/bazel/_bazel_USER/100872e8ae7632816cc29185b66cbaf5/external/rules_python+/python/private/py_executable.bzl:1595:14: 
======================================================================
WARNING: Target @@//tools:py is using implicit __init__.py creation.
  This diabolic behavior is deprecated and will be disabled by default in a
  future release.
  See https://github.com/bazel-contrib/rules_python/issues/2945

  Ensure all __init__.py files are explicitly created and
  added to the srcs or deps of your targets.

  Disable implicit creation for your module in MODULE.bazel:

    rules_python_config = use_extension("@rules_python//python/extensions:config.bzl", "config")
    rules_python_config.explicit_init_py(default = True)

  Or for a specific target by setting:

    legacy_create_init = 0

  Or globally with the following Bazel flag:

    --incompatible_default_to_explicit_init_py
======================================================================
0 native turns identical; complete runs only
rdna3-nofusion wall {'n': 3, 'mean': 49.78251194699745, 'stdev': 1.3199300657833077, 'minimum': 48.54311232100008, 'maximum': 51.17041212700133} turn1 {'n': 3, 'mean': 2960.9895439983425, 'stdev': 223.3008949008037, 'minimum': 2756.199477997143, 'maximum': 3199.0645729965763} gap99 {'n': 3, 'mean': 1700.1895623301, 'stdev': 401.7868281241222, 'minimum': 1255.4576869879384, 'maximum': 2036.979381009587}
rdna3-b512-nofusion wall {'n': 3, 'mean': 50.597529711662595, 'stdev': 0.9600586437151754, 'minimum': 49.635913046993664, 'maximum': 51.55602271200041} turn1 {'n': 3, 'mean': 3527.6341930002673, 'stdev': 318.7002608723509, 'minimum': 3161.138811003184, 'maximum': 3739.703881001333} gap99 {'n': 3, 'mean': 592.9030349992294, 'stdev': 19.194418561022566, 'minimum': 574.9941499962006, 'maximum': 613.1658629892627}
component {'short_after_warmup': {'disk_write_ms': {'n': 5, 'mean': 247.3456598, 'stdev': 15.565804603458242, 'minimum': 237.506414, 'maximum': 274.864347}, 'restore_ms': {'n': 5, 'mean': 198.891212, 'stdev': 12.404391751436702, 'minimum': 188.558251, 'maximum': 218.798147}}, 'long': [{'prefix': 80000, 'state_bytes': 5399773184, 'exact_state': True, 'exact_vocab_rows': 4, 'elapsed_ns': 162784686328, 'capture_ns': 4612727581, 'restore_ns': 6013316340, 'disk_write_ns': 7420557023, 'disk': True, 'independent_rows': 2, 'device_starts': 25744, 'device_pending_polls': 65912, 'max_poll_ns': 3725376, 'source': True, 'source_cpu_quanta': 305, 'source_gpu_quanta': 9995, 'pressure': True}]}
