INFO: Invocation ID: 0587013c-dead-45c9-9848-f5faf604df6f
Computing main repo mapping: 
Loading: 
Loading: 0 packages loaded
Analyzing: 187 targets (0 packages loaded, 0 targets configured)
Analyzing: 187 targets (0 packages loaded, 2 targets configured)

DEBUG: /home/USER/.cache/bazel/_bazel_USER/100872e8ae7632816cc29185b66cbaf5/external/rules_python+/python/private/py_executable.bzl:1595:14: 
======================================================================
WARNING: Target @@//bench/isa_lab:isa_tool is using implicit __init__.py creation.
  This diabolic behavior is deprecated and will be disabled by default in a
  future release.
  See https://github.com/bazel-contrib/rules_python/issues/2945

  Ensure all __init__.py files are explicitly created and
  added to the srcs or deps of your targets.

  Disable implicit creation for your module in MODULE.bazel:

    rules_python_config = use_extension("@rules_python//python/extensions:config.bzl", "config")
    rules_python_config.explicit_init_py(default = True)

  Or for a specific target by setting:

    legacy_create_init = 0

  Or globally with the following Bazel flag:

    --incompatible_default_to_explicit_init_py
======================================================================
DEBUG: /home/USER/.cache/bazel/_bazel_USER/100872e8ae7632816cc29185b66cbaf5/external/rules_python+/python/private/py_executable.bzl:1595:14: 
======================================================================
WARNING: Target @@//bench/isa_lab:gen_f16x is using implicit __init__.py creation.
  This diabolic behavior is deprecated and will be disabled by default in a
  future release.
  See https://github.com/bazel-contrib/rules_python/issues/2945

  Ensure all __init__.py files are explicitly created and
  added to the srcs or deps of your targets.

  Disable implicit creation for your module in MODULE.bazel:

    rules_python_config = use_extension("@rules_python//python/extensions:config.bzl", "config")
    rules_python_config.explicit_init_py(default = True)

  Or for a specific target by setting:

    legacy_create_init = 0

  Or globally with the following Bazel flag:

    --incompatible_default_to_explicit_init_py
======================================================================
DEBUG: /home/USER/.cache/bazel/_bazel_USER/100872e8ae7632816cc29185b66cbaf5/external/rules_python+/python/private/py_executable.bzl:1595:14: 
======================================================================
WARNING: Target @@//tools:vulkan_stub is using implicit __init__.py creation.
  This diabolic behavior is deprecated and will be disabled by default in a
  future release.
  See https://github.com/bazel-contrib/rules_python/issues/2945

  Ensure all __init__.py files are explicitly created and
  added to the srcs or deps of your targets.

  Disable implicit creation for your module in MODULE.bazel:

    rules_python_config = use_extension("@rules_python//python/extensions:config.bzl", "config")
    rules_python_config.explicit_init_py(default = True)

  Or for a specific target by setting:

    legacy_create_init = 0

  Or globally with the following Bazel flag:

    --incompatible_default_to_explicit_init_py
======================================================================
DEBUG: /home/USER/.cache/bazel/_bazel_USER/100872e8ae7632816cc29185b66cbaf5/external/rules_python+/python/private/py_executable.bzl:1595:14: 
======================================================================
WARNING: Target @@//tests:generate_gpu_timing_abi is using implicit __init__.py creation.
  This diabolic behavior is deprecated and will be disabled by default in a
  future release.
  See https://github.com/bazel-contrib/rules_python/issues/2945

  Ensure all __init__.py files are explicitly created and
  added to the srcs or deps of your targets.

  Disable implicit creation for your module in MODULE.bazel:

    rules_python_config = use_extension("@rules_python//python/extensions:config.bzl", "config")
    rules_python_config.explicit_init_py(default = True)

  Or for a specific target by setting:

    legacy_create_init = 0

  Or globally with the following Bazel flag:

    --incompatible_default_to_explicit_init_py
======================================================================
DEBUG: /home/USER/.cache/bazel/_bazel_USER/100872e8ae7632816cc29185b66cbaf5/external/rules_python+/python/private/py_executable.bzl:1595:14: 
======================================================================
WARNING: Target @@//tools:generate_vulkan_bindings is using implicit __init__.py creation.
  This diabolic behavior is deprecated and will be disabled by default in a
  future release.
  See https://github.com/bazel-contrib/rules_python/issues/2945

  Ensure all __init__.py files are explicitly created and
  added to the srcs or deps of your targets.

  Disable implicit creation for your module in MODULE.bazel:

    rules_python_config = use_extension("@rules_python//python/extensions:config.bzl", "config")
    rules_python_config.explicit_init_py(default = True)

  Or for a specific target by setting:

    legacy_create_init = 0

  Or globally with the following Bazel flag:

    --incompatible_default_to_explicit_init_py
======================================================================
DEBUG: /home/USER/.cache/bazel/_bazel_USER/100872e8ae7632816cc29185b66cbaf5/external/rules_python+/python/private/py_executable.bzl:1595:14: 
======================================================================
WARNING: Target @@//tests:generate_vulkan_abi is using implicit __init__.py creation.
  This diabolic behavior is deprecated and will be disabled by default in a
  future release.
  See https://github.com/bazel-contrib/rules_python/issues/2945

  Ensure all __init__.py files are explicitly created and
  added to the srcs or deps of your targets.

  Disable implicit creation for your module in MODULE.bazel:

    rules_python_config = use_extension("@rules_python//python/extensions:config.bzl", "config")
    rules_python_config.explicit_init_py(default = True)

  Or for a specific target by setting:

    legacy_create_init = 0

  Or globally with the following Bazel flag:

    --incompatible_default_to_explicit_init_py
======================================================================
DEBUG: /home/USER/.cache/bazel/_bazel_USER/100872e8ae7632816cc29185b66cbaf5/external/rules_python+/python/private/py_executable.bzl:1595:14: 
======================================================================
WARNING: Target @@//bazel:meson_build is using implicit __init__.py creation.
  This diabolic behavior is deprecated and will be disabled by default in a
  future release.
  See https://github.com/bazel-contrib/rules_python/issues/2945

  Ensure all __init__.py files are explicitly created and
  added to the srcs or deps of your targets.

  Disable implicit creation for your module in MODULE.bazel:

    rules_python_config = use_extension("@rules_python//python/extensions:config.bzl", "config")
    rules_python_config.explicit_init_py(default = True)

  Or for a specific target by setting:

    legacy_create_init = 0

  Or globally with the following Bazel flag:

    --incompatible_default_to_explicit_init_py
======================================================================
DEBUG: /home/USER/.cache/bazel/_bazel_USER/100872e8ae7632816cc29185b66cbaf5/external/rules_python+/python/private/py_executable.bzl:1595:14: 
======================================================================
WARNING: Target @@//tools:vulkan_stub is using implicit __init__.py creation.
  This diabolic behavior is deprecated and will be disabled by default in a
  future release.
  See https://github.com/bazel-contrib/rules_python/issues/2945

  Ensure all __init__.py files are explicitly created and
  added to the srcs or deps of your targets.

  Disable implicit creation for your module in MODULE.bazel:

    rules_python_config = use_extension("@rules_python//python/extensions:config.bzl", "config")
    rules_python_config.explicit_init_py(default = True)

  Or for a specific target by setting:

    legacy_create_init = 0

  Or globally with the following Bazel flag:

    --incompatible_default_to_explicit_init_py
======================================================================
DEBUG: /home/USER/.cache/bazel/_bazel_USER/100872e8ae7632816cc29185b66cbaf5/external/rules_python+/python/private/py_executable.bzl:1595:14: 
======================================================================
WARNING: Target @@//tools:generate_vulkan_bindings is using implicit __init__.py creation.
  This diabolic behavior is deprecated and will be disabled by default in a
  future release.
  See https://github.com/bazel-contrib/rules_python/issues/2945

  Ensure all __init__.py files are explicitly created and
  added to the srcs or deps of your targets.

  Disable implicit creation for your module in MODULE.bazel:

    rules_python_config = use_extension("@rules_python//python/extensions:config.bzl", "config")
    rules_python_config.explicit_init_py(default = True)

  Or for a specific target by setting:

    legacy_create_init = 0

  Or globally with the following Bazel flag:

    --incompatible_default_to_explicit_init_py
======================================================================
DEBUG: /home/USER/.cache/bazel/_bazel_USER/100872e8ae7632816cc29185b66cbaf5/external/rules_python+/python/private/py_executable.bzl:1595:14: 
======================================================================
WARNING: Target @@//tests:generate_vulkan_abi is using implicit __init__.py creation.
  This diabolic behavior is deprecated and will be disabled by default in a
  future release.
  See https://github.com/bazel-contrib/rules_python/issues/2945

  Ensure all __init__.py files are explicitly created and
  added to the srcs or deps of your targets.

  Disable implicit creation for your module in MODULE.bazel:

    rules_python_config = use_extension("@rules_python//python/extensions:config.bzl", "config")
    rules_python_config.explicit_init_py(default = True)

  Or for a specific target by setting:

    legacy_create_init = 0

  Or globally with the following Bazel flag:

    --incompatible_default_to_explicit_init_py
======================================================================
DEBUG: /home/USER/.cache/bazel/_bazel_USER/100872e8ae7632816cc29185b66cbaf5/external/rules_python+/python/private/py_executable.bzl:1595:14: 
======================================================================
WARNING: Target @@//bench/isa_lab:isa_tool is using implicit __init__.py creation.
  This diabolic behavior is deprecated and will be disabled by default in a
  future release.
  See https://github.com/bazel-contrib/rules_python/issues/2945

  Ensure all __init__.py files are explicitly created and
  added to the srcs or deps of your targets.

  Disable implicit creation for your module in MODULE.bazel:

    rules_python_config = use_extension("@rules_python//python/extensions:config.bzl", "config")
    rules_python_config.explicit_init_py(default = True)

  Or for a specific target by setting:

    legacy_create_init = 0

  Or globally with the following Bazel flag:

    --incompatible_default_to_explicit_init_py
======================================================================
DEBUG: /home/USER/.cache/bazel/_bazel_USER/100872e8ae7632816cc29185b66cbaf5/external/rules_python+/python/private/py_executable.bzl:1595:14: 
======================================================================
WARNING: Target @@+http_archive+spirv_tools//:ggt is using implicit __init__.py creation.
  This diabolic behavior is deprecated and will be disabled by default in a
  future release.
  See https://github.com/bazel-contrib/rules_python/issues/2945

  Ensure all __init__.py files are explicitly created and
  added to the srcs or deps of your targets.

  Disable implicit creation for your module in MODULE.bazel:

    rules_python_config = use_extension("@rules_python//python/extensions:config.bzl", "config")
    rules_python_config.explicit_init_py(default = True)

  Or for a specific target by setting:

    legacy_create_init = 0

  Or globally with the following Bazel flag:

    --incompatible_default_to_explicit_init_py
======================================================================
DEBUG: /home/USER/.cache/bazel/_bazel_USER/100872e8ae7632816cc29185b66cbaf5/external/rules_python+/python/private/py_executable.bzl:1595:14: 
======================================================================
WARNING: Target @@//tests:generate_gpu_timing_abi is using implicit __init__.py creation.
  This diabolic behavior is deprecated and will be disabled by default in a
  future release.
  See https://github.com/bazel-contrib/rules_python/issues/2945

  Ensure all __init__.py files are explicitly created and
  added to the srcs or deps of your targets.

  Disable implicit creation for your module in MODULE.bazel:

    rules_python_config = use_extension("@rules_python//python/extensions:config.bzl", "config")
    rules_python_config.explicit_init_py(default = True)

  Or for a specific target by setting:

    legacy_create_init = 0

  Or globally with the following Bazel flag:

    --incompatible_default_to_explicit_init_py
======================================================================
DEBUG: /home/USER/.cache/bazel/_bazel_USER/100872e8ae7632816cc29185b66cbaf5/external/rules_python+/python/private/py_executable.bzl:1595:14: 
======================================================================
WARNING: Target @@//bench/isa_lab:gen_f16x is using implicit __init__.py creation.
  This diabolic behavior is deprecated and will be disabled by default in a
  future release.
  See https://github.com/bazel-contrib/rules_python/issues/2945

  Ensure all __init__.py files are explicitly created and
  added to the srcs or deps of your targets.

  Disable implicit creation for your module in MODULE.bazel:

    rules_python_config = use_extension("@rules_python//python/extensions:config.bzl", "config")
    rules_python_config.explicit_init_py(default = True)

  Or for a specific target by setting:

    legacy_create_init = 0

  Or globally with the following Bazel flag:

    --incompatible_default_to_explicit_init_py
======================================================================
DEBUG: /home/USER/.cache/bazel/_bazel_USER/100872e8ae7632816cc29185b66cbaf5/external/rules_python+/python/private/py_executable.bzl:1595:14: 
======================================================================
WARNING: Target @@+http_archive+spirv_tools//:update_build_version is using implicit __init__.py creation.
  This diabolic behavior is deprecated and will be disabled by default in a
  future release.
  See https://github.com/bazel-contrib/rules_python/issues/2945

  Ensure all __init__.py files are explicitly created and
  added to the srcs or deps of your targets.

  Disable implicit creation for your module in MODULE.bazel:

    rules_python_config = use_extension("@rules_python//python/extensions:config.bzl", "config")
    rules_python_config.explicit_init_py(default = True)

  Or for a specific target by setting:

    legacy_create_init = 0

  Or globally with the following Bazel flag:

    --incompatible_default_to_explicit_init_py
======================================================================
DEBUG: /home/USER/.cache/bazel/_bazel_USER/100872e8ae7632816cc29185b66cbaf5/external/rules_python+/python/private/py_executable.bzl:1595:14: 
======================================================================
WARNING: Target @@+http_archive+glslang//:build_info is using implicit __init__.py creation.
  This diabolic behavior is deprecated and will be disabled by default in a
  future release.
  See https://github.com/bazel-contrib/rules_python/issues/2945

  Ensure all __init__.py files are explicitly created and
  added to the srcs or deps of your targets.

  Disable implicit creation for your module in MODULE.bazel:

    rules_python_config = use_extension("@rules_python//python/extensions:config.bzl", "config")
    rules_python_config.explicit_init_py(default = True)

  Or for a specific target by setting:

    legacy_create_init = 0

  Or globally with the following Bazel flag:

    --incompatible_default_to_explicit_init_py
======================================================================
DEBUG: /home/USER/.cache/bazel/_bazel_USER/100872e8ae7632816cc29185b66cbaf5/external/rules_python+/python/private/py_executable.bzl:1595:14: 
======================================================================
WARNING: Target @@+http_archive+spirv_tools//:generate_language_headers is using implicit __init__.py creation.
  This diabolic behavior is deprecated and will be disabled by default in a
  future release.
  See https://github.com/bazel-contrib/rules_python/issues/2945

  Ensure all __init__.py files are explicitly created and
  added to the srcs or deps of your targets.

  Disable implicit creation for your module in MODULE.bazel:

    rules_python_config = use_extension("@rules_python//python/extensions:config.bzl", "config")
    rules_python_config.explicit_init_py(default = True)

  Or for a specific target by setting:

    legacy_create_init = 0

  Or globally with the following Bazel flag:

    --incompatible_default_to_explicit_init_py
======================================================================
DEBUG: /home/USER/.cache/bazel/_bazel_USER/100872e8ae7632816cc29185b66cbaf5/external/rules_python+/python/private/py_executable.bzl:1595:14: 
======================================================================
WARNING: Target @@//src/gpu:vk_zig_update is using implicit __init__.py creation.
  This diabolic behavior is deprecated and will be disabled by default in a
  future release.
  See https://github.com/bazel-contrib/rules_python/issues/2945

  Ensure all __init__.py files are explicitly created and
  added to the srcs or deps of your targets.

  Disable implicit creation for your module in MODULE.bazel:

    rules_python_config = use_extension("@rules_python//python/extensions:config.bzl", "config")
    rules_python_config.explicit_init_py(default = True)

  Or for a specific target by setting:

    legacy_create_init = 0

  Or globally with the following Bazel flag:

    --incompatible_default_to_explicit_init_py
======================================================================
DEBUG: /home/USER/.cache/bazel/_bazel_USER/100872e8ae7632816cc29185b66cbaf5/external/rules_python+/python/private/py_executable.bzl:1595:14: 
======================================================================
WARNING: Target @@+http_archive+spirv_tools//:generate_registry_tables is using implicit __init__.py creation.
  This diabolic behavior is deprecated and will be disabled by default in a
  future release.
  See https://github.com/bazel-contrib/rules_python/issues/2945

  Ensure all __init__.py files are explicitly created and
  added to the srcs or deps of your targets.

  Disable implicit creation for your module in MODULE.bazel:

    rules_python_config = use_extension("@rules_python//python/extensions:config.bzl", "config")
    rules_python_config.explicit_init_py(default = True)

  Or for a specific target by setting:

    legacy_create_init = 0

  Or globally with the following Bazel flag:

    --incompatible_default_to_explicit_init_py
======================================================================
DEBUG: /home/USER/.cache/bazel/_bazel_USER/100872e8ae7632816cc29185b66cbaf5/external/rules_python+/python/private/py_executable.bzl:1595:14: 
======================================================================
WARNING: Target @@//tests:test_tokenizer_bench is using implicit __init__.py creation.
  This diabolic behavior is deprecated and will be disabled by default in a
  future release.
  See https://github.com/bazel-contrib/rules_python/issues/2945

  Ensure all __init__.py files are explicitly created and
  added to the srcs or deps of your targets.

  Disable implicit creation for your module in MODULE.bazel:

    rules_python_config = use_extension("@rules_python//python/extensions:config.bzl", "config")
    rules_python_config.explicit_init_py(default = True)

  Or for a specific target by setting:

    legacy_create_init = 0

  Or globally with the following Bazel flag:

    --incompatible_default_to_explicit_init_py
======================================================================
DEBUG: /home/USER/.cache/bazel/_bazel_USER/100872e8ae7632816cc29185b66cbaf5/external/rules_python+/python/private/py_executable.bzl:1595:14: 
======================================================================
WARNING: Target @@//tests:test_tokenizer_matched_bench is using implicit __init__.py creation.
  This diabolic behavior is deprecated and will be disabled by default in a
  future release.
  See https://github.com/bazel-contrib/rules_python/issues/2945

  Ensure all __init__.py files are explicitly created and
  added to the srcs or deps of your targets.

  Disable implicit creation for your module in MODULE.bazel:

    rules_python_config = use_extension("@rules_python//python/extensions:config.bzl", "config")
    rules_python_config.explicit_init_py(default = True)

  Or for a specific target by setting:

    legacy_create_init = 0

  Or globally with the following Bazel flag:

    --incompatible_default_to_explicit_init_py
======================================================================
DEBUG: /home/USER/.cache/bazel/_bazel_USER/100872e8ae7632816cc29185b66cbaf5/external/rules_python+/python/private/py_executable.bzl:1595:14: 
======================================================================
WARNING: Target @@//tests:test_rented_gpu_economics is using implicit __init__.py creation.
  This diabolic behavior is deprecated and will be disabled by default in a
  future release.
  See https://github.com/bazel-contrib/rules_python/issues/2945

  Ensure all __init__.py files are explicitly created and
  added to the srcs or deps of your targets.

  Disable implicit creation for your module in MODULE.bazel:

    rules_python_config = use_extension("@rules_python//python/extensions:config.bzl", "config")
    rules_python_config.explicit_init_py(default = True)

  Or for a specific target by setting:

    legacy_create_init = 0

  Or globally with the following Bazel flag:

    --incompatible_default_to_explicit_init_py
======================================================================
DEBUG: /home/USER/.cache/bazel/_bazel_USER/100872e8ae7632816cc29185b66cbaf5/external/rules_python+/python/private/py_executable.bzl:1595:14: 
======================================================================
WARNING: Target @@//src/gpu:vk_zig_test is using implicit __init__.py creation.
  This diabolic behavior is deprecated and will be disabled by default in a
  future release.
  See https://github.com/bazel-contrib/rules_python/issues/2945

  Ensure all __init__.py files are explicitly created and
  added to the srcs or deps of your targets.

  Disable implicit creation for your module in MODULE.bazel:

    rules_python_config = use_extension("@rules_python//python/extensions:config.bzl", "config")
    rules_python_config.explicit_init_py(default = True)

  Or for a specific target by setting:

    legacy_create_init = 0

  Or globally with the following Bazel flag:

    --incompatible_default_to_explicit_init_py
======================================================================
DEBUG: /home/USER/.cache/bazel/_bazel_USER/100872e8ae7632816cc29185b66cbaf5/external/rules_python+/python/private/py_executable.bzl:1595:14: 
======================================================================
WARNING: Target @@//tests:test_model_quant_bench is using implicit __init__.py creation.
  This diabolic behavior is deprecated and will be disabled by default in a
  future release.
  See https://github.com/bazel-contrib/rules_python/issues/2945

  Ensure all __init__.py files are explicitly created and
  added to the srcs or deps of your targets.

  Disable implicit creation for your module in MODULE.bazel:

    rules_python_config = use_extension("@rules_python//python/extensions:config.bzl", "config")
    rules_python_config.explicit_init_py(default = True)

  Or for a specific target by setting:

    legacy_create_init = 0

  Or globally with the following Bazel flag:

    --incompatible_default_to_explicit_init_py
======================================================================
DEBUG: /home/USER/.cache/bazel/_bazel_USER/100872e8ae7632816cc29185b66cbaf5/external/rules_python+/python/private/py_executable.bzl:1595:14: 
======================================================================
WARNING: Target @@//tests:test_gpu_driver_bench is using implicit __init__.py creation.
  This diabolic behavior is deprecated and will be disabled by default in a
  future release.
  See https://github.com/bazel-contrib/rules_python/issues/2945

  Ensure all __init__.py files are explicitly created and
  added to the srcs or deps of your targets.

  Disable implicit creation for your module in MODULE.bazel:

    rules_python_config = use_extension("@rules_python//python/extensions:config.bzl", "config")
    rules_python_config.explicit_init_py(default = True)

  Or for a specific target by setting:

    legacy_create_init = 0

  Or globally with the following Bazel flag:

    --incompatible_default_to_explicit_init_py
======================================================================
DEBUG: /home/USER/.cache/bazel/_bazel_USER/100872e8ae7632816cc29185b66cbaf5/external/rules_python+/python/private/py_executable.bzl:1595:14: 
======================================================================
WARNING: Target @@//tests:test_model_market_summary is using implicit __init__.py creation.
  This diabolic behavior is deprecated and will be disabled by default in a
  future release.
  See https://github.com/bazel-contrib/rules_python/issues/2945

  Ensure all __init__.py files are explicitly created and
  added to the srcs or deps of your targets.

  Disable implicit creation for your module in MODULE.bazel:

    rules_python_config = use_extension("@rules_python//python/extensions:config.bzl", "config")
    rules_python_config.explicit_init_py(default = True)

  Or for a specific target by setting:

    legacy_create_init = 0

  Or globally with the following Bazel flag:

    --incompatible_default_to_explicit_init_py
======================================================================
DEBUG: /home/USER/.cache/bazel/_bazel_USER/100872e8ae7632816cc29185b66cbaf5/external/rules_python+/python/private/py_executable.bzl:1595:14: 
======================================================================
WARNING: Target @@//tests:test_chat_bench is using implicit __init__.py creation.
  This diabolic behavior is deprecated and will be disabled by default in a
  future release.
  See https://github.com/bazel-contrib/rules_python/issues/2945

  Ensure all __init__.py files are explicitly created and
  added to the srcs or deps of your targets.

  Disable implicit creation for your module in MODULE.bazel:

    rules_python_config = use_extension("@rules_python//python/extensions:config.bzl", "config")
    rules_python_config.explicit_init_py(default = True)

  Or for a specific target by setting:

    legacy_create_init = 0

  Or globally with the following Bazel flag:

    --incompatible_default_to_explicit_init_py
======================================================================
DEBUG: /home/USER/.cache/bazel/_bazel_USER/100872e8ae7632816cc29185b66cbaf5/external/rules_python+/python/private/py_executable.bzl:1595:14: 
======================================================================
WARNING: Target @@//tests:test_kv_quality is using implicit __init__.py creation.
  This diabolic behavior is deprecated and will be disabled by default in a
  future release.
  See https://github.com/bazel-contrib/rules_python/issues/2945

  Ensure all __init__.py files are explicitly created and
  added to the srcs or deps of your targets.

  Disable implicit creation for your module in MODULE.bazel:

    rules_python_config = use_extension("@rules_python//python/extensions:config.bzl", "config")
    rules_python_config.explicit_init_py(default = True)

  Or for a specific target by setting:

    legacy_create_init = 0

  Or globally with the following Bazel flag:

    --incompatible_default_to_explicit_init_py
======================================================================
DEBUG: /home/USER/.cache/bazel/_bazel_USER/100872e8ae7632816cc29185b66cbaf5/external/rules_python+/python/private/py_executable.bzl:1595:14: 
======================================================================
WARNING: Target @@//tests:test_gpu_matvec is using implicit __init__.py creation.
  This diabolic behavior is deprecated and will be disabled by default in a
  future release.
  See https://github.com/bazel-contrib/rules_python/issues/2945

  Ensure all __init__.py files are explicitly created and
  added to the srcs or deps of your targets.

  Disable implicit creation for your module in MODULE.bazel:

    rules_python_config = use_extension("@rules_python//python/extensions:config.bzl", "config")
    rules_python_config.explicit_init_py(default = True)

  Or for a specific target by setting:

    legacy_create_init = 0

  Or globally with the following Bazel flag:

    --incompatible_default_to_explicit_init_py
======================================================================
DEBUG: /home/USER/.cache/bazel/_bazel_USER/100872e8ae7632816cc29185b66cbaf5/external/rules_python+/python/private/py_executable.bzl:1595:14: 
======================================================================
WARNING: Target @@//tests:test_output_reference is using implicit __init__.py creation.
  This diabolic behavior is deprecated and will be disabled by default in a
  future release.
  See https://github.com/bazel-contrib/rules_python/issues/2945

  Ensure all __init__.py files are explicitly created and
  added to the srcs or deps of your targets.

  Disable implicit creation for your module in MODULE.bazel:

    rules_python_config = use_extension("@rules_python//python/extensions:config.bzl", "config")
    rules_python_config.explicit_init_py(default = True)

  Or for a specific target by setting:

    legacy_create_init = 0

  Or globally with the following Bazel flag:

    --incompatible_default_to_explicit_init_py
======================================================================
DEBUG: /home/USER/.cache/bazel/_bazel_USER/100872e8ae7632816cc29185b66cbaf5/external/rules_python+/python/private/py_executable.bzl:1595:14: 
======================================================================
WARNING: Target @@//tests:test_vulkan_fixtures is using implicit __init__.py creation.
  This diabolic behavior is deprecated and will be disabled by default in a
  future release.
  See https://github.com/bazel-contrib/rules_python/issues/2945

  Ensure all __init__.py files are explicitly created and
  added to the srcs or deps of your targets.

  Disable implicit creation for your module in MODULE.bazel:

    rules_python_config = use_extension("@rules_python//python/extensions:config.bzl", "config")
    rules_python_config.explicit_init_py(default = True)

  Or for a specific target by setting:

    legacy_create_init = 0

  Or globally with the following Bazel flag:

    --incompatible_default_to_explicit_init_py
======================================================================
DEBUG: /home/USER/.cache/bazel/_bazel_USER/100872e8ae7632816cc29185b66cbaf5/external/rules_python+/python/private/py_executable.bzl:1595:14: 
======================================================================
WARNING: Target @@//tests:test_serving_harness is using implicit __init__.py creation.
  This diabolic behavior is deprecated and will be disabled by default in a
  future release.
  See https://github.com/bazel-contrib/rules_python/issues/2945

  Ensure all __init__.py files are explicitly created and
  added to the srcs or deps of your targets.

  Disable implicit creation for your module in MODULE.bazel:

    rules_python_config = use_extension("@rules_python//python/extensions:config.bzl", "config")
    rules_python_config.explicit_init_py(default = True)

  Or for a specific target by setting:

    legacy_create_init = 0

  Or globally with the following Bazel flag:

    --incompatible_default_to_explicit_init_py
======================================================================
DEBUG: /home/USER/.cache/bazel/_bazel_USER/100872e8ae7632816cc29185b66cbaf5/external/rules_python+/python/private/py_executable.bzl:1595:14: 
======================================================================
WARNING: Target @@//tests:test_split_bench is using implicit __init__.py creation.
  This diabolic behavior is deprecated and will be disabled by default in a
  future release.
  See https://github.com/bazel-contrib/rules_python/issues/2945

  Ensure all __init__.py files are explicitly created and
  added to the srcs or deps of your targets.

  Disable implicit creation for your module in MODULE.bazel:

    rules_python_config = use_extension("@rules_python//python/extensions:config.bzl", "config")
    rules_python_config.explicit_init_py(default = True)

  Or for a specific target by setting:

    legacy_create_init = 0

  Or globally with the following Bazel flag:

    --incompatible_default_to_explicit_init_py
======================================================================
DEBUG: /home/USER/.cache/bazel/_bazel_USER/100872e8ae7632816cc29185b66cbaf5/external/rules_python+/python/private/py_executable.bzl:1595:14: 
======================================================================
WARNING: Target @@//src/model:native_code_test is using implicit __init__.py creation.
  This diabolic behavior is deprecated and will be disabled by default in a
  future release.
  See https://github.com/bazel-contrib/rules_python/issues/2945

  Ensure all __init__.py files are explicitly created and
  added to the srcs or deps of your targets.

  Disable implicit creation for your module in MODULE.bazel:

    rules_python_config = use_extension("@rules_python//python/extensions:config.bzl", "config")
    rules_python_config.explicit_init_py(default = True)

  Or for a specific target by setting:

    legacy_create_init = 0

  Or globally with the following Bazel flag:

    --incompatible_default_to_explicit_init_py
======================================================================
DEBUG: /home/USER/.cache/bazel/_bazel_USER/100872e8ae7632816cc29185b66cbaf5/external/rules_python+/python/private/py_executable.bzl:1595:14: 
======================================================================
WARNING: Target @@//tests:test_tokenizer_baseline_rebuild is using implicit __init__.py creation.
  This diabolic behavior is deprecated and will be disabled by default in a
  future release.
  See https://github.com/bazel-contrib/rules_python/issues/2945

  Ensure all __init__.py files are explicitly created and
  added to the srcs or deps of your targets.

  Disable implicit creation for your module in MODULE.bazel:

    rules_python_config = use_extension("@rules_python//python/extensions:config.bzl", "config")
    rules_python_config.explicit_init_py(default = True)

  Or for a specific target by setting:

    legacy_create_init = 0

  Or globally with the following Bazel flag:

    --incompatible_default_to_explicit_init_py
======================================================================
DEBUG: /home/USER/.cache/bazel/_bazel_USER/100872e8ae7632816cc29185b66cbaf5/external/rules_python+/python/private/py_executable.bzl:1595:14: 
======================================================================
WARNING: Target @@//tests:test_model is using implicit __init__.py creation.
  This diabolic behavior is deprecated and will be disabled by default in a
  future release.
  See https://github.com/bazel-contrib/rules_python/issues/2945

  Ensure all __init__.py files are explicitly created and
  added to the srcs or deps of your targets.

  Disable implicit creation for your module in MODULE.bazel:

    rules_python_config = use_extension("@rules_python//python/extensions:config.bzl", "config")
    rules_python_config.explicit_init_py(default = True)

  Or for a specific target by setting:

    legacy_create_init = 0

  Or globally with the following Bazel flag:

    --incompatible_default_to_explicit_init_py
======================================================================
DEBUG: /home/USER/.cache/bazel/_bazel_USER/100872e8ae7632816cc29185b66cbaf5/external/rules_python+/python/private/py_executable.bzl:1595:14: 
======================================================================
WARNING: Target @@//tests:test_gguf_bench is using implicit __init__.py creation.
  This diabolic behavior is deprecated and will be disabled by default in a
  future release.
  See https://github.com/bazel-contrib/rules_python/issues/2945

  Ensure all __init__.py files are explicitly created and
  added to the srcs or deps of your targets.

  Disable implicit creation for your module in MODULE.bazel:

    rules_python_config = use_extension("@rules_python//python/extensions:config.bzl", "config")
    rules_python_config.explicit_init_py(default = True)

  Or for a specific target by setting:

    legacy_create_init = 0

  Or globally with the following Bazel flag:

    --incompatible_default_to_explicit_init_py
======================================================================
DEBUG: /home/USER/.cache/bazel/_bazel_USER/100872e8ae7632816cc29185b66cbaf5/external/rules_python+/python/private/py_executable.bzl:1595:14: 
======================================================================
WARNING: Target @@//src/model:native_code_test_radv_test is using implicit __init__.py creation.
  This diabolic behavior is deprecated and will be disabled by default in a
  future release.
  See https://github.com/bazel-contrib/rules_python/issues/2945

  Ensure all __init__.py files are explicitly created and
  added to the srcs or deps of your targets.

  Disable implicit creation for your module in MODULE.bazel:

    rules_python_config = use_extension("@rules_python//python/extensions:config.bzl", "config")
    rules_python_config.explicit_init_py(default = True)

  Or for a specific target by setting:

    legacy_create_init = 0

  Or globally with the following Bazel flag:

    --incompatible_default_to_explicit_init_py
======================================================================
DEBUG: /home/USER/.cache/bazel/_bazel_USER/100872e8ae7632816cc29185b66cbaf5/external/rules_python+/python/private/py_executable.bzl:1595:14: 
======================================================================
WARNING: Target @@//tests:test_token_economics is using implicit __init__.py creation.
  This diabolic behavior is deprecated and will be disabled by default in a
  future release.
  See https://github.com/bazel-contrib/rules_python/issues/2945

  Ensure all __init__.py files are explicitly created and
  added to the srcs or deps of your targets.

  Disable implicit creation for your module in MODULE.bazel:

    rules_python_config = use_extension("@rules_python//python/extensions:config.bzl", "config")
    rules_python_config.explicit_init_py(default = True)

  Or for a specific target by setting:

    legacy_create_init = 0

  Or globally with the following Bazel flag:

    --incompatible_default_to_explicit_init_py
======================================================================
DEBUG: /home/USER/.cache/bazel/_bazel_USER/100872e8ae7632816cc29185b66cbaf5/external/rules_python+/python/private/py_executable.bzl:1595:14: 
======================================================================
WARNING: Target @@//tests:test_quant_bench is using implicit __init__.py creation.
  This diabolic behavior is deprecated and will be disabled by default in a
  future release.
  See https://github.com/bazel-contrib/rules_python/issues/2945

  Ensure all __init__.py files are explicitly created and
  added to the srcs or deps of your targets.

  Disable implicit creation for your module in MODULE.bazel:

    rules_python_config = use_extension("@rules_python//python/extensions:config.bzl", "config")
    rules_python_config.explicit_init_py(default = True)

  Or for a specific target by setting:

    legacy_create_init = 0

  Or globally with the following Bazel flag:

    --incompatible_default_to_explicit_init_py
======================================================================
DEBUG: /home/USER/.cache/bazel/_bazel_USER/100872e8ae7632816cc29185b66cbaf5/external/rules_python+/python/private/py_executable.bzl:1595:14: 
======================================================================
WARNING: Target @@//tests:test_nfc_bench is using implicit __init__.py creation.
  This diabolic behavior is deprecated and will be disabled by default in a
  future release.
  See https://github.com/bazel-contrib/rules_python/issues/2945

  Ensure all __init__.py files are explicitly created and
  added to the srcs or deps of your targets.

  Disable implicit creation for your module in MODULE.bazel:

    rules_python_config = use_extension("@rules_python//python/extensions:config.bzl", "config")
    rules_python_config.explicit_init_py(default = True)

  Or for a specific target by setting:

    legacy_create_init = 0

  Or globally with the following Bazel flag:

    --incompatible_default_to_explicit_init_py
======================================================================
DEBUG: /home/USER/.cache/bazel/_bazel_USER/100872e8ae7632816cc29185b66cbaf5/external/rules_python+/python/private/py_executable.bzl:1595:14: 
======================================================================
WARNING: Target @@//tests:test_build_lists is using implicit __init__.py creation.
  This diabolic behavior is deprecated and will be disabled by default in a
  future release.
  See https://github.com/bazel-contrib/rules_python/issues/2945

  Ensure all __init__.py files are explicitly created and
  added to the srcs or deps of your targets.

  Disable implicit creation for your module in MODULE.bazel:

    rules_python_config = use_extension("@rules_python//python/extensions:config.bzl", "config")
    rules_python_config.explicit_init_py(default = True)

  Or for a specific target by setting:

    legacy_create_init = 0

  Or globally with the following Bazel flag:

    --incompatible_default_to_explicit_init_py
======================================================================
DEBUG: /home/USER/.cache/bazel/_bazel_USER/100872e8ae7632816cc29185b66cbaf5/external/rules_python+/python/private/py_executable.bzl:1595:14: 
======================================================================
WARNING: Target @@//tools:compile_model is using implicit __init__.py creation.
  This diabolic behavior is deprecated and will be disabled by default in a
  future release.
  See https://github.com/bazel-contrib/rules_python/issues/2945

  Ensure all __init__.py files are explicitly created and
  added to the srcs or deps of your targets.

  Disable implicit creation for your module in MODULE.bazel:

    rules_python_config = use_extension("@rules_python//python/extensions:config.bzl", "config")
    rules_python_config.explicit_init_py(default = True)

  Or for a specific target by setting:

    legacy_create_init = 0

  Or globally with the following Bazel flag:

    --incompatible_default_to_explicit_init_py
======================================================================
DEBUG: /home/USER/.cache/bazel/_bazel_USER/100872e8ae7632816cc29185b66cbaf5/external/rules_python+/python/private/py_executable.bzl:1595:14: 
======================================================================
WARNING: Target @@//src/model:update_shaders is using implicit __init__.py creation.
  This diabolic behavior is deprecated and will be disabled by default in a
  future release.
  See https://github.com/bazel-contrib/rules_python/issues/2945

  Ensure all __init__.py files are explicitly created and
  added to the srcs or deps of your targets.

  Disable implicit creation for your module in MODULE.bazel:

    rules_python_config = use_extension("@rules_python//python/extensions:config.bzl", "config")
    rules_python_config.explicit_init_py(default = True)

  Or for a specific target by setting:

    legacy_create_init = 0

  Or globally with the following Bazel flag:

    --incompatible_default_to_explicit_init_py
======================================================================
DEBUG: /home/USER/.cache/bazel/_bazel_USER/100872e8ae7632816cc29185b66cbaf5/external/rules_python+/python/private/py_executable.bzl:1595:14: 
======================================================================
WARNING: Target @@//tests:vulkan_fixtures_update is using implicit __init__.py creation.
  This diabolic behavior is deprecated and will be disabled by default in a
  future release.
  See https://github.com/bazel-contrib/rules_python/issues/2945

  Ensure all __init__.py files are explicitly created and
  added to the srcs or deps of your targets.

  Disable implicit creation for your module in MODULE.bazel:

    rules_python_config = use_extension("@rules_python//python/extensions:config.bzl", "config")
    rules_python_config.explicit_init_py(default = True)

  Or for a specific target by setting:

    legacy_create_init = 0

  Or globally with the following Bazel flag:

    --incompatible_default_to_explicit_init_py
======================================================================
DEBUG: /home/USER/.cache/bazel/_bazel_USER/100872e8ae7632816cc29185b66cbaf5/external/rules_python+/python/private/py_executable.bzl:1595:14: 
======================================================================
WARNING: Target @@//tools:compile_matvec is using implicit __init__.py creation.
  This diabolic behavior is deprecated and will be disabled by default in a
  future release.
  See https://github.com/bazel-contrib/rules_python/issues/2945

  Ensure all __init__.py files are explicitly created and
  added to the srcs or deps of your targets.

  Disable implicit creation for your module in MODULE.bazel:

    rules_python_config = use_extension("@rules_python//python/extensions:config.bzl", "config")
    rules_python_config.explicit_init_py(default = True)

  Or for a specific target by setting:

    legacy_create_init = 0

  Or globally with the following Bazel flag:

    --incompatible_default_to_explicit_init_py
======================================================================
DEBUG: /home/USER/.cache/bazel/_bazel_USER/100872e8ae7632816cc29185b66cbaf5/external/rules_python+/python/private/py_executable.bzl:1595:14: 
======================================================================
WARNING: Target @@//tools:compile_model is using implicit __init__.py creation.
  This diabolic behavior is deprecated and will be disabled by default in a
  future release.
  See https://github.com/bazel-contrib/rules_python/issues/2945

  Ensure all __init__.py files are explicitly created and
  added to the srcs or deps of your targets.

  Disable implicit creation for your module in MODULE.bazel:

    rules_python_config = use_extension("@rules_python//python/extensions:config.bzl", "config")
    rules_python_config.explicit_init_py(default = True)

  Or for a specific target by setting:

    legacy_create_init = 0

  Or globally with the following Bazel flag:

    --incompatible_default_to_explicit_init_py
======================================================================
DEBUG: /home/USER/.cache/bazel/_bazel_USER/100872e8ae7632816cc29185b66cbaf5/external/rules_python+/python/private/py_executable.bzl:1595:14: 
======================================================================
WARNING: Target @@//tools:compile_matvec is using implicit __init__.py creation.
  This diabolic behavior is deprecated and will be disabled by default in a
  future release.
  See https://github.com/bazel-contrib/rules_python/issues/2945

  Ensure all __init__.py files are explicitly created and
  added to the srcs or deps of your targets.

  Disable implicit creation for your module in MODULE.bazel:

    rules_python_config = use_extension("@rules_python//python/extensions:config.bzl", "config")
    rules_python_config.explicit_init_py(default = True)

  Or for a specific target by setting:

    legacy_create_init = 0

  Or globally with the following Bazel flag:

    --incompatible_default_to_explicit_init_py
======================================================================
DEBUG: /home/USER/.cache/bazel/_bazel_USER/100872e8ae7632816cc29185b66cbaf5/external/rules_python+/python/private/py_executable.bzl:1595:14: 
======================================================================
WARNING: Target @@//src/model:generated_shaders_test is using implicit __init__.py creation.
  This diabolic behavior is deprecated and will be disabled by default in a
  future release.
  See https://github.com/bazel-contrib/rules_python/issues/2945

  Ensure all __init__.py files are explicitly created and
  added to the srcs or deps of your targets.

  Disable implicit creation for your module in MODULE.bazel:

    rules_python_config = use_extension("@rules_python//python/extensions:config.bzl", "config")
    rules_python_config.explicit_init_py(default = True)

  Or for a specific target by setting:

    legacy_create_init = 0

  Or globally with the following Bazel flag:

    --incompatible_default_to_explicit_init_py
======================================================================
DEBUG: /home/USER/.cache/bazel/_bazel_USER/100872e8ae7632816cc29185b66cbaf5/external/rules_python+/python/private/py_executable.bzl:1595:14: 
======================================================================
WARNING: Target @@//tests:vulkan_fixtures_test is using implicit __init__.py creation.
  This diabolic behavior is deprecated and will be disabled by default in a
  future release.
  See https://github.com/bazel-contrib/rules_python/issues/2945

  Ensure all __init__.py files are explicitly created and
  added to the srcs or deps of your targets.

  Disable implicit creation for your module in MODULE.bazel:

    rules_python_config = use_extension("@rules_python//python/extensions:config.bzl", "config")
    rules_python_config.explicit_init_py(default = True)

  Or for a specific target by setting:

    legacy_create_init = 0

  Or globally with the following Bazel flag:

    --incompatible_default_to_explicit_init_py
======================================================================
DEBUG: /home/USER/.cache/bazel/_bazel_USER/100872e8ae7632816cc29185b66cbaf5/external/rules_python+/python/private/py_executable.bzl:1595:14: 
======================================================================
WARNING: Target @@//src/matvec:update_shaders is using implicit __init__.py creation.
  This diabolic behavior is deprecated and will be disabled by default in a
  future release.
  See https://github.com/bazel-contrib/rules_python/issues/2945

  Ensure all __init__.py files are explicitly created and
  added to the srcs or deps of your targets.

  Disable implicit creation for your module in MODULE.bazel:

    rules_python_config = use_extension("@rules_python//python/extensions:config.bzl", "config")
    rules_python_config.explicit_init_py(default = True)

  Or for a specific target by setting:

    legacy_create_init = 0

  Or globally with the following Bazel flag:

    --incompatible_default_to_explicit_init_py
======================================================================
DEBUG: /home/USER/.cache/bazel/_bazel_USER/100872e8ae7632816cc29185b66cbaf5/external/rules_python+/python/private/py_executable.bzl:1595:14: 
======================================================================
WARNING: Target @@//src/matvec:generated_shaders_test is using implicit __init__.py creation.
  This diabolic behavior is deprecated and will be disabled by default in a
  future release.
  See https://github.com/bazel-contrib/rules_python/issues/2945

  Ensure all __init__.py files are explicitly created and
  added to the srcs or deps of your targets.

  Disable implicit creation for your module in MODULE.bazel:

    rules_python_config = use_extension("@rules_python//python/extensions:config.bzl", "config")
    rules_python_config.explicit_init_py(default = True)

  Or for a specific target by setting:

    legacy_create_init = 0

  Or globally with the following Bazel flag:

    --incompatible_default_to_explicit_init_py
======================================================================
DEBUG: /home/USER/.cache/bazel/_bazel_USER/100872e8ae7632816cc29185b66cbaf5/external/rules_python+/python/private/py_executable.bzl:1595:14: 
======================================================================
WARNING: Target @@+http_archive+glslang//:gen_extension_headers is using implicit __init__.py creation.
  This diabolic behavior is deprecated and will be disabled by default in a
  future release.
  See https://github.com/bazel-contrib/rules_python/issues/2945

  Ensure all __init__.py files are explicitly created and
  added to the srcs or deps of your targets.

  Disable implicit creation for your module in MODULE.bazel:

    rules_python_config = use_extension("@rules_python//python/extensions:config.bzl", "config")
    rules_python_config.explicit_init_py(default = True)

  Or for a specific target by setting:

    legacy_create_init = 0

  Or globally with the following Bazel flag:

    --incompatible_default_to_explicit_init_py
======================================================================
DEBUG: /home/USER/.cache/bazel/_bazel_USER/100872e8ae7632816cc29185b66cbaf5/external/rules_python+/python/private/py_executable.bzl:1595:14: 
======================================================================
WARNING: Target @@//bazel:meson_build is using implicit __init__.py creation.
  This diabolic behavior is deprecated and will be disabled by default in a
  future release.
  See https://github.com/bazel-contrib/rules_python/issues/2945

  Ensure all __init__.py files are explicitly created and
  added to the srcs or deps of your targets.

  Disable implicit creation for your module in MODULE.bazel:

    rules_python_config = use_extension("@rules_python//python/extensions:config.bzl", "config")
    rules_python_config.explicit_init_py(default = True)

  Or for a specific target by setting:

    legacy_create_init = 0

  Or globally with the following Bazel flag:

    --incompatible_default_to_explicit_init_py
======================================================================
DEBUG: /home/USER/.cache/bazel/_bazel_USER/100872e8ae7632816cc29185b66cbaf5/external/rules_python+/python/private/py_executable.bzl:1595:14: 
======================================================================
WARNING: Target @@//tests:test_linkage is using implicit __init__.py creation.
  This diabolic behavior is deprecated and will be disabled by default in a
  future release.
  See https://github.com/bazel-contrib/rules_python/issues/2945

  Ensure all __init__.py files are explicitly created and
  added to the srcs or deps of your targets.

  Disable implicit creation for your module in MODULE.bazel:

    rules_python_config = use_extension("@rules_python//python/extensions:config.bzl", "config")
    rules_python_config.explicit_init_py(default = True)

  Or for a specific target by setting:

    legacy_create_init = 0

  Or globally with the following Bazel flag:

    --incompatible_default_to_explicit_init_py
======================================================================
INFO: Analyzed 187 targets (0 packages loaded, 2705 targets configured, 17 aspect applications).
[730 / 787] 2 / 81 tests; zig build-exe //bench:zerv-model-quant-bench; 1s disk-cache, linux-sandbox ... (24 actions, 23 running)
[895 / 1,028] 2 / 81 tests; zig build-exe //bench:zerv-quant-bench; 2s disk-cache, linux-sandbox ... (23 actions, 22 running)
[1,608 / 1,755] 3 / 81 tests; zig build-exe //bench:zerv-prefix-check; 3s disk-cache, linux-sandbox ... (23 actions, 22 running)
[1,862 / 1,945] 35 / 81 tests; zig build-exe //src:zerv; 4s disk-cache, linux-sandbox ... (23 actions running)
[1,975 / 2,031] 64 / 81 tests; zig test //tests:gpu_abi; 3s disk-cache, linux-sandbox ... (21 actions running)
[1,989 / 2,036] 66 / 81 tests; zig test //tests:gpu_abi; 4s disk-cache, linux-sandbox ... (18 actions running)
[1,999 / 2,037] 70 / 81 tests; zig test //tests:gpu_abi; 5s disk-cache, linux-sandbox ... (12 actions running)
[2,004 / 2,038] 71 / 81 tests; zig test //tests:gpu_abi; 6s disk-cache, linux-sandbox ... (10 actions running)
[2,010 / 2,039] 74 / 81 tests; zig test //tests:gpu_abi; 8s disk-cache, linux-sandbox ... (7 actions running)
[2,026 / 2,042] 77 / 81 tests; zig test //tests:gpu_abi; 9s disk-cache, linux-sandbox ... (4 actions running)
[2,030 / 2,043] 78 / 81 tests; zig test //tests:gpu_abi; 10s disk-cache, linux-sandbox ... (3 actions running)
[2,036 / 2,044] 79 / 81 tests; zig test //tests:gpu_abi; 12s disk-cache, linux-sandbox ... (2 actions running)
[2,040 / 2,045] 80 / 81 tests; zig test //tests:serve; 13s disk-cache, linux-sandbox
INFO: Found 106 targets and 81 test targets...
INFO: Elapsed time: 17.023s, Critical Path: 13.93s
INFO: 95 processes: 1951 action cache hit, 8 disk cache hit, 39 internal, 59 linux-sandbox.
INFO: Build completed successfully, 95 total actions

Executed 11 out of 81 tests: 81 tests pass.
There were tests whose specified size is too big. Use the --test_verbose_timeout_warnings command line option to see which ones these are.
