DEBUG: /home/USER/.cache/bazel/_bazel_USER/100872e8ae7632816cc29185b66cbaf5/external/rules_python+/python/private/py_executable.bzl:1595:14: 
======================================================================
WARNING: Target @@//tools:py is using implicit __init__.py creation.
  This diabolic behavior is deprecated and will be disabled by default in a
  future release.
  See https://github.com/bazel-contrib/rules_python/issues/2945

  Ensure all __init__.py files are explicitly created and
  added to the srcs or deps of your targets.

  Disable implicit creation for your module in MODULE.bazel:

    rules_python_config = use_extension("@rules_python//python/extensions:config.bzl", "config")
    rules_python_config.explicit_init_py(default = True)

  Or for a specific target by setting:

    legacy_create_init = 0

  Or globally with the following Bazel flag:

    --incompatible_default_to_explicit_init_py
======================================================================
INFO: Invocation ID: 72fb96c6-434b-4321-bf53-d4c737208ec6
Computing main repo mapping: 
Loading: 
Loading: 0 packages loaded
Analyzing: target //bazel:zig (0 packages loaded, 0 targets configured)
Analyzing: target //bazel:zig (0 packages loaded, 0 targets configured)

INFO: Analyzed target //bazel:zig (2 packages loaded, 24 targets configured).
INFO: Found 1 target...
Target //bazel:zig up-to-date:
  bazel-bin/bazel/zig
INFO: Elapsed time: 0.538s, Critical Path: 0.00s
INFO: 1 process: 5 action cache hit, 1 internal.
INFO: Build completed successfully, 1 total action
INFO: Invocation ID: d726386b-8825-4a3b-9bb2-01e1aaa4f1ce
Computing main repo mapping: 
Loading: 
Loading: 0 packages loaded
WARNING: Build option --compilation_mode has changed, discarding analysis cache (this can be expensive, see https://bazel.build/advanced/performance/iteration-speed).
Analyzing: target //tests:oracle_vulkan_driver (0 packages loaded, 0 targets configured)
Analyzing: target //tests:oracle_vulkan_driver (0 packages loaded, 0 targets configured)

INFO: Analyzed target //tests:oracle_vulkan_driver (1 packages loaded, 1409 targets configured).
[20 / 390] Compiling crypto/asn1/a_d2i_fp.cc; 0s disk-cache, linux-sandbox ... (24 actions, 23 running)
[26 / 390] Compiling crypto/asn1/a_d2i_fp.cc; 1s disk-cache, linux-sandbox ... (24 actions, 23 running)
[53 / 390] Compiling crypto/fipsmodule/bcm.cc; 2s disk-cache, linux-sandbox ... (24 actions, 23 running)
[79 / 390] Compiling crypto/fipsmodule/bcm.cc; 3s disk-cache, linux-sandbox ... (24 actions, 22 running)
[104 / 390] Compiling crypto/fipsmodule/bcm.cc; 4s disk-cache, linux-sandbox ... (24 actions, 22 running)
[126 / 390] Compiling crypto/fipsmodule/bcm.cc; 6s disk-cache, linux-sandbox ... (24 actions, 23 running)
[151 / 390] Compiling crypto/fipsmodule/bcm.cc; 7s disk-cache, linux-sandbox ... (24 actions, 23 running)
[184 / 390] Compiling crypto/fipsmodule/bcm.cc; 8s disk-cache, linux-sandbox ... (24 actions, 23 running)
[214 / 390] Compiling crypto/fipsmodule/bcm.cc; 9s disk-cache, linux-sandbox ... (24 actions, 23 running)
[242 / 390] Compiling crypto/fipsmodule/bcm.cc; 10s disk-cache, linux-sandbox ... (24 actions, 23 running)
[277 / 390] Compiling crypto/fipsmodule/bcm.cc; 11s disk-cache, linux-sandbox ... (24 actions, 23 running)
[312 / 390] Compiling crypto/fipsmodule/bcm.cc; 12s disk-cache, linux-sandbox ... (23 actions running)
[342 / 390] Compiling crypto/fipsmodule/bcm.cc; 13s disk-cache, linux-sandbox ... (24 actions, 23 running)
[357 / 390] Compiling crypto/fipsmodule/bcm.cc; 14s disk-cache, linux-sandbox ... (23 actions, 22 running)
[386 / 390] Compiling crypto/fipsmodule/bcm.cc; 15s disk-cache, linux-sandbox
INFO: Found 1 target...
Target //tests:oracle_vulkan_driver up-to-date:
  bazel-bin/tests/oracle_vulkan_driver
INFO: Elapsed time: 16.797s, Critical Path: 16.27s
INFO: 375 processes: 15 action cache hit, 5 internal, 370 linux-sandbox.
INFO: Build completed successfully, 375 total actions
INFO: Invocation ID: cad91635-5fc8-4aae-9026-c5514d20c440
Computing main repo mapping: 
Loading: 
Loading: 0 packages loaded
Analyzing: target @@+http_archive+vulkan_tools//:vulkaninfo (1 packages loaded, 0 targets configured)
Analyzing: target @@+http_archive+vulkan_tools//:vulkaninfo (1 packages loaded, 0 targets configured)

INFO: Analyzed target @@+http_archive+vulkan_tools//:vulkaninfo (1 packages loaded, 7 targets configured).
[4 / 7] Compiling vulkaninfo/vulkaninfo.cpp; 1s disk-cache, linux-sandbox
[4 / 7] Compiling vulkaninfo/vulkaninfo.cpp; 11s disk-cache, linux-sandbox
[5 / 7] [Prepa] Linking external/+http_archive+vulkan_tools/vulkaninfo
INFO: Found 1 target...
Target @@+http_archive+vulkan_tools//:vulkaninfo up-to-date:
  bazel-bin/external/+http_archive+vulkan_tools/vulkaninfo
INFO: Elapsed time: 36.451s, Critical Path: 35.76s
INFO: 7 processes: 5 internal, 2 linux-sandbox.
INFO: Build completed successfully, 7 total actions
INFO: 
INFO: 
INFO: Invocation ID: a7f964b0-7a97-4f04-8da5-c57b2bd046b6
Computing main repo mapping: 
Loading: 
Loading: 0 packages loaded
Analyzing: target @@+http_archive+vulkan_tools//:vulkaninfo (0 packages loaded, 0 targets configured)
Analyzing: target @@+http_archive+vulkan_tools//:vulkaninfo (0 packages loaded, 0 targets configured)

INFO: Analyzed target @@+http_archive+vulkan_tools//:vulkaninfo (0 packages loaded, 0 targets configured).
INFO: Found 1 target...
Target @@+http_archive+vulkan_tools//:vulkaninfo up-to-date:
  bazel-bin/external/+http_archive+vulkan_tools/vulkaninfo
INFO: Elapsed time: 0.148s, Critical Path: 0.00s
INFO: 1 process: 1 internal.
INFO: Build completed successfully, 1 total action
verified native 0
verified reference 0
verified reference 1
verified native 1
verified native 2
verified reference 2
{
  "affine/65/native": {
    "median_ns": 46401.671,
    "min_ns": 42525.509,
    "max_ns": 50377.112,
    "stdev_ns": 1840.4595621528688,
    "trials": 21
  },
  "affine/5120/native": {
    "median_ns": 45296.829,
    "min_ns": 42319.719,
    "max_ns": 47418.557,
    "stdev_ns": 1229.3253866934635,
    "trials": 21
  },
  "affine/1048576/native": {
    "median_ns": 53914.63,
    "min_ns": 51339.95,
    "max_ns": 57813.53,
    "stdev_ns": 1747.5066500835387,
    "trials": 21
  },
  "roundtrip/256/native": {
    "median_ns": 47196.848,
    "min_ns": 45933.445,
    "max_ns": 52685.986,
    "stdev_ns": 2026.0106349918124,
    "trials": 21
  },
  "roundtrip/1048576/native": {
    "median_ns": 281996.61,
    "min_ns": 270719.95,
    "max_ns": 300851.12,
    "stdev_ns": 6423.193555341158,
    "trials": 21
  },
  "roundtrip/67108864/native": {
    "median_ns": 11657219.9,
    "min_ns": 11503933.7,
    "max_ns": 12452727.8,
    "stdev_ns": 292855.6024078072,
    "trials": 21
  },
  "affine/65/reference": {
    "median_ns": 46283.027,
    "min_ns": 42229.037,
    "max_ns": 50955.548,
    "stdev_ns": 2109.872110861118,
    "trials": 21
  },
  "affine/5120/reference": {
    "median_ns": 45272.312,
    "min_ns": 41549.35,
    "max_ns": 51612.302,
    "stdev_ns": 1858.157038362828,
    "trials": 21
  },
  "affine/1048576/reference": {
    "median_ns": 52537.12,
    "min_ns": 50420.02,
    "max_ns": 55491.42,
    "stdev_ns": 1298.6387258253674,
    "trials": 21
  },
  "roundtrip/256/reference": {
    "median_ns": 48623.87,
    "min_ns": 45168.816,
    "max_ns": 135729.52,
    "stdev_ns": 24412.740125496985,
    "trials": 21
  },
  "roundtrip/1048576/reference": {
    "median_ns": 283305.59,
    "min_ns": 271539.78,
    "max_ns": 332761.07,
    "stdev_ns": 13417.13017090881,
    "trials": 21
  },
  "roundtrip/67108864/reference": {
    "median_ns": 11593069.5,
    "min_ns": 11499266.7,
    "max_ns": 11986784.2,
    "stdev_ns": 126728.27683422308,
    "trials": 21
  }
}
