INFO: Invocation ID: fa0f1e12-454a-437f-a7d7-871986910bd8
Computing main repo mapping: 
Loading: 
Loading: 0 packages loaded
Analyzing: 2 targets (0 packages loaded, 0 targets configured)
Analyzing: 2 targets (0 packages loaded, 0 targets configured)

DEBUG: /home/USER/.cache/bazel/_bazel_USER/100872e8ae7632816cc29185b66cbaf5/external/rules_python+/python/private/py_executable.bzl:1595:14: 
======================================================================
WARNING: Target @@//tests:gpu_host is using implicit __init__.py creation.
  This diabolic behavior is deprecated and will be disabled by default in a
  future release.
  See https://github.com/bazel-contrib/rules_python/issues/2945

  Ensure all __init__.py files are explicitly created and
  added to the srcs or deps of your targets.

  Disable implicit creation for your module in MODULE.bazel:

    rules_python_config = use_extension("@rules_python//python/extensions:config.bzl", "config")
    rules_python_config.explicit_init_py(default = True)

  Or for a specific target by setting:

    legacy_create_init = 0

  Or globally with the following Bazel flag:

    --incompatible_default_to_explicit_init_py
======================================================================
DEBUG: /home/USER/.cache/bazel/_bazel_USER/100872e8ae7632816cc29185b66cbaf5/external/rules_python+/python/private/py_executable.bzl:1595:14: 
======================================================================
WARNING: Target @@//tests:gpu_host_release_fast is using implicit __init__.py creation.
  This diabolic behavior is deprecated and will be disabled by default in a
  future release.
  See https://github.com/bazel-contrib/rules_python/issues/2945

  Ensure all __init__.py files are explicitly created and
  added to the srcs or deps of your targets.

  Disable implicit creation for your module in MODULE.bazel:

    rules_python_config = use_extension("@rules_python//python/extensions:config.bzl", "config")
    rules_python_config.explicit_init_py(default = True)

  Or for a specific target by setting:

    legacy_create_init = 0

  Or globally with the following Bazel flag:

    --incompatible_default_to_explicit_init_py
======================================================================
INFO: Analyzed 2 targets (2 packages loaded, 110 targets configured).
[878 / 879] Testing //tests:gpu_host_release_fast; 1s disk-cache, linux-sandbox
[878 / 879] Testing //tests:gpu_host_release_fast; 496s disk-cache, linux-sandbox
[879 / 880] 1 / 2 tests; Testing //tests:gpu_host; 1s disk-cache, linux-sandbox
[879 / 880] 1 / 2 tests; Testing //tests:gpu_host; 402s disk-cache, linux-sandbox
INFO: Found 2 test targets...
INFO: Elapsed time: 899.426s, Critical Path: 496.68s
INFO: 5 processes: 39 action cache hit, 3 internal, 4 linux-sandbox.
INFO: Build completed successfully, 5 total actions

Executed 2 out of 2 tests: 2 tests pass.
