DEBUG: /home/USER/.cache/bazel/_bazel_USER/100872e8ae7632816cc29185b66cbaf5/external/rules_python+/python/private/py_executable.bzl:1595:14: 
======================================================================
WARNING: Target @@//tools:py is using implicit __init__.py creation.
  This diabolic behavior is deprecated and will be disabled by default in a
  future release.
  See https://github.com/bazel-contrib/rules_python/issues/2945

  Ensure all __init__.py files are explicitly created and
  added to the srcs or deps of your targets.

  Disable implicit creation for your module in MODULE.bazel:

    rules_python_config = use_extension("@rules_python//python/extensions:config.bzl", "config")
    rules_python_config.explicit_init_py(default = True)

  Or for a specific target by setting:

    legacy_create_init = 0

  Or globally with the following Bazel flag:

    --incompatible_default_to_explicit_init_py
======================================================================
INFO: Invocation ID: b92c0561-73c0-4571-813f-86dbbcacdc1d
Computing main repo mapping: 
Loading: 
Loading: 0 packages loaded
WARNING: Build option --compilation_mode has changed, discarding analysis cache (this can be expensive, see https://bazel.build/advanced/performance/iteration-speed).
Analyzing: target //tools:zerv-model-capture (0 packages loaded, 0 targets configured)
Analyzing: target //tools:zerv-model-capture (0 packages loaded, 0 targets configured)

DEBUG: /home/USER/.cache/bazel/_bazel_USER/100872e8ae7632816cc29185b66cbaf5/external/rules_python+/python/private/py_executable.bzl:1595:14: 
======================================================================
WARNING: Target @@//tools:vulkan_stub is using implicit __init__.py creation.
  This diabolic behavior is deprecated and will be disabled by default in a
  future release.
  See https://github.com/bazel-contrib/rules_python/issues/2945

  Ensure all __init__.py files are explicitly created and
  added to the srcs or deps of your targets.

  Disable implicit creation for your module in MODULE.bazel:

    rules_python_config = use_extension("@rules_python//python/extensions:config.bzl", "config")
    rules_python_config.explicit_init_py(default = True)

  Or for a specific target by setting:

    legacy_create_init = 0

  Or globally with the following Bazel flag:

    --incompatible_default_to_explicit_init_py
======================================================================
INFO: Analyzed target //tools:zerv-model-capture (2 packages loaded, 824 targets configured).
[32 / 34] zig build-exe //tools:zerv-model-capture; 1s disk-cache, linux-sandbox
[32 / 34] zig build-exe //tools:zerv-model-capture; 11s disk-cache, linux-sandbox
[33 / 34] [Prepa] runfiles for //tools:zerv-model-capture
INFO: Found 1 target...
Target //tools:zerv-model-capture up-to-date:
  bazel-bin/tools/zerv-model-capture
INFO: Elapsed time: 18.199s, Critical Path: 17.90s
INFO: 7 processes: 27 action cache hit, 6 internal, 1 linux-sandbox.
INFO: Build completed successfully, 7 total actions
INFO: 
INFO: 
mode 0: short-nothink tensors 1362 worst/bound 0.270 logits 2.008e-06/8.207e-06 greedy 48/48 mode decode 0 near ties [] failures 0
long-think tensors 433 worst/bound 0.152 logits 1.563e-06/9.431e-06 greedy 221/221 mode decode 0 near ties [] failures 0
 
mode 512: short-nothink tensors 129 worst/bound 0.552 logits 1.709e-06/8.207e-06 greedy 26/26 mode prefill 512 near ties [] failures 0
long-think tensors 129 worst/bound 0.253 logits 1.609e-06/9.431e-06 greedy 42/42 mode prefill 512 near ties [] failures 0
 
