DEBUG: /home/USER/.cache/bazel/_bazel_USER/100872e8ae7632816cc29185b66cbaf5/external/rules_python+/python/private/py_executable.bzl:1595:14: 
======================================================================
WARNING: Target @@//tools:py is using implicit __init__.py creation.
  This diabolic behavior is deprecated and will be disabled by default in a
  future release.
  See https://github.com/bazel-contrib/rules_python/issues/2945

  Ensure all __init__.py files are explicitly created and
  added to the srcs or deps of your targets.

  Disable implicit creation for your module in MODULE.bazel:

    rules_python_config = use_extension("@rules_python//python/extensions:config.bzl", "config")
    rules_python_config.explicit_init_py(default = True)

  Or for a specific target by setting:

    legacy_create_init = 0

  Or globally with the following Bazel flag:

    --incompatible_default_to_explicit_init_py
======================================================================
INFO: Invocation ID: 7cfe30e2-cc3f-41dc-9cac-c940551bace1
Computing main repo mapping: 
Loading: 
Loading: 0 packages loaded
WARNING: Build option --compilation_mode has changed, discarding analysis cache (this can be expensive, see https://bazel.build/advanced/performance/iteration-speed).
Analyzing: target //bench:zerv-archive-model-check (0 packages loaded, 0 targets configured)
Analyzing: target //bench:zerv-archive-model-check (0 packages loaded, 0 targets configured)

DEBUG: /home/USER/.cache/bazel/_bazel_USER/100872e8ae7632816cc29185b66cbaf5/external/rules_python+/python/private/py_executable.bzl:1595:14: 
======================================================================
WARNING: Target @@//tools:vulkan_stub is using implicit __init__.py creation.
  This diabolic behavior is deprecated and will be disabled by default in a
  future release.
  See https://github.com/bazel-contrib/rules_python/issues/2945

  Ensure all __init__.py files are explicitly created and
  added to the srcs or deps of your targets.

  Disable implicit creation for your module in MODULE.bazel:

    rules_python_config = use_extension("@rules_python//python/extensions:config.bzl", "config")
    rules_python_config.explicit_init_py(default = True)

  Or for a specific target by setting:

    legacy_create_init = 0

  Or globally with the following Bazel flag:

    --incompatible_default_to_explicit_init_py
======================================================================
INFO: Analyzed target //bench:zerv-archive-model-check (0 packages loaded, 1601 targets configured).
[32 / 34] zig build-exe //bench:zerv-archive-model-check; 1s disk-cache, linux-sandbox
[32 / 34] zig build-exe //bench:zerv-archive-model-check; 11s disk-cache, linux-sandbox
[33 / 34] [Prepa] runfiles for //bench:zerv-archive-model-check
INFO: Found 1 target...
Target //bench:zerv-archive-model-check up-to-date:
  bazel-bin/bench/zerv-archive-model-check
INFO: Elapsed time: 19.089s, Critical Path: 18.83s
INFO: 3 processes: 31 action cache hit, 2 internal, 1 linux-sandbox.
INFO: Build completed successfully, 3 total actions
INFO: 
INFO: 
INFO: Invocation ID: 2cb8ab1a-15d5-4cfd-b8fc-c0f47f156a32
Computing main repo mapping: 
Loading: 
Loading: 0 packages loaded
WARNING: Build option --compilation_mode has changed, discarding analysis cache (this can be expensive, see https://bazel.build/advanced/performance/iteration-speed).
Analyzing: target //bazel:zig (0 packages loaded, 0 targets configured)
Analyzing: target //bazel:zig (0 packages loaded, 0 targets configured)

INFO: Analyzed target //bazel:zig (0 packages loaded, 681 targets configured).
INFO: Found 1 target...
Target //bazel:zig up-to-date:
  bazel-bin/bazel/zig
INFO: Elapsed time: 0.185s, Critical Path: 0.00s
INFO: 1 process: 5 action cache hit, 1 internal.
INFO: Build completed successfully, 1 total action
