INFO: Invocation ID: f22b14eb-d185-4e14-84d7-3f07845fc636
Computing main repo mapping: 
Loading: 
Loading: 0 packages loaded
Analyzing: 4 targets (0 packages loaded, 0 targets configured)
Analyzing: 4 targets (0 packages loaded, 0 targets configured)

INFO: Analyzed 4 targets (0 packages loaded, 6 targets configured).
[49 / 97] zig test //tests:kv_system; 1s disk-cache, linux-sandbox ... (24 actions, 4 running)
[51 / 97] zig test //tests:kv_system; 2s disk-cache, linux-sandbox ... (24 actions, 3 running)
[52 / 97] zig test //tests:kv_system; 4s disk-cache, linux-sandbox ... (24 actions, 4 running)
[54 / 97] zig test //tests:kv_system; 5s disk-cache, linux-sandbox ... (24 actions, 3 running)
[59 / 117] zig test //tests:kv_system; 6s disk-cache, linux-sandbox ... (24 actions, 3 running)
[65 / 137] Testing //tests:batcher (run 9 of 20); 0s linux-sandbox ... (24 actions, 2 running)
[67 / 137] Testing //tests:batcher (run 12 of 20); 0s linux-sandbox ... (24 actions, 1 running)
[68 / 137] Testing //tests:batcher (run 11 of 20); 0s linux-sandbox ... (24 actions, 2 running)
[70 / 137] Testing //tests:batcher (run 14 of 20); 0s linux-sandbox ... (24 actions, 1 running)
[71 / 137] Testing //tests:batcher (run 18 of 20); 0s linux-sandbox ... (24 actions, 2 running)
[73 / 137] Testing //tests:batcher (run 10 of 20); 0s linux-sandbox ... (24 actions, 2 running)
[75 / 137] Testing //tests:batcher (run 20 of 20); 0s linux-sandbox ... (24 actions, 1 running)
[76 / 137] Testing //tests:batcher (run 8 of 20); 0s linux-sandbox ... (24 actions, 2 running)
[77 / 137] 1 / 4 tests; Testing //tests:kv_system (run 1 of 20); 1s linux-sandbox ... (24 actions, 1 running)
[78 / 137] 1 / 4 tests; Testing //tests:kv_system (run 2 of 20); 1s linux-sandbox ... (24 actions, 1 running)
[79 / 137] 1 / 4 tests; Testing //tests:kv_system (run 3 of 20); 1s linux-sandbox ... (24 actions, 1 running)
[80 / 137] 1 / 4 tests; Testing //tests:kv_system (run 4 of 20); 1s linux-sandbox ... (24 actions, 1 running)
[80 / 137] 1 / 4 tests; Testing //tests:kv_system (run 4 of 20); 2s linux-sandbox ... (24 actions, 2 running)
[81 / 137] 1 / 4 tests; Testing //tests:kv_system (run 5 of 20); 1s linux-sandbox ... (24 actions, 1 running)
[82 / 137] 1 / 4 tests; Testing //tests:kv_system (run 6 of 20); 1s linux-sandbox ... (24 actions, 1 running)
[83 / 137] 1 / 4 tests; Testing //tests:kv_system (run 7 of 20); 1s linux-sandbox ... (24 actions, 1 running)
[84 / 137] 1 / 4 tests; Testing //tests:kv_system (run 8 of 20); 1s linux-sandbox ... (24 actions, 1 running)
[85 / 137] 1 / 4 tests; Testing //tests:kv_system (run 9 of 20); 1s linux-sandbox ... (24 actions, 1 running)
[86 / 137] 1 / 4 tests; Testing //tests:kv_system (run 10 of 20); 1s linux-sandbox ... (24 actions, 1 running)
[87 / 137] 1 / 4 tests; Testing //tests:kv_system (run 11 of 20); 1s linux-sandbox ... (24 actions, 1 running)
[87 / 137] 1 / 4 tests; Testing //tests:kv_system (run 11 of 20); 2s linux-sandbox ... (24 actions, 2 running)
[88 / 137] 1 / 4 tests; Testing //tests:kv_system (run 12 of 20); 1s linux-sandbox ... (24 actions, 1 running)
[89 / 137] 1 / 4 tests; Testing //tests:kv_system (run 13 of 20); 1s linux-sandbox ... (24 actions, 1 running)
[90 / 137] 1 / 4 tests; Testing //tests:kv_system (run 14 of 20); 1s linux-sandbox ... (24 actions, 1 running)
[91 / 137] 1 / 4 tests; Testing //tests:kv_system (run 15 of 20); 1s linux-sandbox ... (24 actions, 1 running)
[92 / 137] 1 / 4 tests; Testing //tests:kv_system (run 16 of 20); 1s linux-sandbox ... (24 actions, 1 running)
[93 / 137] 1 / 4 tests; Testing //tests:kv_system (run 17 of 20); 1s linux-sandbox ... (24 actions, 1 running)
[94 / 137] 1 / 4 tests; Testing //tests:kv_system (run 18 of 20); 1s linux-sandbox ... (24 actions, 1 running)
[94 / 137] 1 / 4 tests; Testing //tests:kv_system (run 18 of 20); 2s linux-sandbox ... (24 actions, 2 running)
[95 / 137] 1 / 4 tests; Testing //tests:kv_system (run 19 of 20); 1s linux-sandbox ... (24 actions, 1 running)
[96 / 137] 1 / 4 tests; Testing //tests:kv_system (run 20 of 20); 1s linux-sandbox ... (24 actions, 1 running)
[97 / 137] 2 / 4 tests; Testing //tests:batcher_release_fast (run 1 of 20); 0s linux-sandbox ... (24 actions, 1 running)
[98 / 137] 2 / 4 tests; Testing //tests:batcher_release_fast (run 2 of 20); 0s linux-sandbox ... (24 actions, 2 running)
[100 / 137] 2 / 4 tests; Testing //tests:batcher_release_fast (run 4 of 20); 0s linux-sandbox ... (24 actions, 2 running)
[102 / 137] 2 / 4 tests; Testing //tests:batcher_release_fast (run 6 of 20); 0s linux-sandbox ... (24 actions, 1 running)
[103 / 137] 2 / 4 tests; Testing //tests:batcher_release_fast (run 7 of 20); 0s linux-sandbox ... (24 actions, 2 running)
[105 / 137] 2 / 4 tests; Testing //tests:batcher_release_fast (run 9 of 20); 0s linux-sandbox ... (24 actions, 1 running)
[106 / 137] 2 / 4 tests; Testing //tests:batcher_release_fast (run 10 of 20); 0s linux-sandbox ... (24 actions, 2 running)
[108 / 137] 2 / 4 tests; Testing //tests:batcher_release_fast (run 12 of 20); 0s linux-sandbox ... (24 actions, 2 running)
[110 / 137] 2 / 4 tests; Testing //tests:batcher_release_fast (run 14 of 20); 0s linux-sandbox ... (24 actions, 1 running)
[111 / 137] 2 / 4 tests; Testing //tests:batcher_release_fast (run 15 of 20); 0s linux-sandbox ... (24 actions, 2 running)
[113 / 137] 2 / 4 tests; Testing //tests:batcher_release_fast (run 17 of 20); 0s linux-sandbox ... (24 actions, 1 running)
[114 / 137] 2 / 4 tests; Testing //tests:batcher_release_fast (run 18 of 20); 0s linux-sandbox ... (23 actions, 2 running)
[116 / 137] 2 / 4 tests; Testing //tests:batcher_release_fast (run 20 of 20); 0s linux-sandbox ... (21 actions, 2 running)
[117 / 137] 3 / 4 tests; Testing //tests:kv_system_release_fast (run 1 of 20); 1s linux-sandbox ... (20 actions, 1 running)
[118 / 137] 3 / 4 tests; Testing //tests:kv_system_release_fast (run 2 of 20); 1s linux-sandbox ... (19 actions, 1 running)
[119 / 137] 3 / 4 tests; Testing //tests:kv_system_release_fast (run 3 of 20); 1s linux-sandbox ... (18 actions, 1 running)
[120 / 137] 3 / 4 tests; Testing //tests:kv_system_release_fast (run 4 of 20); 1s linux-sandbox ... (17 actions, 1 running)
[121 / 137] 3 / 4 tests; Testing //tests:kv_system_release_fast (run 5 of 20); 0s linux-sandbox ... (16 actions, 1 running)
[122 / 137] 3 / 4 tests; Testing //tests:kv_system_release_fast (run 6 of 20); 1s linux-sandbox ... (15 actions, 1 running)
[123 / 137] 3 / 4 tests; Testing //tests:kv_system_release_fast (run 7 of 20); 1s linux-sandbox ... (14 actions, 1 running)
[124 / 137] 3 / 4 tests; Testing //tests:kv_system_release_fast (run 8 of 20); 1s linux-sandbox ... (13 actions, 2 running)
[125 / 137] 3 / 4 tests; Testing //tests:kv_system_release_fast (run 9 of 20); 1s linux-sandbox ... (12 actions, 1 running)
[126 / 137] 3 / 4 tests; Testing //tests:kv_system_release_fast (run 10 of 20); 1s linux-sandbox ... (11 actions, 1 running)
[127 / 137] 3 / 4 tests; Testing //tests:kv_system_release_fast (run 11 of 20); 1s linux-sandbox ... (10 actions, 1 running)
[128 / 137] 3 / 4 tests; Testing //tests:kv_system_release_fast (run 12 of 20); 1s linux-sandbox ... (9 actions, 2 running)
[129 / 137] 3 / 4 tests; Testing //tests:kv_system_release_fast (run 13 of 20); 1s linux-sandbox ... (8 actions, 1 running)
[130 / 137] 3 / 4 tests; Testing //tests:kv_system_release_fast (run 14 of 20); 1s linux-sandbox ... (7 actions, 1 running)
[131 / 137] 3 / 4 tests; Testing //tests:kv_system_release_fast (run 15 of 20); 1s linux-sandbox ... (6 actions, 1 running)
[132 / 137] 3 / 4 tests; Testing //tests:kv_system_release_fast (run 16 of 20); 1s linux-sandbox ... (5 actions, 2 running)
[133 / 137] 3 / 4 tests; Testing //tests:kv_system_release_fast (run 17 of 20); 1s linux-sandbox ... (4 actions, 1 running)
[134 / 137] 3 / 4 tests; Testing //tests:kv_system_release_fast (run 18 of 20); 1s linux-sandbox ... (3 actions, 1 running)
[135 / 137] 3 / 4 tests; Testing //tests:kv_system_release_fast (run 19 of 20); 1s linux-sandbox ... (2 actions, 1 running)
[136 / 137] 3 / 4 tests; Testing //tests:kv_system_release_fast (run 20 of 20); 1s disk-cache, linux-sandbox
INFO: Found 4 test targets...
INFO: Elapsed time: 113.997s, Critical Path: 52.30s
INFO: 93 processes: 22 action cache hit, 9 internal, 164 linux-sandbox.
INFO: Build completed successfully, 93 total actions

Executed 4 out of 4 tests: 4 tests pass.
There were tests whose specified size is too big. Use the --test_verbose_timeout_warnings command line option to see which ones these are.
