ggml_vulkan: Found 1 Vulkan devices:
ggml_vulkan: 0 = AMD Radeon RX 7900 XTX (RADV NAVI31) (radv) | uma: 0 | fp16: dot2 | bf16: 0 | fp4: 0 | warp size: 64 | shared memory: 65536 | int dot: 1 | matrix cores: KHR_coopmat
oracle=0.24.0 commit=456172ec-dirty device=AMD Radeon RX 7900 XTX (RADV NAVI31) disable_mmvq=1
backend_allocation_bytes=2973696
----------------
Vulkan Timings:
MUL_MAT_VEC q4_0 m=1024 n=1 k=5120: 1 x 66.94 us = 66.94 us (156.629 GFLOPS/s)
Total time: 66.94 us.
----------------
Vulkan Timings:
MUL_MAT_VEC q4_0 m=1024 n=1 k=5120: 1 x 33.8 us = 33.8 us (310.199 GFLOPS/s)
Total time: 33.8 us.
----------------
Vulkan Timings:
MUL_MAT_VEC q4_0 m=1024 n=1 k=5120: 1 x 33.52 us = 33.52 us (312.79 GFLOPS/s)
Total time: 33.52 us.
----------------
Vulkan Timings:
MUL_MAT_VEC q4_0 m=1024 n=1 k=5120: 1 x 33.56 us = 33.56 us (312.418 GFLOPS/s)
Total time: 33.56 us.
----------------
Vulkan Timings:
MUL_MAT_VEC q4_0 m=1024 n=1 k=5120: 1 x 33.6 us = 33.6 us (312.046 GFLOPS/s)
Total time: 33.6 us.
----------------
Vulkan Timings:
MUL_MAT_VEC q4_0 m=1024 n=1 k=5120: 1 x 33.16 us = 33.16 us (316.186 GFLOPS/s)
Total time: 33.16 us.
----------------
Vulkan Timings:
MUL_MAT_VEC q4_0 m=1024 n=1 k=5120: 1 x 33.6 us = 33.6 us (312.046 GFLOPS/s)
Total time: 33.6 us.
----------------
Vulkan Timings:
MUL_MAT_VEC q4_0 m=1024 n=1 k=5120: 1 x 33.52 us = 33.52 us (312.79 GFLOPS/s)
Total time: 33.52 us.
----------------
Vulkan Timings:
MUL_MAT_VEC q4_0 m=1024 n=1 k=5120: 1 x 33.8 us = 33.8 us (310.199 GFLOPS/s)
Total time: 33.8 us.
----------------
Vulkan Timings:
MUL_MAT_VEC q4_0 m=1024 n=1 k=5120: 1 x 33.52 us = 33.52 us (312.79 GFLOPS/s)
Total time: 33.52 us.
----------------
Vulkan Timings:
MUL_MAT_VEC q4_0 m=1024 n=1 k=5120: 1 x 33.52 us = 33.52 us (312.79 GFLOPS/s)
Total time: 33.52 us.
----------------
Vulkan Timings:
MUL_MAT_VEC q4_0 m=1024 n=1 k=5120: 1 x 33.52 us = 33.52 us (312.79 GFLOPS/s)
Total time: 33.52 us.
----------------
Vulkan Timings:
MUL_MAT_VEC q4_0 m=1024 n=1 k=5120: 1 x 33.84 us = 33.84 us (309.833 GFLOPS/s)
Total time: 33.84 us.
----------------
Vulkan Timings:
MUL_MAT_VEC q4_0 m=1024 n=1 k=5120: 1 x 33.52 us = 33.52 us (312.79 GFLOPS/s)
Total time: 33.52 us.
----------------
Vulkan Timings:
MUL_MAT_VEC q4_0 m=1024 n=1 k=5120: 1 x 33.48 us = 33.48 us (313.164 GFLOPS/s)
Total time: 33.48 us.
----------------
Vulkan Timings:
MUL_MAT_VEC q4_0 m=1024 n=1 k=5120: 1 x 33.56 us = 33.56 us (312.418 GFLOPS/s)
Total time: 33.56 us.
----------------
Vulkan Timings:
MUL_MAT_VEC q4_0 m=1024 n=1 k=5120: 1 x 33.64 us = 33.64 us (311.675 GFLOPS/s)
Total time: 33.64 us.
----------------
Vulkan Timings:
MUL_MAT_VEC q4_0 m=1024 n=1 k=5120: 1 x 33.56 us = 33.56 us (312.418 GFLOPS/s)
Total time: 33.56 us.
----------------
Vulkan Timings:
MUL_MAT_VEC q4_0 m=1024 n=1 k=5120: 1 x 33.56 us = 33.56 us (312.418 GFLOPS/s)
Total time: 33.56 us.
----------------
Vulkan Timings:
MUL_MAT_VEC q4_0 m=1024 n=1 k=5120: 1 x 33.6 us = 33.6 us (312.046 GFLOPS/s)
Total time: 33.6 us.
----------------
Vulkan Timings:
MUL_MAT_VEC q4_0 m=1024 n=1 k=5120: 1 x 33.52 us = 33.52 us (312.79 GFLOPS/s)
Total time: 33.52 us.
----------------
Vulkan Timings:
MUL_MAT_VEC q4_0 m=1024 n=1 k=5120: 1 x 33.6 us = 33.6 us (312.046 GFLOPS/s)
Total time: 33.6 us.
----------------
Vulkan Timings:
MUL_MAT_VEC q4_0 m=1024 n=1 k=5120: 1 x 33.56 us = 33.56 us (312.418 GFLOPS/s)
Total time: 33.56 us.
----------------
Vulkan Timings:
MUL_MAT_VEC q4_0 m=1024 n=1 k=5120: 1 x 33.56 us = 33.56 us (312.418 GFLOPS/s)
Total time: 33.56 us.
----------------
Vulkan Timings:
MUL_MAT_VEC q4_0 m=1024 n=1 k=5120: 1 x 33.48 us = 33.48 us (313.164 GFLOPS/s)
Total time: 33.48 us.
----------------
Vulkan Timings:
MUL_MAT_VEC q4_0 m=1024 n=1 k=5120: 1 x 33.24 us = 33.24 us (315.425 GFLOPS/s)
Total time: 33.24 us.
----------------
Vulkan Timings:
MUL_MAT_VEC q4_0 m=1024 n=1 k=5120: 1 x 33.6 us = 33.6 us (312.046 GFLOPS/s)
Total time: 33.6 us.
----------------
Vulkan Timings:
MUL_MAT_VEC q4_0 m=1024 n=1 k=5120: 1 x 33.48 us = 33.48 us (313.164 GFLOPS/s)
Total time: 33.48 us.
----------------
Vulkan Timings:
MUL_MAT_VEC q4_0 m=1024 n=1 k=5120: 1 x 33.56 us = 33.56 us (312.418 GFLOPS/s)
Total time: 33.56 us.
----------------
Vulkan Timings:
MUL_MAT_VEC q4_0 m=1024 n=1 k=5120: 1 x 33.24 us = 33.24 us (315.425 GFLOPS/s)
Total time: 33.24 us.
----------------
Vulkan Timings:
MUL_MAT_VEC q4_0 m=1024 n=1 k=5120: 1 x 33.56 us = 33.56 us (312.418 GFLOPS/s)
Total time: 33.56 us.
----------------
Vulkan Timings:
MUL_MAT_VEC q4_0 m=1024 n=1 k=5120: 1 x 33.56 us = 33.56 us (312.418 GFLOPS/s)
Total time: 33.56 us.
----------------
Vulkan Timings:
MUL_MAT_VEC q4_0 m=1024 n=1 k=5120: 1 x 33.2 us = 33.2 us (315.805 GFLOPS/s)
Total time: 33.2 us.
----------------
Vulkan Timings:
MUL_MAT_VEC q4_0 m=1024 n=1 k=5120: 1 x 33.56 us = 33.56 us (312.418 GFLOPS/s)
Total time: 33.56 us.
----------------
Vulkan Timings:
MUL_MAT_VEC q4_0 m=1024 n=1 k=5120: 1 x 33.56 us = 33.56 us (312.418 GFLOPS/s)
Total time: 33.56 us.
----------------
Vulkan Timings:
MUL_MAT_VEC q4_0 m=1024 n=1 k=5120: 1 x 33.56 us = 33.56 us (312.418 GFLOPS/s)
Total time: 33.56 us.
----------------
Vulkan Timings:
MUL_MAT_VEC q4_0 m=1024 n=1 k=5120: 1 x 33.52 us = 33.52 us (312.79 GFLOPS/s)
Total time: 33.52 us.
----------------
Vulkan Timings:
MUL_MAT_VEC q4_0 m=1024 n=1 k=5120: 1 x 33.56 us = 33.56 us (312.418 GFLOPS/s)
Total time: 33.56 us.
----------------
Vulkan Timings:
MUL_MAT_VEC q4_0 m=1024 n=1 k=5120: 1 x 33.64 us = 33.64 us (311.675 GFLOPS/s)
Total time: 33.64 us.
----------------
Vulkan Timings:
MUL_MAT_VEC q4_0 m=1024 n=1 k=5120: 1 x 33.56 us = 33.56 us (312.418 GFLOPS/s)
Total time: 33.56 us.
----------------
Vulkan Timings:
MUL_MAT_VEC q4_0 m=1024 n=1 k=5120: 1 x 33.16 us = 33.16 us (316.186 GFLOPS/s)
Total time: 33.16 us.
----------------
Vulkan Timings:
MUL_MAT_VEC q4_0 m=1024 n=1 k=5120: 1 x 33.52 us = 33.52 us (312.79 GFLOPS/s)
Total time: 33.52 us.
----------------
Vulkan Timings:
MUL_MAT_VEC q4_0 m=1024 n=1 k=5120: 1 x 33.64 us = 33.64 us (311.675 GFLOPS/s)
Total time: 33.64 us.
----------------
Vulkan Timings:
MUL_MAT_VEC q4_0 m=1024 n=1 k=5120: 1 x 33.56 us = 33.56 us (312.418 GFLOPS/s)
Total time: 33.56 us.
----------------
Vulkan Timings:
MUL_MAT_VEC q4_0 m=1024 n=1 k=5120: 1 x 33.52 us = 33.52 us (312.79 GFLOPS/s)
Total time: 33.52 us.
----------------
Vulkan Timings:
MUL_MAT_VEC q4_0 m=1024 n=1 k=5120: 1 x 33.6 us = 33.6 us (312.046 GFLOPS/s)
Total time: 33.6 us.
----------------
Vulkan Timings:
MUL_MAT_VEC q4_0 m=1024 n=1 k=5120: 1 x 33.24 us = 33.24 us (315.425 GFLOPS/s)
Total time: 33.24 us.
----------------
Vulkan Timings:
MUL_MAT_VEC q4_0 m=1024 n=1 k=5120: 1 x 33.6 us = 33.6 us (312.046 GFLOPS/s)
Total time: 33.6 us.
----------------
Vulkan Timings:
MUL_MAT_VEC q4_0 m=1024 n=1 k=5120: 1 x 33.56 us = 33.56 us (312.418 GFLOPS/s)
Total time: 33.56 us.
----------------
Vulkan Timings:
MUL_MAT_VEC q4_0 m=1024 n=1 k=5120: 1 x 33.56 us = 33.56 us (312.418 GFLOPS/s)
Total time: 33.56 us.
----------------
Vulkan Timings:
MUL_MAT_VEC q4_0 m=1024 n=1 k=5120: 1 x 33.52 us = 33.52 us (312.79 GFLOPS/s)
Total time: 33.52 us.
----------------
Vulkan Timings:
MUL_MAT_VEC q4_0 m=1024 n=1 k=5120: 1 x 33.56 us = 33.56 us (312.418 GFLOPS/s)
Total time: 33.56 us.
----------------
Vulkan Timings:
MUL_MAT_VEC q4_0 m=1024 n=1 k=5120: 1 x 33.56 us = 33.56 us (312.418 GFLOPS/s)
Total time: 33.56 us.
----------------
Vulkan Timings:
MUL_MAT_VEC q4_0 m=1024 n=1 k=5120: 1 x 33.48 us = 33.48 us (313.164 GFLOPS/s)
Total time: 33.48 us.
----------------
Vulkan Timings:
MUL_MAT_VEC q4_0 m=1024 n=1 k=5120: 1 x 33.52 us = 33.52 us (312.79 GFLOPS/s)
Total time: 33.52 us.
----------------
Vulkan Timings:
MUL_MAT_VEC q4_0 m=1024 n=1 k=5120: 1 x 33.48 us = 33.48 us (313.164 GFLOPS/s)
Total time: 33.48 us.
----------------
Vulkan Timings:
MUL_MAT_VEC q4_0 m=1024 n=1 k=5120: 1 x 33.52 us = 33.52 us (312.79 GFLOPS/s)
Total time: 33.52 us.
----------------
Vulkan Timings:
MUL_MAT_VEC q4_0 m=1024 n=1 k=5120: 1 x 33.56 us = 33.56 us (312.418 GFLOPS/s)
Total time: 33.56 us.
----------------
Vulkan Timings:
MUL_MAT_VEC q4_0 m=1024 n=1 k=5120: 1 x 33.6 us = 33.6 us (312.046 GFLOPS/s)
Total time: 33.6 us.
----------------
Vulkan Timings:
MUL_MAT_VEC q4_0 m=1024 n=1 k=5120: 1 x 33.56 us = 33.56 us (312.418 GFLOPS/s)
Total time: 33.56 us.
----------------
Vulkan Timings:
MUL_MAT_VEC q4_0 m=1024 n=1 k=5120: 1 x 33.56 us = 33.56 us (312.418 GFLOPS/s)
Total time: 33.56 us.
----------------
Vulkan Timings:
MUL_MAT_VEC q4_0 m=1024 n=1 k=5120: 1 x 33.56 us = 33.56 us (312.418 GFLOPS/s)
Total time: 33.56 us.
----------------
Vulkan Timings:
MUL_MAT_VEC q4_0 m=1024 n=1 k=5120: 1 x 33.64 us = 33.64 us (311.675 GFLOPS/s)
Total time: 33.64 us.
----------------
Vulkan Timings:
MUL_MAT_VEC q4_0 m=1024 n=1 k=5120: 1 x 33.56 us = 33.56 us (312.418 GFLOPS/s)
Total time: 33.56 us.
----------------
Vulkan Timings:
MUL_MAT_VEC q4_0 m=1024 n=1 k=5120: 1 x 33.56 us = 33.56 us (312.418 GFLOPS/s)
Total time: 33.56 us.
----------------
Vulkan Timings:
MUL_MAT_VEC q4_0 m=1024 n=1 k=5120: 1 x 33.84 us = 33.84 us (309.833 GFLOPS/s)
Total time: 33.84 us.
----------------
Vulkan Timings:
MUL_MAT_VEC q4_0 m=1024 n=1 k=5120: 1 x 33.56 us = 33.56 us (312.418 GFLOPS/s)
Total time: 33.56 us.
----------------
Vulkan Timings:
MUL_MAT_VEC q4_0 m=1024 n=1 k=5120: 1 x 33.52 us = 33.52 us (312.79 GFLOPS/s)
Total time: 33.52 us.
----------------
Vulkan Timings:
MUL_MAT_VEC q4_0 m=1024 n=1 k=5120: 1 x 33.52 us = 33.52 us (312.79 GFLOPS/s)
Total time: 33.52 us.
----------------
Vulkan Timings:
MUL_MAT_VEC q4_0 m=1024 n=1 k=5120: 1 x 33.88 us = 33.88 us (309.467 GFLOPS/s)
Total time: 33.88 us.
----------------
Vulkan Timings:
MUL_MAT_VEC q4_0 m=1024 n=1 k=5120: 1 x 33.56 us = 33.56 us (312.418 GFLOPS/s)
Total time: 33.56 us.
----------------
Vulkan Timings:
MUL_MAT_VEC q4_0 m=1024 n=1 k=5120: 1 x 33.56 us = 33.56 us (312.418 GFLOPS/s)
Total time: 33.56 us.
----------------
Vulkan Timings:
MUL_MAT_VEC q4_0 m=1024 n=1 k=5120: 1 x 33.56 us = 33.56 us (312.418 GFLOPS/s)
Total time: 33.56 us.
----------------
Vulkan Timings:
MUL_MAT_VEC q4_0 m=1024 n=1 k=5120: 1 x 33.84 us = 33.84 us (309.833 GFLOPS/s)
Total time: 33.84 us.
----------------
Vulkan Timings:
MUL_MAT_VEC q4_0 m=1024 n=1 k=5120: 1 x 33.56 us = 33.56 us (312.418 GFLOPS/s)
Total time: 33.56 us.
----------------
Vulkan Timings:
MUL_MAT_VEC q4_0 m=1024 n=1 k=5120: 1 x 33.8 us = 33.8 us (310.199 GFLOPS/s)
Total time: 33.8 us.
----------------
Vulkan Timings:
MUL_MAT_VEC q4_0 m=1024 n=1 k=5120: 1 x 33.16 us = 33.16 us (316.186 GFLOPS/s)
Total time: 33.16 us.
----------------
Vulkan Timings:
MUL_MAT_VEC q4_0 m=1024 n=1 k=5120: 1 x 33.56 us = 33.56 us (312.418 GFLOPS/s)
Total time: 33.56 us.
----------------
Vulkan Timings:
MUL_MAT_VEC q4_0 m=1024 n=1 k=5120: 1 x 33.52 us = 33.52 us (312.79 GFLOPS/s)
Total time: 33.52 us.
----------------
Vulkan Timings:
MUL_MAT_VEC q4_0 m=1024 n=1 k=5120: 1 x 33.6 us = 33.6 us (312.046 GFLOPS/s)
Total time: 33.6 us.
----------------
Vulkan Timings:
MUL_MAT_VEC q4_0 m=1024 n=1 k=5120: 1 x 33.52 us = 33.52 us (312.79 GFLOPS/s)
Total time: 33.52 us.
----------------
Vulkan Timings:
MUL_MAT_VEC q4_0 m=1024 n=1 k=5120: 1 x 33.12 us = 33.12 us (316.568 GFLOPS/s)
Total time: 33.12 us.
----------------
Vulkan Timings:
MUL_MAT_VEC q4_0 m=1024 n=1 k=5120: 1 x 33.52 us = 33.52 us (312.79 GFLOPS/s)
Total time: 33.52 us.
----------------
Vulkan Timings:
MUL_MAT_VEC q4_0 m=1024 n=1 k=5120: 1 x 33.88 us = 33.88 us (309.467 GFLOPS/s)
Total time: 33.88 us.
----------------
Vulkan Timings:
MUL_MAT_VEC q4_0 m=1024 n=1 k=5120: 1 x 33.6 us = 33.6 us (312.046 GFLOPS/s)
Total time: 33.6 us.
----------------
Vulkan Timings:
MUL_MAT_VEC q4_0 m=1024 n=1 k=5120: 1 x 33.2 us = 33.2 us (315.805 GFLOPS/s)
Total time: 33.2 us.
----------------
Vulkan Timings:
MUL_MAT_VEC q4_0 m=1024 n=1 k=5120: 1 x 33.52 us = 33.52 us (312.79 GFLOPS/s)
Total time: 33.52 us.
----------------
Vulkan Timings:
MUL_MAT_VEC q4_0 m=1024 n=1 k=5120: 1 x 33.6 us = 33.6 us (312.046 GFLOPS/s)
Total time: 33.6 us.
----------------
Vulkan Timings:
MUL_MAT_VEC q4_0 m=1024 n=1 k=5120: 1 x 33.56 us = 33.56 us (312.418 GFLOPS/s)
Total time: 33.56 us.
----------------
Vulkan Timings:
MUL_MAT_VEC q4_0 m=1024 n=1 k=5120: 1 x 33.52 us = 33.52 us (312.79 GFLOPS/s)
Total time: 33.52 us.
----------------
Vulkan Timings:
MUL_MAT_VEC q4_0 m=1024 n=1 k=5120: 1 x 33.6 us = 33.6 us (312.046 GFLOPS/s)
Total time: 33.6 us.
----------------
Vulkan Timings:
MUL_MAT_VEC q4_0 m=1024 n=1 k=5120: 1 x 33.48 us = 33.48 us (313.164 GFLOPS/s)
Total time: 33.48 us.
----------------
Vulkan Timings:
MUL_MAT_VEC q4_0 m=1024 n=1 k=5120: 1 x 33.48 us = 33.48 us (313.164 GFLOPS/s)
Total time: 33.48 us.
----------------
Vulkan Timings:
MUL_MAT_VEC q4_0 m=1024 n=1 k=5120: 1 x 33.52 us = 33.52 us (312.79 GFLOPS/s)
Total time: 33.52 us.
----------------
Vulkan Timings:
MUL_MAT_VEC q4_0 m=1024 n=1 k=5120: 1 x 33.6 us = 33.6 us (312.046 GFLOPS/s)
Total time: 33.6 us.
----------------
Vulkan Timings:
MUL_MAT_VEC q4_0 m=1024 n=1 k=5120: 1 x 33.56 us = 33.56 us (312.418 GFLOPS/s)
Total time: 33.56 us.
----------------
Vulkan Timings:
MUL_MAT_VEC q4_0 m=1024 n=1 k=5120: 1 x 33.6 us = 33.6 us (312.046 GFLOPS/s)
Total time: 33.6 us.
----------------
Vulkan Timings:
MUL_MAT_VEC q4_0 m=1024 n=1 k=5120: 1 x 33.56 us = 33.56 us (312.418 GFLOPS/s)
Total time: 33.56 us.
----------------
Vulkan Timings:
MUL_MAT_VEC q4_0 m=1024 n=1 k=5120: 1 x 33.52 us = 33.52 us (312.79 GFLOPS/s)
Total time: 33.52 us.
----------------
Vulkan Timings:
MUL_MAT_VEC q4_0 m=1024 n=1 k=5120: 1 x 33.52 us = 33.52 us (312.79 GFLOPS/s)
Total time: 33.52 us.
----------------
Vulkan Timings:
MUL_MAT_VEC q4_0 m=1024 n=1 k=5120: 1 x 33.56 us = 33.56 us (312.418 GFLOPS/s)
Total time: 33.56 us.
----------------
Vulkan Timings:
MUL_MAT_VEC q4_0 m=1024 n=1 k=5120: 1 x 33.52 us = 33.52 us (312.79 GFLOPS/s)
Total time: 33.52 us.
----------------
Vulkan Timings:
MUL_MAT_VEC q4_0 m=1024 n=1 k=5120: 1 x 33.52 us = 33.52 us (312.79 GFLOPS/s)
Total time: 33.52 us.
----------------
Vulkan Timings:
MUL_MAT_VEC q4_0 m=1024 n=1 k=5120: 1 x 33.56 us = 33.56 us (312.418 GFLOPS/s)
Total time: 33.56 us.
----------------
Vulkan Timings:
MUL_MAT_VEC q4_0 m=1024 n=1 k=5120: 1 x 33.56 us = 33.56 us (312.418 GFLOPS/s)
Total time: 33.56 us.
----------------
Vulkan Timings:
MUL_MAT_VEC q4_0 m=1024 n=1 k=5120: 1 x 33.56 us = 33.56 us (312.418 GFLOPS/s)
Total time: 33.56 us.
----------------
Vulkan Timings:
MUL_MAT_VEC q4_0 m=1024 n=1 k=5120: 1 x 33.56 us = 33.56 us (312.418 GFLOPS/s)
Total time: 33.56 us.
----------------
Vulkan Timings:
MUL_MAT_VEC q4_0 m=1024 n=1 k=5120: 1 x 33.6 us = 33.6 us (312.046 GFLOPS/s)
Total time: 33.6 us.
----------------
Vulkan Timings:
MUL_MAT_VEC q4_0 m=1024 n=1 k=5120: 1 x 33.56 us = 33.56 us (312.418 GFLOPS/s)
Total time: 33.56 us.
----------------
Vulkan Timings:
MUL_MAT_VEC q4_0 m=1024 n=1 k=5120: 1 x 33.56 us = 33.56 us (312.418 GFLOPS/s)
Total time: 33.56 us.
----------------
Vulkan Timings:
MUL_MAT_VEC q4_0 m=1024 n=1 k=5120: 1 x 33.24 us = 33.24 us (315.425 GFLOPS/s)
Total time: 33.24 us.
----------------
Vulkan Timings:
MUL_MAT_VEC q4_0 m=1024 n=1 k=5120: 1 x 33.6 us = 33.6 us (312.046 GFLOPS/s)
Total time: 33.6 us.
----------------
Vulkan Timings:
MUL_MAT_VEC q4_0 m=1024 n=1 k=5120: 1 x 33.56 us = 33.56 us (312.418 GFLOPS/s)
Total time: 33.56 us.
----------------
Vulkan Timings:
MUL_MAT_VEC q4_0 m=1024 n=1 k=5120: 1 x 33.6 us = 33.6 us (312.046 GFLOPS/s)
Total time: 33.6 us.
----------------
Vulkan Timings:
MUL_MAT_VEC q4_0 m=1024 n=1 k=5120: 1 x 33.56 us = 33.56 us (312.418 GFLOPS/s)
Total time: 33.56 us.
----------------
Vulkan Timings:
MUL_MAT_VEC q4_0 m=1024 n=1 k=5120: 1 x 33.6 us = 33.6 us (312.046 GFLOPS/s)
Total time: 33.6 us.
----------------
Vulkan Timings:
MUL_MAT_VEC q4_0 m=1024 n=1 k=5120: 1 x 33.88 us = 33.88 us (309.467 GFLOPS/s)
Total time: 33.88 us.
----------------
Vulkan Timings:
MUL_MAT_VEC q4_0 m=1024 n=1 k=5120: 1 x 33.2 us = 33.2 us (315.805 GFLOPS/s)
Total time: 33.2 us.
----------------
Vulkan Timings:
MUL_MAT_VEC q4_0 m=1024 n=1 k=5120: 1 x 33.6 us = 33.6 us (312.046 GFLOPS/s)
Total time: 33.6 us.
----------------
Vulkan Timings:
MUL_MAT_VEC q4_0 m=1024 n=1 k=5120: 1 x 33.88 us = 33.88 us (309.467 GFLOPS/s)
Total time: 33.88 us.
----------------
Vulkan Timings:
MUL_MAT_VEC q4_0 m=1024 n=1 k=5120: 1 x 33.56 us = 33.56 us (312.418 GFLOPS/s)
Total time: 33.56 us.
----------------
Vulkan Timings:
MUL_MAT_VEC q4_0 m=1024 n=1 k=5120: 1 x 33.72 us = 33.72 us (310.935 GFLOPS/s)
Total time: 33.72 us.
----------------
Vulkan Timings:
MUL_MAT_VEC q4_0 m=1024 n=1 k=5120: 1 x 33.56 us = 33.56 us (312.418 GFLOPS/s)
Total time: 33.56 us.
----------------
Vulkan Timings:
MUL_MAT_VEC q4_0 m=1024 n=1 k=5120: 1 x 33.56 us = 33.56 us (312.418 GFLOPS/s)
Total time: 33.56 us.
----------------
Vulkan Timings:
MUL_MAT_VEC q4_0 m=1024 n=1 k=5120: 1 x 34.92 us = 34.92 us (300.25 GFLOPS/s)
Total time: 34.92 us.
----------------
Vulkan Timings:
MUL_MAT_VEC q4_0 m=1024 n=1 k=5120: 1 x 33.56 us = 33.56 us (312.418 GFLOPS/s)
Total time: 33.56 us.
----------------
Vulkan Timings:
MUL_MAT_VEC q4_0 m=1024 n=1 k=5120: 1 x 33.52 us = 33.52 us (312.79 GFLOPS/s)
Total time: 33.52 us.
----------------
Vulkan Timings:
MUL_MAT_VEC q4_0 m=1024 n=1 k=5120: 1 x 33.56 us = 33.56 us (312.418 GFLOPS/s)
Total time: 33.56 us.
----------------
Vulkan Timings:
MUL_MAT_VEC q4_0 m=1024 n=1 k=5120: 1 x 33.56 us = 33.56 us (312.418 GFLOPS/s)
Total time: 33.56 us.
----------------
Vulkan Timings:
MUL_MAT_VEC q4_0 m=1024 n=1 k=5120: 1 x 33.6 us = 33.6 us (312.046 GFLOPS/s)
Total time: 33.6 us.
----------------
Vulkan Timings:
MUL_MAT_VEC q4_0 m=1024 n=1 k=5120: 1 x 33.56 us = 33.56 us (312.418 GFLOPS/s)
Total time: 33.56 us.
----------------
Vulkan Timings:
MUL_MAT_VEC q4_0 m=1024 n=1 k=5120: 1 x 33.56 us = 33.56 us (312.418 GFLOPS/s)
Total time: 33.56 us.
----------------
Vulkan Timings:
MUL_MAT_VEC q4_0 m=1024 n=1 k=5120: 1 x 33.6 us = 33.6 us (312.046 GFLOPS/s)
Total time: 33.6 us.
----------------
Vulkan Timings:
MUL_MAT_VEC q4_0 m=1024 n=1 k=5120: 1 x 33.64 us = 33.64 us (311.675 GFLOPS/s)
Total time: 33.64 us.
----------------
Vulkan Timings:
MUL_MAT_VEC q4_0 m=1024 n=1 k=5120: 1 x 33.56 us = 33.56 us (312.418 GFLOPS/s)
Total time: 33.56 us.
----------------
Vulkan Timings:
MUL_MAT_VEC q4_0 m=1024 n=1 k=5120: 1 x 33.56 us = 33.56 us (312.418 GFLOPS/s)
Total time: 33.56 us.
----------------
Vulkan Timings:
MUL_MAT_VEC q4_0 m=1024 n=1 k=5120: 1 x 33.12 us = 33.12 us (316.568 GFLOPS/s)
Total time: 33.12 us.
----------------
Vulkan Timings:
MUL_MAT_VEC q4_0 m=1024 n=1 k=5120: 1 x 33.6 us = 33.6 us (312.046 GFLOPS/s)
Total time: 33.6 us.
----------------
Vulkan Timings:
MUL_MAT_VEC q4_0 m=1024 n=1 k=5120: 1 x 33.2 us = 33.2 us (315.805 GFLOPS/s)
Total time: 33.2 us.
----------------
Vulkan Timings:
MUL_MAT_VEC q4_0 m=1024 n=1 k=5120: 1 x 33.92 us = 33.92 us (309.102 GFLOPS/s)
Total time: 33.92 us.
----------------
Vulkan Timings:
MUL_MAT_VEC q4_0 m=1024 n=1 k=5120: 1 x 33.56 us = 33.56 us (312.418 GFLOPS/s)
Total time: 33.56 us.
----------------
Vulkan Timings:
MUL_MAT_VEC q4_0 m=1024 n=1 k=5120: 1 x 33.6 us = 33.6 us (312.046 GFLOPS/s)
Total time: 33.6 us.
----------------
Vulkan Timings:
MUL_MAT_VEC q4_0 m=1024 n=1 k=5120: 1 x 33.48 us = 33.48 us (313.164 GFLOPS/s)
Total time: 33.48 us.
----------------
Vulkan Timings:
MUL_MAT_VEC q4_0 m=1024 n=1 k=5120: 1 x 33.56 us = 33.56 us (312.418 GFLOPS/s)
Total time: 33.56 us.
----------------
Vulkan Timings:
MUL_MAT_VEC q4_0 m=1024 n=1 k=5120: 1 x 33.6 us = 33.6 us (312.046 GFLOPS/s)
Total time: 33.6 us.
----------------
Vulkan Timings:
MUL_MAT_VEC q4_0 m=1024 n=1 k=5120: 1 x 33.48 us = 33.48 us (313.164 GFLOPS/s)
Total time: 33.48 us.
----------------
Vulkan Timings:
MUL_MAT_VEC q4_0 m=1024 n=1 k=5120: 1 x 33.6 us = 33.6 us (312.046 GFLOPS/s)
Total time: 33.6 us.
----------------
Vulkan Timings:
MUL_MAT_VEC q4_0 m=1024 n=1 k=5120: 1 x 33.56 us = 33.56 us (312.418 GFLOPS/s)
Total time: 33.56 us.
----------------
Vulkan Timings:
MUL_MAT_VEC q4_0 m=1024 n=1 k=5120: 1 x 33.56 us = 33.56 us (312.418 GFLOPS/s)
Total time: 33.56 us.
----------------
Vulkan Timings:
MUL_MAT_VEC q4_0 m=1024 n=1 k=5120: 1 x 33.56 us = 33.56 us (312.418 GFLOPS/s)
Total time: 33.56 us.
----------------
Vulkan Timings:
MUL_MAT_VEC q4_0 m=1024 n=1 k=5120: 1 x 33.52 us = 33.52 us (312.79 GFLOPS/s)
Total time: 33.52 us.
----------------
Vulkan Timings:
MUL_MAT_VEC q4_0 m=1024 n=1 k=5120: 1 x 33.56 us = 33.56 us (312.418 GFLOPS/s)
Total time: 33.56 us.
----------------
Vulkan Timings:
MUL_MAT_VEC q4_0 m=1024 n=1 k=5120: 1 x 33.56 us = 33.56 us (312.418 GFLOPS/s)
Total time: 33.56 us.
----------------
Vulkan Timings:
MUL_MAT_VEC q4_0 m=1024 n=1 k=5120: 1 x 33.56 us = 33.56 us (312.418 GFLOPS/s)
Total time: 33.56 us.
----------------
Vulkan Timings:
MUL_MAT_VEC q4_0 m=1024 n=1 k=5120: 1 x 33.56 us = 33.56 us (312.418 GFLOPS/s)
Total time: 33.56 us.
----------------
Vulkan Timings:
MUL_MAT_VEC q4_0 m=1024 n=1 k=5120: 1 x 33.6 us = 33.6 us (312.046 GFLOPS/s)
Total time: 33.6 us.
----------------
Vulkan Timings:
MUL_MAT_VEC q4_0 m=1024 n=1 k=5120: 1 x 33.56 us = 33.56 us (312.418 GFLOPS/s)
Total time: 33.56 us.
----------------
Vulkan Timings:
MUL_MAT_VEC q4_0 m=1024 n=1 k=5120: 1 x 33.56 us = 33.56 us (312.418 GFLOPS/s)
Total time: 33.56 us.
----------------
Vulkan Timings:
MUL_MAT_VEC q4_0 m=1024 n=1 k=5120: 1 x 33.48 us = 33.48 us (313.164 GFLOPS/s)
Total time: 33.48 us.
----------------
Vulkan Timings:
MUL_MAT_VEC q4_0 m=1024 n=1 k=5120: 1 x 33.6 us = 33.6 us (312.046 GFLOPS/s)
Total time: 33.6 us.
----------------
Vulkan Timings:
MUL_MAT_VEC q4_0 m=1024 n=1 k=5120: 1 x 33.52 us = 33.52 us (312.79 GFLOPS/s)
Total time: 33.52 us.
----------------
Vulkan Timings:
MUL_MAT_VEC q4_0 m=1024 n=1 k=5120: 1 x 33.52 us = 33.52 us (312.79 GFLOPS/s)
Total time: 33.52 us.
----------------
Vulkan Timings:
MUL_MAT_VEC q4_0 m=1024 n=1 k=5120: 1 x 33.56 us = 33.56 us (312.418 GFLOPS/s)
Total time: 33.56 us.
----------------
Vulkan Timings:
MUL_MAT_VEC q4_0 m=1024 n=1 k=5120: 1 x 33.6 us = 33.6 us (312.046 GFLOPS/s)
Total time: 33.6 us.
----------------
Vulkan Timings:
MUL_MAT_VEC q4_0 m=1024 n=1 k=5120: 1 x 33.64 us = 33.64 us (311.675 GFLOPS/s)
Total time: 33.64 us.
----------------
Vulkan Timings:
MUL_MAT_VEC q4_0 m=1024 n=1 k=5120: 1 x 33.52 us = 33.52 us (312.79 GFLOPS/s)
Total time: 33.52 us.
----------------
Vulkan Timings:
MUL_MAT_VEC q4_0 m=1024 n=1 k=5120: 1 x 33.56 us = 33.56 us (312.418 GFLOPS/s)
Total time: 33.56 us.
----------------
Vulkan Timings:
MUL_MAT_VEC q4_0 m=1024 n=1 k=5120: 1 x 33.56 us = 33.56 us (312.418 GFLOPS/s)
Total time: 33.56 us.
----------------
Vulkan Timings:
MUL_MAT_VEC q4_0 m=1024 n=1 k=5120: 1 x 33.56 us = 33.56 us (312.418 GFLOPS/s)
Total time: 33.56 us.
----------------
Vulkan Timings:
MUL_MAT_VEC q4_0 m=1024 n=1 k=5120: 1 x 33.64 us = 33.64 us (311.675 GFLOPS/s)
Total time: 33.64 us.
----------------
Vulkan Timings:
MUL_MAT_VEC q4_0 m=1024 n=1 k=5120: 1 x 33.52 us = 33.52 us (312.79 GFLOPS/s)
Total time: 33.52 us.
----------------
Vulkan Timings:
MUL_MAT_VEC q4_0 m=1024 n=1 k=5120: 1 x 33.56 us = 33.56 us (312.418 GFLOPS/s)
Total time: 33.56 us.
----------------
Vulkan Timings:
MUL_MAT_VEC q4_0 m=1024 n=1 k=5120: 1 x 33.52 us = 33.52 us (312.79 GFLOPS/s)
Total time: 33.52 us.
----------------
Vulkan Timings:
MUL_MAT_VEC q4_0 m=1024 n=1 k=5120: 1 x 33.6 us = 33.6 us (312.046 GFLOPS/s)
Total time: 33.6 us.
----------------
Vulkan Timings:
MUL_MAT_VEC q4_0 m=1024 n=1 k=5120: 1 x 33.56 us = 33.56 us (312.418 GFLOPS/s)
Total time: 33.56 us.
----------------
Vulkan Timings:
MUL_MAT_VEC q4_0 m=1024 n=1 k=5120: 1 x 33.6 us = 33.6 us (312.046 GFLOPS/s)
Total time: 33.6 us.
----------------
Vulkan Timings:
MUL_MAT_VEC q4_0 m=1024 n=1 k=5120: 1 x 33.6 us = 33.6 us (312.046 GFLOPS/s)
Total time: 33.6 us.
----------------
Vulkan Timings:
MUL_MAT_VEC q4_0 m=1024 n=1 k=5120: 1 x 33.56 us = 33.56 us (312.418 GFLOPS/s)
Total time: 33.56 us.
----------------
Vulkan Timings:
MUL_MAT_VEC q4_0 m=1024 n=1 k=5120: 1 x 33.52 us = 33.52 us (312.79 GFLOPS/s)
Total time: 33.52 us.
----------------
Vulkan Timings:
MUL_MAT_VEC q4_0 m=1024 n=1 k=5120: 1 x 33.52 us = 33.52 us (312.79 GFLOPS/s)
Total time: 33.52 us.
----------------
Vulkan Timings:
MUL_MAT_VEC q4_0 m=1024 n=1 k=5120: 1 x 33.56 us = 33.56 us (312.418 GFLOPS/s)
Total time: 33.56 us.
----------------
Vulkan Timings:
MUL_MAT_VEC q4_0 m=1024 n=1 k=5120: 1 x 33.52 us = 33.52 us (312.79 GFLOPS/s)
Total time: 33.52 us.
----------------
Vulkan Timings:
MUL_MAT_VEC q4_0 m=1024 n=1 k=5120: 1 x 33.6 us = 33.6 us (312.046 GFLOPS/s)
Total time: 33.6 us.
----------------
Vulkan Timings:
MUL_MAT_VEC q4_0 m=1024 n=1 k=5120: 1 x 33.52 us = 33.52 us (312.79 GFLOPS/s)
Total time: 33.52 us.
----------------
Vulkan Timings:
MUL_MAT_VEC q4_0 m=1024 n=1 k=5120: 1 x 33.52 us = 33.52 us (312.79 GFLOPS/s)
Total time: 33.52 us.
----------------
Vulkan Timings:
MUL_MAT_VEC q4_0 m=1024 n=1 k=5120: 1 x 33.56 us = 33.56 us (312.418 GFLOPS/s)
Total time: 33.56 us.
----------------
Vulkan Timings:
MUL_MAT_VEC q4_0 m=1024 n=1 k=5120: 1 x 33.64 us = 33.64 us (311.675 GFLOPS/s)
Total time: 33.64 us.
----------------
Vulkan Timings:
MUL_MAT_VEC q4_0 m=1024 n=1 k=5120: 1 x 33.56 us = 33.56 us (312.418 GFLOPS/s)
Total time: 33.56 us.
----------------
Vulkan Timings:
MUL_MAT_VEC q4_0 m=1024 n=1 k=5120: 1 x 33.56 us = 33.56 us (312.418 GFLOPS/s)
Total time: 33.56 us.
----------------
Vulkan Timings:
MUL_MAT_VEC q4_0 m=1024 n=1 k=5120: 1 x 33.52 us = 33.52 us (312.79 GFLOPS/s)
Total time: 33.52 us.
----------------
Vulkan Timings:
MUL_MAT_VEC q4_0 m=1024 n=1 k=5120: 1 x 33.56 us = 33.56 us (312.418 GFLOPS/s)
Total time: 33.56 us.
----------------
Vulkan Timings:
MUL_MAT_VEC q4_0 m=1024 n=1 k=5120: 1 x 33.56 us = 33.56 us (312.418 GFLOPS/s)
Total time: 33.56 us.
----------------
Vulkan Timings:
MUL_MAT_VEC q4_0 m=1024 n=1 k=5120: 1 x 33.56 us = 33.56 us (312.418 GFLOPS/s)
Total time: 33.56 us.
----------------
Vulkan Timings:
MUL_MAT_VEC q4_0 m=1024 n=1 k=5120: 1 x 33.56 us = 33.56 us (312.418 GFLOPS/s)
Total time: 33.56 us.
----------------
Vulkan Timings:
MUL_MAT_VEC q4_0 m=1024 n=1 k=5120: 1 x 33.6 us = 33.6 us (312.046 GFLOPS/s)
Total time: 33.6 us.
----------------
Vulkan Timings:
MUL_MAT_VEC q4_0 m=1024 n=1 k=5120: 1 x 33.64 us = 33.64 us (311.675 GFLOPS/s)
Total time: 33.64 us.
----------------
Vulkan Timings:
MUL_MAT_VEC q4_0 m=1024 n=1 k=5120: 1 x 33.56 us = 33.56 us (312.418 GFLOPS/s)
Total time: 33.56 us.
----------------
Vulkan Timings:
MUL_MAT_VEC q4_0 m=1024 n=1 k=5120: 1 x 33.52 us = 33.52 us (312.79 GFLOPS/s)
Total time: 33.52 us.
----------------
Vulkan Timings:
MUL_MAT_VEC q4_0 m=1024 n=1 k=5120: 1 x 33.56 us = 33.56 us (312.418 GFLOPS/s)
Total time: 33.56 us.
----------------
Vulkan Timings:
MUL_MAT_VEC q4_0 m=1024 n=1 k=5120: 1 x 33.64 us = 33.64 us (311.675 GFLOPS/s)
Total time: 33.64 us.
----------------
Vulkan Timings:
MUL_MAT_VEC q4_0 m=1024 n=1 k=5120: 1 x 33.6 us = 33.6 us (312.046 GFLOPS/s)
Total time: 33.6 us.
----------------
Vulkan Timings:
MUL_MAT_VEC q4_0 m=1024 n=1 k=5120: 1 x 33.52 us = 33.52 us (312.79 GFLOPS/s)
Total time: 33.52 us.
----------------
Vulkan Timings:
MUL_MAT_VEC q4_0 m=1024 n=1 k=5120: 1 x 33.56 us = 33.56 us (312.418 GFLOPS/s)
Total time: 33.56 us.
----------------
Vulkan Timings:
MUL_MAT_VEC q4_0 m=1024 n=1 k=5120: 1 x 33.6 us = 33.6 us (312.046 GFLOPS/s)
Total time: 33.6 us.
----------------
Vulkan Timings:
MUL_MAT_VEC q4_0 m=1024 n=1 k=5120: 1 x 33.8 us = 33.8 us (310.199 GFLOPS/s)
Total time: 33.8 us.
----------------
Vulkan Timings:
MUL_MAT_VEC q4_0 m=1024 n=1 k=5120: 1 x 33.64 us = 33.64 us (311.675 GFLOPS/s)
Total time: 33.64 us.
----------------
Vulkan Timings:
MUL_MAT_VEC q4_0 m=1024 n=1 k=5120: 1 x 33.6 us = 33.6 us (312.046 GFLOPS/s)
Total time: 33.6 us.
----------------
Vulkan Timings:
MUL_MAT_VEC q4_0 m=1024 n=1 k=5120: 1 x 33.56 us = 33.56 us (312.418 GFLOPS/s)
Total time: 33.56 us.
----------------
Vulkan Timings:
MUL_MAT_VEC q4_0 m=1024 n=1 k=5120: 1 x 33.6 us = 33.6 us (312.046 GFLOPS/s)
Total time: 33.6 us.
----------------
Vulkan Timings:
MUL_MAT_VEC q4_0 m=1024 n=1 k=5120: 1 x 33.6 us = 33.6 us (312.046 GFLOPS/s)
Total time: 33.6 us.
----------------
Vulkan Timings:
MUL_MAT_VEC q4_0 m=1024 n=1 k=5120: 1 x 33.6 us = 33.6 us (312.046 GFLOPS/s)
Total time: 33.6 us.
----------------
Vulkan Timings:
MUL_MAT_VEC q4_0 m=1024 n=1 k=5120: 1 x 33.56 us = 33.56 us (312.418 GFLOPS/s)
Total time: 33.56 us.
----------------
Vulkan Timings:
MUL_MAT_VEC q4_0 m=1024 n=1 k=5120: 1 x 33.64 us = 33.64 us (311.675 GFLOPS/s)
Total time: 33.64 us.
----------------
Vulkan Timings:
MUL_MAT_VEC q4_0 m=1024 n=1 k=5120: 1 x 33.6 us = 33.6 us (312.046 GFLOPS/s)
Total time: 33.6 us.
----------------
Vulkan Timings:
MUL_MAT_VEC q4_0 m=1024 n=1 k=5120: 1 x 33.56 us = 33.56 us (312.418 GFLOPS/s)
Total time: 33.56 us.
----------------
Vulkan Timings:
MUL_MAT_VEC q4_0 m=1024 n=1 k=5120: 1 x 33.52 us = 33.52 us (312.79 GFLOPS/s)
Total time: 33.52 us.
----------------
Vulkan Timings:
MUL_MAT_VEC q4_0 m=1024 n=1 k=5120: 1 x 33.16 us = 33.16 us (316.186 GFLOPS/s)
Total time: 33.16 us.
----------------
Vulkan Timings:
MUL_MAT_VEC q4_0 m=1024 n=1 k=5120: 1 x 33.52 us = 33.52 us (312.79 GFLOPS/s)
Total time: 33.52 us.
----------------
Vulkan Timings:
MUL_MAT_VEC q4_0 m=1024 n=1 k=5120: 1 x 33.52 us = 33.52 us (312.79 GFLOPS/s)
Total time: 33.52 us.
----------------
Vulkan Timings:
MUL_MAT_VEC q4_0 m=1024 n=1 k=5120: 1 x 33.64 us = 33.64 us (311.675 GFLOPS/s)
Total time: 33.64 us.
----------------
Vulkan Timings:
MUL_MAT_VEC q4_0 m=1024 n=1 k=5120: 1 x 33.52 us = 33.52 us (312.79 GFLOPS/s)
Total time: 33.52 us.
----------------
Vulkan Timings:
MUL_MAT_VEC q4_0 m=1024 n=1 k=5120: 1 x 33.84 us = 33.84 us (309.833 GFLOPS/s)
Total time: 33.84 us.
----------------
Vulkan Timings:
MUL_MAT_VEC q4_0 m=1024 n=1 k=5120: 1 x 33.56 us = 33.56 us (312.418 GFLOPS/s)
Total time: 33.56 us.
----------------
Vulkan Timings:
MUL_MAT_VEC q4_0 m=1024 n=1 k=5120: 1 x 33.52 us = 33.52 us (312.79 GFLOPS/s)
Total time: 33.52 us.
----------------
Vulkan Timings:
MUL_MAT_VEC q4_0 m=1024 n=1 k=5120: 1 x 33.6 us = 33.6 us (312.046 GFLOPS/s)
Total time: 33.6 us.
----------------
Vulkan Timings:
MUL_MAT_VEC q4_0 m=1024 n=1 k=5120: 1 x 33.52 us = 33.52 us (312.79 GFLOPS/s)
Total time: 33.52 us.
----------------
Vulkan Timings:
MUL_MAT_VEC q4_0 m=1024 n=1 k=5120: 1 x 33.92 us = 33.92 us (309.102 GFLOPS/s)
Total time: 33.92 us.
----------------
Vulkan Timings:
MUL_MAT_VEC q4_0 m=1024 n=1 k=5120: 1 x 33.76 us = 33.76 us (310.567 GFLOPS/s)
Total time: 33.76 us.
----------------
Vulkan Timings:
MUL_MAT_VEC q4_0 m=1024 n=1 k=5120: 1 x 33.24 us = 33.24 us (315.425 GFLOPS/s)
Total time: 33.24 us.
----------------
Vulkan Timings:
MUL_MAT_VEC q4_0 m=1024 n=1 k=5120: 1 x 33.6 us = 33.6 us (312.046 GFLOPS/s)
Total time: 33.6 us.
----------------
Vulkan Timings:
MUL_MAT_VEC q4_0 m=1024 n=1 k=5120: 1 x 33.56 us = 33.56 us (312.418 GFLOPS/s)
Total time: 33.56 us.
----------------
Vulkan Timings:
MUL_MAT_VEC q4_0 m=1024 n=1 k=5120: 1 x 33.56 us = 33.56 us (312.418 GFLOPS/s)
Total time: 33.56 us.
----------------
Vulkan Timings:
MUL_MAT_VEC q4_0 m=1024 n=1 k=5120: 1 x 33.2 us = 33.2 us (315.805 GFLOPS/s)
Total time: 33.2 us.
----------------
Vulkan Timings:
MUL_MAT_VEC q4_0 m=1024 n=1 k=5120: 1 x 33.56 us = 33.56 us (312.418 GFLOPS/s)
Total time: 33.56 us.
----------------
Vulkan Timings:
MUL_MAT_VEC q4_0 m=1024 n=1 k=5120: 1 x 33.64 us = 33.64 us (311.675 GFLOPS/s)
Total time: 33.64 us.
----------------
Vulkan Timings:
MUL_MAT_VEC q4_0 m=1024 n=1 k=5120: 1 x 33.56 us = 33.56 us (312.418 GFLOPS/s)
Total time: 33.56 us.
----------------
Vulkan Timings:
MUL_MAT_VEC q4_0 m=1024 n=1 k=5120: 1 x 33.56 us = 33.56 us (312.418 GFLOPS/s)
Total time: 33.56 us.
----------------
Vulkan Timings:
MUL_MAT_VEC q4_0 m=1024 n=1 k=5120: 1 x 33.64 us = 33.64 us (311.675 GFLOPS/s)
Total time: 33.64 us.
----------------
Vulkan Timings:
MUL_MAT_VEC q4_0 m=1024 n=1 k=5120: 1 x 33.48 us = 33.48 us (313.164 GFLOPS/s)
Total time: 33.48 us.
----------------
Vulkan Timings:
MUL_MAT_VEC q4_0 m=1024 n=1 k=5120: 1 x 33.64 us = 33.64 us (311.675 GFLOPS/s)
Total time: 33.64 us.
----------------
Vulkan Timings:
MUL_MAT_VEC q4_0 m=1024 n=1 k=5120: 1 x 33.52 us = 33.52 us (312.79 GFLOPS/s)
Total time: 33.52 us.
----------------
Vulkan Timings:
MUL_MAT_VEC q4_0 m=1024 n=1 k=5120: 1 x 33.56 us = 33.56 us (312.418 GFLOPS/s)
Total time: 33.56 us.
----------------
Vulkan Timings:
MUL_MAT_VEC q4_0 m=1024 n=1 k=5120: 1 x 33.52 us = 33.52 us (312.79 GFLOPS/s)
Total time: 33.52 us.
----------------
Vulkan Timings:
MUL_MAT_VEC q4_0 m=1024 n=1 k=5120: 1 x 33.56 us = 33.56 us (312.418 GFLOPS/s)
Total time: 33.56 us.
----------------
Vulkan Timings:
MUL_MAT_VEC q4_0 m=1024 n=1 k=5120: 1 x 33.6 us = 33.6 us (312.046 GFLOPS/s)
Total time: 33.6 us.
----------------
Vulkan Timings:
MUL_MAT_VEC q4_0 m=1024 n=1 k=5120: 1 x 33.6 us = 33.6 us (312.046 GFLOPS/s)
Total time: 33.6 us.
----------------
Vulkan Timings:
MUL_MAT_VEC q4_0 m=1024 n=1 k=5120: 1 x 33.6 us = 33.6 us (312.046 GFLOPS/s)
Total time: 33.6 us.
----------------
Vulkan Timings:
MUL_MAT_VEC q4_0 m=1024 n=1 k=5120: 1 x 33.6 us = 33.6 us (312.046 GFLOPS/s)
Total time: 33.6 us.
----------------
Vulkan Timings:
MUL_MAT_VEC q4_0 m=1024 n=1 k=5120: 1 x 33.56 us = 33.56 us (312.418 GFLOPS/s)
Total time: 33.56 us.
----------------
Vulkan Timings:
MUL_MAT_VEC q4_0 m=1024 n=1 k=5120: 1 x 33.16 us = 33.16 us (316.186 GFLOPS/s)
Total time: 33.16 us.
----------------
Vulkan Timings:
MUL_MAT_VEC q4_0 m=1024 n=1 k=5120: 1 x 33.56 us = 33.56 us (312.418 GFLOPS/s)
Total time: 33.56 us.
----------------
Vulkan Timings:
MUL_MAT_VEC q4_0 m=1024 n=1 k=5120: 1 x 33.12 us = 33.12 us (316.568 GFLOPS/s)
Total time: 33.12 us.
----------------
Vulkan Timings:
MUL_MAT_VEC q4_0 m=1024 n=1 k=5120: 1 x 33.56 us = 33.56 us (312.418 GFLOPS/s)
Total time: 33.56 us.
----------------
Vulkan Timings:
MUL_MAT_VEC q4_0 m=1024 n=1 k=5120: 1 x 33.6 us = 33.6 us (312.046 GFLOPS/s)
Total time: 33.6 us.
----------------
Vulkan Timings:
MUL_MAT_VEC q4_0 m=1024 n=1 k=5120: 1 x 33.52 us = 33.52 us (312.79 GFLOPS/s)
Total time: 33.52 us.
----------------
Vulkan Timings:
MUL_MAT_VEC q4_0 m=1024 n=1 k=5120: 1 x 33.56 us = 33.56 us (312.418 GFLOPS/s)
Total time: 33.56 us.
----------------
Vulkan Timings:
MUL_MAT_VEC q4_0 m=1024 n=1 k=5120: 1 x 33.56 us = 33.56 us (312.418 GFLOPS/s)
Total time: 33.56 us.
----------------
Vulkan Timings:
MUL_MAT_VEC q4_0 m=1024 n=1 k=5120: 1 x 33.84 us = 33.84 us (309.833 GFLOPS/s)
Total time: 33.84 us.
----------------
Vulkan Timings:
MUL_MAT_VEC q4_0 m=1024 n=1 k=5120: 1 x 33.52 us = 33.52 us (312.79 GFLOPS/s)
Total time: 33.52 us.
----------------
Vulkan Timings:
MUL_MAT_VEC q4_0 m=1024 n=1 k=5120: 1 x 33.56 us = 33.56 us (312.418 GFLOPS/s)
Total time: 33.56 us.
----------------
Vulkan Timings:
MUL_MAT_VEC q4_0 m=1024 n=1 k=5120: 1 x 33.6 us = 33.6 us (312.046 GFLOPS/s)
Total time: 33.6 us.
----------------
Vulkan Timings:
MUL_MAT_VEC q4_0 m=1024 n=1 k=5120: 1 x 33.2 us = 33.2 us (315.805 GFLOPS/s)
Total time: 33.2 us.
----------------
Vulkan Timings:
MUL_MAT_VEC q4_0 m=1024 n=1 k=5120: 1 x 33.52 us = 33.52 us (312.79 GFLOPS/s)
Total time: 33.52 us.
----------------
Vulkan Timings:
MUL_MAT_VEC q4_0 m=1024 n=1 k=5120: 1 x 33.6 us = 33.6 us (312.046 GFLOPS/s)
Total time: 33.6 us.
----------------
Vulkan Timings:
MUL_MAT_VEC q4_0 m=1024 n=1 k=5120: 1 x 33.56 us = 33.56 us (312.418 GFLOPS/s)
Total time: 33.56 us.
----------------
Vulkan Timings:
MUL_MAT_VEC q4_0 m=1024 n=1 k=5120: 1 x 33.6 us = 33.6 us (312.046 GFLOPS/s)
Total time: 33.6 us.
----------------
Vulkan Timings:
MUL_MAT_VEC q4_0 m=1024 n=1 k=5120: 1 x 58.7 us = 58.7 us (178.616 GFLOPS/s)
Total time: 58.7 us.
----------------
Vulkan Timings:
MUL_MAT_VEC q4_0 m=1024 n=1 k=5120: 1 x 33.2 us = 33.2 us (315.805 GFLOPS/s)
Total time: 33.2 us.
----------------
Vulkan Timings:
MUL_MAT_VEC q4_0 m=1024 n=1 k=5120: 1 x 33.56 us = 33.56 us (312.418 GFLOPS/s)
Total time: 33.56 us.
----------------
Vulkan Timings:
MUL_MAT_VEC q4_0 m=1024 n=1 k=5120: 1 x 33.52 us = 33.52 us (312.79 GFLOPS/s)
Total time: 33.52 us.
----------------
Vulkan Timings:
MUL_MAT_VEC q4_0 m=1024 n=1 k=5120: 1 x 33.56 us = 33.56 us (312.418 GFLOPS/s)
Total time: 33.56 us.
----------------
Vulkan Timings:
MUL_MAT_VEC q4_0 m=1024 n=1 k=5120: 1 x 33.6 us = 33.6 us (312.046 GFLOPS/s)
Total time: 33.6 us.
----------------
Vulkan Timings:
MUL_MAT_VEC q4_0 m=1024 n=1 k=5120: 1 x 33.56 us = 33.56 us (312.418 GFLOPS/s)
Total time: 33.56 us.
----------------
Vulkan Timings:
MUL_MAT_VEC q4_0 m=1024 n=1 k=5120: 1 x 33.56 us = 33.56 us (312.418 GFLOPS/s)
Total time: 33.56 us.
----------------
Vulkan Timings:
MUL_MAT_VEC q4_0 m=1024 n=1 k=5120: 1 x 33.88 us = 33.88 us (309.467 GFLOPS/s)
Total time: 33.88 us.
----------------
Vulkan Timings:
MUL_MAT_VEC q4_0 m=1024 n=1 k=5120: 1 x 33.2 us = 33.2 us (315.805 GFLOPS/s)
Total time: 33.2 us.
----------------
Vulkan Timings:
MUL_MAT_VEC q4_0 m=1024 n=1 k=5120: 1 x 33.6 us = 33.6 us (312.046 GFLOPS/s)
Total time: 33.6 us.
----------------
Vulkan Timings:
MUL_MAT_VEC q4_0 m=1024 n=1 k=5120: 1 x 33.56 us = 33.56 us (312.418 GFLOPS/s)
Total time: 33.56 us.
----------------
Vulkan Timings:
MUL_MAT_VEC q4_0 m=1024 n=1 k=5120: 1 x 33.56 us = 33.56 us (312.418 GFLOPS/s)
Total time: 33.56 us.
----------------
Vulkan Timings:
MUL_MAT_VEC q4_0 m=1024 n=1 k=5120: 1 x 33.6 us = 33.6 us (312.046 GFLOPS/s)
Total time: 33.6 us.
----------------
Vulkan Timings:
MUL_MAT_VEC q4_0 m=1024 n=1 k=5120: 1 x 33.84 us = 33.84 us (309.833 GFLOPS/s)
Total time: 33.84 us.
----------------
Vulkan Timings:
MUL_MAT_VEC q4_0 m=1024 n=1 k=5120: 1 x 33.56 us = 33.56 us (312.418 GFLOPS/s)
Total time: 33.56 us.
----------------
Vulkan Timings:
MUL_MAT_VEC q4_0 m=1024 n=1 k=5120: 1 x 33.6 us = 33.6 us (312.046 GFLOPS/s)
Total time: 33.6 us.
----------------
Vulkan Timings:
MUL_MAT_VEC q4_0 m=1024 n=1 k=5120: 1 x 33.56 us = 33.56 us (312.418 GFLOPS/s)
Total time: 33.56 us.
----------------
Vulkan Timings:
MUL_MAT_VEC q4_0 m=1024 n=1 k=5120: 1 x 33.56 us = 33.56 us (312.418 GFLOPS/s)
Total time: 33.56 us.
----------------
Vulkan Timings:
MUL_MAT_VEC q4_0 m=1024 n=1 k=5120: 1 x 33.6 us = 33.6 us (312.046 GFLOPS/s)
Total time: 33.6 us.
----------------
Vulkan Timings:
MUL_MAT_VEC q4_0 m=1024 n=1 k=5120: 1 x 33.52 us = 33.52 us (312.79 GFLOPS/s)
Total time: 33.52 us.
----------------
Vulkan Timings:
MUL_MAT_VEC q4_0 m=1024 n=1 k=5120: 1 x 33.6 us = 33.6 us (312.046 GFLOPS/s)
Total time: 33.6 us.
----------------
Vulkan Timings:
MUL_MAT_VEC q4_0 m=1024 n=1 k=5120: 1 x 33.64 us = 33.64 us (311.675 GFLOPS/s)
Total time: 33.64 us.
----------------
Vulkan Timings:
MUL_MAT_VEC q4_0 m=1024 n=1 k=5120: 1 x 33.56 us = 33.56 us (312.418 GFLOPS/s)
Total time: 33.56 us.
----------------
Vulkan Timings:
MUL_MAT_VEC q4_0 m=1024 n=1 k=5120: 1 x 33.52 us = 33.52 us (312.79 GFLOPS/s)
Total time: 33.52 us.
----------------
Vulkan Timings:
MUL_MAT_VEC q4_0 m=1024 n=1 k=5120: 1 x 33.56 us = 33.56 us (312.418 GFLOPS/s)
Total time: 33.56 us.
----------------
Vulkan Timings:
MUL_MAT_VEC q4_0 m=1024 n=1 k=5120: 1 x 33.56 us = 33.56 us (312.418 GFLOPS/s)
Total time: 33.56 us.
----------------
Vulkan Timings:
MUL_MAT_VEC q4_0 m=1024 n=1 k=5120: 1 x 33.52 us = 33.52 us (312.79 GFLOPS/s)
Total time: 33.52 us.
----------------
Vulkan Timings:
MUL_MAT_VEC q4_0 m=1024 n=1 k=5120: 1 x 33.64 us = 33.64 us (311.675 GFLOPS/s)
Total time: 33.64 us.
----------------
Vulkan Timings:
MUL_MAT_VEC q4_0 m=1024 n=1 k=5120: 1 x 33.52 us = 33.52 us (312.79 GFLOPS/s)
Total time: 33.52 us.
----------------
Vulkan Timings:
MUL_MAT_VEC q4_0 m=1024 n=1 k=5120: 1 x 33.56 us = 33.56 us (312.418 GFLOPS/s)
Total time: 33.56 us.
----------------
Vulkan Timings:
MUL_MAT_VEC q4_0 m=1024 n=1 k=5120: 1 x 33.56 us = 33.56 us (312.418 GFLOPS/s)
Total time: 33.56 us.
----------------
Vulkan Timings:
MUL_MAT_VEC q4_0 m=1024 n=1 k=5120: 1 x 33.52 us = 33.52 us (312.79 GFLOPS/s)
Total time: 33.52 us.
----------------
Vulkan Timings:
MUL_MAT_VEC q4_0 m=1024 n=1 k=5120: 1 x 33.52 us = 33.52 us (312.79 GFLOPS/s)
Total time: 33.52 us.
----------------
Vulkan Timings:
MUL_MAT_VEC q4_0 m=1024 n=1 k=5120: 1 x 33.6 us = 33.6 us (312.046 GFLOPS/s)
Total time: 33.6 us.
----------------
Vulkan Timings:
MUL_MAT_VEC q4_0 m=1024 n=1 k=5120: 1 x 33.6 us = 33.6 us (312.046 GFLOPS/s)
Total time: 33.6 us.
----------------
Vulkan Timings:
MUL_MAT_VEC q4_0 m=1024 n=1 k=5120: 1 x 33.6 us = 33.6 us (312.046 GFLOPS/s)
Total time: 33.6 us.
----------------
Vulkan Timings:
MUL_MAT_VEC q4_0 m=1024 n=1 k=5120: 1 x 33.56 us = 33.56 us (312.418 GFLOPS/s)
Total time: 33.56 us.
----------------
Vulkan Timings:
MUL_MAT_VEC q4_0 m=1024 n=1 k=5120: 1 x 33.56 us = 33.56 us (312.418 GFLOPS/s)
Total time: 33.56 us.
----------------
Vulkan Timings:
MUL_MAT_VEC q4_0 m=1024 n=1 k=5120: 1 x 33.6 us = 33.6 us (312.046 GFLOPS/s)
Total time: 33.6 us.
----------------
Vulkan Timings:
MUL_MAT_VEC q4_0 m=1024 n=1 k=5120: 1 x 33.64 us = 33.64 us (311.675 GFLOPS/s)
Total time: 33.64 us.
----------------
Vulkan Timings:
MUL_MAT_VEC q4_0 m=1024 n=1 k=5120: 1 x 33.6 us = 33.6 us (312.046 GFLOPS/s)
Total time: 33.6 us.
----------------
Vulkan Timings:
MUL_MAT_VEC q4_0 m=1024 n=1 k=5120: 1 x 33.64 us = 33.64 us (311.675 GFLOPS/s)
Total time: 33.64 us.
----------------
Vulkan Timings:
MUL_MAT_VEC q4_0 m=1024 n=1 k=5120: 1 x 33.56 us = 33.56 us (312.418 GFLOPS/s)
Total time: 33.56 us.
----------------
Vulkan Timings:
MUL_MAT_VEC q4_0 m=1024 n=1 k=5120: 1 x 33.6 us = 33.6 us (312.046 GFLOPS/s)
Total time: 33.6 us.
----------------
Vulkan Timings:
MUL_MAT_VEC q4_0 m=1024 n=1 k=5120: 1 x 33.68 us = 33.68 us (311.305 GFLOPS/s)
Total time: 33.68 us.
----------------
Vulkan Timings:
MUL_MAT_VEC q4_0 m=1024 n=1 k=5120: 1 x 33.56 us = 33.56 us (312.418 GFLOPS/s)
Total time: 33.56 us.
----------------
Vulkan Timings:
MUL_MAT_VEC q4_0 m=1024 n=1 k=5120: 1 x 33.52 us = 33.52 us (312.79 GFLOPS/s)
Total time: 33.52 us.
----------------
Vulkan Timings:
MUL_MAT_VEC q4_0 m=1024 n=1 k=5120: 1 x 33.56 us = 33.56 us (312.418 GFLOPS/s)
Total time: 33.56 us.
----------------
Vulkan Timings:
MUL_MAT_VEC q4_0 m=1024 n=1 k=5120: 1 x 33.6 us = 33.6 us (312.046 GFLOPS/s)
Total time: 33.6 us.
----------------
Vulkan Timings:
MUL_MAT_VEC q4_0 m=1024 n=1 k=5120: 1 x 33.56 us = 33.56 us (312.418 GFLOPS/s)
Total time: 33.56 us.
----------------
Vulkan Timings:
MUL_MAT_VEC q4_0 m=1024 n=1 k=5120: 1 x 33.56 us = 33.56 us (312.418 GFLOPS/s)
Total time: 33.56 us.
----------------
Vulkan Timings:
MUL_MAT_VEC q4_0 m=1024 n=1 k=5120: 1 x 33.64 us = 33.64 us (311.675 GFLOPS/s)
Total time: 33.64 us.
----------------
Vulkan Timings:
MUL_MAT_VEC q4_0 m=1024 n=1 k=5120: 1 x 33.72 us = 33.72 us (310.935 GFLOPS/s)
Total time: 33.72 us.
----------------
Vulkan Timings:
MUL_MAT_VEC q4_0 m=1024 n=1 k=5120: 1 x 33.6 us = 33.6 us (312.046 GFLOPS/s)
Total time: 33.6 us.
----------------
Vulkan Timings:
MUL_MAT_VEC q4_0 m=1024 n=1 k=5120: 1 x 33.68 us = 33.68 us (311.305 GFLOPS/s)
Total time: 33.68 us.
----------------
Vulkan Timings:
MUL_MAT_VEC q4_0 m=1024 n=1 k=5120: 1 x 33.88 us = 33.88 us (309.467 GFLOPS/s)
Total time: 33.88 us.
----------------
Vulkan Timings:
MUL_MAT_VEC q4_0 m=1024 n=1 k=5120: 1 x 33.56 us = 33.56 us (312.418 GFLOPS/s)
Total time: 33.56 us.
----------------
Vulkan Timings:
MUL_MAT_VEC q4_0 m=1024 n=1 k=5120: 1 x 33.64 us = 33.64 us (311.675 GFLOPS/s)
Total time: 33.64 us.
----------------
Vulkan Timings:
MUL_MAT_VEC q4_0 m=1024 n=1 k=5120: 1 x 33.56 us = 33.56 us (312.418 GFLOPS/s)
Total time: 33.56 us.
----------------
Vulkan Timings:
MUL_MAT_VEC q4_0 m=1024 n=1 k=5120: 1 x 33.6 us = 33.6 us (312.046 GFLOPS/s)
Total time: 33.6 us.
----------------
Vulkan Timings:
MUL_MAT_VEC q4_0 m=1024 n=1 k=5120: 1 x 33.6 us = 33.6 us (312.046 GFLOPS/s)
Total time: 33.6 us.
----------------
Vulkan Timings:
MUL_MAT_VEC q4_0 m=1024 n=1 k=5120: 1 x 33.52 us = 33.52 us (312.79 GFLOPS/s)
Total time: 33.52 us.
----------------
Vulkan Timings:
MUL_MAT_VEC q4_0 m=1024 n=1 k=5120: 1 x 33.6 us = 33.6 us (312.046 GFLOPS/s)
Total time: 33.6 us.
----------------
Vulkan Timings:
MUL_MAT_VEC q4_0 m=1024 n=1 k=5120: 1 x 33.88 us = 33.88 us (309.467 GFLOPS/s)
Total time: 33.88 us.
----------------
Vulkan Timings:
MUL_MAT_VEC q4_0 m=1024 n=1 k=5120: 1 x 33.72 us = 33.72 us (310.935 GFLOPS/s)
Total time: 33.72 us.
----------------
Vulkan Timings:
MUL_MAT_VEC q4_0 m=1024 n=1 k=5120: 1 x 33.6 us = 33.6 us (312.046 GFLOPS/s)
Total time: 33.6 us.
----------------
Vulkan Timings:
MUL_MAT_VEC q4_0 m=1024 n=1 k=5120: 1 x 33.52 us = 33.52 us (312.79 GFLOPS/s)
Total time: 33.52 us.
----------------
Vulkan Timings:
MUL_MAT_VEC q4_0 m=1024 n=1 k=5120: 1 x 33.6 us = 33.6 us (312.046 GFLOPS/s)
Total time: 33.6 us.
----------------
Vulkan Timings:
MUL_MAT_VEC q4_0 m=1024 n=1 k=5120: 1 x 33.84 us = 33.84 us (309.833 GFLOPS/s)
Total time: 33.84 us.
----------------
Vulkan Timings:
MUL_MAT_VEC q4_0 m=1024 n=1 k=5120: 1 x 33.56 us = 33.56 us (312.418 GFLOPS/s)
Total time: 33.56 us.
----------------
Vulkan Timings:
MUL_MAT_VEC q4_0 m=1024 n=1 k=5120: 1 x 33.52 us = 33.52 us (312.79 GFLOPS/s)
Total time: 33.52 us.
----------------
Vulkan Timings:
MUL_MAT_VEC q4_0 m=1024 n=1 k=5120: 1 x 33.6 us = 33.6 us (312.046 GFLOPS/s)
Total time: 33.6 us.
----------------
Vulkan Timings:
MUL_MAT_VEC q4_0 m=1024 n=1 k=5120: 1 x 33.52 us = 33.52 us (312.79 GFLOPS/s)
Total time: 33.52 us.
----------------
Vulkan Timings:
MUL_MAT_VEC q4_0 m=1024 n=1 k=5120: 1 x 33.52 us = 33.52 us (312.79 GFLOPS/s)
Total time: 33.52 us.
----------------
Vulkan Timings:
MUL_MAT_VEC q4_0 m=1024 n=1 k=5120: 1 x 33.48 us = 33.48 us (313.164 GFLOPS/s)
Total time: 33.48 us.
----------------
Vulkan Timings:
MUL_MAT_VEC q4_0 m=1024 n=1 k=5120: 1 x 33.52 us = 33.52 us (312.79 GFLOPS/s)
Total time: 33.52 us.
----------------
Vulkan Timings:
MUL_MAT_VEC q4_0 m=1024 n=1 k=5120: 1 x 33.6 us = 33.6 us (312.046 GFLOPS/s)
Total time: 33.6 us.
----------------
Vulkan Timings:
MUL_MAT_VEC q4_0 m=1024 n=1 k=5120: 1 x 33.52 us = 33.52 us (312.79 GFLOPS/s)
Total time: 33.52 us.
----------------
Vulkan Timings:
MUL_MAT_VEC q4_0 m=1024 n=1 k=5120: 1 x 33.6 us = 33.6 us (312.046 GFLOPS/s)
Total time: 33.6 us.
----------------
Vulkan Timings:
MUL_MAT_VEC q4_0 m=1024 n=1 k=5120: 1 x 33.56 us = 33.56 us (312.418 GFLOPS/s)
Total time: 33.56 us.
----------------
Vulkan Timings:
MUL_MAT_VEC q4_0 m=1024 n=1 k=5120: 1 x 33.6 us = 33.6 us (312.046 GFLOPS/s)
Total time: 33.6 us.
----------------
Vulkan Timings:
MUL_MAT_VEC q4_0 m=1024 n=1 k=5120: 1 x 33.84 us = 33.84 us (309.833 GFLOPS/s)
Total time: 33.84 us.
----------------
Vulkan Timings:
MUL_MAT_VEC q4_0 m=1024 n=1 k=5120: 1 x 33.52 us = 33.52 us (312.79 GFLOPS/s)
Total time: 33.52 us.
----------------
Vulkan Timings:
MUL_MAT_VEC q4_0 m=1024 n=1 k=5120: 1 x 33.6 us = 33.6 us (312.046 GFLOPS/s)
Total time: 33.6 us.
----------------
Vulkan Timings:
MUL_MAT_VEC q4_0 m=1024 n=1 k=5120: 1 x 33.56 us = 33.56 us (312.418 GFLOPS/s)
Total time: 33.56 us.
----------------
Vulkan Timings:
MUL_MAT_VEC q4_0 m=1024 n=1 k=5120: 1 x 33.56 us = 33.56 us (312.418 GFLOPS/s)
Total time: 33.56 us.
----------------
Vulkan Timings:
MUL_MAT_VEC q4_0 m=1024 n=1 k=5120: 1 x 33.8 us = 33.8 us (310.199 GFLOPS/s)
Total time: 33.8 us.
----------------
Vulkan Timings:
MUL_MAT_VEC q4_0 m=1024 n=1 k=5120: 1 x 33.6 us = 33.6 us (312.046 GFLOPS/s)
Total time: 33.6 us.
----------------
Vulkan Timings:
MUL_MAT_VEC q4_0 m=1024 n=1 k=5120: 1 x 33.52 us = 33.52 us (312.79 GFLOPS/s)
Total time: 33.52 us.
----------------
Vulkan Timings:
MUL_MAT_VEC q4_0 m=1024 n=1 k=5120: 1 x 33.56 us = 33.56 us (312.418 GFLOPS/s)
Total time: 33.56 us.
----------------
Vulkan Timings:
MUL_MAT_VEC q4_0 m=1024 n=1 k=5120: 1 x 33.48 us = 33.48 us (313.164 GFLOPS/s)
Total time: 33.48 us.
----------------
Vulkan Timings:
MUL_MAT_VEC q4_0 m=1024 n=1 k=5120: 1 x 33.56 us = 33.56 us (312.418 GFLOPS/s)
Total time: 33.56 us.
----------------
Vulkan Timings:
MUL_MAT_VEC q4_0 m=1024 n=1 k=5120: 1 x 33.56 us = 33.56 us (312.418 GFLOPS/s)
Total time: 33.56 us.
----------------
Vulkan Timings:
MUL_MAT_VEC q4_0 m=1024 n=1 k=5120: 1 x 33.56 us = 33.56 us (312.418 GFLOPS/s)
Total time: 33.56 us.
----------------
Vulkan Timings:
MUL_MAT_VEC q4_0 m=1024 n=1 k=5120: 1 x 33.56 us = 33.56 us (312.418 GFLOPS/s)
Total time: 33.56 us.
----------------
Vulkan Timings:
MUL_MAT_VEC q4_0 m=1024 n=1 k=5120: 1 x 33.6 us = 33.6 us (312.046 GFLOPS/s)
Total time: 33.6 us.
----------------
Vulkan Timings:
MUL_MAT_VEC q4_0 m=1024 n=1 k=5120: 1 x 33.56 us = 33.56 us (312.418 GFLOPS/s)
Total time: 33.56 us.
----------------
Vulkan Timings:
MUL_MAT_VEC q4_0 m=1024 n=1 k=5120: 1 x 33.64 us = 33.64 us (311.675 GFLOPS/s)
Total time: 33.64 us.
----------------
Vulkan Timings:
MUL_MAT_VEC q4_0 m=1024 n=1 k=5120: 1 x 33.56 us = 33.56 us (312.418 GFLOPS/s)
Total time: 33.56 us.
----------------
Vulkan Timings:
MUL_MAT_VEC q4_0 m=1024 n=1 k=5120: 1 x 33.56 us = 33.56 us (312.418 GFLOPS/s)
Total time: 33.56 us.
----------------
Vulkan Timings:
MUL_MAT_VEC q4_0 m=1024 n=1 k=5120: 1 x 33.56 us = 33.56 us (312.418 GFLOPS/s)
Total time: 33.56 us.
----------------
Vulkan Timings:
MUL_MAT_VEC q4_0 m=1024 n=1 k=5120: 1 x 33.64 us = 33.64 us (311.675 GFLOPS/s)
Total time: 33.64 us.
----------------
Vulkan Timings:
MUL_MAT_VEC q4_0 m=1024 n=1 k=5120: 1 x 33.52 us = 33.52 us (312.79 GFLOPS/s)
Total time: 33.52 us.
----------------
Vulkan Timings:
MUL_MAT_VEC q4_0 m=1024 n=1 k=5120: 1 x 33.56 us = 33.56 us (312.418 GFLOPS/s)
Total time: 33.56 us.
----------------
Vulkan Timings:
MUL_MAT_VEC q4_0 m=1024 n=1 k=5120: 1 x 33.52 us = 33.52 us (312.79 GFLOPS/s)
Total time: 33.52 us.
----------------
Vulkan Timings:
MUL_MAT_VEC q4_0 m=1024 n=1 k=5120: 1 x 33.6 us = 33.6 us (312.046 GFLOPS/s)
Total time: 33.6 us.
----------------
Vulkan Timings:
MUL_MAT_VEC q4_0 m=1024 n=1 k=5120: 1 x 33.56 us = 33.56 us (312.418 GFLOPS/s)
Total time: 33.56 us.
----------------
Vulkan Timings:
MUL_MAT_VEC q4_0 m=1024 n=1 k=5120: 1 x 33.6 us = 33.6 us (312.046 GFLOPS/s)
Total time: 33.6 us.
----------------
Vulkan Timings:
MUL_MAT_VEC q4_0 m=1024 n=1 k=5120: 1 x 33.64 us = 33.64 us (311.675 GFLOPS/s)
Total time: 33.64 us.
----------------
Vulkan Timings:
MUL_MAT_VEC q4_0 m=1024 n=1 k=5120: 1 x 33.56 us = 33.56 us (312.418 GFLOPS/s)
Total time: 33.56 us.
----------------
Vulkan Timings:
MUL_MAT_VEC q4_0 m=1024 n=1 k=5120: 1 x 33.52 us = 33.52 us (312.79 GFLOPS/s)
Total time: 33.52 us.
----------------
Vulkan Timings:
MUL_MAT_VEC q4_0 m=1024 n=1 k=5120: 1 x 33.64 us = 33.64 us (311.675 GFLOPS/s)
Total time: 33.64 us.
----------------
Vulkan Timings:
MUL_MAT_VEC q4_0 m=1024 n=1 k=5120: 1 x 33.64 us = 33.64 us (311.675 GFLOPS/s)
Total time: 33.64 us.
----------------
Vulkan Timings:
MUL_MAT_VEC q4_0 m=1024 n=1 k=5120: 1 x 33.56 us = 33.56 us (312.418 GFLOPS/s)
Total time: 33.56 us.
----------------
Vulkan Timings:
MUL_MAT_VEC q4_0 m=1024 n=1 k=5120: 1 x 33.84 us = 33.84 us (309.833 GFLOPS/s)
Total time: 33.84 us.
----------------
Vulkan Timings:
MUL_MAT_VEC q4_0 m=1024 n=1 k=5120: 1 x 33.12 us = 33.12 us (316.568 GFLOPS/s)
Total time: 33.12 us.
----------------
Vulkan Timings:
MUL_MAT_VEC q4_0 m=1024 n=1 k=5120: 1 x 33.56 us = 33.56 us (312.418 GFLOPS/s)
Total time: 33.56 us.
----------------
Vulkan Timings:
MUL_MAT_VEC q4_0 m=1024 n=1 k=5120: 1 x 33.52 us = 33.52 us (312.79 GFLOPS/s)
Total time: 33.52 us.
----------------
Vulkan Timings:
MUL_MAT_VEC q4_0 m=1024 n=1 k=5120: 1 x 33.56 us = 33.56 us (312.418 GFLOPS/s)
Total time: 33.56 us.
----------------
Vulkan Timings:
MUL_MAT_VEC q4_0 m=1024 n=1 k=5120: 1 x 33.56 us = 33.56 us (312.418 GFLOPS/s)
Total time: 33.56 us.
----------------
Vulkan Timings:
MUL_MAT_VEC q4_0 m=1024 n=1 k=5120: 1 x 33.56 us = 33.56 us (312.418 GFLOPS/s)
Total time: 33.56 us.
----------------
Vulkan Timings:
MUL_MAT_VEC q4_0 m=1024 n=1 k=5120: 1 x 33.56 us = 33.56 us (312.418 GFLOPS/s)
Total time: 33.56 us.
----------------
Vulkan Timings:
MUL_MAT_VEC q4_0 m=1024 n=1 k=5120: 1 x 33.6 us = 33.6 us (312.046 GFLOPS/s)
Total time: 33.6 us.
----------------
Vulkan Timings:
MUL_MAT_VEC q4_0 m=1024 n=1 k=5120: 1 x 33.56 us = 33.56 us (312.418 GFLOPS/s)
Total time: 33.56 us.
----------------
Vulkan Timings:
MUL_MAT_VEC q4_0 m=1024 n=1 k=5120: 1 x 33.56 us = 33.56 us (312.418 GFLOPS/s)
Total time: 33.56 us.
----------------
Vulkan Timings:
MUL_MAT_VEC q4_0 m=1024 n=1 k=5120: 1 x 33.6 us = 33.6 us (312.046 GFLOPS/s)
Total time: 33.6 us.
----------------
Vulkan Timings:
MUL_MAT_VEC q4_0 m=1024 n=1 k=5120: 1 x 33.52 us = 33.52 us (312.79 GFLOPS/s)
Total time: 33.52 us.
----------------
Vulkan Timings:
MUL_MAT_VEC q4_0 m=1024 n=1 k=5120: 1 x 33.64 us = 33.64 us (311.675 GFLOPS/s)
Total time: 33.64 us.
----------------
Vulkan Timings:
MUL_MAT_VEC q4_0 m=1024 n=1 k=5120: 1 x 33.56 us = 33.56 us (312.418 GFLOPS/s)
Total time: 33.56 us.
----------------
Vulkan Timings:
MUL_MAT_VEC q4_0 m=1024 n=1 k=5120: 1 x 33.64 us = 33.64 us (311.675 GFLOPS/s)
Total time: 33.64 us.
----------------
Vulkan Timings:
MUL_MAT_VEC q4_0 m=1024 n=1 k=5120: 1 x 33.6 us = 33.6 us (312.046 GFLOPS/s)
Total time: 33.6 us.
----------------
Vulkan Timings:
MUL_MAT_VEC q4_0 m=1024 n=1 k=5120: 1 x 33.6 us = 33.6 us (312.046 GFLOPS/s)
Total time: 33.6 us.
----------------
Vulkan Timings:
MUL_MAT_VEC q4_0 m=1024 n=1 k=5120: 1 x 33.56 us = 33.56 us (312.418 GFLOPS/s)
Total time: 33.56 us.
----------------
Vulkan Timings:
MUL_MAT_VEC q4_0 m=1024 n=1 k=5120: 1 x 33.56 us = 33.56 us (312.418 GFLOPS/s)
Total time: 33.56 us.
----------------
Vulkan Timings:
MUL_MAT_VEC q4_0 m=1024 n=1 k=5120: 1 x 33.6 us = 33.6 us (312.046 GFLOPS/s)
Total time: 33.6 us.
----------------
Vulkan Timings:
MUL_MAT_VEC q4_0 m=1024 n=1 k=5120: 1 x 33.56 us = 33.56 us (312.418 GFLOPS/s)
Total time: 33.56 us.
----------------
Vulkan Timings:
MUL_MAT_VEC q4_0 m=1024 n=1 k=5120: 1 x 33.6 us = 33.6 us (312.046 GFLOPS/s)
Total time: 33.6 us.
----------------
Vulkan Timings:
MUL_MAT_VEC q4_0 m=1024 n=1 k=5120: 1 x 33.6 us = 33.6 us (312.046 GFLOPS/s)
Total time: 33.6 us.
----------------
Vulkan Timings:
MUL_MAT_VEC q4_0 m=1024 n=1 k=5120: 1 x 33.52 us = 33.52 us (312.79 GFLOPS/s)
Total time: 33.52 us.
----------------
Vulkan Timings:
MUL_MAT_VEC q4_0 m=1024 n=1 k=5120: 1 x 33.56 us = 33.56 us (312.418 GFLOPS/s)
Total time: 33.56 us.
----------------
Vulkan Timings:
MUL_MAT_VEC q4_0 m=1024 n=1 k=5120: 1 x 33.6 us = 33.6 us (312.046 GFLOPS/s)
Total time: 33.6 us.
----------------
Vulkan Timings:
MUL_MAT_VEC q4_0 m=1024 n=1 k=5120: 1 x 33.64 us = 33.64 us (311.675 GFLOPS/s)
Total time: 33.64 us.
----------------
Vulkan Timings:
MUL_MAT_VEC q4_0 m=1024 n=1 k=5120: 1 x 33.64 us = 33.64 us (311.675 GFLOPS/s)
Total time: 33.64 us.
----------------
Vulkan Timings:
MUL_MAT_VEC q4_0 m=1024 n=1 k=5120: 1 x 33.92 us = 33.92 us (309.102 GFLOPS/s)
Total time: 33.92 us.
----------------
Vulkan Timings:
MUL_MAT_VEC q4_0 m=1024 n=1 k=5120: 1 x 33.64 us = 33.64 us (311.675 GFLOPS/s)
Total time: 33.64 us.
----------------
Vulkan Timings:
MUL_MAT_VEC q4_0 m=1024 n=1 k=5120: 1 x 33.56 us = 33.56 us (312.418 GFLOPS/s)
Total time: 33.56 us.
----------------
Vulkan Timings:
MUL_MAT_VEC q4_0 m=1024 n=1 k=5120: 1 x 33.52 us = 33.52 us (312.79 GFLOPS/s)
Total time: 33.52 us.
----------------
Vulkan Timings:
MUL_MAT_VEC q4_0 m=1024 n=1 k=5120: 1 x 33.52 us = 33.52 us (312.79 GFLOPS/s)
Total time: 33.52 us.
----------------
Vulkan Timings:
MUL_MAT_VEC q4_0 m=1024 n=1 k=5120: 1 x 33.6 us = 33.6 us (312.046 GFLOPS/s)
Total time: 33.6 us.
----------------
Vulkan Timings:
MUL_MAT_VEC q4_0 m=1024 n=1 k=5120: 1 x 33.56 us = 33.56 us (312.418 GFLOPS/s)
Total time: 33.56 us.
----------------
Vulkan Timings:
MUL_MAT_VEC q4_0 m=1024 n=1 k=5120: 1 x 33.64 us = 33.64 us (311.675 GFLOPS/s)
Total time: 33.64 us.
----------------
Vulkan Timings:
MUL_MAT_VEC q4_0 m=1024 n=1 k=5120: 1 x 33.6 us = 33.6 us (312.046 GFLOPS/s)
Total time: 33.6 us.
----------------
Vulkan Timings:
MUL_MAT_VEC q4_0 m=1024 n=1 k=5120: 1 x 55.81 us = 55.81 us (187.865 GFLOPS/s)
Total time: 55.81 us.
----------------
Vulkan Timings:
MUL_MAT_VEC q4_0 m=1024 n=1 k=5120: 1 x 33.52 us = 33.52 us (312.79 GFLOPS/s)
Total time: 33.52 us.
----------------
Vulkan Timings:
MUL_MAT_VEC q4_0 m=1024 n=1 k=5120: 1 x 33.56 us = 33.56 us (312.418 GFLOPS/s)
Total time: 33.56 us.
----------------
Vulkan Timings:
MUL_MAT_VEC q4_0 m=1024 n=1 k=5120: 1 x 33.56 us = 33.56 us (312.418 GFLOPS/s)
Total time: 33.56 us.
----------------
Vulkan Timings:
MUL_MAT_VEC q4_0 m=1024 n=1 k=5120: 1 x 33.56 us = 33.56 us (312.418 GFLOPS/s)
Total time: 33.56 us.
----------------
Vulkan Timings:
MUL_MAT_VEC q4_0 m=1024 n=1 k=5120: 1 x 33.56 us = 33.56 us (312.418 GFLOPS/s)
Total time: 33.56 us.
----------------
Vulkan Timings:
MUL_MAT_VEC q4_0 m=1024 n=1 k=5120: 1 x 33.56 us = 33.56 us (312.418 GFLOPS/s)
Total time: 33.56 us.
----------------
Vulkan Timings:
MUL_MAT_VEC q4_0 m=1024 n=1 k=5120: 1 x 33.56 us = 33.56 us (312.418 GFLOPS/s)
Total time: 33.56 us.
----------------
Vulkan Timings:
MUL_MAT_VEC q4_0 m=1024 n=1 k=5120: 1 x 33.6 us = 33.6 us (312.046 GFLOPS/s)
Total time: 33.6 us.
----------------
Vulkan Timings:
MUL_MAT_VEC q4_0 m=1024 n=1 k=5120: 1 x 33.56 us = 33.56 us (312.418 GFLOPS/s)
Total time: 33.56 us.
----------------
Vulkan Timings:
MUL_MAT_VEC q4_0 m=1024 n=1 k=5120: 1 x 35.68 us = 35.68 us (293.855 GFLOPS/s)
Total time: 35.68 us.
----------------
Vulkan Timings:
MUL_MAT_VEC q4_0 m=1024 n=1 k=5120: 1 x 33.64 us = 33.64 us (311.675 GFLOPS/s)
Total time: 33.64 us.
----------------
Vulkan Timings:
MUL_MAT_VEC q4_0 m=1024 n=1 k=5120: 1 x 33.52 us = 33.52 us (312.79 GFLOPS/s)
Total time: 33.52 us.
----------------
Vulkan Timings:
MUL_MAT_VEC q4_0 m=1024 n=1 k=5120: 1 x 33.52 us = 33.52 us (312.79 GFLOPS/s)
Total time: 33.52 us.
----------------
Vulkan Timings:
MUL_MAT_VEC q4_0 m=1024 n=1 k=5120: 1 x 33.56 us = 33.56 us (312.418 GFLOPS/s)
Total time: 33.56 us.
----------------
Vulkan Timings:
MUL_MAT_VEC q4_0 m=1024 n=1 k=5120: 1 x 33.52 us = 33.52 us (312.79 GFLOPS/s)
Total time: 33.52 us.
----------------
Vulkan Timings:
MUL_MAT_VEC q4_0 m=1024 n=1 k=5120: 1 x 33.2 us = 33.2 us (315.805 GFLOPS/s)
Total time: 33.2 us.
----------------
Vulkan Timings:
MUL_MAT_VEC q4_0 m=1024 n=1 k=5120: 1 x 33.56 us = 33.56 us (312.418 GFLOPS/s)
Total time: 33.56 us.
----------------
Vulkan Timings:
MUL_MAT_VEC q4_0 m=1024 n=1 k=5120: 1 x 33.6 us = 33.6 us (312.046 GFLOPS/s)
Total time: 33.6 us.
----------------
Vulkan Timings:
MUL_MAT_VEC q4_0 m=1024 n=1 k=5120: 1 x 33.56 us = 33.56 us (312.418 GFLOPS/s)
Total time: 33.56 us.
----------------
Vulkan Timings:
MUL_MAT_VEC q4_0 m=1024 n=1 k=5120: 1 x 33.6 us = 33.6 us (312.046 GFLOPS/s)
Total time: 33.6 us.
----------------
Vulkan Timings:
MUL_MAT_VEC q4_0 m=1024 n=1 k=5120: 1 x 33.6 us = 33.6 us (312.046 GFLOPS/s)
Total time: 33.6 us.
----------------
Vulkan Timings:
MUL_MAT_VEC q4_0 m=1024 n=1 k=5120: 1 x 33.6 us = 33.6 us (312.046 GFLOPS/s)
Total time: 33.6 us.
----------------
Vulkan Timings:
MUL_MAT_VEC q4_0 m=1024 n=1 k=5120: 1 x 33.56 us = 33.56 us (312.418 GFLOPS/s)
Total time: 33.56 us.
----------------
Vulkan Timings:
MUL_MAT_VEC q4_0 m=1024 n=1 k=5120: 1 x 33.6 us = 33.6 us (312.046 GFLOPS/s)
Total time: 33.6 us.
----------------
Vulkan Timings:
MUL_MAT_VEC q4_0 m=1024 n=1 k=5120: 1 x 33.6 us = 33.6 us (312.046 GFLOPS/s)
Total time: 33.6 us.
----------------
Vulkan Timings:
MUL_MAT_VEC q4_0 m=1024 n=1 k=5120: 1 x 33.16 us = 33.16 us (316.186 GFLOPS/s)
Total time: 33.16 us.
----------------
Vulkan Timings:
MUL_MAT_VEC q4_0 m=1024 n=1 k=5120: 1 x 33.6 us = 33.6 us (312.046 GFLOPS/s)
Total time: 33.6 us.
----------------
Vulkan Timings:
MUL_MAT_VEC q4_0 m=1024 n=1 k=5120: 1 x 33.6 us = 33.6 us (312.046 GFLOPS/s)
Total time: 33.6 us.
----------------
Vulkan Timings:
MUL_MAT_VEC q4_0 m=1024 n=1 k=5120: 1 x 33.52 us = 33.52 us (312.79 GFLOPS/s)
Total time: 33.52 us.
----------------
Vulkan Timings:
MUL_MAT_VEC q4_0 m=1024 n=1 k=5120: 1 x 33.56 us = 33.56 us (312.418 GFLOPS/s)
Total time: 33.56 us.
----------------
Vulkan Timings:
MUL_MAT_VEC q4_0 m=1024 n=1 k=5120: 1 x 33.6 us = 33.6 us (312.046 GFLOPS/s)
Total time: 33.6 us.
----------------
Vulkan Timings:
MUL_MAT_VEC q4_0 m=1024 n=1 k=5120: 1 x 33.64 us = 33.64 us (311.675 GFLOPS/s)
Total time: 33.64 us.
