ggml_vulkan: Found 1 Vulkan devices:
ggml_vulkan: 0 = AMD Radeon RX 7900 XTX (RADV NAVI31) (radv) | uma: 0 | fp16: dot2 | bf16: 0 | fp4: 0 | warp size: 64 | shared memory: 65536 | int dot: 1 | matrix cores: KHR_coopmat
oracle=0.24.0 commit=456172ec-dirty device=AMD Radeon RX 7900 XTX (RADV NAVI31) disable_mmvq=1
backend_allocation_bytes=17739776
----------------
Vulkan Timings:
MUL_MAT_VEC q4_0 m=5120 n=1 k=6144: 1 x 56.84 us = 56.84 us (1106.78 GFLOPS/s)
Total time: 56.84 us.
----------------
Vulkan Timings:
MUL_MAT_VEC q4_0 m=5120 n=1 k=6144: 1 x 45.84 us = 45.84 us (1372.37 GFLOPS/s)
Total time: 45.84 us.
----------------
Vulkan Timings:
MUL_MAT_VEC q4_0 m=5120 n=1 k=6144: 1 x 45.64 us = 45.64 us (1378.38 GFLOPS/s)
Total time: 45.64 us.
----------------
Vulkan Timings:
MUL_MAT_VEC q4_0 m=5120 n=1 k=6144: 1 x 45.48 us = 45.48 us (1383.23 GFLOPS/s)
Total time: 45.48 us.
----------------
Vulkan Timings:
MUL_MAT_VEC q4_0 m=5120 n=1 k=6144: 1 x 45.8 us = 45.8 us (1373.57 GFLOPS/s)
Total time: 45.8 us.
----------------
Vulkan Timings:
MUL_MAT_VEC q4_0 m=5120 n=1 k=6144: 1 x 45.68 us = 45.68 us (1377.18 GFLOPS/s)
Total time: 45.68 us.
----------------
Vulkan Timings:
MUL_MAT_VEC q4_0 m=5120 n=1 k=6144: 1 x 45.68 us = 45.68 us (1377.18 GFLOPS/s)
Total time: 45.68 us.
----------------
Vulkan Timings:
MUL_MAT_VEC q4_0 m=5120 n=1 k=6144: 1 x 45.92 us = 45.92 us (1369.98 GFLOPS/s)
Total time: 45.92 us.
----------------
Vulkan Timings:
MUL_MAT_VEC q4_0 m=5120 n=1 k=6144: 1 x 45.92 us = 45.92 us (1369.98 GFLOPS/s)
Total time: 45.92 us.
----------------
Vulkan Timings:
MUL_MAT_VEC q4_0 m=5120 n=1 k=6144: 1 x 45.6 us = 45.6 us (1379.59 GFLOPS/s)
Total time: 45.6 us.
----------------
Vulkan Timings:
MUL_MAT_VEC q4_0 m=5120 n=1 k=6144: 1 x 45.72 us = 45.72 us (1375.97 GFLOPS/s)
Total time: 45.72 us.
----------------
Vulkan Timings:
MUL_MAT_VEC q4_0 m=5120 n=1 k=6144: 1 x 45.32 us = 45.32 us (1388.12 GFLOPS/s)
Total time: 45.32 us.
----------------
Vulkan Timings:
MUL_MAT_VEC q4_0 m=5120 n=1 k=6144: 1 x 45.64 us = 45.64 us (1378.38 GFLOPS/s)
Total time: 45.64 us.
----------------
Vulkan Timings:
MUL_MAT_VEC q4_0 m=5120 n=1 k=6144: 1 x 45.96 us = 45.96 us (1368.79 GFLOPS/s)
Total time: 45.96 us.
----------------
Vulkan Timings:
MUL_MAT_VEC q4_0 m=5120 n=1 k=6144: 1 x 45.92 us = 45.92 us (1369.98 GFLOPS/s)
Total time: 45.92 us.
----------------
Vulkan Timings:
MUL_MAT_VEC q4_0 m=5120 n=1 k=6144: 1 x 45.6 us = 45.6 us (1379.59 GFLOPS/s)
Total time: 45.6 us.
----------------
Vulkan Timings:
MUL_MAT_VEC q4_0 m=5120 n=1 k=6144: 1 x 45.72 us = 45.72 us (1375.97 GFLOPS/s)
Total time: 45.72 us.
----------------
Vulkan Timings:
MUL_MAT_VEC q4_0 m=5120 n=1 k=6144: 1 x 45.56 us = 45.56 us (1380.8 GFLOPS/s)
Total time: 45.56 us.
----------------
Vulkan Timings:
MUL_MAT_VEC q4_0 m=5120 n=1 k=6144: 1 x 45.68 us = 45.68 us (1377.18 GFLOPS/s)
Total time: 45.68 us.
----------------
Vulkan Timings:
MUL_MAT_VEC q4_0 m=5120 n=1 k=6144: 1 x 45.6 us = 45.6 us (1379.59 GFLOPS/s)
Total time: 45.6 us.
----------------
Vulkan Timings:
MUL_MAT_VEC q4_0 m=5120 n=1 k=6144: 1 x 45.72 us = 45.72 us (1375.97 GFLOPS/s)
Total time: 45.72 us.
----------------
Vulkan Timings:
MUL_MAT_VEC q4_0 m=5120 n=1 k=6144: 1 x 45.64 us = 45.64 us (1378.38 GFLOPS/s)
Total time: 45.64 us.
----------------
Vulkan Timings:
MUL_MAT_VEC q4_0 m=5120 n=1 k=6144: 1 x 45.6 us = 45.6 us (1379.59 GFLOPS/s)
Total time: 45.6 us.
----------------
Vulkan Timings:
MUL_MAT_VEC q4_0 m=5120 n=1 k=6144: 1 x 45.52 us = 45.52 us (1382.02 GFLOPS/s)
Total time: 45.52 us.
----------------
Vulkan Timings:
MUL_MAT_VEC q4_0 m=5120 n=1 k=6144: 1 x 45.96 us = 45.96 us (1368.79 GFLOPS/s)
Total time: 45.96 us.
----------------
Vulkan Timings:
MUL_MAT_VEC q4_0 m=5120 n=1 k=6144: 1 x 45.56 us = 45.56 us (1380.8 GFLOPS/s)
Total time: 45.56 us.
----------------
Vulkan Timings:
MUL_MAT_VEC q4_0 m=5120 n=1 k=6144: 1 x 45.84 us = 45.84 us (1372.37 GFLOPS/s)
Total time: 45.84 us.
----------------
Vulkan Timings:
MUL_MAT_VEC q4_0 m=5120 n=1 k=6144: 1 x 45.76 us = 45.76 us (1374.77 GFLOPS/s)
Total time: 45.76 us.
----------------
Vulkan Timings:
MUL_MAT_VEC q4_0 m=5120 n=1 k=6144: 1 x 45.56 us = 45.56 us (1380.8 GFLOPS/s)
Total time: 45.56 us.
----------------
Vulkan Timings:
MUL_MAT_VEC q4_0 m=5120 n=1 k=6144: 1 x 45.88 us = 45.88 us (1371.17 GFLOPS/s)
Total time: 45.88 us.
----------------
Vulkan Timings:
MUL_MAT_VEC q4_0 m=5120 n=1 k=6144: 1 x 45.72 us = 45.72 us (1375.97 GFLOPS/s)
Total time: 45.72 us.
----------------
Vulkan Timings:
MUL_MAT_VEC q4_0 m=5120 n=1 k=6144: 1 x 46 us = 46 us (1367.6 GFLOPS/s)
Total time: 46 us.
----------------
Vulkan Timings:
MUL_MAT_VEC q4_0 m=5120 n=1 k=6144: 1 x 45.28 us = 45.28 us (1389.34 GFLOPS/s)
Total time: 45.28 us.
----------------
Vulkan Timings:
MUL_MAT_VEC q4_0 m=5120 n=1 k=6144: 1 x 45.6 us = 45.6 us (1379.59 GFLOPS/s)
Total time: 45.6 us.
----------------
Vulkan Timings:
MUL_MAT_VEC q4_0 m=5120 n=1 k=6144: 1 x 45.88 us = 45.88 us (1371.17 GFLOPS/s)
Total time: 45.88 us.
----------------
Vulkan Timings:
MUL_MAT_VEC q4_0 m=5120 n=1 k=6144: 1 x 45.68 us = 45.68 us (1377.18 GFLOPS/s)
Total time: 45.68 us.
----------------
Vulkan Timings:
MUL_MAT_VEC q4_0 m=5120 n=1 k=6144: 1 x 45.64 us = 45.64 us (1378.38 GFLOPS/s)
Total time: 45.64 us.
----------------
Vulkan Timings:
MUL_MAT_VEC q4_0 m=5120 n=1 k=6144: 1 x 45.96 us = 45.96 us (1368.79 GFLOPS/s)
Total time: 45.96 us.
----------------
Vulkan Timings:
MUL_MAT_VEC q4_0 m=5120 n=1 k=6144: 1 x 45.76 us = 45.76 us (1374.77 GFLOPS/s)
Total time: 45.76 us.
----------------
Vulkan Timings:
MUL_MAT_VEC q4_0 m=5120 n=1 k=6144: 1 x 45.8 us = 45.8 us (1373.57 GFLOPS/s)
Total time: 45.8 us.
----------------
Vulkan Timings:
MUL_MAT_VEC q4_0 m=5120 n=1 k=6144: 1 x 45.8 us = 45.8 us (1373.57 GFLOPS/s)
Total time: 45.8 us.
----------------
Vulkan Timings:
MUL_MAT_VEC q4_0 m=5120 n=1 k=6144: 1 x 49.04 us = 49.04 us (1282.82 GFLOPS/s)
Total time: 49.04 us.
----------------
Vulkan Timings:
MUL_MAT_VEC q4_0 m=5120 n=1 k=6144: 1 x 45.6 us = 45.6 us (1379.59 GFLOPS/s)
Total time: 45.6 us.
----------------
Vulkan Timings:
MUL_MAT_VEC q4_0 m=5120 n=1 k=6144: 1 x 46.04 us = 46.04 us (1366.41 GFLOPS/s)
Total time: 46.04 us.
----------------
Vulkan Timings:
MUL_MAT_VEC q4_0 m=5120 n=1 k=6144: 1 x 45.64 us = 45.64 us (1378.38 GFLOPS/s)
Total time: 45.64 us.
----------------
Vulkan Timings:
MUL_MAT_VEC q4_0 m=5120 n=1 k=6144: 1 x 45.2 us = 45.2 us (1391.8 GFLOPS/s)
Total time: 45.2 us.
----------------
Vulkan Timings:
MUL_MAT_VEC q4_0 m=5120 n=1 k=6144: 1 x 45.24 us = 45.24 us (1390.57 GFLOPS/s)
Total time: 45.24 us.
----------------
Vulkan Timings:
MUL_MAT_VEC q4_0 m=5120 n=1 k=6144: 1 x 45.64 us = 45.64 us (1378.38 GFLOPS/s)
Total time: 45.64 us.
----------------
Vulkan Timings:
MUL_MAT_VEC q4_0 m=5120 n=1 k=6144: 1 x 46 us = 46 us (1367.6 GFLOPS/s)
Total time: 46 us.
----------------
Vulkan Timings:
MUL_MAT_VEC q4_0 m=5120 n=1 k=6144: 1 x 45.96 us = 45.96 us (1368.79 GFLOPS/s)
Total time: 45.96 us.
----------------
Vulkan Timings:
MUL_MAT_VEC q4_0 m=5120 n=1 k=6144: 1 x 45.68 us = 45.68 us (1377.18 GFLOPS/s)
Total time: 45.68 us.
----------------
Vulkan Timings:
MUL_MAT_VEC q4_0 m=5120 n=1 k=6144: 1 x 45.68 us = 45.68 us (1377.18 GFLOPS/s)
Total time: 45.68 us.
----------------
Vulkan Timings:
MUL_MAT_VEC q4_0 m=5120 n=1 k=6144: 1 x 45.96 us = 45.96 us (1368.79 GFLOPS/s)
Total time: 45.96 us.
----------------
Vulkan Timings:
MUL_MAT_VEC q4_0 m=5120 n=1 k=6144: 1 x 45.36 us = 45.36 us (1386.89 GFLOPS/s)
Total time: 45.36 us.
----------------
Vulkan Timings:
MUL_MAT_VEC q4_0 m=5120 n=1 k=6144: 1 x 45.64 us = 45.64 us (1378.38 GFLOPS/s)
Total time: 45.64 us.
----------------
Vulkan Timings:
MUL_MAT_VEC q4_0 m=5120 n=1 k=6144: 1 x 45.76 us = 45.76 us (1374.77 GFLOPS/s)
Total time: 45.76 us.
----------------
Vulkan Timings:
MUL_MAT_VEC q4_0 m=5120 n=1 k=6144: 1 x 45.72 us = 45.72 us (1375.97 GFLOPS/s)
Total time: 45.72 us.
----------------
Vulkan Timings:
MUL_MAT_VEC q4_0 m=5120 n=1 k=6144: 1 x 45.6 us = 45.6 us (1379.59 GFLOPS/s)
Total time: 45.6 us.
----------------
Vulkan Timings:
MUL_MAT_VEC q4_0 m=5120 n=1 k=6144: 1 x 45.32 us = 45.32 us (1388.12 GFLOPS/s)
Total time: 45.32 us.
----------------
Vulkan Timings:
MUL_MAT_VEC q4_0 m=5120 n=1 k=6144: 1 x 46 us = 46 us (1367.6 GFLOPS/s)
Total time: 46 us.
----------------
Vulkan Timings:
MUL_MAT_VEC q4_0 m=5120 n=1 k=6144: 1 x 45.68 us = 45.68 us (1377.18 GFLOPS/s)
Total time: 45.68 us.
----------------
Vulkan Timings:
MUL_MAT_VEC q4_0 m=5120 n=1 k=6144: 1 x 45.72 us = 45.72 us (1375.97 GFLOPS/s)
Total time: 45.72 us.
----------------
Vulkan Timings:
MUL_MAT_VEC q4_0 m=5120 n=1 k=6144: 1 x 45.72 us = 45.72 us (1375.97 GFLOPS/s)
Total time: 45.72 us.
----------------
Vulkan Timings:
MUL_MAT_VEC q4_0 m=5120 n=1 k=6144: 1 x 45.96 us = 45.96 us (1368.79 GFLOPS/s)
Total time: 45.96 us.
----------------
Vulkan Timings:
MUL_MAT_VEC q4_0 m=5120 n=1 k=6144: 1 x 45.64 us = 45.64 us (1378.38 GFLOPS/s)
Total time: 45.64 us.
----------------
Vulkan Timings:
MUL_MAT_VEC q4_0 m=5120 n=1 k=6144: 1 x 45.6 us = 45.6 us (1379.59 GFLOPS/s)
Total time: 45.6 us.
----------------
Vulkan Timings:
MUL_MAT_VEC q4_0 m=5120 n=1 k=6144: 1 x 45.36 us = 45.36 us (1386.89 GFLOPS/s)
Total time: 45.36 us.
----------------
Vulkan Timings:
MUL_MAT_VEC q4_0 m=5120 n=1 k=6144: 1 x 45.32 us = 45.32 us (1388.12 GFLOPS/s)
Total time: 45.32 us.
----------------
Vulkan Timings:
MUL_MAT_VEC q4_0 m=5120 n=1 k=6144: 1 x 45.68 us = 45.68 us (1377.18 GFLOPS/s)
Total time: 45.68 us.
----------------
Vulkan Timings:
MUL_MAT_VEC q4_0 m=5120 n=1 k=6144: 1 x 45.64 us = 45.64 us (1378.38 GFLOPS/s)
Total time: 45.64 us.
----------------
Vulkan Timings:
MUL_MAT_VEC q4_0 m=5120 n=1 k=6144: 1 x 46 us = 46 us (1367.6 GFLOPS/s)
Total time: 46 us.
----------------
Vulkan Timings:
MUL_MAT_VEC q4_0 m=5120 n=1 k=6144: 1 x 45.56 us = 45.56 us (1380.8 GFLOPS/s)
Total time: 45.56 us.
----------------
Vulkan Timings:
MUL_MAT_VEC q4_0 m=5120 n=1 k=6144: 1 x 45.64 us = 45.64 us (1378.38 GFLOPS/s)
Total time: 45.64 us.
----------------
Vulkan Timings:
MUL_MAT_VEC q4_0 m=5120 n=1 k=6144: 1 x 45.72 us = 45.72 us (1375.97 GFLOPS/s)
Total time: 45.72 us.
----------------
Vulkan Timings:
MUL_MAT_VEC q4_0 m=5120 n=1 k=6144: 1 x 45.68 us = 45.68 us (1377.18 GFLOPS/s)
Total time: 45.68 us.
----------------
Vulkan Timings:
MUL_MAT_VEC q4_0 m=5120 n=1 k=6144: 1 x 45.72 us = 45.72 us (1375.97 GFLOPS/s)
Total time: 45.72 us.
----------------
Vulkan Timings:
MUL_MAT_VEC q4_0 m=5120 n=1 k=6144: 1 x 45.72 us = 45.72 us (1375.97 GFLOPS/s)
Total time: 45.72 us.
----------------
Vulkan Timings:
MUL_MAT_VEC q4_0 m=5120 n=1 k=6144: 1 x 45.68 us = 45.68 us (1377.18 GFLOPS/s)
Total time: 45.68 us.
----------------
Vulkan Timings:
MUL_MAT_VEC q4_0 m=5120 n=1 k=6144: 1 x 45.28 us = 45.28 us (1389.34 GFLOPS/s)
Total time: 45.28 us.
----------------
Vulkan Timings:
MUL_MAT_VEC q4_0 m=5120 n=1 k=6144: 1 x 45.72 us = 45.72 us (1375.97 GFLOPS/s)
Total time: 45.72 us.
----------------
Vulkan Timings:
MUL_MAT_VEC q4_0 m=5120 n=1 k=6144: 1 x 45.88 us = 45.88 us (1371.17 GFLOPS/s)
Total time: 45.88 us.
----------------
Vulkan Timings:
MUL_MAT_VEC q4_0 m=5120 n=1 k=6144: 1 x 45.6 us = 45.6 us (1379.59 GFLOPS/s)
Total time: 45.6 us.
----------------
Vulkan Timings:
MUL_MAT_VEC q4_0 m=5120 n=1 k=6144: 1 x 45.76 us = 45.76 us (1374.77 GFLOPS/s)
Total time: 45.76 us.
----------------
Vulkan Timings:
MUL_MAT_VEC q4_0 m=5120 n=1 k=6144: 1 x 45.96 us = 45.96 us (1368.79 GFLOPS/s)
Total time: 45.96 us.
----------------
Vulkan Timings:
MUL_MAT_VEC q4_0 m=5120 n=1 k=6144: 1 x 46 us = 46 us (1367.6 GFLOPS/s)
Total time: 46 us.
----------------
Vulkan Timings:
MUL_MAT_VEC q4_0 m=5120 n=1 k=6144: 1 x 45.68 us = 45.68 us (1377.18 GFLOPS/s)
Total time: 45.68 us.
----------------
Vulkan Timings:
MUL_MAT_VEC q4_0 m=5120 n=1 k=6144: 1 x 45.68 us = 45.68 us (1377.18 GFLOPS/s)
Total time: 45.68 us.
----------------
Vulkan Timings:
MUL_MAT_VEC q4_0 m=5120 n=1 k=6144: 1 x 45.68 us = 45.68 us (1377.18 GFLOPS/s)
Total time: 45.68 us.
----------------
Vulkan Timings:
MUL_MAT_VEC q4_0 m=5120 n=1 k=6144: 1 x 45.8 us = 45.8 us (1373.57 GFLOPS/s)
Total time: 45.8 us.
----------------
Vulkan Timings:
MUL_MAT_VEC q4_0 m=5120 n=1 k=6144: 1 x 45.88 us = 45.88 us (1371.17 GFLOPS/s)
Total time: 45.88 us.
----------------
Vulkan Timings:
MUL_MAT_VEC q4_0 m=5120 n=1 k=6144: 1 x 45.64 us = 45.64 us (1378.38 GFLOPS/s)
Total time: 45.64 us.
----------------
Vulkan Timings:
MUL_MAT_VEC q4_0 m=5120 n=1 k=6144: 1 x 45.64 us = 45.64 us (1378.38 GFLOPS/s)
Total time: 45.64 us.
----------------
Vulkan Timings:
MUL_MAT_VEC q4_0 m=5120 n=1 k=6144: 1 x 45.72 us = 45.72 us (1375.97 GFLOPS/s)
Total time: 45.72 us.
----------------
Vulkan Timings:
MUL_MAT_VEC q4_0 m=5120 n=1 k=6144: 1 x 45.6 us = 45.6 us (1379.59 GFLOPS/s)
Total time: 45.6 us.
----------------
Vulkan Timings:
MUL_MAT_VEC q4_0 m=5120 n=1 k=6144: 1 x 45.72 us = 45.72 us (1375.97 GFLOPS/s)
Total time: 45.72 us.
----------------
Vulkan Timings:
MUL_MAT_VEC q4_0 m=5120 n=1 k=6144: 1 x 45.72 us = 45.72 us (1375.97 GFLOPS/s)
Total time: 45.72 us.
----------------
Vulkan Timings:
MUL_MAT_VEC q4_0 m=5120 n=1 k=6144: 1 x 46.08 us = 46.08 us (1365.22 GFLOPS/s)
Total time: 46.08 us.
----------------
Vulkan Timings:
MUL_MAT_VEC q4_0 m=5120 n=1 k=6144: 1 x 45.88 us = 45.88 us (1371.17 GFLOPS/s)
Total time: 45.88 us.
----------------
Vulkan Timings:
MUL_MAT_VEC q4_0 m=5120 n=1 k=6144: 1 x 46 us = 46 us (1367.6 GFLOPS/s)
Total time: 46 us.
----------------
Vulkan Timings:
MUL_MAT_VEC q4_0 m=5120 n=1 k=6144: 1 x 45.8 us = 45.8 us (1373.57 GFLOPS/s)
Total time: 45.8 us.
----------------
Vulkan Timings:
MUL_MAT_VEC q4_0 m=5120 n=1 k=6144: 1 x 45.96 us = 45.96 us (1368.79 GFLOPS/s)
Total time: 45.96 us.
----------------
Vulkan Timings:
MUL_MAT_VEC q4_0 m=5120 n=1 k=6144: 1 x 45.64 us = 45.64 us (1378.38 GFLOPS/s)
Total time: 45.64 us.
----------------
Vulkan Timings:
MUL_MAT_VEC q4_0 m=5120 n=1 k=6144: 1 x 45.56 us = 45.56 us (1380.8 GFLOPS/s)
Total time: 45.56 us.
----------------
Vulkan Timings:
MUL_MAT_VEC q4_0 m=5120 n=1 k=6144: 1 x 45.64 us = 45.64 us (1378.38 GFLOPS/s)
Total time: 45.64 us.
----------------
Vulkan Timings:
MUL_MAT_VEC q4_0 m=5120 n=1 k=6144: 1 x 46.04 us = 46.04 us (1366.41 GFLOPS/s)
Total time: 46.04 us.
----------------
Vulkan Timings:
MUL_MAT_VEC q4_0 m=5120 n=1 k=6144: 1 x 45.84 us = 45.84 us (1372.37 GFLOPS/s)
Total time: 45.84 us.
----------------
Vulkan Timings:
MUL_MAT_VEC q4_0 m=5120 n=1 k=6144: 1 x 45.88 us = 45.88 us (1371.17 GFLOPS/s)
Total time: 45.88 us.
----------------
Vulkan Timings:
MUL_MAT_VEC q4_0 m=5120 n=1 k=6144: 1 x 45.84 us = 45.84 us (1372.37 GFLOPS/s)
Total time: 45.84 us.
----------------
Vulkan Timings:
MUL_MAT_VEC q4_0 m=5120 n=1 k=6144: 1 x 45.84 us = 45.84 us (1372.37 GFLOPS/s)
Total time: 45.84 us.
----------------
Vulkan Timings:
MUL_MAT_VEC q4_0 m=5120 n=1 k=6144: 1 x 45.72 us = 45.72 us (1375.97 GFLOPS/s)
Total time: 45.72 us.
----------------
Vulkan Timings:
MUL_MAT_VEC q4_0 m=5120 n=1 k=6144: 1 x 45.68 us = 45.68 us (1377.18 GFLOPS/s)
Total time: 45.68 us.
----------------
Vulkan Timings:
MUL_MAT_VEC q4_0 m=5120 n=1 k=6144: 1 x 45.72 us = 45.72 us (1375.97 GFLOPS/s)
Total time: 45.72 us.
----------------
Vulkan Timings:
MUL_MAT_VEC q4_0 m=5120 n=1 k=6144: 1 x 45.92 us = 45.92 us (1369.98 GFLOPS/s)
Total time: 45.92 us.
----------------
Vulkan Timings:
MUL_MAT_VEC q4_0 m=5120 n=1 k=6144: 1 x 45.72 us = 45.72 us (1375.97 GFLOPS/s)
Total time: 45.72 us.
----------------
Vulkan Timings:
MUL_MAT_VEC q4_0 m=5120 n=1 k=6144: 1 x 45.76 us = 45.76 us (1374.77 GFLOPS/s)
Total time: 45.76 us.
----------------
Vulkan Timings:
MUL_MAT_VEC q4_0 m=5120 n=1 k=6144: 1 x 45.76 us = 45.76 us (1374.77 GFLOPS/s)
Total time: 45.76 us.
----------------
Vulkan Timings:
MUL_MAT_VEC q4_0 m=5120 n=1 k=6144: 1 x 45.96 us = 45.96 us (1368.79 GFLOPS/s)
Total time: 45.96 us.
----------------
Vulkan Timings:
MUL_MAT_VEC q4_0 m=5120 n=1 k=6144: 1 x 45.68 us = 45.68 us (1377.18 GFLOPS/s)
Total time: 45.68 us.
----------------
Vulkan Timings:
MUL_MAT_VEC q4_0 m=5120 n=1 k=6144: 1 x 45.72 us = 45.72 us (1375.97 GFLOPS/s)
Total time: 45.72 us.
----------------
Vulkan Timings:
MUL_MAT_VEC q4_0 m=5120 n=1 k=6144: 1 x 45.68 us = 45.68 us (1377.18 GFLOPS/s)
Total time: 45.68 us.
----------------
Vulkan Timings:
MUL_MAT_VEC q4_0 m=5120 n=1 k=6144: 1 x 45.76 us = 45.76 us (1374.77 GFLOPS/s)
Total time: 45.76 us.
----------------
Vulkan Timings:
MUL_MAT_VEC q4_0 m=5120 n=1 k=6144: 1 x 46 us = 46 us (1367.6 GFLOPS/s)
Total time: 46 us.
----------------
Vulkan Timings:
MUL_MAT_VEC q4_0 m=5120 n=1 k=6144: 1 x 45.8 us = 45.8 us (1373.57 GFLOPS/s)
Total time: 45.8 us.
----------------
Vulkan Timings:
MUL_MAT_VEC q4_0 m=5120 n=1 k=6144: 1 x 45.72 us = 45.72 us (1375.97 GFLOPS/s)
Total time: 45.72 us.
----------------
Vulkan Timings:
MUL_MAT_VEC q4_0 m=5120 n=1 k=6144: 1 x 45.88 us = 45.88 us (1371.17 GFLOPS/s)
Total time: 45.88 us.
----------------
Vulkan Timings:
MUL_MAT_VEC q4_0 m=5120 n=1 k=6144: 1 x 45.72 us = 45.72 us (1375.97 GFLOPS/s)
Total time: 45.72 us.
----------------
Vulkan Timings:
MUL_MAT_VEC q4_0 m=5120 n=1 k=6144: 1 x 45.64 us = 45.64 us (1378.38 GFLOPS/s)
Total time: 45.64 us.
----------------
Vulkan Timings:
MUL_MAT_VEC q4_0 m=5120 n=1 k=6144: 1 x 45.68 us = 45.68 us (1377.18 GFLOPS/s)
Total time: 45.68 us.
----------------
Vulkan Timings:
MUL_MAT_VEC q4_0 m=5120 n=1 k=6144: 1 x 46.04 us = 46.04 us (1366.41 GFLOPS/s)
Total time: 46.04 us.
----------------
Vulkan Timings:
MUL_MAT_VEC q4_0 m=5120 n=1 k=6144: 1 x 45.64 us = 45.64 us (1378.38 GFLOPS/s)
Total time: 45.64 us.
----------------
Vulkan Timings:
MUL_MAT_VEC q4_0 m=5120 n=1 k=6144: 1 x 45.72 us = 45.72 us (1375.97 GFLOPS/s)
Total time: 45.72 us.
----------------
Vulkan Timings:
MUL_MAT_VEC q4_0 m=5120 n=1 k=6144: 1 x 45.72 us = 45.72 us (1375.97 GFLOPS/s)
Total time: 45.72 us.
----------------
Vulkan Timings:
MUL_MAT_VEC q4_0 m=5120 n=1 k=6144: 1 x 45.72 us = 45.72 us (1375.97 GFLOPS/s)
Total time: 45.72 us.
----------------
Vulkan Timings:
MUL_MAT_VEC q4_0 m=5120 n=1 k=6144: 1 x 45.6 us = 45.6 us (1379.59 GFLOPS/s)
Total time: 45.6 us.
----------------
Vulkan Timings:
MUL_MAT_VEC q4_0 m=5120 n=1 k=6144: 1 x 46 us = 46 us (1367.6 GFLOPS/s)
Total time: 46 us.
----------------
Vulkan Timings:
MUL_MAT_VEC q4_0 m=5120 n=1 k=6144: 1 x 47.6 us = 47.6 us (1321.63 GFLOPS/s)
Total time: 47.6 us.
----------------
Vulkan Timings:
MUL_MAT_VEC q4_0 m=5120 n=1 k=6144: 1 x 45.76 us = 45.76 us (1374.77 GFLOPS/s)
Total time: 45.76 us.
----------------
Vulkan Timings:
MUL_MAT_VEC q4_0 m=5120 n=1 k=6144: 1 x 46 us = 46 us (1367.6 GFLOPS/s)
Total time: 46 us.
----------------
Vulkan Timings:
MUL_MAT_VEC q4_0 m=5120 n=1 k=6144: 1 x 46.12 us = 46.12 us (1364.04 GFLOPS/s)
Total time: 46.12 us.
----------------
Vulkan Timings:
MUL_MAT_VEC q4_0 m=5120 n=1 k=6144: 1 x 45.8 us = 45.8 us (1373.57 GFLOPS/s)
Total time: 45.8 us.
----------------
Vulkan Timings:
MUL_MAT_VEC q4_0 m=5120 n=1 k=6144: 1 x 45.76 us = 45.76 us (1374.77 GFLOPS/s)
Total time: 45.76 us.
----------------
Vulkan Timings:
MUL_MAT_VEC q4_0 m=5120 n=1 k=6144: 1 x 45.84 us = 45.84 us (1372.37 GFLOPS/s)
Total time: 45.84 us.
----------------
Vulkan Timings:
MUL_MAT_VEC q4_0 m=5120 n=1 k=6144: 1 x 45.76 us = 45.76 us (1374.77 GFLOPS/s)
Total time: 45.76 us.
----------------
Vulkan Timings:
MUL_MAT_VEC q4_0 m=5120 n=1 k=6144: 1 x 45.6 us = 45.6 us (1379.59 GFLOPS/s)
Total time: 45.6 us.
----------------
Vulkan Timings:
MUL_MAT_VEC q4_0 m=5120 n=1 k=6144: 1 x 45.88 us = 45.88 us (1371.17 GFLOPS/s)
Total time: 45.88 us.
----------------
Vulkan Timings:
MUL_MAT_VEC q4_0 m=5120 n=1 k=6144: 1 x 45.76 us = 45.76 us (1374.77 GFLOPS/s)
Total time: 45.76 us.
----------------
Vulkan Timings:
MUL_MAT_VEC q4_0 m=5120 n=1 k=6144: 1 x 45.6 us = 45.6 us (1379.59 GFLOPS/s)
Total time: 45.6 us.
----------------
Vulkan Timings:
MUL_MAT_VEC q4_0 m=5120 n=1 k=6144: 1 x 45.76 us = 45.76 us (1374.77 GFLOPS/s)
Total time: 45.76 us.
----------------
Vulkan Timings:
MUL_MAT_VEC q4_0 m=5120 n=1 k=6144: 1 x 45.64 us = 45.64 us (1378.38 GFLOPS/s)
Total time: 45.64 us.
----------------
Vulkan Timings:
MUL_MAT_VEC q4_0 m=5120 n=1 k=6144: 1 x 46 us = 46 us (1367.6 GFLOPS/s)
Total time: 46 us.
----------------
Vulkan Timings:
MUL_MAT_VEC q4_0 m=5120 n=1 k=6144: 1 x 46.08 us = 46.08 us (1365.22 GFLOPS/s)
Total time: 46.08 us.
----------------
Vulkan Timings:
MUL_MAT_VEC q4_0 m=5120 n=1 k=6144: 1 x 45.6 us = 45.6 us (1379.59 GFLOPS/s)
Total time: 45.6 us.
----------------
Vulkan Timings:
MUL_MAT_VEC q4_0 m=5120 n=1 k=6144: 1 x 46.12 us = 46.12 us (1364.04 GFLOPS/s)
Total time: 46.12 us.
----------------
Vulkan Timings:
MUL_MAT_VEC q4_0 m=5120 n=1 k=6144: 1 x 45.72 us = 45.72 us (1375.97 GFLOPS/s)
Total time: 45.72 us.
----------------
Vulkan Timings:
MUL_MAT_VEC q4_0 m=5120 n=1 k=6144: 1 x 45.44 us = 45.44 us (1384.45 GFLOPS/s)
Total time: 45.44 us.
----------------
Vulkan Timings:
MUL_MAT_VEC q4_0 m=5120 n=1 k=6144: 1 x 45.72 us = 45.72 us (1375.97 GFLOPS/s)
Total time: 45.72 us.
----------------
Vulkan Timings:
MUL_MAT_VEC q4_0 m=5120 n=1 k=6144: 1 x 45.96 us = 45.96 us (1368.79 GFLOPS/s)
Total time: 45.96 us.
----------------
Vulkan Timings:
MUL_MAT_VEC q4_0 m=5120 n=1 k=6144: 1 x 45.8 us = 45.8 us (1373.57 GFLOPS/s)
Total time: 45.8 us.
----------------
Vulkan Timings:
MUL_MAT_VEC q4_0 m=5120 n=1 k=6144: 1 x 46.04 us = 46.04 us (1366.41 GFLOPS/s)
Total time: 46.04 us.
----------------
Vulkan Timings:
MUL_MAT_VEC q4_0 m=5120 n=1 k=6144: 1 x 45.88 us = 45.88 us (1371.17 GFLOPS/s)
Total time: 45.88 us.
----------------
Vulkan Timings:
MUL_MAT_VEC q4_0 m=5120 n=1 k=6144: 1 x 46.16 us = 46.16 us (1362.86 GFLOPS/s)
Total time: 46.16 us.
----------------
Vulkan Timings:
MUL_MAT_VEC q4_0 m=5120 n=1 k=6144: 1 x 45.96 us = 45.96 us (1368.79 GFLOPS/s)
Total time: 45.96 us.
----------------
Vulkan Timings:
MUL_MAT_VEC q4_0 m=5120 n=1 k=6144: 1 x 45.84 us = 45.84 us (1372.37 GFLOPS/s)
Total time: 45.84 us.
----------------
Vulkan Timings:
MUL_MAT_VEC q4_0 m=5120 n=1 k=6144: 1 x 46.08 us = 46.08 us (1365.22 GFLOPS/s)
Total time: 46.08 us.
----------------
Vulkan Timings:
MUL_MAT_VEC q4_0 m=5120 n=1 k=6144: 1 x 45.68 us = 45.68 us (1377.18 GFLOPS/s)
Total time: 45.68 us.
----------------
Vulkan Timings:
MUL_MAT_VEC q4_0 m=5120 n=1 k=6144: 1 x 45.8 us = 45.8 us (1373.57 GFLOPS/s)
Total time: 45.8 us.
----------------
Vulkan Timings:
MUL_MAT_VEC q4_0 m=5120 n=1 k=6144: 1 x 46.08 us = 46.08 us (1365.22 GFLOPS/s)
Total time: 46.08 us.
----------------
Vulkan Timings:
MUL_MAT_VEC q4_0 m=5120 n=1 k=6144: 1 x 45.6 us = 45.6 us (1379.59 GFLOPS/s)
Total time: 45.6 us.
----------------
Vulkan Timings:
MUL_MAT_VEC q4_0 m=5120 n=1 k=6144: 1 x 46 us = 46 us (1367.6 GFLOPS/s)
Total time: 46 us.
----------------
Vulkan Timings:
MUL_MAT_VEC q4_0 m=5120 n=1 k=6144: 1 x 45.64 us = 45.64 us (1378.38 GFLOPS/s)
Total time: 45.64 us.
----------------
Vulkan Timings:
MUL_MAT_VEC q4_0 m=5120 n=1 k=6144: 1 x 46.08 us = 46.08 us (1365.22 GFLOPS/s)
Total time: 46.08 us.
----------------
Vulkan Timings:
MUL_MAT_VEC q4_0 m=5120 n=1 k=6144: 1 x 45.88 us = 45.88 us (1371.17 GFLOPS/s)
Total time: 45.88 us.
----------------
Vulkan Timings:
MUL_MAT_VEC q4_0 m=5120 n=1 k=6144: 1 x 45.68 us = 45.68 us (1377.18 GFLOPS/s)
Total time: 45.68 us.
----------------
Vulkan Timings:
MUL_MAT_VEC q4_0 m=5120 n=1 k=6144: 1 x 45.68 us = 45.68 us (1377.18 GFLOPS/s)
Total time: 45.68 us.
----------------
Vulkan Timings:
MUL_MAT_VEC q4_0 m=5120 n=1 k=6144: 1 x 45.6 us = 45.6 us (1379.59 GFLOPS/s)
Total time: 45.6 us.
----------------
Vulkan Timings:
MUL_MAT_VEC q4_0 m=5120 n=1 k=6144: 1 x 45.76 us = 45.76 us (1374.77 GFLOPS/s)
Total time: 45.76 us.
----------------
Vulkan Timings:
MUL_MAT_VEC q4_0 m=5120 n=1 k=6144: 1 x 45.68 us = 45.68 us (1377.18 GFLOPS/s)
Total time: 45.68 us.
----------------
Vulkan Timings:
MUL_MAT_VEC q4_0 m=5120 n=1 k=6144: 1 x 45.84 us = 45.84 us (1372.37 GFLOPS/s)
Total time: 45.84 us.
----------------
Vulkan Timings:
MUL_MAT_VEC q4_0 m=5120 n=1 k=6144: 1 x 45.72 us = 45.72 us (1375.97 GFLOPS/s)
Total time: 45.72 us.
----------------
Vulkan Timings:
MUL_MAT_VEC q4_0 m=5120 n=1 k=6144: 1 x 45.76 us = 45.76 us (1374.77 GFLOPS/s)
Total time: 45.76 us.
----------------
Vulkan Timings:
MUL_MAT_VEC q4_0 m=5120 n=1 k=6144: 1 x 45.88 us = 45.88 us (1371.17 GFLOPS/s)
Total time: 45.88 us.
----------------
Vulkan Timings:
MUL_MAT_VEC q4_0 m=5120 n=1 k=6144: 1 x 46.04 us = 46.04 us (1366.41 GFLOPS/s)
Total time: 46.04 us.
----------------
Vulkan Timings:
MUL_MAT_VEC q4_0 m=5120 n=1 k=6144: 1 x 45.72 us = 45.72 us (1375.97 GFLOPS/s)
Total time: 45.72 us.
----------------
Vulkan Timings:
MUL_MAT_VEC q4_0 m=5120 n=1 k=6144: 1 x 46.04 us = 46.04 us (1366.41 GFLOPS/s)
Total time: 46.04 us.
----------------
Vulkan Timings:
MUL_MAT_VEC q4_0 m=5120 n=1 k=6144: 1 x 45.48 us = 45.48 us (1383.23 GFLOPS/s)
Total time: 45.48 us.
----------------
Vulkan Timings:
MUL_MAT_VEC q4_0 m=5120 n=1 k=6144: 1 x 46 us = 46 us (1367.6 GFLOPS/s)
Total time: 46 us.
----------------
Vulkan Timings:
MUL_MAT_VEC q4_0 m=5120 n=1 k=6144: 1 x 46.12 us = 46.12 us (1364.04 GFLOPS/s)
Total time: 46.12 us.
----------------
Vulkan Timings:
MUL_MAT_VEC q4_0 m=5120 n=1 k=6144: 1 x 45.76 us = 45.76 us (1374.77 GFLOPS/s)
Total time: 45.76 us.
----------------
Vulkan Timings:
MUL_MAT_VEC q4_0 m=5120 n=1 k=6144: 1 x 45.96 us = 45.96 us (1368.79 GFLOPS/s)
Total time: 45.96 us.
----------------
Vulkan Timings:
MUL_MAT_VEC q4_0 m=5120 n=1 k=6144: 1 x 45.76 us = 45.76 us (1374.77 GFLOPS/s)
Total time: 45.76 us.
----------------
Vulkan Timings:
MUL_MAT_VEC q4_0 m=5120 n=1 k=6144: 1 x 45.68 us = 45.68 us (1377.18 GFLOPS/s)
Total time: 45.68 us.
----------------
Vulkan Timings:
MUL_MAT_VEC q4_0 m=5120 n=1 k=6144: 1 x 45.68 us = 45.68 us (1377.18 GFLOPS/s)
Total time: 45.68 us.
----------------
Vulkan Timings:
MUL_MAT_VEC q4_0 m=5120 n=1 k=6144: 1 x 46.04 us = 46.04 us (1366.41 GFLOPS/s)
Total time: 46.04 us.
----------------
Vulkan Timings:
MUL_MAT_VEC q4_0 m=5120 n=1 k=6144: 1 x 45.68 us = 45.68 us (1377.18 GFLOPS/s)
Total time: 45.68 us.
----------------
Vulkan Timings:
MUL_MAT_VEC q4_0 m=5120 n=1 k=6144: 1 x 45.72 us = 45.72 us (1375.97 GFLOPS/s)
Total time: 45.72 us.
----------------
Vulkan Timings:
MUL_MAT_VEC q4_0 m=5120 n=1 k=6144: 1 x 45.68 us = 45.68 us (1377.18 GFLOPS/s)
Total time: 45.68 us.
----------------
Vulkan Timings:
MUL_MAT_VEC q4_0 m=5120 n=1 k=6144: 1 x 45.64 us = 45.64 us (1378.38 GFLOPS/s)
Total time: 45.64 us.
----------------
Vulkan Timings:
MUL_MAT_VEC q4_0 m=5120 n=1 k=6144: 1 x 45.6 us = 45.6 us (1379.59 GFLOPS/s)
Total time: 45.6 us.
----------------
Vulkan Timings:
MUL_MAT_VEC q4_0 m=5120 n=1 k=6144: 1 x 45.72 us = 45.72 us (1375.97 GFLOPS/s)
Total time: 45.72 us.
----------------
Vulkan Timings:
MUL_MAT_VEC q4_0 m=5120 n=1 k=6144: 1 x 45.68 us = 45.68 us (1377.18 GFLOPS/s)
Total time: 45.68 us.
----------------
Vulkan Timings:
MUL_MAT_VEC q4_0 m=5120 n=1 k=6144: 1 x 45.76 us = 45.76 us (1374.77 GFLOPS/s)
Total time: 45.76 us.
----------------
Vulkan Timings:
MUL_MAT_VEC q4_0 m=5120 n=1 k=6144: 1 x 46.24 us = 46.24 us (1360.5 GFLOPS/s)
Total time: 46.24 us.
----------------
Vulkan Timings:
MUL_MAT_VEC q4_0 m=5120 n=1 k=6144: 1 x 46.28 us = 46.28 us (1359.32 GFLOPS/s)
Total time: 46.28 us.
----------------
Vulkan Timings:
MUL_MAT_VEC q4_0 m=5120 n=1 k=6144: 1 x 45.76 us = 45.76 us (1374.77 GFLOPS/s)
Total time: 45.76 us.
----------------
Vulkan Timings:
MUL_MAT_VEC q4_0 m=5120 n=1 k=6144: 1 x 45.68 us = 45.68 us (1377.18 GFLOPS/s)
Total time: 45.68 us.
----------------
Vulkan Timings:
MUL_MAT_VEC q4_0 m=5120 n=1 k=6144: 1 x 46 us = 46 us (1367.6 GFLOPS/s)
Total time: 46 us.
----------------
Vulkan Timings:
MUL_MAT_VEC q4_0 m=5120 n=1 k=6144: 1 x 46.28 us = 46.28 us (1359.32 GFLOPS/s)
Total time: 46.28 us.
----------------
Vulkan Timings:
MUL_MAT_VEC q4_0 m=5120 n=1 k=6144: 1 x 45.8 us = 45.8 us (1373.57 GFLOPS/s)
Total time: 45.8 us.
----------------
Vulkan Timings:
MUL_MAT_VEC q4_0 m=5120 n=1 k=6144: 1 x 45.76 us = 45.76 us (1374.77 GFLOPS/s)
Total time: 45.76 us.
----------------
Vulkan Timings:
MUL_MAT_VEC q4_0 m=5120 n=1 k=6144: 1 x 45.8 us = 45.8 us (1373.57 GFLOPS/s)
Total time: 45.8 us.
----------------
Vulkan Timings:
MUL_MAT_VEC q4_0 m=5120 n=1 k=6144: 1 x 45.56 us = 45.56 us (1380.8 GFLOPS/s)
Total time: 45.56 us.
----------------
Vulkan Timings:
MUL_MAT_VEC q4_0 m=5120 n=1 k=6144: 1 x 46.2 us = 46.2 us (1361.68 GFLOPS/s)
Total time: 46.2 us.
----------------
Vulkan Timings:
MUL_MAT_VEC q4_0 m=5120 n=1 k=6144: 1 x 45.96 us = 45.96 us (1368.79 GFLOPS/s)
Total time: 45.96 us.
----------------
Vulkan Timings:
MUL_MAT_VEC q4_0 m=5120 n=1 k=6144: 1 x 45.72 us = 45.72 us (1375.97 GFLOPS/s)
Total time: 45.72 us.
----------------
Vulkan Timings:
MUL_MAT_VEC q4_0 m=5120 n=1 k=6144: 1 x 45.64 us = 45.64 us (1378.38 GFLOPS/s)
Total time: 45.64 us.
----------------
Vulkan Timings:
MUL_MAT_VEC q4_0 m=5120 n=1 k=6144: 1 x 45.92 us = 45.92 us (1369.98 GFLOPS/s)
Total time: 45.92 us.
----------------
Vulkan Timings:
MUL_MAT_VEC q4_0 m=5120 n=1 k=6144: 1 x 46.16 us = 46.16 us (1362.86 GFLOPS/s)
Total time: 46.16 us.
----------------
Vulkan Timings:
MUL_MAT_VEC q4_0 m=5120 n=1 k=6144: 1 x 45.84 us = 45.84 us (1372.37 GFLOPS/s)
Total time: 45.84 us.
----------------
Vulkan Timings:
MUL_MAT_VEC q4_0 m=5120 n=1 k=6144: 1 x 45.96 us = 45.96 us (1368.79 GFLOPS/s)
Total time: 45.96 us.
----------------
Vulkan Timings:
MUL_MAT_VEC q4_0 m=5120 n=1 k=6144: 1 x 45.72 us = 45.72 us (1375.97 GFLOPS/s)
Total time: 45.72 us.
----------------
Vulkan Timings:
MUL_MAT_VEC q4_0 m=5120 n=1 k=6144: 1 x 45.72 us = 45.72 us (1375.97 GFLOPS/s)
Total time: 45.72 us.
----------------
Vulkan Timings:
MUL_MAT_VEC q4_0 m=5120 n=1 k=6144: 1 x 45.68 us = 45.68 us (1377.18 GFLOPS/s)
Total time: 45.68 us.
----------------
Vulkan Timings:
MUL_MAT_VEC q4_0 m=5120 n=1 k=6144: 1 x 45.96 us = 45.96 us (1368.79 GFLOPS/s)
Total time: 45.96 us.
----------------
Vulkan Timings:
MUL_MAT_VEC q4_0 m=5120 n=1 k=6144: 1 x 46.04 us = 46.04 us (1366.41 GFLOPS/s)
Total time: 46.04 us.
----------------
Vulkan Timings:
MUL_MAT_VEC q4_0 m=5120 n=1 k=6144: 1 x 45.6 us = 45.6 us (1379.59 GFLOPS/s)
Total time: 45.6 us.
----------------
Vulkan Timings:
MUL_MAT_VEC q4_0 m=5120 n=1 k=6144: 1 x 45.96 us = 45.96 us (1368.79 GFLOPS/s)
Total time: 45.96 us.
----------------
Vulkan Timings:
MUL_MAT_VEC q4_0 m=5120 n=1 k=6144: 1 x 45.72 us = 45.72 us (1375.97 GFLOPS/s)
Total time: 45.72 us.
----------------
Vulkan Timings:
MUL_MAT_VEC q4_0 m=5120 n=1 k=6144: 1 x 46 us = 46 us (1367.6 GFLOPS/s)
Total time: 46 us.
----------------
Vulkan Timings:
MUL_MAT_VEC q4_0 m=5120 n=1 k=6144: 1 x 45.68 us = 45.68 us (1377.18 GFLOPS/s)
Total time: 45.68 us.
----------------
Vulkan Timings:
MUL_MAT_VEC q4_0 m=5120 n=1 k=6144: 1 x 47.72 us = 47.72 us (1318.3 GFLOPS/s)
Total time: 47.72 us.
----------------
Vulkan Timings:
MUL_MAT_VEC q4_0 m=5120 n=1 k=6144: 1 x 45.88 us = 45.88 us (1371.17 GFLOPS/s)
Total time: 45.88 us.
----------------
Vulkan Timings:
MUL_MAT_VEC q4_0 m=5120 n=1 k=6144: 1 x 47.68 us = 47.68 us (1319.41 GFLOPS/s)
Total time: 47.68 us.
----------------
Vulkan Timings:
MUL_MAT_VEC q4_0 m=5120 n=1 k=6144: 1 x 45.96 us = 45.96 us (1368.79 GFLOPS/s)
Total time: 45.96 us.
----------------
Vulkan Timings:
MUL_MAT_VEC q4_0 m=5120 n=1 k=6144: 1 x 45.68 us = 45.68 us (1377.18 GFLOPS/s)
Total time: 45.68 us.
----------------
Vulkan Timings:
MUL_MAT_VEC q4_0 m=5120 n=1 k=6144: 1 x 46.04 us = 46.04 us (1366.41 GFLOPS/s)
Total time: 46.04 us.
----------------
Vulkan Timings:
MUL_MAT_VEC q4_0 m=5120 n=1 k=6144: 1 x 46.04 us = 46.04 us (1366.41 GFLOPS/s)
Total time: 46.04 us.
----------------
Vulkan Timings:
MUL_MAT_VEC q4_0 m=5120 n=1 k=6144: 1 x 45.76 us = 45.76 us (1374.77 GFLOPS/s)
Total time: 45.76 us.
----------------
Vulkan Timings:
MUL_MAT_VEC q4_0 m=5120 n=1 k=6144: 1 x 45.76 us = 45.76 us (1374.77 GFLOPS/s)
Total time: 45.76 us.
----------------
Vulkan Timings:
MUL_MAT_VEC q4_0 m=5120 n=1 k=6144: 1 x 46.12 us = 46.12 us (1364.04 GFLOPS/s)
Total time: 46.12 us.
----------------
Vulkan Timings:
MUL_MAT_VEC q4_0 m=5120 n=1 k=6144: 1 x 45.6 us = 45.6 us (1379.59 GFLOPS/s)
Total time: 45.6 us.
----------------
Vulkan Timings:
MUL_MAT_VEC q4_0 m=5120 n=1 k=6144: 1 x 46.04 us = 46.04 us (1366.41 GFLOPS/s)
Total time: 46.04 us.
----------------
Vulkan Timings:
MUL_MAT_VEC q4_0 m=5120 n=1 k=6144: 1 x 45.96 us = 45.96 us (1368.79 GFLOPS/s)
Total time: 45.96 us.
----------------
Vulkan Timings:
MUL_MAT_VEC q4_0 m=5120 n=1 k=6144: 1 x 45.76 us = 45.76 us (1374.77 GFLOPS/s)
Total time: 45.76 us.
----------------
Vulkan Timings:
MUL_MAT_VEC q4_0 m=5120 n=1 k=6144: 1 x 46.04 us = 46.04 us (1366.41 GFLOPS/s)
Total time: 46.04 us.
----------------
Vulkan Timings:
MUL_MAT_VEC q4_0 m=5120 n=1 k=6144: 1 x 45.4 us = 45.4 us (1385.67 GFLOPS/s)
Total time: 45.4 us.
----------------
Vulkan Timings:
MUL_MAT_VEC q4_0 m=5120 n=1 k=6144: 1 x 45.72 us = 45.72 us (1375.97 GFLOPS/s)
Total time: 45.72 us.
----------------
Vulkan Timings:
MUL_MAT_VEC q4_0 m=5120 n=1 k=6144: 1 x 45.6 us = 45.6 us (1379.59 GFLOPS/s)
Total time: 45.6 us.
----------------
Vulkan Timings:
MUL_MAT_VEC q4_0 m=5120 n=1 k=6144: 1 x 45.76 us = 45.76 us (1374.77 GFLOPS/s)
Total time: 45.76 us.
----------------
Vulkan Timings:
MUL_MAT_VEC q4_0 m=5120 n=1 k=6144: 1 x 45.72 us = 45.72 us (1375.97 GFLOPS/s)
Total time: 45.72 us.
----------------
Vulkan Timings:
MUL_MAT_VEC q4_0 m=5120 n=1 k=6144: 1 x 45.84 us = 45.84 us (1372.37 GFLOPS/s)
Total time: 45.84 us.
----------------
Vulkan Timings:
MUL_MAT_VEC q4_0 m=5120 n=1 k=6144: 1 x 45.76 us = 45.76 us (1374.77 GFLOPS/s)
Total time: 45.76 us.
----------------
Vulkan Timings:
MUL_MAT_VEC q4_0 m=5120 n=1 k=6144: 1 x 46.08 us = 46.08 us (1365.22 GFLOPS/s)
Total time: 46.08 us.
----------------
Vulkan Timings:
MUL_MAT_VEC q4_0 m=5120 n=1 k=6144: 1 x 46 us = 46 us (1367.6 GFLOPS/s)
Total time: 46 us.
----------------
Vulkan Timings:
MUL_MAT_VEC q4_0 m=5120 n=1 k=6144: 1 x 45.72 us = 45.72 us (1375.97 GFLOPS/s)
Total time: 45.72 us.
----------------
Vulkan Timings:
MUL_MAT_VEC q4_0 m=5120 n=1 k=6144: 1 x 45.88 us = 45.88 us (1371.17 GFLOPS/s)
Total time: 45.88 us.
----------------
Vulkan Timings:
MUL_MAT_VEC q4_0 m=5120 n=1 k=6144: 1 x 45.76 us = 45.76 us (1374.77 GFLOPS/s)
Total time: 45.76 us.
----------------
Vulkan Timings:
MUL_MAT_VEC q4_0 m=5120 n=1 k=6144: 1 x 45.28 us = 45.28 us (1389.34 GFLOPS/s)
Total time: 45.28 us.
----------------
Vulkan Timings:
MUL_MAT_VEC q4_0 m=5120 n=1 k=6144: 1 x 45.72 us = 45.72 us (1375.97 GFLOPS/s)
Total time: 45.72 us.
----------------
Vulkan Timings:
MUL_MAT_VEC q4_0 m=5120 n=1 k=6144: 1 x 46 us = 46 us (1367.6 GFLOPS/s)
Total time: 46 us.
----------------
Vulkan Timings:
MUL_MAT_VEC q4_0 m=5120 n=1 k=6144: 1 x 46 us = 46 us (1367.6 GFLOPS/s)
Total time: 46 us.
----------------
Vulkan Timings:
MUL_MAT_VEC q4_0 m=5120 n=1 k=6144: 1 x 45.72 us = 45.72 us (1375.97 GFLOPS/s)
Total time: 45.72 us.
----------------
Vulkan Timings:
MUL_MAT_VEC q4_0 m=5120 n=1 k=6144: 1 x 45.84 us = 45.84 us (1372.37 GFLOPS/s)
Total time: 45.84 us.
----------------
Vulkan Timings:
MUL_MAT_VEC q4_0 m=5120 n=1 k=6144: 1 x 45.76 us = 45.76 us (1374.77 GFLOPS/s)
Total time: 45.76 us.
----------------
Vulkan Timings:
MUL_MAT_VEC q4_0 m=5120 n=1 k=6144: 1 x 45.76 us = 45.76 us (1374.77 GFLOPS/s)
Total time: 45.76 us.
----------------
Vulkan Timings:
MUL_MAT_VEC q4_0 m=5120 n=1 k=6144: 1 x 45.96 us = 45.96 us (1368.79 GFLOPS/s)
Total time: 45.96 us.
----------------
Vulkan Timings:
MUL_MAT_VEC q4_0 m=5120 n=1 k=6144: 1 x 45.84 us = 45.84 us (1372.37 GFLOPS/s)
Total time: 45.84 us.
----------------
Vulkan Timings:
MUL_MAT_VEC q4_0 m=5120 n=1 k=6144: 1 x 45.68 us = 45.68 us (1377.18 GFLOPS/s)
Total time: 45.68 us.
----------------
Vulkan Timings:
MUL_MAT_VEC q4_0 m=5120 n=1 k=6144: 1 x 46 us = 46 us (1367.6 GFLOPS/s)
Total time: 46 us.
----------------
Vulkan Timings:
MUL_MAT_VEC q4_0 m=5120 n=1 k=6144: 1 x 46.04 us = 46.04 us (1366.41 GFLOPS/s)
Total time: 46.04 us.
----------------
Vulkan Timings:
MUL_MAT_VEC q4_0 m=5120 n=1 k=6144: 1 x 45.76 us = 45.76 us (1374.77 GFLOPS/s)
Total time: 45.76 us.
----------------
Vulkan Timings:
MUL_MAT_VEC q4_0 m=5120 n=1 k=6144: 1 x 45.68 us = 45.68 us (1377.18 GFLOPS/s)
Total time: 45.68 us.
----------------
Vulkan Timings:
MUL_MAT_VEC q4_0 m=5120 n=1 k=6144: 1 x 46.16 us = 46.16 us (1362.86 GFLOPS/s)
Total time: 46.16 us.
----------------
Vulkan Timings:
MUL_MAT_VEC q4_0 m=5120 n=1 k=6144: 1 x 45.44 us = 45.44 us (1384.45 GFLOPS/s)
Total time: 45.44 us.
----------------
Vulkan Timings:
MUL_MAT_VEC q4_0 m=5120 n=1 k=6144: 1 x 45.68 us = 45.68 us (1377.18 GFLOPS/s)
Total time: 45.68 us.
----------------
Vulkan Timings:
MUL_MAT_VEC q4_0 m=5120 n=1 k=6144: 1 x 45.88 us = 45.88 us (1371.17 GFLOPS/s)
Total time: 45.88 us.
----------------
Vulkan Timings:
MUL_MAT_VEC q4_0 m=5120 n=1 k=6144: 1 x 45.48 us = 45.48 us (1383.23 GFLOPS/s)
Total time: 45.48 us.
----------------
Vulkan Timings:
MUL_MAT_VEC q4_0 m=5120 n=1 k=6144: 1 x 45.76 us = 45.76 us (1374.77 GFLOPS/s)
Total time: 45.76 us.
----------------
Vulkan Timings:
MUL_MAT_VEC q4_0 m=5120 n=1 k=6144: 1 x 45.96 us = 45.96 us (1368.79 GFLOPS/s)
Total time: 45.96 us.
----------------
Vulkan Timings:
MUL_MAT_VEC q4_0 m=5120 n=1 k=6144: 1 x 45.68 us = 45.68 us (1377.18 GFLOPS/s)
Total time: 45.68 us.
----------------
Vulkan Timings:
MUL_MAT_VEC q4_0 m=5120 n=1 k=6144: 1 x 45.8 us = 45.8 us (1373.57 GFLOPS/s)
Total time: 45.8 us.
----------------
Vulkan Timings:
MUL_MAT_VEC q4_0 m=5120 n=1 k=6144: 1 x 45.64 us = 45.64 us (1378.38 GFLOPS/s)
Total time: 45.64 us.
----------------
Vulkan Timings:
MUL_MAT_VEC q4_0 m=5120 n=1 k=6144: 1 x 45.64 us = 45.64 us (1378.38 GFLOPS/s)
Total time: 45.64 us.
----------------
Vulkan Timings:
MUL_MAT_VEC q4_0 m=5120 n=1 k=6144: 1 x 46 us = 46 us (1367.6 GFLOPS/s)
Total time: 46 us.
----------------
Vulkan Timings:
MUL_MAT_VEC q4_0 m=5120 n=1 k=6144: 1 x 46.04 us = 46.04 us (1366.41 GFLOPS/s)
Total time: 46.04 us.
----------------
Vulkan Timings:
MUL_MAT_VEC q4_0 m=5120 n=1 k=6144: 1 x 45.76 us = 45.76 us (1374.77 GFLOPS/s)
Total time: 45.76 us.
----------------
Vulkan Timings:
MUL_MAT_VEC q4_0 m=5120 n=1 k=6144: 1 x 45.64 us = 45.64 us (1378.38 GFLOPS/s)
Total time: 45.64 us.
----------------
Vulkan Timings:
MUL_MAT_VEC q4_0 m=5120 n=1 k=6144: 1 x 45.72 us = 45.72 us (1375.97 GFLOPS/s)
Total time: 45.72 us.
----------------
Vulkan Timings:
MUL_MAT_VEC q4_0 m=5120 n=1 k=6144: 1 x 45.4 us = 45.4 us (1385.67 GFLOPS/s)
Total time: 45.4 us.
----------------
Vulkan Timings:
MUL_MAT_VEC q4_0 m=5120 n=1 k=6144: 1 x 45.28 us = 45.28 us (1389.34 GFLOPS/s)
Total time: 45.28 us.
----------------
Vulkan Timings:
MUL_MAT_VEC q4_0 m=5120 n=1 k=6144: 1 x 45.96 us = 45.96 us (1368.79 GFLOPS/s)
Total time: 45.96 us.
----------------
Vulkan Timings:
MUL_MAT_VEC q4_0 m=5120 n=1 k=6144: 1 x 45.8 us = 45.8 us (1373.57 GFLOPS/s)
Total time: 45.8 us.
----------------
Vulkan Timings:
MUL_MAT_VEC q4_0 m=5120 n=1 k=6144: 1 x 45.76 us = 45.76 us (1374.77 GFLOPS/s)
Total time: 45.76 us.
----------------
Vulkan Timings:
MUL_MAT_VEC q4_0 m=5120 n=1 k=6144: 1 x 45.28 us = 45.28 us (1389.34 GFLOPS/s)
Total time: 45.28 us.
----------------
Vulkan Timings:
MUL_MAT_VEC q4_0 m=5120 n=1 k=6144: 1 x 45.48 us = 45.48 us (1383.23 GFLOPS/s)
Total time: 45.48 us.
----------------
Vulkan Timings:
MUL_MAT_VEC q4_0 m=5120 n=1 k=6144: 1 x 45.64 us = 45.64 us (1378.38 GFLOPS/s)
Total time: 45.64 us.
----------------
Vulkan Timings:
MUL_MAT_VEC q4_0 m=5120 n=1 k=6144: 1 x 46.16 us = 46.16 us (1362.86 GFLOPS/s)
Total time: 46.16 us.
----------------
Vulkan Timings:
MUL_MAT_VEC q4_0 m=5120 n=1 k=6144: 1 x 45.92 us = 45.92 us (1369.98 GFLOPS/s)
Total time: 45.92 us.
----------------
Vulkan Timings:
MUL_MAT_VEC q4_0 m=5120 n=1 k=6144: 1 x 45.92 us = 45.92 us (1369.98 GFLOPS/s)
Total time: 45.92 us.
----------------
Vulkan Timings:
MUL_MAT_VEC q4_0 m=5120 n=1 k=6144: 1 x 45.64 us = 45.64 us (1378.38 GFLOPS/s)
Total time: 45.64 us.
----------------
Vulkan Timings:
MUL_MAT_VEC q4_0 m=5120 n=1 k=6144: 1 x 45.64 us = 45.64 us (1378.38 GFLOPS/s)
Total time: 45.64 us.
----------------
Vulkan Timings:
MUL_MAT_VEC q4_0 m=5120 n=1 k=6144: 1 x 45.8 us = 45.8 us (1373.57 GFLOPS/s)
Total time: 45.8 us.
----------------
Vulkan Timings:
MUL_MAT_VEC q4_0 m=5120 n=1 k=6144: 1 x 45.72 us = 45.72 us (1375.97 GFLOPS/s)
Total time: 45.72 us.
----------------
Vulkan Timings:
MUL_MAT_VEC q4_0 m=5120 n=1 k=6144: 1 x 45.72 us = 45.72 us (1375.97 GFLOPS/s)
Total time: 45.72 us.
----------------
Vulkan Timings:
MUL_MAT_VEC q4_0 m=5120 n=1 k=6144: 1 x 45.88 us = 45.88 us (1371.17 GFLOPS/s)
Total time: 45.88 us.
----------------
Vulkan Timings:
MUL_MAT_VEC q4_0 m=5120 n=1 k=6144: 1 x 45.68 us = 45.68 us (1377.18 GFLOPS/s)
Total time: 45.68 us.
----------------
Vulkan Timings:
MUL_MAT_VEC q4_0 m=5120 n=1 k=6144: 1 x 45.72 us = 45.72 us (1375.97 GFLOPS/s)
Total time: 45.72 us.
----------------
Vulkan Timings:
MUL_MAT_VEC q4_0 m=5120 n=1 k=6144: 1 x 45.76 us = 45.76 us (1374.77 GFLOPS/s)
Total time: 45.76 us.
----------------
Vulkan Timings:
MUL_MAT_VEC q4_0 m=5120 n=1 k=6144: 1 x 45.76 us = 45.76 us (1374.77 GFLOPS/s)
Total time: 45.76 us.
----------------
Vulkan Timings:
MUL_MAT_VEC q4_0 m=5120 n=1 k=6144: 1 x 46 us = 46 us (1367.6 GFLOPS/s)
Total time: 46 us.
----------------
Vulkan Timings:
MUL_MAT_VEC q4_0 m=5120 n=1 k=6144: 1 x 45.76 us = 45.76 us (1374.77 GFLOPS/s)
Total time: 45.76 us.
----------------
Vulkan Timings:
MUL_MAT_VEC q4_0 m=5120 n=1 k=6144: 1 x 45.68 us = 45.68 us (1377.18 GFLOPS/s)
Total time: 45.68 us.
----------------
Vulkan Timings:
MUL_MAT_VEC q4_0 m=5120 n=1 k=6144: 1 x 45.96 us = 45.96 us (1368.79 GFLOPS/s)
Total time: 45.96 us.
----------------
Vulkan Timings:
MUL_MAT_VEC q4_0 m=5120 n=1 k=6144: 1 x 46.08 us = 46.08 us (1365.22 GFLOPS/s)
Total time: 46.08 us.
----------------
Vulkan Timings:
MUL_MAT_VEC q4_0 m=5120 n=1 k=6144: 1 x 45.84 us = 45.84 us (1372.37 GFLOPS/s)
Total time: 45.84 us.
----------------
Vulkan Timings:
MUL_MAT_VEC q4_0 m=5120 n=1 k=6144: 1 x 45.96 us = 45.96 us (1368.79 GFLOPS/s)
Total time: 45.96 us.
----------------
Vulkan Timings:
MUL_MAT_VEC q4_0 m=5120 n=1 k=6144: 1 x 45.76 us = 45.76 us (1374.77 GFLOPS/s)
Total time: 45.76 us.
----------------
Vulkan Timings:
MUL_MAT_VEC q4_0 m=5120 n=1 k=6144: 1 x 45.76 us = 45.76 us (1374.77 GFLOPS/s)
Total time: 45.76 us.
----------------
Vulkan Timings:
MUL_MAT_VEC q4_0 m=5120 n=1 k=6144: 1 x 46.04 us = 46.04 us (1366.41 GFLOPS/s)
Total time: 46.04 us.
----------------
Vulkan Timings:
MUL_MAT_VEC q4_0 m=5120 n=1 k=6144: 1 x 45.72 us = 45.72 us (1375.97 GFLOPS/s)
Total time: 45.72 us.
----------------
Vulkan Timings:
MUL_MAT_VEC q4_0 m=5120 n=1 k=6144: 1 x 45.72 us = 45.72 us (1375.97 GFLOPS/s)
Total time: 45.72 us.
----------------
Vulkan Timings:
MUL_MAT_VEC q4_0 m=5120 n=1 k=6144: 1 x 45.72 us = 45.72 us (1375.97 GFLOPS/s)
Total time: 45.72 us.
----------------
Vulkan Timings:
MUL_MAT_VEC q4_0 m=5120 n=1 k=6144: 1 x 45.8 us = 45.8 us (1373.57 GFLOPS/s)
Total time: 45.8 us.
----------------
Vulkan Timings:
MUL_MAT_VEC q4_0 m=5120 n=1 k=6144: 1 x 45.64 us = 45.64 us (1378.38 GFLOPS/s)
Total time: 45.64 us.
----------------
Vulkan Timings:
MUL_MAT_VEC q4_0 m=5120 n=1 k=6144: 1 x 51.28 us = 51.28 us (1226.78 GFLOPS/s)
Total time: 51.28 us.
----------------
Vulkan Timings:
MUL_MAT_VEC q4_0 m=5120 n=1 k=6144: 1 x 46.2 us = 46.2 us (1361.68 GFLOPS/s)
Total time: 46.2 us.
----------------
Vulkan Timings:
MUL_MAT_VEC q4_0 m=5120 n=1 k=6144: 1 x 47.92 us = 47.92 us (1312.8 GFLOPS/s)
Total time: 47.92 us.
----------------
Vulkan Timings:
MUL_MAT_VEC q4_0 m=5120 n=1 k=6144: 1 x 46.08 us = 46.08 us (1365.22 GFLOPS/s)
Total time: 46.08 us.
----------------
Vulkan Timings:
MUL_MAT_VEC q4_0 m=5120 n=1 k=6144: 1 x 45.84 us = 45.84 us (1372.37 GFLOPS/s)
Total time: 45.84 us.
----------------
Vulkan Timings:
MUL_MAT_VEC q4_0 m=5120 n=1 k=6144: 1 x 45.68 us = 45.68 us (1377.18 GFLOPS/s)
Total time: 45.68 us.
----------------
Vulkan Timings:
MUL_MAT_VEC q4_0 m=5120 n=1 k=6144: 1 x 45.64 us = 45.64 us (1378.38 GFLOPS/s)
Total time: 45.64 us.
----------------
Vulkan Timings:
MUL_MAT_VEC q4_0 m=5120 n=1 k=6144: 1 x 46.04 us = 46.04 us (1366.41 GFLOPS/s)
Total time: 46.04 us.
----------------
Vulkan Timings:
MUL_MAT_VEC q4_0 m=5120 n=1 k=6144: 1 x 45.8 us = 45.8 us (1373.57 GFLOPS/s)
Total time: 45.8 us.
----------------
Vulkan Timings:
MUL_MAT_VEC q4_0 m=5120 n=1 k=6144: 1 x 45.84 us = 45.84 us (1372.37 GFLOPS/s)
Total time: 45.84 us.
----------------
Vulkan Timings:
MUL_MAT_VEC q4_0 m=5120 n=1 k=6144: 1 x 45.56 us = 45.56 us (1380.8 GFLOPS/s)
Total time: 45.56 us.
----------------
Vulkan Timings:
MUL_MAT_VEC q4_0 m=5120 n=1 k=6144: 1 x 45.72 us = 45.72 us (1375.97 GFLOPS/s)
Total time: 45.72 us.
----------------
Vulkan Timings:
MUL_MAT_VEC q4_0 m=5120 n=1 k=6144: 1 x 45.8 us = 45.8 us (1373.57 GFLOPS/s)
Total time: 45.8 us.
----------------
Vulkan Timings:
MUL_MAT_VEC q4_0 m=5120 n=1 k=6144: 1 x 45.76 us = 45.76 us (1374.77 GFLOPS/s)
Total time: 45.76 us.
----------------
Vulkan Timings:
MUL_MAT_VEC q4_0 m=5120 n=1 k=6144: 1 x 46.04 us = 46.04 us (1366.41 GFLOPS/s)
Total time: 46.04 us.
----------------
Vulkan Timings:
MUL_MAT_VEC q4_0 m=5120 n=1 k=6144: 1 x 46.04 us = 46.04 us (1366.41 GFLOPS/s)
Total time: 46.04 us.
----------------
Vulkan Timings:
MUL_MAT_VEC q4_0 m=5120 n=1 k=6144: 1 x 45.92 us = 45.92 us (1369.98 GFLOPS/s)
Total time: 45.92 us.
----------------
Vulkan Timings:
MUL_MAT_VEC q4_0 m=5120 n=1 k=6144: 1 x 46.2 us = 46.2 us (1361.68 GFLOPS/s)
Total time: 46.2 us.
----------------
Vulkan Timings:
MUL_MAT_VEC q4_0 m=5120 n=1 k=6144: 1 x 45.68 us = 45.68 us (1377.18 GFLOPS/s)
Total time: 45.68 us.
----------------
Vulkan Timings:
MUL_MAT_VEC q4_0 m=5120 n=1 k=6144: 1 x 45.08 us = 45.08 us (1395.51 GFLOPS/s)
Total time: 45.08 us.
----------------
Vulkan Timings:
MUL_MAT_VEC q4_0 m=5120 n=1 k=6144: 1 x 44.96 us = 44.96 us (1399.23 GFLOPS/s)
Total time: 44.96 us.
----------------
Vulkan Timings:
MUL_MAT_VEC q4_0 m=5120 n=1 k=6144: 1 x 44.8 us = 44.8 us (1404.23 GFLOPS/s)
Total time: 44.8 us.
----------------
Vulkan Timings:
MUL_MAT_VEC q4_0 m=5120 n=1 k=6144: 1 x 45.52 us = 45.52 us (1382.02 GFLOPS/s)
Total time: 45.52 us.
----------------
Vulkan Timings:
MUL_MAT_VEC q4_0 m=5120 n=1 k=6144: 1 x 45.28 us = 45.28 us (1389.34 GFLOPS/s)
Total time: 45.28 us.
----------------
Vulkan Timings:
MUL_MAT_VEC q4_0 m=5120 n=1 k=6144: 1 x 45.28 us = 45.28 us (1389.34 GFLOPS/s)
Total time: 45.28 us.
----------------
Vulkan Timings:
MUL_MAT_VEC q4_0 m=5120 n=1 k=6144: 1 x 45.2 us = 45.2 us (1391.8 GFLOPS/s)
Total time: 45.2 us.
----------------
Vulkan Timings:
MUL_MAT_VEC q4_0 m=5120 n=1 k=6144: 1 x 45.2 us = 45.2 us (1391.8 GFLOPS/s)
Total time: 45.2 us.
----------------
Vulkan Timings:
MUL_MAT_VEC q4_0 m=5120 n=1 k=6144: 1 x 45.28 us = 45.28 us (1389.34 GFLOPS/s)
Total time: 45.28 us.
----------------
Vulkan Timings:
MUL_MAT_VEC q4_0 m=5120 n=1 k=6144: 1 x 45.28 us = 45.28 us (1389.34 GFLOPS/s)
Total time: 45.28 us.
----------------
Vulkan Timings:
MUL_MAT_VEC q4_0 m=5120 n=1 k=6144: 1 x 45.4 us = 45.4 us (1385.67 GFLOPS/s)
Total time: 45.4 us.
----------------
Vulkan Timings:
MUL_MAT_VEC q4_0 m=5120 n=1 k=6144: 1 x 45.4 us = 45.4 us (1385.67 GFLOPS/s)
Total time: 45.4 us.
----------------
Vulkan Timings:
MUL_MAT_VEC q4_0 m=5120 n=1 k=6144: 1 x 45.28 us = 45.28 us (1389.34 GFLOPS/s)
Total time: 45.28 us.
----------------
Vulkan Timings:
MUL_MAT_VEC q4_0 m=5120 n=1 k=6144: 1 x 46.72 us = 46.72 us (1346.52 GFLOPS/s)
Total time: 46.72 us.
----------------
Vulkan Timings:
MUL_MAT_VEC q4_0 m=5120 n=1 k=6144: 1 x 45.64 us = 45.64 us (1378.38 GFLOPS/s)
Total time: 45.64 us.
----------------
Vulkan Timings:
MUL_MAT_VEC q4_0 m=5120 n=1 k=6144: 1 x 45.28 us = 45.28 us (1389.34 GFLOPS/s)
Total time: 45.28 us.
----------------
Vulkan Timings:
MUL_MAT_VEC q4_0 m=5120 n=1 k=6144: 1 x 45.4 us = 45.4 us (1385.67 GFLOPS/s)
Total time: 45.4 us.
----------------
Vulkan Timings:
MUL_MAT_VEC q4_0 m=5120 n=1 k=6144: 1 x 45.24 us = 45.24 us (1390.57 GFLOPS/s)
Total time: 45.24 us.
----------------
Vulkan Timings:
MUL_MAT_VEC q4_0 m=5120 n=1 k=6144: 1 x 45.2 us = 45.2 us (1391.8 GFLOPS/s)
Total time: 45.2 us.
----------------
Vulkan Timings:
MUL_MAT_VEC q4_0 m=5120 n=1 k=6144: 1 x 45.56 us = 45.56 us (1380.8 GFLOPS/s)
Total time: 45.56 us.
----------------
Vulkan Timings:
MUL_MAT_VEC q4_0 m=5120 n=1 k=6144: 1 x 45.72 us = 45.72 us (1375.97 GFLOPS/s)
Total time: 45.72 us.
----------------
Vulkan Timings:
MUL_MAT_VEC q4_0 m=5120 n=1 k=6144: 1 x 45.36 us = 45.36 us (1386.89 GFLOPS/s)
Total time: 45.36 us.
----------------
Vulkan Timings:
MUL_MAT_VEC q4_0 m=5120 n=1 k=6144: 1 x 45.36 us = 45.36 us (1386.89 GFLOPS/s)
Total time: 45.36 us.
----------------
Vulkan Timings:
MUL_MAT_VEC q4_0 m=5120 n=1 k=6144: 1 x 45.44 us = 45.44 us (1384.45 GFLOPS/s)
Total time: 45.44 us.
----------------
Vulkan Timings:
MUL_MAT_VEC q4_0 m=5120 n=1 k=6144: 1 x 45.52 us = 45.52 us (1382.02 GFLOPS/s)
Total time: 45.52 us.
----------------
Vulkan Timings:
MUL_MAT_VEC q4_0 m=5120 n=1 k=6144: 1 x 45.4 us = 45.4 us (1385.67 GFLOPS/s)
Total time: 45.4 us.
----------------
Vulkan Timings:
MUL_MAT_VEC q4_0 m=5120 n=1 k=6144: 1 x 45.36 us = 45.36 us (1386.89 GFLOPS/s)
Total time: 45.36 us.
----------------
Vulkan Timings:
MUL_MAT_VEC q4_0 m=5120 n=1 k=6144: 1 x 45.28 us = 45.28 us (1389.34 GFLOPS/s)
Total time: 45.28 us.
----------------
Vulkan Timings:
MUL_MAT_VEC q4_0 m=5120 n=1 k=6144: 1 x 45.6 us = 45.6 us (1379.59 GFLOPS/s)
Total time: 45.6 us.
----------------
Vulkan Timings:
MUL_MAT_VEC q4_0 m=5120 n=1 k=6144: 1 x 45.24 us = 45.24 us (1390.57 GFLOPS/s)
Total time: 45.24 us.
----------------
Vulkan Timings:
MUL_MAT_VEC q4_0 m=5120 n=1 k=6144: 1 x 45.8 us = 45.8 us (1373.57 GFLOPS/s)
Total time: 45.8 us.
----------------
Vulkan Timings:
MUL_MAT_VEC q4_0 m=5120 n=1 k=6144: 1 x 45.4 us = 45.4 us (1385.67 GFLOPS/s)
Total time: 45.4 us.
----------------
Vulkan Timings:
MUL_MAT_VEC q4_0 m=5120 n=1 k=6144: 1 x 45.24 us = 45.24 us (1390.57 GFLOPS/s)
Total time: 45.24 us.
----------------
Vulkan Timings:
MUL_MAT_VEC q4_0 m=5120 n=1 k=6144: 1 x 45.64 us = 45.64 us (1378.38 GFLOPS/s)
Total time: 45.64 us.
----------------
Vulkan Timings:
MUL_MAT_VEC q4_0 m=5120 n=1 k=6144: 1 x 45.32 us = 45.32 us (1388.12 GFLOPS/s)
Total time: 45.32 us.
----------------
Vulkan Timings:
MUL_MAT_VEC q4_0 m=5120 n=1 k=6144: 1 x 45.2 us = 45.2 us (1391.8 GFLOPS/s)
Total time: 45.2 us.
----------------
Vulkan Timings:
MUL_MAT_VEC q4_0 m=5120 n=1 k=6144: 1 x 45.24 us = 45.24 us (1390.57 GFLOPS/s)
Total time: 45.24 us.
----------------
Vulkan Timings:
MUL_MAT_VEC q4_0 m=5120 n=1 k=6144: 1 x 45.36 us = 45.36 us (1386.89 GFLOPS/s)
Total time: 45.36 us.
----------------
Vulkan Timings:
MUL_MAT_VEC q4_0 m=5120 n=1 k=6144: 1 x 45.92 us = 45.92 us (1369.98 GFLOPS/s)
Total time: 45.92 us.
----------------
Vulkan Timings:
MUL_MAT_VEC q4_0 m=5120 n=1 k=6144: 1 x 45.4 us = 45.4 us (1385.67 GFLOPS/s)
Total time: 45.4 us.
----------------
Vulkan Timings:
MUL_MAT_VEC q4_0 m=5120 n=1 k=6144: 1 x 57.6 us = 57.6 us (1092.18 GFLOPS/s)
Total time: 57.6 us.
----------------
Vulkan Timings:
MUL_MAT_VEC q4_0 m=5120 n=1 k=6144: 1 x 45.36 us = 45.36 us (1386.89 GFLOPS/s)
Total time: 45.36 us.
----------------
Vulkan Timings:
MUL_MAT_VEC q4_0 m=5120 n=1 k=6144: 1 x 45.96 us = 45.96 us (1368.79 GFLOPS/s)
Total time: 45.96 us.
----------------
Vulkan Timings:
MUL_MAT_VEC q4_0 m=5120 n=1 k=6144: 1 x 45.88 us = 45.88 us (1371.17 GFLOPS/s)
Total time: 45.88 us.
----------------
Vulkan Timings:
MUL_MAT_VEC q4_0 m=5120 n=1 k=6144: 1 x 45.88 us = 45.88 us (1371.17 GFLOPS/s)
Total time: 45.88 us.
----------------
Vulkan Timings:
MUL_MAT_VEC q4_0 m=5120 n=1 k=6144: 1 x 45.76 us = 45.76 us (1374.77 GFLOPS/s)
Total time: 45.76 us.
----------------
Vulkan Timings:
MUL_MAT_VEC q4_0 m=5120 n=1 k=6144: 1 x 45.72 us = 45.72 us (1375.97 GFLOPS/s)
Total time: 45.72 us.
----------------
Vulkan Timings:
MUL_MAT_VEC q4_0 m=5120 n=1 k=6144: 1 x 46.04 us = 46.04 us (1366.41 GFLOPS/s)
Total time: 46.04 us.
----------------
Vulkan Timings:
MUL_MAT_VEC q4_0 m=5120 n=1 k=6144: 1 x 45.84 us = 45.84 us (1372.37 GFLOPS/s)
Total time: 45.84 us.
----------------
Vulkan Timings:
MUL_MAT_VEC q4_0 m=5120 n=1 k=6144: 1 x 45.96 us = 45.96 us (1368.79 GFLOPS/s)
Total time: 45.96 us.
----------------
Vulkan Timings:
MUL_MAT_VEC q4_0 m=5120 n=1 k=6144: 1 x 45.88 us = 45.88 us (1371.17 GFLOPS/s)
Total time: 45.88 us.
----------------
Vulkan Timings:
MUL_MAT_VEC q4_0 m=5120 n=1 k=6144: 1 x 45.48 us = 45.48 us (1383.23 GFLOPS/s)
Total time: 45.48 us.
----------------
Vulkan Timings:
MUL_MAT_VEC q4_0 m=5120 n=1 k=6144: 1 x 45.76 us = 45.76 us (1374.77 GFLOPS/s)
Total time: 45.76 us.
----------------
Vulkan Timings:
MUL_MAT_VEC q4_0 m=5120 n=1 k=6144: 1 x 45.84 us = 45.84 us (1372.37 GFLOPS/s)
Total time: 45.84 us.
----------------
Vulkan Timings:
MUL_MAT_VEC q4_0 m=5120 n=1 k=6144: 1 x 45.68 us = 45.68 us (1377.18 GFLOPS/s)
Total time: 45.68 us.
----------------
Vulkan Timings:
MUL_MAT_VEC q4_0 m=5120 n=1 k=6144: 1 x 45.44 us = 45.44 us (1384.45 GFLOPS/s)
Total time: 45.44 us.
----------------
Vulkan Timings:
MUL_MAT_VEC q4_0 m=5120 n=1 k=6144: 1 x 46 us = 46 us (1367.6 GFLOPS/s)
Total time: 46 us.
----------------
Vulkan Timings:
MUL_MAT_VEC q4_0 m=5120 n=1 k=6144: 1 x 45.72 us = 45.72 us (1375.97 GFLOPS/s)
Total time: 45.72 us.
----------------
Vulkan Timings:
MUL_MAT_VEC q4_0 m=5120 n=1 k=6144: 1 x 45.56 us = 45.56 us (1380.8 GFLOPS/s)
Total time: 45.56 us.
----------------
Vulkan Timings:
MUL_MAT_VEC q4_0 m=5120 n=1 k=6144: 1 x 45.8 us = 45.8 us (1373.57 GFLOPS/s)
Total time: 45.8 us.
----------------
Vulkan Timings:
MUL_MAT_VEC q4_0 m=5120 n=1 k=6144: 1 x 46 us = 46 us (1367.6 GFLOPS/s)
Total time: 46 us.
----------------
Vulkan Timings:
MUL_MAT_VEC q4_0 m=5120 n=1 k=6144: 1 x 45.72 us = 45.72 us (1375.97 GFLOPS/s)
Total time: 45.72 us.
----------------
Vulkan Timings:
MUL_MAT_VEC q4_0 m=5120 n=1 k=6144: 1 x 45.76 us = 45.76 us (1374.77 GFLOPS/s)
Total time: 45.76 us.
----------------
Vulkan Timings:
MUL_MAT_VEC q4_0 m=5120 n=1 k=6144: 1 x 45.76 us = 45.76 us (1374.77 GFLOPS/s)
Total time: 45.76 us.
----------------
Vulkan Timings:
MUL_MAT_VEC q4_0 m=5120 n=1 k=6144: 1 x 45.8 us = 45.8 us (1373.57 GFLOPS/s)
Total time: 45.8 us.
----------------
Vulkan Timings:
MUL_MAT_VEC q4_0 m=5120 n=1 k=6144: 1 x 45.64 us = 45.64 us (1378.38 GFLOPS/s)
Total time: 45.64 us.
----------------
Vulkan Timings:
MUL_MAT_VEC q4_0 m=5120 n=1 k=6144: 1 x 45.84 us = 45.84 us (1372.37 GFLOPS/s)
Total time: 45.84 us.
----------------
Vulkan Timings:
MUL_MAT_VEC q4_0 m=5120 n=1 k=6144: 1 x 46.2 us = 46.2 us (1361.68 GFLOPS/s)
Total time: 46.2 us.
----------------
Vulkan Timings:
MUL_MAT_VEC q4_0 m=5120 n=1 k=6144: 1 x 45.88 us = 45.88 us (1371.17 GFLOPS/s)
Total time: 45.88 us.
----------------
Vulkan Timings:
MUL_MAT_VEC q4_0 m=5120 n=1 k=6144: 1 x 45.84 us = 45.84 us (1372.37 GFLOPS/s)
Total time: 45.84 us.
----------------
Vulkan Timings:
MUL_MAT_VEC q4_0 m=5120 n=1 k=6144: 1 x 46.08 us = 46.08 us (1365.22 GFLOPS/s)
Total time: 46.08 us.
----------------
Vulkan Timings:
MUL_MAT_VEC q4_0 m=5120 n=1 k=6144: 1 x 46.12 us = 46.12 us (1364.04 GFLOPS/s)
Total time: 46.12 us.
----------------
Vulkan Timings:
MUL_MAT_VEC q4_0 m=5120 n=1 k=6144: 1 x 46.04 us = 46.04 us (1366.41 GFLOPS/s)
Total time: 46.04 us.
----------------
Vulkan Timings:
MUL_MAT_VEC q4_0 m=5120 n=1 k=6144: 1 x 45.76 us = 45.76 us (1374.77 GFLOPS/s)
Total time: 45.76 us.
----------------
Vulkan Timings:
MUL_MAT_VEC q4_0 m=5120 n=1 k=6144: 1 x 46.08 us = 46.08 us (1365.22 GFLOPS/s)
Total time: 46.08 us.
----------------
Vulkan Timings:
MUL_MAT_VEC q4_0 m=5120 n=1 k=6144: 1 x 47.56 us = 47.56 us (1322.74 GFLOPS/s)
Total time: 47.56 us.
----------------
Vulkan Timings:
MUL_MAT_VEC q4_0 m=5120 n=1 k=6144: 1 x 46.28 us = 46.28 us (1359.32 GFLOPS/s)
Total time: 46.28 us.
----------------
Vulkan Timings:
MUL_MAT_VEC q4_0 m=5120 n=1 k=6144: 1 x 47.68 us = 47.68 us (1319.41 GFLOPS/s)
Total time: 47.68 us.
----------------
Vulkan Timings:
MUL_MAT_VEC q4_0 m=5120 n=1 k=6144: 1 x 46 us = 46 us (1367.6 GFLOPS/s)
Total time: 46 us.
----------------
Vulkan Timings:
MUL_MAT_VEC q4_0 m=5120 n=1 k=6144: 1 x 45.96 us = 45.96 us (1368.79 GFLOPS/s)
Total time: 45.96 us.
----------------
Vulkan Timings:
MUL_MAT_VEC q4_0 m=5120 n=1 k=6144: 1 x 45.88 us = 45.88 us (1371.17 GFLOPS/s)
Total time: 45.88 us.
----------------
Vulkan Timings:
MUL_MAT_VEC q4_0 m=5120 n=1 k=6144: 1 x 45.8 us = 45.8 us (1373.57 GFLOPS/s)
Total time: 45.8 us.
----------------
Vulkan Timings:
MUL_MAT_VEC q4_0 m=5120 n=1 k=6144: 1 x 45.96 us = 45.96 us (1368.79 GFLOPS/s)
Total time: 45.96 us.
----------------
Vulkan Timings:
MUL_MAT_VEC q4_0 m=5120 n=1 k=6144: 1 x 45.8 us = 45.8 us (1373.57 GFLOPS/s)
Total time: 45.8 us.
----------------
Vulkan Timings:
MUL_MAT_VEC q4_0 m=5120 n=1 k=6144: 1 x 45.76 us = 45.76 us (1374.77 GFLOPS/s)
Total time: 45.76 us.
----------------
Vulkan Timings:
MUL_MAT_VEC q4_0 m=5120 n=1 k=6144: 1 x 45.84 us = 45.84 us (1372.37 GFLOPS/s)
Total time: 45.84 us.
----------------
Vulkan Timings:
MUL_MAT_VEC q4_0 m=5120 n=1 k=6144: 1 x 45.88 us = 45.88 us (1371.17 GFLOPS/s)
Total time: 45.88 us.
----------------
Vulkan Timings:
MUL_MAT_VEC q4_0 m=5120 n=1 k=6144: 1 x 45.8 us = 45.8 us (1373.57 GFLOPS/s)
Total time: 45.8 us.
----------------
Vulkan Timings:
MUL_MAT_VEC q4_0 m=5120 n=1 k=6144: 1 x 46.2 us = 46.2 us (1361.68 GFLOPS/s)
Total time: 46.2 us.
----------------
Vulkan Timings:
MUL_MAT_VEC q4_0 m=5120 n=1 k=6144: 1 x 45.76 us = 45.76 us (1374.77 GFLOPS/s)
Total time: 45.76 us.
----------------
Vulkan Timings:
MUL_MAT_VEC q4_0 m=5120 n=1 k=6144: 1 x 46.16 us = 46.16 us (1362.86 GFLOPS/s)
Total time: 46.16 us.
----------------
Vulkan Timings:
MUL_MAT_VEC q4_0 m=5120 n=1 k=6144: 1 x 46 us = 46 us (1367.6 GFLOPS/s)
Total time: 46 us.
----------------
Vulkan Timings:
MUL_MAT_VEC q4_0 m=5120 n=1 k=6144: 1 x 45.8 us = 45.8 us (1373.57 GFLOPS/s)
Total time: 45.8 us.
----------------
Vulkan Timings:
MUL_MAT_VEC q4_0 m=5120 n=1 k=6144: 1 x 46.96 us = 46.96 us (1339.64 GFLOPS/s)
Total time: 46.96 us.
----------------
Vulkan Timings:
MUL_MAT_VEC q4_0 m=5120 n=1 k=6144: 1 x 45.32 us = 45.32 us (1388.12 GFLOPS/s)
Total time: 45.32 us.
----------------
Vulkan Timings:
MUL_MAT_VEC q4_0 m=5120 n=1 k=6144: 1 x 45.92 us = 45.92 us (1369.98 GFLOPS/s)
Total time: 45.92 us.
----------------
Vulkan Timings:
MUL_MAT_VEC q4_0 m=5120 n=1 k=6144: 1 x 45.76 us = 45.76 us (1374.77 GFLOPS/s)
Total time: 45.76 us.
----------------
Vulkan Timings:
MUL_MAT_VEC q4_0 m=5120 n=1 k=6144: 1 x 46.2 us = 46.2 us (1361.68 GFLOPS/s)
Total time: 46.2 us.
----------------
Vulkan Timings:
MUL_MAT_VEC q4_0 m=5120 n=1 k=6144: 1 x 46.04 us = 46.04 us (1366.41 GFLOPS/s)
Total time: 46.04 us.
----------------
Vulkan Timings:
MUL_MAT_VEC q4_0 m=5120 n=1 k=6144: 1 x 45.84 us = 45.84 us (1372.37 GFLOPS/s)
Total time: 45.84 us.
----------------
Vulkan Timings:
MUL_MAT_VEC q4_0 m=5120 n=1 k=6144: 1 x 46.04 us = 46.04 us (1366.41 GFLOPS/s)
Total time: 46.04 us.
----------------
Vulkan Timings:
MUL_MAT_VEC q4_0 m=5120 n=1 k=6144: 1 x 45.84 us = 45.84 us (1372.37 GFLOPS/s)
Total time: 45.84 us.
----------------
Vulkan Timings:
MUL_MAT_VEC q4_0 m=5120 n=1 k=6144: 1 x 46.12 us = 46.12 us (1364.04 GFLOPS/s)
Total time: 46.12 us.
----------------
Vulkan Timings:
MUL_MAT_VEC q4_0 m=5120 n=1 k=6144: 1 x 46.04 us = 46.04 us (1366.41 GFLOPS/s)
Total time: 46.04 us.
----------------
Vulkan Timings:
MUL_MAT_VEC q4_0 m=5120 n=1 k=6144: 1 x 45.72 us = 45.72 us (1375.97 GFLOPS/s)
Total time: 45.72 us.
----------------
Vulkan Timings:
MUL_MAT_VEC q4_0 m=5120 n=1 k=6144: 1 x 45.84 us = 45.84 us (1372.37 GFLOPS/s)
Total time: 45.84 us.
----------------
Vulkan Timings:
MUL_MAT_VEC q4_0 m=5120 n=1 k=6144: 1 x 45.72 us = 45.72 us (1375.97 GFLOPS/s)
Total time: 45.72 us.
----------------
Vulkan Timings:
MUL_MAT_VEC q4_0 m=5120 n=1 k=6144: 1 x 45.92 us = 45.92 us (1369.98 GFLOPS/s)
Total time: 45.92 us.
----------------
Vulkan Timings:
MUL_MAT_VEC q4_0 m=5120 n=1 k=6144: 1 x 46 us = 46 us (1367.6 GFLOPS/s)
Total time: 46 us.
----------------
Vulkan Timings:
MUL_MAT_VEC q4_0 m=5120 n=1 k=6144: 1 x 45.84 us = 45.84 us (1372.37 GFLOPS/s)
Total time: 45.84 us.
