ggml_vulkan: Found 1 Vulkan devices:
ggml_vulkan: 0 = AMD Radeon RX 7900 XTX (RADV NAVI31) (radv) | uma: 0 | fp16: dot2 | bf16: 0 | fp4: 0 | warp size: 64 | shared memory: 65536 | int dot: 1 | matrix cores: KHR_coopmat
oracle=0.24.0 commit=456172ec-dirty device=AMD Radeon RX 7900 XTX (RADV NAVI31) disable_mmvq=1
backend_allocation_bytes=50225152
----------------
Vulkan Timings:
MUL_MAT_VEC q4_0 m=5120 n=1 k=17408: 1 x 120.68 us = 120.68 us (1477.07 GFLOPS/s)
Total time: 120.68 us.
----------------
Vulkan Timings:
MUL_MAT_VEC q4_0 m=5120 n=1 k=17408: 1 x 96.92 us = 96.92 us (1839.17 GFLOPS/s)
Total time: 96.92 us.
----------------
Vulkan Timings:
MUL_MAT_VEC q4_0 m=5120 n=1 k=17408: 1 x 96.76 us = 96.76 us (1842.22 GFLOPS/s)
Total time: 96.76 us.
----------------
Vulkan Timings:
MUL_MAT_VEC q4_0 m=5120 n=1 k=17408: 1 x 96.76 us = 96.76 us (1842.22 GFLOPS/s)
Total time: 96.76 us.
----------------
Vulkan Timings:
MUL_MAT_VEC q4_0 m=5120 n=1 k=17408: 1 x 96.68 us = 96.68 us (1843.74 GFLOPS/s)
Total time: 96.68 us.
----------------
Vulkan Timings:
MUL_MAT_VEC q4_0 m=5120 n=1 k=17408: 1 x 96.52 us = 96.52 us (1846.8 GFLOPS/s)
Total time: 96.52 us.
----------------
Vulkan Timings:
MUL_MAT_VEC q4_0 m=5120 n=1 k=17408: 1 x 96.36 us = 96.36 us (1849.86 GFLOPS/s)
Total time: 96.36 us.
----------------
Vulkan Timings:
MUL_MAT_VEC q4_0 m=5120 n=1 k=17408: 1 x 96.64 us = 96.64 us (1844.5 GFLOPS/s)
Total time: 96.64 us.
----------------
Vulkan Timings:
MUL_MAT_VEC q4_0 m=5120 n=1 k=17408: 1 x 96.6 us = 96.6 us (1845.27 GFLOPS/s)
Total time: 96.6 us.
----------------
Vulkan Timings:
MUL_MAT_VEC q4_0 m=5120 n=1 k=17408: 1 x 96.6 us = 96.6 us (1845.27 GFLOPS/s)
Total time: 96.6 us.
----------------
Vulkan Timings:
MUL_MAT_VEC q4_0 m=5120 n=1 k=17408: 1 x 96.56 us = 96.56 us (1846.03 GFLOPS/s)
Total time: 96.56 us.
----------------
Vulkan Timings:
MUL_MAT_VEC q4_0 m=5120 n=1 k=17408: 1 x 96.92 us = 96.92 us (1839.17 GFLOPS/s)
Total time: 96.92 us.
----------------
Vulkan Timings:
MUL_MAT_VEC q4_0 m=5120 n=1 k=17408: 1 x 96.56 us = 96.56 us (1846.03 GFLOPS/s)
Total time: 96.56 us.
----------------
Vulkan Timings:
MUL_MAT_VEC q4_0 m=5120 n=1 k=17408: 1 x 96.84 us = 96.84 us (1840.69 GFLOPS/s)
Total time: 96.84 us.
----------------
Vulkan Timings:
MUL_MAT_VEC q4_0 m=5120 n=1 k=17408: 1 x 96.24 us = 96.24 us (1852.17 GFLOPS/s)
Total time: 96.24 us.
----------------
Vulkan Timings:
MUL_MAT_VEC q4_0 m=5120 n=1 k=17408: 1 x 96.76 us = 96.76 us (1842.22 GFLOPS/s)
Total time: 96.76 us.
----------------
Vulkan Timings:
MUL_MAT_VEC q4_0 m=5120 n=1 k=17408: 1 x 96.48 us = 96.48 us (1847.56 GFLOPS/s)
Total time: 96.48 us.
----------------
Vulkan Timings:
MUL_MAT_VEC q4_0 m=5120 n=1 k=17408: 1 x 96.64 us = 96.64 us (1844.5 GFLOPS/s)
Total time: 96.64 us.
----------------
Vulkan Timings:
MUL_MAT_VEC q4_0 m=5120 n=1 k=17408: 1 x 96.68 us = 96.68 us (1843.74 GFLOPS/s)
Total time: 96.68 us.
----------------
Vulkan Timings:
MUL_MAT_VEC q4_0 m=5120 n=1 k=17408: 1 x 96.64 us = 96.64 us (1844.5 GFLOPS/s)
Total time: 96.64 us.
----------------
Vulkan Timings:
MUL_MAT_VEC q4_0 m=5120 n=1 k=17408: 1 x 96.68 us = 96.68 us (1843.74 GFLOPS/s)
Total time: 96.68 us.
----------------
Vulkan Timings:
MUL_MAT_VEC q4_0 m=5120 n=1 k=17408: 1 x 96.72 us = 96.72 us (1842.98 GFLOPS/s)
Total time: 96.72 us.
----------------
Vulkan Timings:
MUL_MAT_VEC q4_0 m=5120 n=1 k=17408: 1 x 96.88 us = 96.88 us (1839.93 GFLOPS/s)
Total time: 96.88 us.
----------------
Vulkan Timings:
MUL_MAT_VEC q4_0 m=5120 n=1 k=17408: 1 x 96.44 us = 96.44 us (1848.33 GFLOPS/s)
Total time: 96.44 us.
----------------
Vulkan Timings:
MUL_MAT_VEC q4_0 m=5120 n=1 k=17408: 1 x 96.64 us = 96.64 us (1844.5 GFLOPS/s)
Total time: 96.64 us.
----------------
Vulkan Timings:
MUL_MAT_VEC q4_0 m=5120 n=1 k=17408: 1 x 96.28 us = 96.28 us (1851.4 GFLOPS/s)
Total time: 96.28 us.
----------------
Vulkan Timings:
MUL_MAT_VEC q4_0 m=5120 n=1 k=17408: 1 x 96.52 us = 96.52 us (1846.8 GFLOPS/s)
Total time: 96.52 us.
----------------
Vulkan Timings:
MUL_MAT_VEC q4_0 m=5120 n=1 k=17408: 1 x 96.84 us = 96.84 us (1840.69 GFLOPS/s)
Total time: 96.84 us.
----------------
Vulkan Timings:
MUL_MAT_VEC q4_0 m=5120 n=1 k=17408: 1 x 96.76 us = 96.76 us (1842.22 GFLOPS/s)
Total time: 96.76 us.
----------------
Vulkan Timings:
MUL_MAT_VEC q4_0 m=5120 n=1 k=17408: 1 x 96.72 us = 96.72 us (1842.98 GFLOPS/s)
Total time: 96.72 us.
----------------
Vulkan Timings:
MUL_MAT_VEC q4_0 m=5120 n=1 k=17408: 1 x 96.76 us = 96.76 us (1842.22 GFLOPS/s)
Total time: 96.76 us.
----------------
Vulkan Timings:
MUL_MAT_VEC q4_0 m=5120 n=1 k=17408: 1 x 96.36 us = 96.36 us (1849.86 GFLOPS/s)
Total time: 96.36 us.
----------------
Vulkan Timings:
MUL_MAT_VEC q4_0 m=5120 n=1 k=17408: 1 x 96.72 us = 96.72 us (1842.98 GFLOPS/s)
Total time: 96.72 us.
----------------
Vulkan Timings:
MUL_MAT_VEC q4_0 m=5120 n=1 k=17408: 1 x 96.52 us = 96.52 us (1846.8 GFLOPS/s)
Total time: 96.52 us.
----------------
Vulkan Timings:
MUL_MAT_VEC q4_0 m=5120 n=1 k=17408: 1 x 96.72 us = 96.72 us (1842.98 GFLOPS/s)
Total time: 96.72 us.
----------------
Vulkan Timings:
MUL_MAT_VEC q4_0 m=5120 n=1 k=17408: 1 x 96.84 us = 96.84 us (1840.69 GFLOPS/s)
Total time: 96.84 us.
----------------
Vulkan Timings:
MUL_MAT_VEC q4_0 m=5120 n=1 k=17408: 1 x 96.44 us = 96.44 us (1848.33 GFLOPS/s)
Total time: 96.44 us.
----------------
Vulkan Timings:
MUL_MAT_VEC q4_0 m=5120 n=1 k=17408: 1 x 96.92 us = 96.92 us (1839.17 GFLOPS/s)
Total time: 96.92 us.
----------------
Vulkan Timings:
MUL_MAT_VEC q4_0 m=5120 n=1 k=17408: 1 x 96.72 us = 96.72 us (1842.98 GFLOPS/s)
Total time: 96.72 us.
----------------
Vulkan Timings:
MUL_MAT_VEC q4_0 m=5120 n=1 k=17408: 1 x 96.76 us = 96.76 us (1842.22 GFLOPS/s)
Total time: 96.76 us.
----------------
Vulkan Timings:
MUL_MAT_VEC q4_0 m=5120 n=1 k=17408: 1 x 96.56 us = 96.56 us (1846.03 GFLOPS/s)
Total time: 96.56 us.
----------------
Vulkan Timings:
MUL_MAT_VEC q4_0 m=5120 n=1 k=17408: 1 x 96.84 us = 96.84 us (1840.69 GFLOPS/s)
Total time: 96.84 us.
----------------
Vulkan Timings:
MUL_MAT_VEC q4_0 m=5120 n=1 k=17408: 1 x 96.84 us = 96.84 us (1840.69 GFLOPS/s)
Total time: 96.84 us.
----------------
Vulkan Timings:
MUL_MAT_VEC q4_0 m=5120 n=1 k=17408: 1 x 96.56 us = 96.56 us (1846.03 GFLOPS/s)
Total time: 96.56 us.
----------------
Vulkan Timings:
MUL_MAT_VEC q4_0 m=5120 n=1 k=17408: 1 x 96.76 us = 96.76 us (1842.22 GFLOPS/s)
Total time: 96.76 us.
----------------
Vulkan Timings:
MUL_MAT_VEC q4_0 m=5120 n=1 k=17408: 1 x 96.68 us = 96.68 us (1843.74 GFLOPS/s)
Total time: 96.68 us.
----------------
Vulkan Timings:
MUL_MAT_VEC q4_0 m=5120 n=1 k=17408: 1 x 96.64 us = 96.64 us (1844.5 GFLOPS/s)
Total time: 96.64 us.
----------------
Vulkan Timings:
MUL_MAT_VEC q4_0 m=5120 n=1 k=17408: 1 x 96.56 us = 96.56 us (1846.03 GFLOPS/s)
Total time: 96.56 us.
----------------
Vulkan Timings:
MUL_MAT_VEC q4_0 m=5120 n=1 k=17408: 1 x 96.68 us = 96.68 us (1843.74 GFLOPS/s)
Total time: 96.68 us.
----------------
Vulkan Timings:
MUL_MAT_VEC q4_0 m=5120 n=1 k=17408: 1 x 96.68 us = 96.68 us (1843.74 GFLOPS/s)
Total time: 96.68 us.
----------------
Vulkan Timings:
MUL_MAT_VEC q4_0 m=5120 n=1 k=17408: 1 x 96.6 us = 96.6 us (1845.27 GFLOPS/s)
Total time: 96.6 us.
----------------
Vulkan Timings:
MUL_MAT_VEC q4_0 m=5120 n=1 k=17408: 1 x 96.48 us = 96.48 us (1847.56 GFLOPS/s)
Total time: 96.48 us.
----------------
Vulkan Timings:
MUL_MAT_VEC q4_0 m=5120 n=1 k=17408: 1 x 96.84 us = 96.84 us (1840.69 GFLOPS/s)
Total time: 96.84 us.
----------------
Vulkan Timings:
MUL_MAT_VEC q4_0 m=5120 n=1 k=17408: 1 x 96.68 us = 96.68 us (1843.74 GFLOPS/s)
Total time: 96.68 us.
----------------
Vulkan Timings:
MUL_MAT_VEC q4_0 m=5120 n=1 k=17408: 1 x 96.8 us = 96.8 us (1841.45 GFLOPS/s)
Total time: 96.8 us.
----------------
Vulkan Timings:
MUL_MAT_VEC q4_0 m=5120 n=1 k=17408: 1 x 96.24 us = 96.24 us (1852.17 GFLOPS/s)
Total time: 96.24 us.
----------------
Vulkan Timings:
MUL_MAT_VEC q4_0 m=5120 n=1 k=17408: 1 x 96.76 us = 96.76 us (1842.22 GFLOPS/s)
Total time: 96.76 us.
----------------
Vulkan Timings:
MUL_MAT_VEC q4_0 m=5120 n=1 k=17408: 1 x 96.8 us = 96.8 us (1841.45 GFLOPS/s)
Total time: 96.8 us.
----------------
Vulkan Timings:
MUL_MAT_VEC q4_0 m=5120 n=1 k=17408: 1 x 96.68 us = 96.68 us (1843.74 GFLOPS/s)
Total time: 96.68 us.
----------------
Vulkan Timings:
MUL_MAT_VEC q4_0 m=5120 n=1 k=17408: 1 x 96.68 us = 96.68 us (1843.74 GFLOPS/s)
Total time: 96.68 us.
----------------
Vulkan Timings:
MUL_MAT_VEC q4_0 m=5120 n=1 k=17408: 1 x 96.56 us = 96.56 us (1846.03 GFLOPS/s)
Total time: 96.56 us.
----------------
Vulkan Timings:
MUL_MAT_VEC q4_0 m=5120 n=1 k=17408: 1 x 96.44 us = 96.44 us (1848.33 GFLOPS/s)
Total time: 96.44 us.
----------------
Vulkan Timings:
MUL_MAT_VEC q4_0 m=5120 n=1 k=17408: 1 x 96.56 us = 96.56 us (1846.03 GFLOPS/s)
Total time: 96.56 us.
----------------
Vulkan Timings:
MUL_MAT_VEC q4_0 m=5120 n=1 k=17408: 1 x 96.76 us = 96.76 us (1842.22 GFLOPS/s)
Total time: 96.76 us.
----------------
Vulkan Timings:
MUL_MAT_VEC q4_0 m=5120 n=1 k=17408: 1 x 96.72 us = 96.72 us (1842.98 GFLOPS/s)
Total time: 96.72 us.
----------------
Vulkan Timings:
MUL_MAT_VEC q4_0 m=5120 n=1 k=17408: 1 x 96.84 us = 96.84 us (1840.69 GFLOPS/s)
Total time: 96.84 us.
----------------
Vulkan Timings:
MUL_MAT_VEC q4_0 m=5120 n=1 k=17408: 1 x 96.56 us = 96.56 us (1846.03 GFLOPS/s)
Total time: 96.56 us.
----------------
Vulkan Timings:
MUL_MAT_VEC q4_0 m=5120 n=1 k=17408: 1 x 96.72 us = 96.72 us (1842.98 GFLOPS/s)
Total time: 96.72 us.
----------------
Vulkan Timings:
MUL_MAT_VEC q4_0 m=5120 n=1 k=17408: 1 x 96.68 us = 96.68 us (1843.74 GFLOPS/s)
Total time: 96.68 us.
----------------
Vulkan Timings:
MUL_MAT_VEC q4_0 m=5120 n=1 k=17408: 1 x 96.68 us = 96.68 us (1843.74 GFLOPS/s)
Total time: 96.68 us.
----------------
Vulkan Timings:
MUL_MAT_VEC q4_0 m=5120 n=1 k=17408: 1 x 96.6 us = 96.6 us (1845.27 GFLOPS/s)
Total time: 96.6 us.
----------------
Vulkan Timings:
MUL_MAT_VEC q4_0 m=5120 n=1 k=17408: 1 x 96.64 us = 96.64 us (1844.5 GFLOPS/s)
Total time: 96.64 us.
----------------
Vulkan Timings:
MUL_MAT_VEC q4_0 m=5120 n=1 k=17408: 1 x 96.64 us = 96.64 us (1844.5 GFLOPS/s)
Total time: 96.64 us.
----------------
Vulkan Timings:
MUL_MAT_VEC q4_0 m=5120 n=1 k=17408: 1 x 96.76 us = 96.76 us (1842.22 GFLOPS/s)
Total time: 96.76 us.
----------------
Vulkan Timings:
MUL_MAT_VEC q4_0 m=5120 n=1 k=17408: 1 x 96.68 us = 96.68 us (1843.74 GFLOPS/s)
Total time: 96.68 us.
----------------
Vulkan Timings:
MUL_MAT_VEC q4_0 m=5120 n=1 k=17408: 1 x 96.72 us = 96.72 us (1842.98 GFLOPS/s)
Total time: 96.72 us.
----------------
Vulkan Timings:
MUL_MAT_VEC q4_0 m=5120 n=1 k=17408: 1 x 96.4 us = 96.4 us (1849.1 GFLOPS/s)
Total time: 96.4 us.
----------------
Vulkan Timings:
MUL_MAT_VEC q4_0 m=5120 n=1 k=17408: 1 x 96.28 us = 96.28 us (1851.4 GFLOPS/s)
Total time: 96.28 us.
----------------
Vulkan Timings:
MUL_MAT_VEC q4_0 m=5120 n=1 k=17408: 1 x 96.56 us = 96.56 us (1846.03 GFLOPS/s)
Total time: 96.56 us.
----------------
Vulkan Timings:
MUL_MAT_VEC q4_0 m=5120 n=1 k=17408: 1 x 96.6 us = 96.6 us (1845.27 GFLOPS/s)
Total time: 96.6 us.
----------------
Vulkan Timings:
MUL_MAT_VEC q4_0 m=5120 n=1 k=17408: 1 x 96.72 us = 96.72 us (1842.98 GFLOPS/s)
Total time: 96.72 us.
----------------
Vulkan Timings:
MUL_MAT_VEC q4_0 m=5120 n=1 k=17408: 1 x 96.72 us = 96.72 us (1842.98 GFLOPS/s)
Total time: 96.72 us.
----------------
Vulkan Timings:
MUL_MAT_VEC q4_0 m=5120 n=1 k=17408: 1 x 97 us = 97 us (1837.66 GFLOPS/s)
Total time: 97 us.
----------------
Vulkan Timings:
MUL_MAT_VEC q4_0 m=5120 n=1 k=17408: 1 x 96.88 us = 96.88 us (1839.93 GFLOPS/s)
Total time: 96.88 us.
----------------
Vulkan Timings:
MUL_MAT_VEC q4_0 m=5120 n=1 k=17408: 1 x 96.64 us = 96.64 us (1844.5 GFLOPS/s)
Total time: 96.64 us.
----------------
Vulkan Timings:
MUL_MAT_VEC q4_0 m=5120 n=1 k=17408: 1 x 96.52 us = 96.52 us (1846.8 GFLOPS/s)
Total time: 96.52 us.
----------------
Vulkan Timings:
MUL_MAT_VEC q4_0 m=5120 n=1 k=17408: 1 x 96.88 us = 96.88 us (1839.93 GFLOPS/s)
Total time: 96.88 us.
----------------
Vulkan Timings:
MUL_MAT_VEC q4_0 m=5120 n=1 k=17408: 1 x 96.64 us = 96.64 us (1844.5 GFLOPS/s)
Total time: 96.64 us.
----------------
Vulkan Timings:
MUL_MAT_VEC q4_0 m=5120 n=1 k=17408: 1 x 96.6 us = 96.6 us (1845.27 GFLOPS/s)
Total time: 96.6 us.
----------------
Vulkan Timings:
MUL_MAT_VEC q4_0 m=5120 n=1 k=17408: 1 x 96.6 us = 96.6 us (1845.27 GFLOPS/s)
Total time: 96.6 us.
----------------
Vulkan Timings:
MUL_MAT_VEC q4_0 m=5120 n=1 k=17408: 1 x 96.96 us = 96.96 us (1838.42 GFLOPS/s)
Total time: 96.96 us.
----------------
Vulkan Timings:
MUL_MAT_VEC q4_0 m=5120 n=1 k=17408: 1 x 97.04 us = 97.04 us (1836.9 GFLOPS/s)
Total time: 97.04 us.
----------------
Vulkan Timings:
MUL_MAT_VEC q4_0 m=5120 n=1 k=17408: 1 x 96.8 us = 96.8 us (1841.45 GFLOPS/s)
Total time: 96.8 us.
----------------
Vulkan Timings:
MUL_MAT_VEC q4_0 m=5120 n=1 k=17408: 1 x 96.6 us = 96.6 us (1845.27 GFLOPS/s)
Total time: 96.6 us.
----------------
Vulkan Timings:
MUL_MAT_VEC q4_0 m=5120 n=1 k=17408: 1 x 96.88 us = 96.88 us (1839.93 GFLOPS/s)
Total time: 96.88 us.
----------------
Vulkan Timings:
MUL_MAT_VEC q4_0 m=5120 n=1 k=17408: 1 x 96.8 us = 96.8 us (1841.45 GFLOPS/s)
Total time: 96.8 us.
----------------
Vulkan Timings:
MUL_MAT_VEC q4_0 m=5120 n=1 k=17408: 1 x 96.72 us = 96.72 us (1842.98 GFLOPS/s)
Total time: 96.72 us.
----------------
Vulkan Timings:
MUL_MAT_VEC q4_0 m=5120 n=1 k=17408: 1 x 96.68 us = 96.68 us (1843.74 GFLOPS/s)
Total time: 96.68 us.
----------------
Vulkan Timings:
MUL_MAT_VEC q4_0 m=5120 n=1 k=17408: 1 x 96.76 us = 96.76 us (1842.22 GFLOPS/s)
Total time: 96.76 us.
----------------
Vulkan Timings:
MUL_MAT_VEC q4_0 m=5120 n=1 k=17408: 1 x 96.8 us = 96.8 us (1841.45 GFLOPS/s)
Total time: 96.8 us.
----------------
Vulkan Timings:
MUL_MAT_VEC q4_0 m=5120 n=1 k=17408: 1 x 96.72 us = 96.72 us (1842.98 GFLOPS/s)
Total time: 96.72 us.
----------------
Vulkan Timings:
MUL_MAT_VEC q4_0 m=5120 n=1 k=17408: 1 x 96.6 us = 96.6 us (1845.27 GFLOPS/s)
Total time: 96.6 us.
----------------
Vulkan Timings:
MUL_MAT_VEC q4_0 m=5120 n=1 k=17408: 1 x 96.8 us = 96.8 us (1841.45 GFLOPS/s)
Total time: 96.8 us.
----------------
Vulkan Timings:
MUL_MAT_VEC q4_0 m=5120 n=1 k=17408: 1 x 96.88 us = 96.88 us (1839.93 GFLOPS/s)
Total time: 96.88 us.
----------------
Vulkan Timings:
MUL_MAT_VEC q4_0 m=5120 n=1 k=17408: 1 x 96.84 us = 96.84 us (1840.69 GFLOPS/s)
Total time: 96.84 us.
----------------
Vulkan Timings:
MUL_MAT_VEC q4_0 m=5120 n=1 k=17408: 1 x 96.52 us = 96.52 us (1846.8 GFLOPS/s)
Total time: 96.52 us.
----------------
Vulkan Timings:
MUL_MAT_VEC q4_0 m=5120 n=1 k=17408: 1 x 96.88 us = 96.88 us (1839.93 GFLOPS/s)
Total time: 96.88 us.
----------------
Vulkan Timings:
MUL_MAT_VEC q4_0 m=5120 n=1 k=17408: 1 x 96.76 us = 96.76 us (1842.22 GFLOPS/s)
Total time: 96.76 us.
----------------
Vulkan Timings:
MUL_MAT_VEC q4_0 m=5120 n=1 k=17408: 1 x 96.8 us = 96.8 us (1841.45 GFLOPS/s)
Total time: 96.8 us.
----------------
Vulkan Timings:
MUL_MAT_VEC q4_0 m=5120 n=1 k=17408: 1 x 96.64 us = 96.64 us (1844.5 GFLOPS/s)
Total time: 96.64 us.
----------------
Vulkan Timings:
MUL_MAT_VEC q4_0 m=5120 n=1 k=17408: 1 x 96.6 us = 96.6 us (1845.27 GFLOPS/s)
Total time: 96.6 us.
----------------
Vulkan Timings:
MUL_MAT_VEC q4_0 m=5120 n=1 k=17408: 1 x 96.84 us = 96.84 us (1840.69 GFLOPS/s)
Total time: 96.84 us.
----------------
Vulkan Timings:
MUL_MAT_VEC q4_0 m=5120 n=1 k=17408: 1 x 96.68 us = 96.68 us (1843.74 GFLOPS/s)
Total time: 96.68 us.
----------------
Vulkan Timings:
MUL_MAT_VEC q4_0 m=5120 n=1 k=17408: 1 x 96.84 us = 96.84 us (1840.69 GFLOPS/s)
Total time: 96.84 us.
----------------
Vulkan Timings:
MUL_MAT_VEC q4_0 m=5120 n=1 k=17408: 1 x 97.64 us = 97.64 us (1825.61 GFLOPS/s)
Total time: 97.64 us.
----------------
Vulkan Timings:
MUL_MAT_VEC q4_0 m=5120 n=1 k=17408: 1 x 96.68 us = 96.68 us (1843.74 GFLOPS/s)
Total time: 96.68 us.
----------------
Vulkan Timings:
MUL_MAT_VEC q4_0 m=5120 n=1 k=17408: 1 x 97 us = 97 us (1837.66 GFLOPS/s)
Total time: 97 us.
----------------
Vulkan Timings:
MUL_MAT_VEC q4_0 m=5120 n=1 k=17408: 1 x 96.8 us = 96.8 us (1841.45 GFLOPS/s)
Total time: 96.8 us.
----------------
Vulkan Timings:
MUL_MAT_VEC q4_0 m=5120 n=1 k=17408: 1 x 96.56 us = 96.56 us (1846.03 GFLOPS/s)
Total time: 96.56 us.
----------------
Vulkan Timings:
MUL_MAT_VEC q4_0 m=5120 n=1 k=17408: 1 x 96.92 us = 96.92 us (1839.17 GFLOPS/s)
Total time: 96.92 us.
----------------
Vulkan Timings:
MUL_MAT_VEC q4_0 m=5120 n=1 k=17408: 1 x 96.76 us = 96.76 us (1842.22 GFLOPS/s)
Total time: 96.76 us.
----------------
Vulkan Timings:
MUL_MAT_VEC q4_0 m=5120 n=1 k=17408: 1 x 96.68 us = 96.68 us (1843.74 GFLOPS/s)
Total time: 96.68 us.
----------------
Vulkan Timings:
MUL_MAT_VEC q4_0 m=5120 n=1 k=17408: 1 x 96.84 us = 96.84 us (1840.69 GFLOPS/s)
Total time: 96.84 us.
----------------
Vulkan Timings:
MUL_MAT_VEC q4_0 m=5120 n=1 k=17408: 1 x 96.64 us = 96.64 us (1844.5 GFLOPS/s)
Total time: 96.64 us.
----------------
Vulkan Timings:
MUL_MAT_VEC q4_0 m=5120 n=1 k=17408: 1 x 96.68 us = 96.68 us (1843.74 GFLOPS/s)
Total time: 96.68 us.
----------------
Vulkan Timings:
MUL_MAT_VEC q4_0 m=5120 n=1 k=17408: 1 x 96.84 us = 96.84 us (1840.69 GFLOPS/s)
Total time: 96.84 us.
----------------
Vulkan Timings:
MUL_MAT_VEC q4_0 m=5120 n=1 k=17408: 1 x 96.8 us = 96.8 us (1841.45 GFLOPS/s)
Total time: 96.8 us.
----------------
Vulkan Timings:
MUL_MAT_VEC q4_0 m=5120 n=1 k=17408: 1 x 96.72 us = 96.72 us (1842.98 GFLOPS/s)
Total time: 96.72 us.
----------------
Vulkan Timings:
MUL_MAT_VEC q4_0 m=5120 n=1 k=17408: 1 x 105.16 us = 105.16 us (1695.06 GFLOPS/s)
Total time: 105.16 us.
----------------
Vulkan Timings:
MUL_MAT_VEC q4_0 m=5120 n=1 k=17408: 1 x 96.76 us = 96.76 us (1842.22 GFLOPS/s)
Total time: 96.76 us.
----------------
Vulkan Timings:
MUL_MAT_VEC q4_0 m=5120 n=1 k=17408: 1 x 99.64 us = 99.64 us (1788.97 GFLOPS/s)
Total time: 99.64 us.
----------------
Vulkan Timings:
MUL_MAT_VEC q4_0 m=5120 n=1 k=17408: 1 x 96.84 us = 96.84 us (1840.69 GFLOPS/s)
Total time: 96.84 us.
----------------
Vulkan Timings:
MUL_MAT_VEC q4_0 m=5120 n=1 k=17408: 1 x 96.8 us = 96.8 us (1841.45 GFLOPS/s)
Total time: 96.8 us.
----------------
Vulkan Timings:
MUL_MAT_VEC q4_0 m=5120 n=1 k=17408: 1 x 96.32 us = 96.32 us (1850.63 GFLOPS/s)
Total time: 96.32 us.
----------------
Vulkan Timings:
MUL_MAT_VEC q4_0 m=5120 n=1 k=17408: 1 x 96.28 us = 96.28 us (1851.4 GFLOPS/s)
Total time: 96.28 us.
----------------
Vulkan Timings:
MUL_MAT_VEC q4_0 m=5120 n=1 k=17408: 1 x 96.72 us = 96.72 us (1842.98 GFLOPS/s)
Total time: 96.72 us.
----------------
Vulkan Timings:
MUL_MAT_VEC q4_0 m=5120 n=1 k=17408: 1 x 96.6 us = 96.6 us (1845.27 GFLOPS/s)
Total time: 96.6 us.
----------------
Vulkan Timings:
MUL_MAT_VEC q4_0 m=5120 n=1 k=17408: 1 x 96.68 us = 96.68 us (1843.74 GFLOPS/s)
Total time: 96.68 us.
----------------
Vulkan Timings:
MUL_MAT_VEC q4_0 m=5120 n=1 k=17408: 1 x 96.52 us = 96.52 us (1846.8 GFLOPS/s)
Total time: 96.52 us.
----------------
Vulkan Timings:
MUL_MAT_VEC q4_0 m=5120 n=1 k=17408: 1 x 96.72 us = 96.72 us (1842.98 GFLOPS/s)
Total time: 96.72 us.
----------------
Vulkan Timings:
MUL_MAT_VEC q4_0 m=5120 n=1 k=17408: 1 x 96.56 us = 96.56 us (1846.03 GFLOPS/s)
Total time: 96.56 us.
----------------
Vulkan Timings:
MUL_MAT_VEC q4_0 m=5120 n=1 k=17408: 1 x 96.64 us = 96.64 us (1844.5 GFLOPS/s)
Total time: 96.64 us.
----------------
Vulkan Timings:
MUL_MAT_VEC q4_0 m=5120 n=1 k=17408: 1 x 96.88 us = 96.88 us (1839.93 GFLOPS/s)
Total time: 96.88 us.
----------------
Vulkan Timings:
MUL_MAT_VEC q4_0 m=5120 n=1 k=17408: 1 x 96.8 us = 96.8 us (1841.45 GFLOPS/s)
Total time: 96.8 us.
----------------
Vulkan Timings:
MUL_MAT_VEC q4_0 m=5120 n=1 k=17408: 1 x 96.72 us = 96.72 us (1842.98 GFLOPS/s)
Total time: 96.72 us.
----------------
Vulkan Timings:
MUL_MAT_VEC q4_0 m=5120 n=1 k=17408: 1 x 96.64 us = 96.64 us (1844.5 GFLOPS/s)
Total time: 96.64 us.
----------------
Vulkan Timings:
MUL_MAT_VEC q4_0 m=5120 n=1 k=17408: 1 x 96.68 us = 96.68 us (1843.74 GFLOPS/s)
Total time: 96.68 us.
----------------
Vulkan Timings:
MUL_MAT_VEC q4_0 m=5120 n=1 k=17408: 1 x 96.64 us = 96.64 us (1844.5 GFLOPS/s)
Total time: 96.64 us.
----------------
Vulkan Timings:
MUL_MAT_VEC q4_0 m=5120 n=1 k=17408: 1 x 96.76 us = 96.76 us (1842.22 GFLOPS/s)
Total time: 96.76 us.
----------------
Vulkan Timings:
MUL_MAT_VEC q4_0 m=5120 n=1 k=17408: 1 x 97.04 us = 97.04 us (1836.9 GFLOPS/s)
Total time: 97.04 us.
----------------
Vulkan Timings:
MUL_MAT_VEC q4_0 m=5120 n=1 k=17408: 1 x 96.8 us = 96.8 us (1841.45 GFLOPS/s)
Total time: 96.8 us.
----------------
Vulkan Timings:
MUL_MAT_VEC q4_0 m=5120 n=1 k=17408: 1 x 96.68 us = 96.68 us (1843.74 GFLOPS/s)
Total time: 96.68 us.
----------------
Vulkan Timings:
MUL_MAT_VEC q4_0 m=5120 n=1 k=17408: 1 x 96.64 us = 96.64 us (1844.5 GFLOPS/s)
Total time: 96.64 us.
----------------
Vulkan Timings:
MUL_MAT_VEC q4_0 m=5120 n=1 k=17408: 1 x 96.8 us = 96.8 us (1841.45 GFLOPS/s)
Total time: 96.8 us.
----------------
Vulkan Timings:
MUL_MAT_VEC q4_0 m=5120 n=1 k=17408: 1 x 96.6 us = 96.6 us (1845.27 GFLOPS/s)
Total time: 96.6 us.
----------------
Vulkan Timings:
MUL_MAT_VEC q4_0 m=5120 n=1 k=17408: 1 x 96.64 us = 96.64 us (1844.5 GFLOPS/s)
Total time: 96.64 us.
----------------
Vulkan Timings:
MUL_MAT_VEC q4_0 m=5120 n=1 k=17408: 1 x 96.8 us = 96.8 us (1841.45 GFLOPS/s)
Total time: 96.8 us.
----------------
Vulkan Timings:
MUL_MAT_VEC q4_0 m=5120 n=1 k=17408: 1 x 96.52 us = 96.52 us (1846.8 GFLOPS/s)
Total time: 96.52 us.
----------------
Vulkan Timings:
MUL_MAT_VEC q4_0 m=5120 n=1 k=17408: 1 x 96.56 us = 96.56 us (1846.03 GFLOPS/s)
Total time: 96.56 us.
----------------
Vulkan Timings:
MUL_MAT_VEC q4_0 m=5120 n=1 k=17408: 1 x 96.4 us = 96.4 us (1849.1 GFLOPS/s)
Total time: 96.4 us.
----------------
Vulkan Timings:
MUL_MAT_VEC q4_0 m=5120 n=1 k=17408: 1 x 96.36 us = 96.36 us (1849.86 GFLOPS/s)
Total time: 96.36 us.
----------------
Vulkan Timings:
MUL_MAT_VEC q4_0 m=5120 n=1 k=17408: 1 x 96.68 us = 96.68 us (1843.74 GFLOPS/s)
Total time: 96.68 us.
----------------
Vulkan Timings:
MUL_MAT_VEC q4_0 m=5120 n=1 k=17408: 1 x 96.52 us = 96.52 us (1846.8 GFLOPS/s)
Total time: 96.52 us.
----------------
Vulkan Timings:
MUL_MAT_VEC q4_0 m=5120 n=1 k=17408: 1 x 96.4 us = 96.4 us (1849.1 GFLOPS/s)
Total time: 96.4 us.
----------------
Vulkan Timings:
MUL_MAT_VEC q4_0 m=5120 n=1 k=17408: 1 x 96.92 us = 96.92 us (1839.17 GFLOPS/s)
Total time: 96.92 us.
----------------
Vulkan Timings:
MUL_MAT_VEC q4_0 m=5120 n=1 k=17408: 1 x 96.6 us = 96.6 us (1845.27 GFLOPS/s)
Total time: 96.6 us.
----------------
Vulkan Timings:
MUL_MAT_VEC q4_0 m=5120 n=1 k=17408: 1 x 96.44 us = 96.44 us (1848.33 GFLOPS/s)
Total time: 96.44 us.
----------------
Vulkan Timings:
MUL_MAT_VEC q4_0 m=5120 n=1 k=17408: 1 x 96.68 us = 96.68 us (1843.74 GFLOPS/s)
Total time: 96.68 us.
----------------
Vulkan Timings:
MUL_MAT_VEC q4_0 m=5120 n=1 k=17408: 1 x 96.68 us = 96.68 us (1843.74 GFLOPS/s)
Total time: 96.68 us.
----------------
Vulkan Timings:
MUL_MAT_VEC q4_0 m=5120 n=1 k=17408: 1 x 96.92 us = 96.92 us (1839.17 GFLOPS/s)
Total time: 96.92 us.
----------------
Vulkan Timings:
MUL_MAT_VEC q4_0 m=5120 n=1 k=17408: 1 x 96.64 us = 96.64 us (1844.5 GFLOPS/s)
Total time: 96.64 us.
----------------
Vulkan Timings:
MUL_MAT_VEC q4_0 m=5120 n=1 k=17408: 1 x 96.6 us = 96.6 us (1845.27 GFLOPS/s)
Total time: 96.6 us.
----------------
Vulkan Timings:
MUL_MAT_VEC q4_0 m=5120 n=1 k=17408: 1 x 96.52 us = 96.52 us (1846.8 GFLOPS/s)
Total time: 96.52 us.
----------------
Vulkan Timings:
MUL_MAT_VEC q4_0 m=5120 n=1 k=17408: 1 x 96.56 us = 96.56 us (1846.03 GFLOPS/s)
Total time: 96.56 us.
----------------
Vulkan Timings:
MUL_MAT_VEC q4_0 m=5120 n=1 k=17408: 1 x 96.8 us = 96.8 us (1841.45 GFLOPS/s)
Total time: 96.8 us.
----------------
Vulkan Timings:
MUL_MAT_VEC q4_0 m=5120 n=1 k=17408: 1 x 96.8 us = 96.8 us (1841.45 GFLOPS/s)
Total time: 96.8 us.
----------------
Vulkan Timings:
MUL_MAT_VEC q4_0 m=5120 n=1 k=17408: 1 x 96.76 us = 96.76 us (1842.22 GFLOPS/s)
Total time: 96.76 us.
----------------
Vulkan Timings:
MUL_MAT_VEC q4_0 m=5120 n=1 k=17408: 1 x 96.84 us = 96.84 us (1840.69 GFLOPS/s)
Total time: 96.84 us.
----------------
Vulkan Timings:
MUL_MAT_VEC q4_0 m=5120 n=1 k=17408: 1 x 96.8 us = 96.8 us (1841.45 GFLOPS/s)
Total time: 96.8 us.
----------------
Vulkan Timings:
MUL_MAT_VEC q4_0 m=5120 n=1 k=17408: 1 x 96.04 us = 96.04 us (1856.03 GFLOPS/s)
Total time: 96.04 us.
----------------
Vulkan Timings:
MUL_MAT_VEC q4_0 m=5120 n=1 k=17408: 1 x 96.48 us = 96.48 us (1847.56 GFLOPS/s)
Total time: 96.48 us.
----------------
Vulkan Timings:
MUL_MAT_VEC q4_0 m=5120 n=1 k=17408: 1 x 96.84 us = 96.84 us (1840.69 GFLOPS/s)
Total time: 96.84 us.
----------------
Vulkan Timings:
MUL_MAT_VEC q4_0 m=5120 n=1 k=17408: 1 x 96.76 us = 96.76 us (1842.22 GFLOPS/s)
Total time: 96.76 us.
----------------
Vulkan Timings:
MUL_MAT_VEC q4_0 m=5120 n=1 k=17408: 1 x 97.56 us = 97.56 us (1827.11 GFLOPS/s)
Total time: 97.56 us.
----------------
Vulkan Timings:
MUL_MAT_VEC q4_0 m=5120 n=1 k=17408: 1 x 96.76 us = 96.76 us (1842.22 GFLOPS/s)
Total time: 96.76 us.
----------------
Vulkan Timings:
MUL_MAT_VEC q4_0 m=5120 n=1 k=17408: 1 x 96.8 us = 96.8 us (1841.45 GFLOPS/s)
Total time: 96.8 us.
----------------
Vulkan Timings:
MUL_MAT_VEC q4_0 m=5120 n=1 k=17408: 1 x 96.64 us = 96.64 us (1844.5 GFLOPS/s)
Total time: 96.64 us.
----------------
Vulkan Timings:
MUL_MAT_VEC q4_0 m=5120 n=1 k=17408: 1 x 96.52 us = 96.52 us (1846.8 GFLOPS/s)
Total time: 96.52 us.
----------------
Vulkan Timings:
MUL_MAT_VEC q4_0 m=5120 n=1 k=17408: 1 x 96.88 us = 96.88 us (1839.93 GFLOPS/s)
Total time: 96.88 us.
----------------
Vulkan Timings:
MUL_MAT_VEC q4_0 m=5120 n=1 k=17408: 1 x 96.56 us = 96.56 us (1846.03 GFLOPS/s)
Total time: 96.56 us.
----------------
Vulkan Timings:
MUL_MAT_VEC q4_0 m=5120 n=1 k=17408: 1 x 96.64 us = 96.64 us (1844.5 GFLOPS/s)
Total time: 96.64 us.
----------------
Vulkan Timings:
MUL_MAT_VEC q4_0 m=5120 n=1 k=17408: 1 x 96.6 us = 96.6 us (1845.27 GFLOPS/s)
Total time: 96.6 us.
----------------
Vulkan Timings:
MUL_MAT_VEC q4_0 m=5120 n=1 k=17408: 1 x 96.92 us = 96.92 us (1839.17 GFLOPS/s)
Total time: 96.92 us.
----------------
Vulkan Timings:
MUL_MAT_VEC q4_0 m=5120 n=1 k=17408: 1 x 96.56 us = 96.56 us (1846.03 GFLOPS/s)
Total time: 96.56 us.
----------------
Vulkan Timings:
MUL_MAT_VEC q4_0 m=5120 n=1 k=17408: 1 x 96.68 us = 96.68 us (1843.74 GFLOPS/s)
Total time: 96.68 us.
----------------
Vulkan Timings:
MUL_MAT_VEC q4_0 m=5120 n=1 k=17408: 1 x 96.56 us = 96.56 us (1846.03 GFLOPS/s)
Total time: 96.56 us.
----------------
Vulkan Timings:
MUL_MAT_VEC q4_0 m=5120 n=1 k=17408: 1 x 96.6 us = 96.6 us (1845.27 GFLOPS/s)
Total time: 96.6 us.
----------------
Vulkan Timings:
MUL_MAT_VEC q4_0 m=5120 n=1 k=17408: 1 x 96.88 us = 96.88 us (1839.93 GFLOPS/s)
Total time: 96.88 us.
----------------
Vulkan Timings:
MUL_MAT_VEC q4_0 m=5120 n=1 k=17408: 1 x 96.84 us = 96.84 us (1840.69 GFLOPS/s)
Total time: 96.84 us.
----------------
Vulkan Timings:
MUL_MAT_VEC q4_0 m=5120 n=1 k=17408: 1 x 96.72 us = 96.72 us (1842.98 GFLOPS/s)
Total time: 96.72 us.
----------------
Vulkan Timings:
MUL_MAT_VEC q4_0 m=5120 n=1 k=17408: 1 x 104.72 us = 104.72 us (1702.18 GFLOPS/s)
Total time: 104.72 us.
----------------
Vulkan Timings:
MUL_MAT_VEC q4_0 m=5120 n=1 k=17408: 1 x 96.8 us = 96.8 us (1841.45 GFLOPS/s)
Total time: 96.8 us.
----------------
Vulkan Timings:
MUL_MAT_VEC q4_0 m=5120 n=1 k=17408: 1 x 99.88 us = 99.88 us (1784.67 GFLOPS/s)
Total time: 99.88 us.
----------------
Vulkan Timings:
MUL_MAT_VEC q4_0 m=5120 n=1 k=17408: 1 x 96.92 us = 96.92 us (1839.17 GFLOPS/s)
Total time: 96.92 us.
----------------
Vulkan Timings:
MUL_MAT_VEC q4_0 m=5120 n=1 k=17408: 1 x 96.68 us = 96.68 us (1843.74 GFLOPS/s)
Total time: 96.68 us.
----------------
Vulkan Timings:
MUL_MAT_VEC q4_0 m=5120 n=1 k=17408: 1 x 96.4 us = 96.4 us (1849.1 GFLOPS/s)
Total time: 96.4 us.
----------------
Vulkan Timings:
MUL_MAT_VEC q4_0 m=5120 n=1 k=17408: 1 x 96.4 us = 96.4 us (1849.1 GFLOPS/s)
Total time: 96.4 us.
----------------
Vulkan Timings:
MUL_MAT_VEC q4_0 m=5120 n=1 k=17408: 1 x 96.68 us = 96.68 us (1843.74 GFLOPS/s)
Total time: 96.68 us.
----------------
Vulkan Timings:
MUL_MAT_VEC q4_0 m=5120 n=1 k=17408: 1 x 96.72 us = 96.72 us (1842.98 GFLOPS/s)
Total time: 96.72 us.
----------------
Vulkan Timings:
MUL_MAT_VEC q4_0 m=5120 n=1 k=17408: 1 x 96.56 us = 96.56 us (1846.03 GFLOPS/s)
Total time: 96.56 us.
----------------
Vulkan Timings:
MUL_MAT_VEC q4_0 m=5120 n=1 k=17408: 1 x 96.8 us = 96.8 us (1841.45 GFLOPS/s)
Total time: 96.8 us.
----------------
Vulkan Timings:
MUL_MAT_VEC q4_0 m=5120 n=1 k=17408: 1 x 96.6 us = 96.6 us (1845.27 GFLOPS/s)
Total time: 96.6 us.
----------------
Vulkan Timings:
MUL_MAT_VEC q4_0 m=5120 n=1 k=17408: 1 x 96.64 us = 96.64 us (1844.5 GFLOPS/s)
Total time: 96.64 us.
----------------
Vulkan Timings:
MUL_MAT_VEC q4_0 m=5120 n=1 k=17408: 1 x 96.72 us = 96.72 us (1842.98 GFLOPS/s)
Total time: 96.72 us.
----------------
Vulkan Timings:
MUL_MAT_VEC q4_0 m=5120 n=1 k=17408: 1 x 96.8 us = 96.8 us (1841.45 GFLOPS/s)
Total time: 96.8 us.
----------------
Vulkan Timings:
MUL_MAT_VEC q4_0 m=5120 n=1 k=17408: 1 x 96.6 us = 96.6 us (1845.27 GFLOPS/s)
Total time: 96.6 us.
----------------
Vulkan Timings:
MUL_MAT_VEC q4_0 m=5120 n=1 k=17408: 1 x 96.76 us = 96.76 us (1842.22 GFLOPS/s)
Total time: 96.76 us.
----------------
Vulkan Timings:
MUL_MAT_VEC q4_0 m=5120 n=1 k=17408: 1 x 96.92 us = 96.92 us (1839.17 GFLOPS/s)
Total time: 96.92 us.
----------------
Vulkan Timings:
MUL_MAT_VEC q4_0 m=5120 n=1 k=17408: 1 x 96.68 us = 96.68 us (1843.74 GFLOPS/s)
Total time: 96.68 us.
----------------
Vulkan Timings:
MUL_MAT_VEC q4_0 m=5120 n=1 k=17408: 1 x 96.68 us = 96.68 us (1843.74 GFLOPS/s)
Total time: 96.68 us.
----------------
Vulkan Timings:
MUL_MAT_VEC q4_0 m=5120 n=1 k=17408: 1 x 96.68 us = 96.68 us (1843.74 GFLOPS/s)
Total time: 96.68 us.
----------------
Vulkan Timings:
MUL_MAT_VEC q4_0 m=5120 n=1 k=17408: 1 x 96.76 us = 96.76 us (1842.22 GFLOPS/s)
Total time: 96.76 us.
----------------
Vulkan Timings:
MUL_MAT_VEC q4_0 m=5120 n=1 k=17408: 1 x 96.68 us = 96.68 us (1843.74 GFLOPS/s)
Total time: 96.68 us.
----------------
Vulkan Timings:
MUL_MAT_VEC q4_0 m=5120 n=1 k=17408: 1 x 96.52 us = 96.52 us (1846.8 GFLOPS/s)
Total time: 96.52 us.
----------------
Vulkan Timings:
MUL_MAT_VEC q4_0 m=5120 n=1 k=17408: 1 x 96.72 us = 96.72 us (1842.98 GFLOPS/s)
Total time: 96.72 us.
----------------
Vulkan Timings:
MUL_MAT_VEC q4_0 m=5120 n=1 k=17408: 1 x 96.8 us = 96.8 us (1841.45 GFLOPS/s)
Total time: 96.8 us.
----------------
Vulkan Timings:
MUL_MAT_VEC q4_0 m=5120 n=1 k=17408: 1 x 96.6 us = 96.6 us (1845.27 GFLOPS/s)
Total time: 96.6 us.
----------------
Vulkan Timings:
MUL_MAT_VEC q4_0 m=5120 n=1 k=17408: 1 x 96.72 us = 96.72 us (1842.98 GFLOPS/s)
Total time: 96.72 us.
----------------
Vulkan Timings:
MUL_MAT_VEC q4_0 m=5120 n=1 k=17408: 1 x 96.32 us = 96.32 us (1850.63 GFLOPS/s)
Total time: 96.32 us.
----------------
Vulkan Timings:
MUL_MAT_VEC q4_0 m=5120 n=1 k=17408: 1 x 96.4 us = 96.4 us (1849.1 GFLOPS/s)
Total time: 96.4 us.
----------------
Vulkan Timings:
MUL_MAT_VEC q4_0 m=5120 n=1 k=17408: 1 x 96.68 us = 96.68 us (1843.74 GFLOPS/s)
Total time: 96.68 us.
----------------
Vulkan Timings:
MUL_MAT_VEC q4_0 m=5120 n=1 k=17408: 1 x 96.64 us = 96.64 us (1844.5 GFLOPS/s)
Total time: 96.64 us.
----------------
Vulkan Timings:
MUL_MAT_VEC q4_0 m=5120 n=1 k=17408: 1 x 97.52 us = 97.52 us (1827.86 GFLOPS/s)
Total time: 97.52 us.
----------------
Vulkan Timings:
MUL_MAT_VEC q4_0 m=5120 n=1 k=17408: 1 x 96.6 us = 96.6 us (1845.27 GFLOPS/s)
Total time: 96.6 us.
----------------
Vulkan Timings:
MUL_MAT_VEC q4_0 m=5120 n=1 k=17408: 1 x 96.92 us = 96.92 us (1839.17 GFLOPS/s)
Total time: 96.92 us.
----------------
Vulkan Timings:
MUL_MAT_VEC q4_0 m=5120 n=1 k=17408: 1 x 96.72 us = 96.72 us (1842.98 GFLOPS/s)
Total time: 96.72 us.
----------------
Vulkan Timings:
MUL_MAT_VEC q4_0 m=5120 n=1 k=17408: 1 x 96.88 us = 96.88 us (1839.93 GFLOPS/s)
Total time: 96.88 us.
----------------
Vulkan Timings:
MUL_MAT_VEC q4_0 m=5120 n=1 k=17408: 1 x 96.72 us = 96.72 us (1842.98 GFLOPS/s)
Total time: 96.72 us.
----------------
Vulkan Timings:
MUL_MAT_VEC q4_0 m=5120 n=1 k=17408: 1 x 96.84 us = 96.84 us (1840.69 GFLOPS/s)
Total time: 96.84 us.
----------------
Vulkan Timings:
MUL_MAT_VEC q4_0 m=5120 n=1 k=17408: 1 x 96.72 us = 96.72 us (1842.98 GFLOPS/s)
Total time: 96.72 us.
----------------
Vulkan Timings:
MUL_MAT_VEC q4_0 m=5120 n=1 k=17408: 1 x 96.76 us = 96.76 us (1842.22 GFLOPS/s)
Total time: 96.76 us.
----------------
Vulkan Timings:
MUL_MAT_VEC q4_0 m=5120 n=1 k=17408: 1 x 96.68 us = 96.68 us (1843.74 GFLOPS/s)
Total time: 96.68 us.
----------------
Vulkan Timings:
MUL_MAT_VEC q4_0 m=5120 n=1 k=17408: 1 x 96.72 us = 96.72 us (1842.98 GFLOPS/s)
Total time: 96.72 us.
----------------
Vulkan Timings:
MUL_MAT_VEC q4_0 m=5120 n=1 k=17408: 1 x 96.6 us = 96.6 us (1845.27 GFLOPS/s)
Total time: 96.6 us.
----------------
Vulkan Timings:
MUL_MAT_VEC q4_0 m=5120 n=1 k=17408: 1 x 96.68 us = 96.68 us (1843.74 GFLOPS/s)
Total time: 96.68 us.
----------------
Vulkan Timings:
MUL_MAT_VEC q4_0 m=5120 n=1 k=17408: 1 x 96.76 us = 96.76 us (1842.22 GFLOPS/s)
Total time: 96.76 us.
----------------
Vulkan Timings:
MUL_MAT_VEC q4_0 m=5120 n=1 k=17408: 1 x 96.76 us = 96.76 us (1842.22 GFLOPS/s)
Total time: 96.76 us.
----------------
Vulkan Timings:
MUL_MAT_VEC q4_0 m=5120 n=1 k=17408: 1 x 96.72 us = 96.72 us (1842.98 GFLOPS/s)
Total time: 96.72 us.
----------------
Vulkan Timings:
MUL_MAT_VEC q4_0 m=5120 n=1 k=17408: 1 x 96.56 us = 96.56 us (1846.03 GFLOPS/s)
Total time: 96.56 us.
----------------
Vulkan Timings:
MUL_MAT_VEC q4_0 m=5120 n=1 k=17408: 1 x 96.92 us = 96.92 us (1839.17 GFLOPS/s)
Total time: 96.92 us.
----------------
Vulkan Timings:
MUL_MAT_VEC q4_0 m=5120 n=1 k=17408: 1 x 96.96 us = 96.96 us (1838.42 GFLOPS/s)
Total time: 96.96 us.
----------------
Vulkan Timings:
MUL_MAT_VEC q4_0 m=5120 n=1 k=17408: 1 x 96.52 us = 96.52 us (1846.8 GFLOPS/s)
Total time: 96.52 us.
----------------
Vulkan Timings:
MUL_MAT_VEC q4_0 m=5120 n=1 k=17408: 1 x 96.76 us = 96.76 us (1842.22 GFLOPS/s)
Total time: 96.76 us.
----------------
Vulkan Timings:
MUL_MAT_VEC q4_0 m=5120 n=1 k=17408: 1 x 96.6 us = 96.6 us (1845.27 GFLOPS/s)
Total time: 96.6 us.
----------------
Vulkan Timings:
MUL_MAT_VEC q4_0 m=5120 n=1 k=17408: 1 x 96.88 us = 96.88 us (1839.93 GFLOPS/s)
Total time: 96.88 us.
----------------
Vulkan Timings:
MUL_MAT_VEC q4_0 m=5120 n=1 k=17408: 1 x 96.64 us = 96.64 us (1844.5 GFLOPS/s)
Total time: 96.64 us.
----------------
Vulkan Timings:
MUL_MAT_VEC q4_0 m=5120 n=1 k=17408: 1 x 96.68 us = 96.68 us (1843.74 GFLOPS/s)
Total time: 96.68 us.
----------------
Vulkan Timings:
MUL_MAT_VEC q4_0 m=5120 n=1 k=17408: 1 x 96.16 us = 96.16 us (1853.71 GFLOPS/s)
Total time: 96.16 us.
----------------
Vulkan Timings:
MUL_MAT_VEC q4_0 m=5120 n=1 k=17408: 1 x 96.68 us = 96.68 us (1843.74 GFLOPS/s)
Total time: 96.68 us.
----------------
Vulkan Timings:
MUL_MAT_VEC q4_0 m=5120 n=1 k=17408: 1 x 96.72 us = 96.72 us (1842.98 GFLOPS/s)
Total time: 96.72 us.
----------------
Vulkan Timings:
MUL_MAT_VEC q4_0 m=5120 n=1 k=17408: 1 x 96.8 us = 96.8 us (1841.45 GFLOPS/s)
Total time: 96.8 us.
----------------
Vulkan Timings:
MUL_MAT_VEC q4_0 m=5120 n=1 k=17408: 1 x 96.76 us = 96.76 us (1842.22 GFLOPS/s)
Total time: 96.76 us.
----------------
Vulkan Timings:
MUL_MAT_VEC q4_0 m=5120 n=1 k=17408: 1 x 96.48 us = 96.48 us (1847.56 GFLOPS/s)
Total time: 96.48 us.
----------------
Vulkan Timings:
MUL_MAT_VEC q4_0 m=5120 n=1 k=17408: 1 x 96.92 us = 96.92 us (1839.17 GFLOPS/s)
Total time: 96.92 us.
----------------
Vulkan Timings:
MUL_MAT_VEC q4_0 m=5120 n=1 k=17408: 1 x 96.92 us = 96.92 us (1839.17 GFLOPS/s)
Total time: 96.92 us.
----------------
Vulkan Timings:
MUL_MAT_VEC q4_0 m=5120 n=1 k=17408: 1 x 96.88 us = 96.88 us (1839.93 GFLOPS/s)
Total time: 96.88 us.
----------------
Vulkan Timings:
MUL_MAT_VEC q4_0 m=5120 n=1 k=17408: 1 x 96.8 us = 96.8 us (1841.45 GFLOPS/s)
Total time: 96.8 us.
----------------
Vulkan Timings:
MUL_MAT_VEC q4_0 m=5120 n=1 k=17408: 1 x 96.88 us = 96.88 us (1839.93 GFLOPS/s)
Total time: 96.88 us.
----------------
Vulkan Timings:
MUL_MAT_VEC q4_0 m=5120 n=1 k=17408: 1 x 96.76 us = 96.76 us (1842.22 GFLOPS/s)
Total time: 96.76 us.
----------------
Vulkan Timings:
MUL_MAT_VEC q4_0 m=5120 n=1 k=17408: 1 x 96.84 us = 96.84 us (1840.69 GFLOPS/s)
Total time: 96.84 us.
----------------
Vulkan Timings:
MUL_MAT_VEC q4_0 m=5120 n=1 k=17408: 1 x 96.88 us = 96.88 us (1839.93 GFLOPS/s)
Total time: 96.88 us.
----------------
Vulkan Timings:
MUL_MAT_VEC q4_0 m=5120 n=1 k=17408: 1 x 96.8 us = 96.8 us (1841.45 GFLOPS/s)
Total time: 96.8 us.
----------------
Vulkan Timings:
MUL_MAT_VEC q4_0 m=5120 n=1 k=17408: 1 x 97.52 us = 97.52 us (1827.86 GFLOPS/s)
Total time: 97.52 us.
----------------
Vulkan Timings:
MUL_MAT_VEC q4_0 m=5120 n=1 k=17408: 1 x 96.76 us = 96.76 us (1842.22 GFLOPS/s)
Total time: 96.76 us.
----------------
Vulkan Timings:
MUL_MAT_VEC q4_0 m=5120 n=1 k=17408: 1 x 96.52 us = 96.52 us (1846.8 GFLOPS/s)
Total time: 96.52 us.
----------------
Vulkan Timings:
MUL_MAT_VEC q4_0 m=5120 n=1 k=17408: 1 x 96.68 us = 96.68 us (1843.74 GFLOPS/s)
Total time: 96.68 us.
----------------
Vulkan Timings:
MUL_MAT_VEC q4_0 m=5120 n=1 k=17408: 1 x 96.76 us = 96.76 us (1842.22 GFLOPS/s)
Total time: 96.76 us.
----------------
Vulkan Timings:
MUL_MAT_VEC q4_0 m=5120 n=1 k=17408: 1 x 96.72 us = 96.72 us (1842.98 GFLOPS/s)
Total time: 96.72 us.
----------------
Vulkan Timings:
MUL_MAT_VEC q4_0 m=5120 n=1 k=17408: 1 x 96.72 us = 96.72 us (1842.98 GFLOPS/s)
Total time: 96.72 us.
----------------
Vulkan Timings:
MUL_MAT_VEC q4_0 m=5120 n=1 k=17408: 1 x 96.4 us = 96.4 us (1849.1 GFLOPS/s)
Total time: 96.4 us.
----------------
Vulkan Timings:
MUL_MAT_VEC q4_0 m=5120 n=1 k=17408: 1 x 96.52 us = 96.52 us (1846.8 GFLOPS/s)
Total time: 96.52 us.
----------------
Vulkan Timings:
MUL_MAT_VEC q4_0 m=5120 n=1 k=17408: 1 x 96.76 us = 96.76 us (1842.22 GFLOPS/s)
Total time: 96.76 us.
----------------
Vulkan Timings:
MUL_MAT_VEC q4_0 m=5120 n=1 k=17408: 1 x 97.68 us = 97.68 us (1824.86 GFLOPS/s)
Total time: 97.68 us.
----------------
Vulkan Timings:
MUL_MAT_VEC q4_0 m=5120 n=1 k=17408: 1 x 96.68 us = 96.68 us (1843.74 GFLOPS/s)
Total time: 96.68 us.
----------------
Vulkan Timings:
MUL_MAT_VEC q4_0 m=5120 n=1 k=17408: 1 x 96.8 us = 96.8 us (1841.45 GFLOPS/s)
Total time: 96.8 us.
----------------
Vulkan Timings:
MUL_MAT_VEC q4_0 m=5120 n=1 k=17408: 1 x 96.96 us = 96.96 us (1838.42 GFLOPS/s)
Total time: 96.96 us.
----------------
Vulkan Timings:
MUL_MAT_VEC q4_0 m=5120 n=1 k=17408: 1 x 96.96 us = 96.96 us (1838.42 GFLOPS/s)
Total time: 96.96 us.
----------------
Vulkan Timings:
MUL_MAT_VEC q4_0 m=5120 n=1 k=17408: 1 x 96.44 us = 96.44 us (1848.33 GFLOPS/s)
Total time: 96.44 us.
----------------
Vulkan Timings:
MUL_MAT_VEC q4_0 m=5120 n=1 k=17408: 1 x 96.92 us = 96.92 us (1839.17 GFLOPS/s)
Total time: 96.92 us.
----------------
Vulkan Timings:
MUL_MAT_VEC q4_0 m=5120 n=1 k=17408: 1 x 96.72 us = 96.72 us (1842.98 GFLOPS/s)
Total time: 96.72 us.
----------------
Vulkan Timings:
MUL_MAT_VEC q4_0 m=5120 n=1 k=17408: 1 x 96.6 us = 96.6 us (1845.27 GFLOPS/s)
Total time: 96.6 us.
----------------
Vulkan Timings:
MUL_MAT_VEC q4_0 m=5120 n=1 k=17408: 1 x 96.76 us = 96.76 us (1842.22 GFLOPS/s)
Total time: 96.76 us.
----------------
Vulkan Timings:
MUL_MAT_VEC q4_0 m=5120 n=1 k=17408: 1 x 96.84 us = 96.84 us (1840.69 GFLOPS/s)
Total time: 96.84 us.
----------------
Vulkan Timings:
MUL_MAT_VEC q4_0 m=5120 n=1 k=17408: 1 x 97.04 us = 97.04 us (1836.9 GFLOPS/s)
Total time: 97.04 us.
----------------
Vulkan Timings:
MUL_MAT_VEC q4_0 m=5120 n=1 k=17408: 1 x 97.56 us = 97.56 us (1827.11 GFLOPS/s)
Total time: 97.56 us.
----------------
Vulkan Timings:
MUL_MAT_VEC q4_0 m=5120 n=1 k=17408: 1 x 96.84 us = 96.84 us (1840.69 GFLOPS/s)
Total time: 96.84 us.
----------------
Vulkan Timings:
MUL_MAT_VEC q4_0 m=5120 n=1 k=17408: 1 x 96.76 us = 96.76 us (1842.22 GFLOPS/s)
Total time: 96.76 us.
----------------
Vulkan Timings:
MUL_MAT_VEC q4_0 m=5120 n=1 k=17408: 1 x 96.84 us = 96.84 us (1840.69 GFLOPS/s)
Total time: 96.84 us.
----------------
Vulkan Timings:
MUL_MAT_VEC q4_0 m=5120 n=1 k=17408: 1 x 96.72 us = 96.72 us (1842.98 GFLOPS/s)
Total time: 96.72 us.
----------------
Vulkan Timings:
MUL_MAT_VEC q4_0 m=5120 n=1 k=17408: 1 x 96.64 us = 96.64 us (1844.5 GFLOPS/s)
Total time: 96.64 us.
----------------
Vulkan Timings:
MUL_MAT_VEC q4_0 m=5120 n=1 k=17408: 1 x 96.8 us = 96.8 us (1841.45 GFLOPS/s)
Total time: 96.8 us.
----------------
Vulkan Timings:
MUL_MAT_VEC q4_0 m=5120 n=1 k=17408: 1 x 96.64 us = 96.64 us (1844.5 GFLOPS/s)
Total time: 96.64 us.
----------------
Vulkan Timings:
MUL_MAT_VEC q4_0 m=5120 n=1 k=17408: 1 x 96.64 us = 96.64 us (1844.5 GFLOPS/s)
Total time: 96.64 us.
----------------
Vulkan Timings:
MUL_MAT_VEC q4_0 m=5120 n=1 k=17408: 1 x 97.12 us = 97.12 us (1835.39 GFLOPS/s)
Total time: 97.12 us.
----------------
Vulkan Timings:
MUL_MAT_VEC q4_0 m=5120 n=1 k=17408: 1 x 96.72 us = 96.72 us (1842.98 GFLOPS/s)
Total time: 96.72 us.
----------------
Vulkan Timings:
MUL_MAT_VEC q4_0 m=5120 n=1 k=17408: 1 x 96.28 us = 96.28 us (1851.4 GFLOPS/s)
Total time: 96.28 us.
----------------
Vulkan Timings:
MUL_MAT_VEC q4_0 m=5120 n=1 k=17408: 1 x 96.8 us = 96.8 us (1841.45 GFLOPS/s)
Total time: 96.8 us.
----------------
Vulkan Timings:
MUL_MAT_VEC q4_0 m=5120 n=1 k=17408: 1 x 97.64 us = 97.64 us (1825.61 GFLOPS/s)
Total time: 97.64 us.
----------------
Vulkan Timings:
MUL_MAT_VEC q4_0 m=5120 n=1 k=17408: 1 x 96.68 us = 96.68 us (1843.74 GFLOPS/s)
Total time: 96.68 us.
----------------
Vulkan Timings:
MUL_MAT_VEC q4_0 m=5120 n=1 k=17408: 1 x 97 us = 97 us (1837.66 GFLOPS/s)
Total time: 97 us.
----------------
Vulkan Timings:
MUL_MAT_VEC q4_0 m=5120 n=1 k=17408: 1 x 96.8 us = 96.8 us (1841.45 GFLOPS/s)
Total time: 96.8 us.
----------------
Vulkan Timings:
MUL_MAT_VEC q4_0 m=5120 n=1 k=17408: 1 x 97 us = 97 us (1837.66 GFLOPS/s)
Total time: 97 us.
----------------
Vulkan Timings:
MUL_MAT_VEC q4_0 m=5120 n=1 k=17408: 1 x 96.76 us = 96.76 us (1842.22 GFLOPS/s)
Total time: 96.76 us.
----------------
Vulkan Timings:
MUL_MAT_VEC q4_0 m=5120 n=1 k=17408: 1 x 96.92 us = 96.92 us (1839.17 GFLOPS/s)
Total time: 96.92 us.
----------------
Vulkan Timings:
MUL_MAT_VEC q4_0 m=5120 n=1 k=17408: 1 x 96.64 us = 96.64 us (1844.5 GFLOPS/s)
Total time: 96.64 us.
----------------
Vulkan Timings:
MUL_MAT_VEC q4_0 m=5120 n=1 k=17408: 1 x 96.92 us = 96.92 us (1839.17 GFLOPS/s)
Total time: 96.92 us.
----------------
Vulkan Timings:
MUL_MAT_VEC q4_0 m=5120 n=1 k=17408: 1 x 96.68 us = 96.68 us (1843.74 GFLOPS/s)
Total time: 96.68 us.
----------------
Vulkan Timings:
MUL_MAT_VEC q4_0 m=5120 n=1 k=17408: 1 x 96.8 us = 96.8 us (1841.45 GFLOPS/s)
Total time: 96.8 us.
----------------
Vulkan Timings:
MUL_MAT_VEC q4_0 m=5120 n=1 k=17408: 1 x 96.6 us = 96.6 us (1845.27 GFLOPS/s)
Total time: 96.6 us.
----------------
Vulkan Timings:
MUL_MAT_VEC q4_0 m=5120 n=1 k=17408: 1 x 96.76 us = 96.76 us (1842.22 GFLOPS/s)
Total time: 96.76 us.
----------------
Vulkan Timings:
MUL_MAT_VEC q4_0 m=5120 n=1 k=17408: 1 x 96.76 us = 96.76 us (1842.22 GFLOPS/s)
Total time: 96.76 us.
----------------
Vulkan Timings:
MUL_MAT_VEC q4_0 m=5120 n=1 k=17408: 1 x 96.36 us = 96.36 us (1849.86 GFLOPS/s)
Total time: 96.36 us.
----------------
Vulkan Timings:
MUL_MAT_VEC q4_0 m=5120 n=1 k=17408: 1 x 96.56 us = 96.56 us (1846.03 GFLOPS/s)
Total time: 96.56 us.
----------------
Vulkan Timings:
MUL_MAT_VEC q4_0 m=5120 n=1 k=17408: 1 x 96.76 us = 96.76 us (1842.22 GFLOPS/s)
Total time: 96.76 us.
----------------
Vulkan Timings:
MUL_MAT_VEC q4_0 m=5120 n=1 k=17408: 1 x 96.6 us = 96.6 us (1845.27 GFLOPS/s)
Total time: 96.6 us.
----------------
Vulkan Timings:
MUL_MAT_VEC q4_0 m=5120 n=1 k=17408: 1 x 97.52 us = 97.52 us (1827.86 GFLOPS/s)
Total time: 97.52 us.
----------------
Vulkan Timings:
MUL_MAT_VEC q4_0 m=5120 n=1 k=17408: 1 x 96.88 us = 96.88 us (1839.93 GFLOPS/s)
Total time: 96.88 us.
----------------
Vulkan Timings:
MUL_MAT_VEC q4_0 m=5120 n=1 k=17408: 1 x 96.76 us = 96.76 us (1842.22 GFLOPS/s)
Total time: 96.76 us.
----------------
Vulkan Timings:
MUL_MAT_VEC q4_0 m=5120 n=1 k=17408: 1 x 96.6 us = 96.6 us (1845.27 GFLOPS/s)
Total time: 96.6 us.
----------------
Vulkan Timings:
MUL_MAT_VEC q4_0 m=5120 n=1 k=17408: 1 x 96.96 us = 96.96 us (1838.42 GFLOPS/s)
Total time: 96.96 us.
----------------
Vulkan Timings:
MUL_MAT_VEC q4_0 m=5120 n=1 k=17408: 1 x 96.84 us = 96.84 us (1840.69 GFLOPS/s)
Total time: 96.84 us.
----------------
Vulkan Timings:
MUL_MAT_VEC q4_0 m=5120 n=1 k=17408: 1 x 96.76 us = 96.76 us (1842.22 GFLOPS/s)
Total time: 96.76 us.
----------------
Vulkan Timings:
MUL_MAT_VEC q4_0 m=5120 n=1 k=17408: 1 x 96.76 us = 96.76 us (1842.22 GFLOPS/s)
Total time: 96.76 us.
----------------
Vulkan Timings:
MUL_MAT_VEC q4_0 m=5120 n=1 k=17408: 1 x 97.04 us = 97.04 us (1836.9 GFLOPS/s)
Total time: 97.04 us.
----------------
Vulkan Timings:
MUL_MAT_VEC q4_0 m=5120 n=1 k=17408: 1 x 96.84 us = 96.84 us (1840.69 GFLOPS/s)
Total time: 96.84 us.
----------------
Vulkan Timings:
MUL_MAT_VEC q4_0 m=5120 n=1 k=17408: 1 x 97.08 us = 97.08 us (1836.14 GFLOPS/s)
Total time: 97.08 us.
----------------
Vulkan Timings:
MUL_MAT_VEC q4_0 m=5120 n=1 k=17408: 1 x 96.88 us = 96.88 us (1839.93 GFLOPS/s)
Total time: 96.88 us.
----------------
Vulkan Timings:
MUL_MAT_VEC q4_0 m=5120 n=1 k=17408: 1 x 96.84 us = 96.84 us (1840.69 GFLOPS/s)
Total time: 96.84 us.
----------------
Vulkan Timings:
MUL_MAT_VEC q4_0 m=5120 n=1 k=17408: 1 x 97 us = 97 us (1837.66 GFLOPS/s)
Total time: 97 us.
----------------
Vulkan Timings:
MUL_MAT_VEC q4_0 m=5120 n=1 k=17408: 1 x 96.76 us = 96.76 us (1842.22 GFLOPS/s)
Total time: 96.76 us.
----------------
Vulkan Timings:
MUL_MAT_VEC q4_0 m=5120 n=1 k=17408: 1 x 96.6 us = 96.6 us (1845.27 GFLOPS/s)
Total time: 96.6 us.
----------------
Vulkan Timings:
MUL_MAT_VEC q4_0 m=5120 n=1 k=17408: 1 x 97.04 us = 97.04 us (1836.9 GFLOPS/s)
Total time: 97.04 us.
----------------
Vulkan Timings:
MUL_MAT_VEC q4_0 m=5120 n=1 k=17408: 1 x 96.88 us = 96.88 us (1839.93 GFLOPS/s)
Total time: 96.88 us.
----------------
Vulkan Timings:
MUL_MAT_VEC q4_0 m=5120 n=1 k=17408: 1 x 96.68 us = 96.68 us (1843.74 GFLOPS/s)
Total time: 96.68 us.
----------------
Vulkan Timings:
MUL_MAT_VEC q4_0 m=5120 n=1 k=17408: 1 x 96.88 us = 96.88 us (1839.93 GFLOPS/s)
Total time: 96.88 us.
----------------
Vulkan Timings:
MUL_MAT_VEC q4_0 m=5120 n=1 k=17408: 1 x 117.24 us = 117.24 us (1520.41 GFLOPS/s)
Total time: 117.24 us.
----------------
Vulkan Timings:
MUL_MAT_VEC q4_0 m=5120 n=1 k=17408: 1 x 96.88 us = 96.88 us (1839.93 GFLOPS/s)
Total time: 96.88 us.
----------------
Vulkan Timings:
MUL_MAT_VEC q4_0 m=5120 n=1 k=17408: 1 x 96.84 us = 96.84 us (1840.69 GFLOPS/s)
Total time: 96.84 us.
----------------
Vulkan Timings:
MUL_MAT_VEC q4_0 m=5120 n=1 k=17408: 1 x 96.6 us = 96.6 us (1845.27 GFLOPS/s)
Total time: 96.6 us.
----------------
Vulkan Timings:
MUL_MAT_VEC q4_0 m=5120 n=1 k=17408: 1 x 96.96 us = 96.96 us (1838.42 GFLOPS/s)
Total time: 96.96 us.
----------------
Vulkan Timings:
MUL_MAT_VEC q4_0 m=5120 n=1 k=17408: 1 x 96.76 us = 96.76 us (1842.22 GFLOPS/s)
Total time: 96.76 us.
----------------
Vulkan Timings:
MUL_MAT_VEC q4_0 m=5120 n=1 k=17408: 1 x 96.8 us = 96.8 us (1841.45 GFLOPS/s)
Total time: 96.8 us.
----------------
Vulkan Timings:
MUL_MAT_VEC q4_0 m=5120 n=1 k=17408: 1 x 96.56 us = 96.56 us (1846.03 GFLOPS/s)
Total time: 96.56 us.
----------------
Vulkan Timings:
MUL_MAT_VEC q4_0 m=5120 n=1 k=17408: 1 x 96.92 us = 96.92 us (1839.17 GFLOPS/s)
Total time: 96.92 us.
----------------
Vulkan Timings:
MUL_MAT_VEC q4_0 m=5120 n=1 k=17408: 1 x 96.88 us = 96.88 us (1839.93 GFLOPS/s)
Total time: 96.88 us.
----------------
Vulkan Timings:
MUL_MAT_VEC q4_0 m=5120 n=1 k=17408: 1 x 96.56 us = 96.56 us (1846.03 GFLOPS/s)
Total time: 96.56 us.
----------------
Vulkan Timings:
MUL_MAT_VEC q4_0 m=5120 n=1 k=17408: 1 x 96.56 us = 96.56 us (1846.03 GFLOPS/s)
Total time: 96.56 us.
----------------
Vulkan Timings:
MUL_MAT_VEC q4_0 m=5120 n=1 k=17408: 1 x 96.72 us = 96.72 us (1842.98 GFLOPS/s)
Total time: 96.72 us.
----------------
Vulkan Timings:
MUL_MAT_VEC q4_0 m=5120 n=1 k=17408: 1 x 96.68 us = 96.68 us (1843.74 GFLOPS/s)
Total time: 96.68 us.
----------------
Vulkan Timings:
MUL_MAT_VEC q4_0 m=5120 n=1 k=17408: 1 x 96.64 us = 96.64 us (1844.5 GFLOPS/s)
Total time: 96.64 us.
----------------
Vulkan Timings:
MUL_MAT_VEC q4_0 m=5120 n=1 k=17408: 1 x 96.44 us = 96.44 us (1848.33 GFLOPS/s)
Total time: 96.44 us.
----------------
Vulkan Timings:
MUL_MAT_VEC q4_0 m=5120 n=1 k=17408: 1 x 96.68 us = 96.68 us (1843.74 GFLOPS/s)
Total time: 96.68 us.
----------------
Vulkan Timings:
MUL_MAT_VEC q4_0 m=5120 n=1 k=17408: 1 x 96.68 us = 96.68 us (1843.74 GFLOPS/s)
Total time: 96.68 us.
----------------
Vulkan Timings:
MUL_MAT_VEC q4_0 m=5120 n=1 k=17408: 1 x 96.56 us = 96.56 us (1846.03 GFLOPS/s)
Total time: 96.56 us.
----------------
Vulkan Timings:
MUL_MAT_VEC q4_0 m=5120 n=1 k=17408: 1 x 96.8 us = 96.8 us (1841.45 GFLOPS/s)
Total time: 96.8 us.
----------------
Vulkan Timings:
MUL_MAT_VEC q4_0 m=5120 n=1 k=17408: 1 x 96.6 us = 96.6 us (1845.27 GFLOPS/s)
Total time: 96.6 us.
----------------
Vulkan Timings:
MUL_MAT_VEC q4_0 m=5120 n=1 k=17408: 1 x 96.76 us = 96.76 us (1842.22 GFLOPS/s)
Total time: 96.76 us.
----------------
Vulkan Timings:
MUL_MAT_VEC q4_0 m=5120 n=1 k=17408: 1 x 96.84 us = 96.84 us (1840.69 GFLOPS/s)
Total time: 96.84 us.
----------------
Vulkan Timings:
MUL_MAT_VEC q4_0 m=5120 n=1 k=17408: 1 x 96.72 us = 96.72 us (1842.98 GFLOPS/s)
Total time: 96.72 us.
----------------
Vulkan Timings:
MUL_MAT_VEC q4_0 m=5120 n=1 k=17408: 1 x 96.76 us = 96.76 us (1842.22 GFLOPS/s)
Total time: 96.76 us.
----------------
Vulkan Timings:
MUL_MAT_VEC q4_0 m=5120 n=1 k=17408: 1 x 96.6 us = 96.6 us (1845.27 GFLOPS/s)
Total time: 96.6 us.
----------------
Vulkan Timings:
MUL_MAT_VEC q4_0 m=5120 n=1 k=17408: 1 x 96.72 us = 96.72 us (1842.98 GFLOPS/s)
Total time: 96.72 us.
----------------
Vulkan Timings:
MUL_MAT_VEC q4_0 m=5120 n=1 k=17408: 1 x 96.48 us = 96.48 us (1847.56 GFLOPS/s)
Total time: 96.48 us.
----------------
Vulkan Timings:
MUL_MAT_VEC q4_0 m=5120 n=1 k=17408: 1 x 96.48 us = 96.48 us (1847.56 GFLOPS/s)
Total time: 96.48 us.
----------------
Vulkan Timings:
MUL_MAT_VEC q4_0 m=5120 n=1 k=17408: 1 x 96.28 us = 96.28 us (1851.4 GFLOPS/s)
Total time: 96.28 us.
----------------
Vulkan Timings:
MUL_MAT_VEC q4_0 m=5120 n=1 k=17408: 1 x 96.8 us = 96.8 us (1841.45 GFLOPS/s)
Total time: 96.8 us.
----------------
Vulkan Timings:
MUL_MAT_VEC q4_0 m=5120 n=1 k=17408: 1 x 96.84 us = 96.84 us (1840.69 GFLOPS/s)
Total time: 96.84 us.
----------------
Vulkan Timings:
MUL_MAT_VEC q4_0 m=5120 n=1 k=17408: 1 x 96.8 us = 96.8 us (1841.45 GFLOPS/s)
Total time: 96.8 us.
----------------
Vulkan Timings:
MUL_MAT_VEC q4_0 m=5120 n=1 k=17408: 1 x 96.68 us = 96.68 us (1843.74 GFLOPS/s)
Total time: 96.68 us.
----------------
Vulkan Timings:
MUL_MAT_VEC q4_0 m=5120 n=1 k=17408: 1 x 96.4 us = 96.4 us (1849.1 GFLOPS/s)
Total time: 96.4 us.
----------------
Vulkan Timings:
MUL_MAT_VEC q4_0 m=5120 n=1 k=17408: 1 x 96.52 us = 96.52 us (1846.8 GFLOPS/s)
Total time: 96.52 us.
----------------
Vulkan Timings:
MUL_MAT_VEC q4_0 m=5120 n=1 k=17408: 1 x 96.64 us = 96.64 us (1844.5 GFLOPS/s)
Total time: 96.64 us.
----------------
Vulkan Timings:
MUL_MAT_VEC q4_0 m=5120 n=1 k=17408: 1 x 96.6 us = 96.6 us (1845.27 GFLOPS/s)
Total time: 96.6 us.
----------------
Vulkan Timings:
MUL_MAT_VEC q4_0 m=5120 n=1 k=17408: 1 x 96.56 us = 96.56 us (1846.03 GFLOPS/s)
Total time: 96.56 us.
----------------
Vulkan Timings:
MUL_MAT_VEC q4_0 m=5120 n=1 k=17408: 1 x 96.76 us = 96.76 us (1842.22 GFLOPS/s)
Total time: 96.76 us.
----------------
Vulkan Timings:
MUL_MAT_VEC q4_0 m=5120 n=1 k=17408: 1 x 96.6 us = 96.6 us (1845.27 GFLOPS/s)
Total time: 96.6 us.
----------------
Vulkan Timings:
MUL_MAT_VEC q4_0 m=5120 n=1 k=17408: 1 x 96.52 us = 96.52 us (1846.8 GFLOPS/s)
Total time: 96.52 us.
----------------
Vulkan Timings:
MUL_MAT_VEC q4_0 m=5120 n=1 k=17408: 1 x 96.72 us = 96.72 us (1842.98 GFLOPS/s)
Total time: 96.72 us.
----------------
Vulkan Timings:
MUL_MAT_VEC q4_0 m=5120 n=1 k=17408: 1 x 96.68 us = 96.68 us (1843.74 GFLOPS/s)
Total time: 96.68 us.
----------------
Vulkan Timings:
MUL_MAT_VEC q4_0 m=5120 n=1 k=17408: 1 x 96.64 us = 96.64 us (1844.5 GFLOPS/s)
Total time: 96.64 us.
----------------
Vulkan Timings:
MUL_MAT_VEC q4_0 m=5120 n=1 k=17408: 1 x 96.56 us = 96.56 us (1846.03 GFLOPS/s)
Total time: 96.56 us.
----------------
Vulkan Timings:
MUL_MAT_VEC q4_0 m=5120 n=1 k=17408: 1 x 96.72 us = 96.72 us (1842.98 GFLOPS/s)
Total time: 96.72 us.
----------------
Vulkan Timings:
MUL_MAT_VEC q4_0 m=5120 n=1 k=17408: 1 x 96.64 us = 96.64 us (1844.5 GFLOPS/s)
Total time: 96.64 us.
----------------
Vulkan Timings:
MUL_MAT_VEC q4_0 m=5120 n=1 k=17408: 1 x 96.64 us = 96.64 us (1844.5 GFLOPS/s)
Total time: 96.64 us.
----------------
Vulkan Timings:
MUL_MAT_VEC q4_0 m=5120 n=1 k=17408: 1 x 96.64 us = 96.64 us (1844.5 GFLOPS/s)
Total time: 96.64 us.
----------------
Vulkan Timings:
MUL_MAT_VEC q4_0 m=5120 n=1 k=17408: 1 x 96.72 us = 96.72 us (1842.98 GFLOPS/s)
Total time: 96.72 us.
----------------
Vulkan Timings:
MUL_MAT_VEC q4_0 m=5120 n=1 k=17408: 1 x 96.28 us = 96.28 us (1851.4 GFLOPS/s)
Total time: 96.28 us.
----------------
Vulkan Timings:
MUL_MAT_VEC q4_0 m=5120 n=1 k=17408: 1 x 96.64 us = 96.64 us (1844.5 GFLOPS/s)
Total time: 96.64 us.
----------------
Vulkan Timings:
MUL_MAT_VEC q4_0 m=5120 n=1 k=17408: 1 x 96.4 us = 96.4 us (1849.1 GFLOPS/s)
Total time: 96.4 us.
----------------
Vulkan Timings:
MUL_MAT_VEC q4_0 m=5120 n=1 k=17408: 1 x 96.48 us = 96.48 us (1847.56 GFLOPS/s)
Total time: 96.48 us.
----------------
Vulkan Timings:
MUL_MAT_VEC q4_0 m=5120 n=1 k=17408: 1 x 96.6 us = 96.6 us (1845.27 GFLOPS/s)
Total time: 96.6 us.
----------------
Vulkan Timings:
MUL_MAT_VEC q4_0 m=5120 n=1 k=17408: 1 x 96.6 us = 96.6 us (1845.27 GFLOPS/s)
Total time: 96.6 us.
----------------
Vulkan Timings:
MUL_MAT_VEC q4_0 m=5120 n=1 k=17408: 1 x 96.64 us = 96.64 us (1844.5 GFLOPS/s)
Total time: 96.64 us.
----------------
Vulkan Timings:
MUL_MAT_VEC q4_0 m=5120 n=1 k=17408: 1 x 96.84 us = 96.84 us (1840.69 GFLOPS/s)
Total time: 96.84 us.
----------------
Vulkan Timings:
MUL_MAT_VEC q4_0 m=5120 n=1 k=17408: 1 x 96.56 us = 96.56 us (1846.03 GFLOPS/s)
Total time: 96.56 us.
----------------
Vulkan Timings:
MUL_MAT_VEC q4_0 m=5120 n=1 k=17408: 1 x 96.76 us = 96.76 us (1842.22 GFLOPS/s)
Total time: 96.76 us.
----------------
Vulkan Timings:
MUL_MAT_VEC q4_0 m=5120 n=1 k=17408: 1 x 96.88 us = 96.88 us (1839.93 GFLOPS/s)
Total time: 96.88 us.
----------------
Vulkan Timings:
MUL_MAT_VEC q4_0 m=5120 n=1 k=17408: 1 x 96.6 us = 96.6 us (1845.27 GFLOPS/s)
Total time: 96.6 us.
----------------
Vulkan Timings:
MUL_MAT_VEC q4_0 m=5120 n=1 k=17408: 1 x 96.48 us = 96.48 us (1847.56 GFLOPS/s)
Total time: 96.48 us.
----------------
Vulkan Timings:
MUL_MAT_VEC q4_0 m=5120 n=1 k=17408: 1 x 96.4 us = 96.4 us (1849.1 GFLOPS/s)
Total time: 96.4 us.
----------------
Vulkan Timings:
MUL_MAT_VEC q4_0 m=5120 n=1 k=17408: 1 x 96.08 us = 96.08 us (1855.25 GFLOPS/s)
Total time: 96.08 us.
----------------
Vulkan Timings:
MUL_MAT_VEC q4_0 m=5120 n=1 k=17408: 1 x 96.6 us = 96.6 us (1845.27 GFLOPS/s)
Total time: 96.6 us.
----------------
Vulkan Timings:
MUL_MAT_VEC q4_0 m=5120 n=1 k=17408: 1 x 96.48 us = 96.48 us (1847.56 GFLOPS/s)
Total time: 96.48 us.
----------------
Vulkan Timings:
MUL_MAT_VEC q4_0 m=5120 n=1 k=17408: 1 x 96.36 us = 96.36 us (1849.86 GFLOPS/s)
Total time: 96.36 us.
----------------
Vulkan Timings:
MUL_MAT_VEC q4_0 m=5120 n=1 k=17408: 1 x 96.52 us = 96.52 us (1846.8 GFLOPS/s)
Total time: 96.52 us.
----------------
Vulkan Timings:
MUL_MAT_VEC q4_0 m=5120 n=1 k=17408: 1 x 96.32 us = 96.32 us (1850.63 GFLOPS/s)
Total time: 96.32 us.
----------------
Vulkan Timings:
MUL_MAT_VEC q4_0 m=5120 n=1 k=17408: 1 x 96.56 us = 96.56 us (1846.03 GFLOPS/s)
Total time: 96.56 us.
----------------
Vulkan Timings:
MUL_MAT_VEC q4_0 m=5120 n=1 k=17408: 1 x 89.88 us = 89.88 us (1983.23 GFLOPS/s)
Total time: 89.88 us.
----------------
Vulkan Timings:
MUL_MAT_VEC q4_0 m=5120 n=1 k=17408: 1 x 96.72 us = 96.72 us (1842.98 GFLOPS/s)
Total time: 96.72 us.
----------------
Vulkan Timings:
MUL_MAT_VEC q4_0 m=5120 n=1 k=17408: 1 x 99.4 us = 99.4 us (1793.29 GFLOPS/s)
Total time: 99.4 us.
----------------
Vulkan Timings:
MUL_MAT_VEC q4_0 m=5120 n=1 k=17408: 1 x 96.92 us = 96.92 us (1839.17 GFLOPS/s)
Total time: 96.92 us.
----------------
Vulkan Timings:
MUL_MAT_VEC q4_0 m=5120 n=1 k=17408: 1 x 96.88 us = 96.88 us (1839.93 GFLOPS/s)
Total time: 96.88 us.
----------------
Vulkan Timings:
MUL_MAT_VEC q4_0 m=5120 n=1 k=17408: 1 x 96.8 us = 96.8 us (1841.45 GFLOPS/s)
Total time: 96.8 us.
----------------
Vulkan Timings:
MUL_MAT_VEC q4_0 m=5120 n=1 k=17408: 1 x 96.68 us = 96.68 us (1843.74 GFLOPS/s)
Total time: 96.68 us.
----------------
Vulkan Timings:
MUL_MAT_VEC q4_0 m=5120 n=1 k=17408: 1 x 96.56 us = 96.56 us (1846.03 GFLOPS/s)
Total time: 96.56 us.
----------------
Vulkan Timings:
MUL_MAT_VEC q4_0 m=5120 n=1 k=17408: 1 x 96.56 us = 96.56 us (1846.03 GFLOPS/s)
Total time: 96.56 us.
----------------
Vulkan Timings:
MUL_MAT_VEC q4_0 m=5120 n=1 k=17408: 1 x 96.72 us = 96.72 us (1842.98 GFLOPS/s)
Total time: 96.72 us.
----------------
Vulkan Timings:
MUL_MAT_VEC q4_0 m=5120 n=1 k=17408: 1 x 96.68 us = 96.68 us (1843.74 GFLOPS/s)
Total time: 96.68 us.
----------------
Vulkan Timings:
MUL_MAT_VEC q4_0 m=5120 n=1 k=17408: 1 x 96.92 us = 96.92 us (1839.17 GFLOPS/s)
Total time: 96.92 us.
----------------
Vulkan Timings:
MUL_MAT_VEC q4_0 m=5120 n=1 k=17408: 1 x 96.4 us = 96.4 us (1849.1 GFLOPS/s)
Total time: 96.4 us.
----------------
Vulkan Timings:
MUL_MAT_VEC q4_0 m=5120 n=1 k=17408: 1 x 96.68 us = 96.68 us (1843.74 GFLOPS/s)
Total time: 96.68 us.
----------------
Vulkan Timings:
MUL_MAT_VEC q4_0 m=5120 n=1 k=17408: 1 x 96.52 us = 96.52 us (1846.8 GFLOPS/s)
Total time: 96.52 us.
----------------
Vulkan Timings:
MUL_MAT_VEC q4_0 m=5120 n=1 k=17408: 1 x 96.64 us = 96.64 us (1844.5 GFLOPS/s)
Total time: 96.64 us.
----------------
Vulkan Timings:
MUL_MAT_VEC q4_0 m=5120 n=1 k=17408: 1 x 96.6 us = 96.6 us (1845.27 GFLOPS/s)
Total time: 96.6 us.
----------------
Vulkan Timings:
MUL_MAT_VEC q4_0 m=5120 n=1 k=17408: 1 x 96.64 us = 96.64 us (1844.5 GFLOPS/s)
Total time: 96.64 us.
----------------
Vulkan Timings:
MUL_MAT_VEC q4_0 m=5120 n=1 k=17408: 1 x 96.84 us = 96.84 us (1840.69 GFLOPS/s)
Total time: 96.84 us.
----------------
Vulkan Timings:
MUL_MAT_VEC q4_0 m=5120 n=1 k=17408: 1 x 96.12 us = 96.12 us (1854.48 GFLOPS/s)
Total time: 96.12 us.
----------------
Vulkan Timings:
MUL_MAT_VEC q4_0 m=5120 n=1 k=17408: 1 x 96.56 us = 96.56 us (1846.03 GFLOPS/s)
Total time: 96.56 us.
----------------
Vulkan Timings:
MUL_MAT_VEC q4_0 m=5120 n=1 k=17408: 1 x 96.32 us = 96.32 us (1850.63 GFLOPS/s)
Total time: 96.32 us.
----------------
Vulkan Timings:
MUL_MAT_VEC q4_0 m=5120 n=1 k=17408: 1 x 96.72 us = 96.72 us (1842.98 GFLOPS/s)
Total time: 96.72 us.
----------------
Vulkan Timings:
MUL_MAT_VEC q4_0 m=5120 n=1 k=17408: 1 x 96.32 us = 96.32 us (1850.63 GFLOPS/s)
Total time: 96.32 us.
----------------
Vulkan Timings:
MUL_MAT_VEC q4_0 m=5120 n=1 k=17408: 1 x 96.28 us = 96.28 us (1851.4 GFLOPS/s)
Total time: 96.28 us.
----------------
Vulkan Timings:
MUL_MAT_VEC q4_0 m=5120 n=1 k=17408: 1 x 96.24 us = 96.24 us (1852.17 GFLOPS/s)
Total time: 96.24 us.
----------------
Vulkan Timings:
MUL_MAT_VEC q4_0 m=5120 n=1 k=17408: 1 x 96.72 us = 96.72 us (1842.98 GFLOPS/s)
Total time: 96.72 us.
----------------
Vulkan Timings:
MUL_MAT_VEC q4_0 m=5120 n=1 k=17408: 1 x 96.56 us = 96.56 us (1846.03 GFLOPS/s)
Total time: 96.56 us.
----------------
Vulkan Timings:
MUL_MAT_VEC q4_0 m=5120 n=1 k=17408: 1 x 96.68 us = 96.68 us (1843.74 GFLOPS/s)
Total time: 96.68 us.
----------------
Vulkan Timings:
MUL_MAT_VEC q4_0 m=5120 n=1 k=17408: 1 x 96.44 us = 96.44 us (1848.33 GFLOPS/s)
Total time: 96.44 us.
----------------
Vulkan Timings:
MUL_MAT_VEC q4_0 m=5120 n=1 k=17408: 1 x 96.48 us = 96.48 us (1847.56 GFLOPS/s)
Total time: 96.48 us.
----------------
Vulkan Timings:
MUL_MAT_VEC q4_0 m=5120 n=1 k=17408: 1 x 96.4 us = 96.4 us (1849.1 GFLOPS/s)
Total time: 96.4 us.
----------------
Vulkan Timings:
MUL_MAT_VEC q4_0 m=5120 n=1 k=17408: 1 x 96.52 us = 96.52 us (1846.8 GFLOPS/s)
Total time: 96.52 us.
----------------
Vulkan Timings:
MUL_MAT_VEC q4_0 m=5120 n=1 k=17408: 1 x 96.44 us = 96.44 us (1848.33 GFLOPS/s)
Total time: 96.44 us.
----------------
Vulkan Timings:
MUL_MAT_VEC q4_0 m=5120 n=1 k=17408: 1 x 96.68 us = 96.68 us (1843.74 GFLOPS/s)
Total time: 96.68 us.
