ggml_vulkan: Found 1 Vulkan devices:
ggml_vulkan: 0 = AMD Radeon RX 7900 XTX (RADV NAVI31) (radv) | uma: 0 | fp16: dot2 | bf16: 0 | fp4: 0 | warp size: 64 | shared memory: 65536 | int dot: 1 | matrix cores: KHR_coopmat
oracle=0.24.0 commit=456172ec-dirty device=AMD Radeon RX 7900 XTX (RADV NAVI31) disable_mmvq=1
backend_allocation_bytes=35459072
----------------
Vulkan Timings:
MUL_MAT_VEC q4_0 m=12288 n=1 k=5120: 1 x 90.8 us = 90.8 us (1385.65 GFLOPS/s)
Total time: 90.8 us.
----------------
Vulkan Timings:
MUL_MAT_VEC q4_0 m=12288 n=1 k=5120: 1 x 70.64 us = 70.64 us (1781.1 GFLOPS/s)
Total time: 70.64 us.
----------------
Vulkan Timings:
MUL_MAT_VEC q4_0 m=12288 n=1 k=5120: 1 x 70.56 us = 70.56 us (1783.12 GFLOPS/s)
Total time: 70.56 us.
----------------
Vulkan Timings:
MUL_MAT_VEC q4_0 m=12288 n=1 k=5120: 1 x 70.64 us = 70.64 us (1781.1 GFLOPS/s)
Total time: 70.64 us.
----------------
Vulkan Timings:
MUL_MAT_VEC q4_0 m=12288 n=1 k=5120: 1 x 70.48 us = 70.48 us (1785.14 GFLOPS/s)
Total time: 70.48 us.
----------------
Vulkan Timings:
MUL_MAT_VEC q4_0 m=12288 n=1 k=5120: 1 x 70.64 us = 70.64 us (1781.1 GFLOPS/s)
Total time: 70.64 us.
----------------
Vulkan Timings:
MUL_MAT_VEC q4_0 m=12288 n=1 k=5120: 1 x 70.4 us = 70.4 us (1787.17 GFLOPS/s)
Total time: 70.4 us.
----------------
Vulkan Timings:
MUL_MAT_VEC q4_0 m=12288 n=1 k=5120: 1 x 70.44 us = 70.44 us (1786.16 GFLOPS/s)
Total time: 70.44 us.
----------------
Vulkan Timings:
MUL_MAT_VEC q4_0 m=12288 n=1 k=5120: 1 x 70.52 us = 70.52 us (1784.13 GFLOPS/s)
Total time: 70.52 us.
----------------
Vulkan Timings:
MUL_MAT_VEC q4_0 m=12288 n=1 k=5120: 1 x 70.68 us = 70.68 us (1780.09 GFLOPS/s)
Total time: 70.68 us.
----------------
Vulkan Timings:
MUL_MAT_VEC q4_0 m=12288 n=1 k=5120: 1 x 70.88 us = 70.88 us (1775.07 GFLOPS/s)
Total time: 70.88 us.
----------------
Vulkan Timings:
MUL_MAT_VEC q4_0 m=12288 n=1 k=5120: 1 x 70.68 us = 70.68 us (1780.09 GFLOPS/s)
Total time: 70.68 us.
----------------
Vulkan Timings:
MUL_MAT_VEC q4_0 m=12288 n=1 k=5120: 1 x 70.6 us = 70.6 us (1782.11 GFLOPS/s)
Total time: 70.6 us.
----------------
Vulkan Timings:
MUL_MAT_VEC q4_0 m=12288 n=1 k=5120: 1 x 70.36 us = 70.36 us (1788.19 GFLOPS/s)
Total time: 70.36 us.
----------------
Vulkan Timings:
MUL_MAT_VEC q4_0 m=12288 n=1 k=5120: 1 x 70.2 us = 70.2 us (1792.26 GFLOPS/s)
Total time: 70.2 us.
----------------
Vulkan Timings:
MUL_MAT_VEC q4_0 m=12288 n=1 k=5120: 1 x 70.44 us = 70.44 us (1786.16 GFLOPS/s)
Total time: 70.44 us.
----------------
Vulkan Timings:
MUL_MAT_VEC q4_0 m=12288 n=1 k=5120: 1 x 70.64 us = 70.64 us (1781.1 GFLOPS/s)
Total time: 70.64 us.
----------------
Vulkan Timings:
MUL_MAT_VEC q4_0 m=12288 n=1 k=5120: 1 x 70.48 us = 70.48 us (1785.14 GFLOPS/s)
Total time: 70.48 us.
----------------
Vulkan Timings:
MUL_MAT_VEC q4_0 m=12288 n=1 k=5120: 1 x 70.84 us = 70.84 us (1776.07 GFLOPS/s)
Total time: 70.84 us.
----------------
Vulkan Timings:
MUL_MAT_VEC q4_0 m=12288 n=1 k=5120: 1 x 70.44 us = 70.44 us (1786.16 GFLOPS/s)
Total time: 70.44 us.
----------------
Vulkan Timings:
MUL_MAT_VEC q4_0 m=12288 n=1 k=5120: 1 x 70.76 us = 70.76 us (1778.08 GFLOPS/s)
Total time: 70.76 us.
----------------
Vulkan Timings:
MUL_MAT_VEC q4_0 m=12288 n=1 k=5120: 1 x 70.48 us = 70.48 us (1785.14 GFLOPS/s)
Total time: 70.48 us.
----------------
Vulkan Timings:
MUL_MAT_VEC q4_0 m=12288 n=1 k=5120: 1 x 70.24 us = 70.24 us (1791.24 GFLOPS/s)
Total time: 70.24 us.
----------------
Vulkan Timings:
MUL_MAT_VEC q4_0 m=12288 n=1 k=5120: 1 x 70.4 us = 70.4 us (1787.17 GFLOPS/s)
Total time: 70.4 us.
----------------
Vulkan Timings:
MUL_MAT_VEC q4_0 m=12288 n=1 k=5120: 1 x 70.28 us = 70.28 us (1790.22 GFLOPS/s)
Total time: 70.28 us.
----------------
Vulkan Timings:
MUL_MAT_VEC q4_0 m=12288 n=1 k=5120: 1 x 70.72 us = 70.72 us (1779.08 GFLOPS/s)
Total time: 70.72 us.
----------------
Vulkan Timings:
MUL_MAT_VEC q4_0 m=12288 n=1 k=5120: 1 x 70.56 us = 70.56 us (1783.12 GFLOPS/s)
Total time: 70.56 us.
----------------
Vulkan Timings:
MUL_MAT_VEC q4_0 m=12288 n=1 k=5120: 1 x 70.96 us = 70.96 us (1773.07 GFLOPS/s)
Total time: 70.96 us.
----------------
Vulkan Timings:
MUL_MAT_VEC q4_0 m=12288 n=1 k=5120: 1 x 70.48 us = 70.48 us (1785.14 GFLOPS/s)
Total time: 70.48 us.
----------------
Vulkan Timings:
MUL_MAT_VEC q4_0 m=12288 n=1 k=5120: 1 x 70.6 us = 70.6 us (1782.11 GFLOPS/s)
Total time: 70.6 us.
----------------
Vulkan Timings:
MUL_MAT_VEC q4_0 m=12288 n=1 k=5120: 1 x 70.6 us = 70.6 us (1782.11 GFLOPS/s)
Total time: 70.6 us.
----------------
Vulkan Timings:
MUL_MAT_VEC q4_0 m=12288 n=1 k=5120: 1 x 70.56 us = 70.56 us (1783.12 GFLOPS/s)
Total time: 70.56 us.
----------------
Vulkan Timings:
MUL_MAT_VEC q4_0 m=12288 n=1 k=5120: 1 x 70.8 us = 70.8 us (1777.07 GFLOPS/s)
Total time: 70.8 us.
----------------
Vulkan Timings:
MUL_MAT_VEC q4_0 m=12288 n=1 k=5120: 1 x 70.64 us = 70.64 us (1781.1 GFLOPS/s)
Total time: 70.64 us.
----------------
Vulkan Timings:
MUL_MAT_VEC q4_0 m=12288 n=1 k=5120: 1 x 70.48 us = 70.48 us (1785.14 GFLOPS/s)
Total time: 70.48 us.
----------------
Vulkan Timings:
MUL_MAT_VEC q4_0 m=12288 n=1 k=5120: 1 x 70.56 us = 70.56 us (1783.12 GFLOPS/s)
Total time: 70.56 us.
----------------
Vulkan Timings:
MUL_MAT_VEC q4_0 m=12288 n=1 k=5120: 1 x 70.88 us = 70.88 us (1775.07 GFLOPS/s)
Total time: 70.88 us.
----------------
Vulkan Timings:
MUL_MAT_VEC q4_0 m=12288 n=1 k=5120: 1 x 70.48 us = 70.48 us (1785.14 GFLOPS/s)
Total time: 70.48 us.
----------------
Vulkan Timings:
MUL_MAT_VEC q4_0 m=12288 n=1 k=5120: 1 x 70.48 us = 70.48 us (1785.14 GFLOPS/s)
Total time: 70.48 us.
----------------
Vulkan Timings:
MUL_MAT_VEC q4_0 m=12288 n=1 k=5120: 1 x 70.56 us = 70.56 us (1783.12 GFLOPS/s)
Total time: 70.56 us.
----------------
Vulkan Timings:
MUL_MAT_VEC q4_0 m=12288 n=1 k=5120: 1 x 70.44 us = 70.44 us (1786.16 GFLOPS/s)
Total time: 70.44 us.
----------------
Vulkan Timings:
MUL_MAT_VEC q4_0 m=12288 n=1 k=5120: 1 x 70.64 us = 70.64 us (1781.1 GFLOPS/s)
Total time: 70.64 us.
----------------
Vulkan Timings:
MUL_MAT_VEC q4_0 m=12288 n=1 k=5120: 1 x 70.72 us = 70.72 us (1779.08 GFLOPS/s)
Total time: 70.72 us.
----------------
Vulkan Timings:
MUL_MAT_VEC q4_0 m=12288 n=1 k=5120: 1 x 70.6 us = 70.6 us (1782.11 GFLOPS/s)
Total time: 70.6 us.
----------------
Vulkan Timings:
MUL_MAT_VEC q4_0 m=12288 n=1 k=5120: 1 x 70.72 us = 70.72 us (1779.08 GFLOPS/s)
Total time: 70.72 us.
----------------
Vulkan Timings:
MUL_MAT_VEC q4_0 m=12288 n=1 k=5120: 1 x 70.48 us = 70.48 us (1785.14 GFLOPS/s)
Total time: 70.48 us.
----------------
Vulkan Timings:
MUL_MAT_VEC q4_0 m=12288 n=1 k=5120: 1 x 70.48 us = 70.48 us (1785.14 GFLOPS/s)
Total time: 70.48 us.
----------------
Vulkan Timings:
MUL_MAT_VEC q4_0 m=12288 n=1 k=5120: 1 x 70.68 us = 70.68 us (1780.09 GFLOPS/s)
Total time: 70.68 us.
----------------
Vulkan Timings:
MUL_MAT_VEC q4_0 m=12288 n=1 k=5120: 1 x 76.44 us = 76.44 us (1645.96 GFLOPS/s)
Total time: 76.44 us.
----------------
Vulkan Timings:
MUL_MAT_VEC q4_0 m=12288 n=1 k=5120: 1 x 70.6 us = 70.6 us (1782.11 GFLOPS/s)
Total time: 70.6 us.
----------------
Vulkan Timings:
MUL_MAT_VEC q4_0 m=12288 n=1 k=5120: 1 x 73.52 us = 73.52 us (1711.33 GFLOPS/s)
Total time: 73.52 us.
----------------
Vulkan Timings:
MUL_MAT_VEC q4_0 m=12288 n=1 k=5120: 1 x 70.8 us = 70.8 us (1777.07 GFLOPS/s)
Total time: 70.8 us.
----------------
Vulkan Timings:
MUL_MAT_VEC q4_0 m=12288 n=1 k=5120: 1 x 70.64 us = 70.64 us (1781.1 GFLOPS/s)
Total time: 70.64 us.
----------------
Vulkan Timings:
MUL_MAT_VEC q4_0 m=12288 n=1 k=5120: 1 x 70.56 us = 70.56 us (1783.12 GFLOPS/s)
Total time: 70.56 us.
----------------
Vulkan Timings:
MUL_MAT_VEC q4_0 m=12288 n=1 k=5120: 1 x 70.48 us = 70.48 us (1785.14 GFLOPS/s)
Total time: 70.48 us.
----------------
Vulkan Timings:
MUL_MAT_VEC q4_0 m=12288 n=1 k=5120: 1 x 70.84 us = 70.84 us (1776.07 GFLOPS/s)
Total time: 70.84 us.
----------------
Vulkan Timings:
MUL_MAT_VEC q4_0 m=12288 n=1 k=5120: 1 x 70.64 us = 70.64 us (1781.1 GFLOPS/s)
Total time: 70.64 us.
----------------
Vulkan Timings:
MUL_MAT_VEC q4_0 m=12288 n=1 k=5120: 1 x 70.76 us = 70.76 us (1778.08 GFLOPS/s)
Total time: 70.76 us.
----------------
Vulkan Timings:
MUL_MAT_VEC q4_0 m=12288 n=1 k=5120: 1 x 70.76 us = 70.76 us (1778.08 GFLOPS/s)
Total time: 70.76 us.
----------------
Vulkan Timings:
MUL_MAT_VEC q4_0 m=12288 n=1 k=5120: 1 x 70.56 us = 70.56 us (1783.12 GFLOPS/s)
Total time: 70.56 us.
----------------
Vulkan Timings:
MUL_MAT_VEC q4_0 m=12288 n=1 k=5120: 1 x 70.2 us = 70.2 us (1792.26 GFLOPS/s)
Total time: 70.2 us.
----------------
Vulkan Timings:
MUL_MAT_VEC q4_0 m=12288 n=1 k=5120: 1 x 70.64 us = 70.64 us (1781.1 GFLOPS/s)
Total time: 70.64 us.
----------------
Vulkan Timings:
MUL_MAT_VEC q4_0 m=12288 n=1 k=5120: 1 x 70.52 us = 70.52 us (1784.13 GFLOPS/s)
Total time: 70.52 us.
----------------
Vulkan Timings:
MUL_MAT_VEC q4_0 m=12288 n=1 k=5120: 1 x 70.6 us = 70.6 us (1782.11 GFLOPS/s)
Total time: 70.6 us.
----------------
Vulkan Timings:
MUL_MAT_VEC q4_0 m=12288 n=1 k=5120: 1 x 70.24 us = 70.24 us (1791.24 GFLOPS/s)
Total time: 70.24 us.
----------------
Vulkan Timings:
MUL_MAT_VEC q4_0 m=12288 n=1 k=5120: 1 x 70.72 us = 70.72 us (1779.08 GFLOPS/s)
Total time: 70.72 us.
----------------
Vulkan Timings:
MUL_MAT_VEC q4_0 m=12288 n=1 k=5120: 1 x 70.6 us = 70.6 us (1782.11 GFLOPS/s)
Total time: 70.6 us.
----------------
Vulkan Timings:
MUL_MAT_VEC q4_0 m=12288 n=1 k=5120: 1 x 70.64 us = 70.64 us (1781.1 GFLOPS/s)
Total time: 70.64 us.
----------------
Vulkan Timings:
MUL_MAT_VEC q4_0 m=12288 n=1 k=5120: 1 x 70.88 us = 70.88 us (1775.07 GFLOPS/s)
Total time: 70.88 us.
----------------
Vulkan Timings:
MUL_MAT_VEC q4_0 m=12288 n=1 k=5120: 1 x 70.44 us = 70.44 us (1786.16 GFLOPS/s)
Total time: 70.44 us.
----------------
Vulkan Timings:
MUL_MAT_VEC q4_0 m=12288 n=1 k=5120: 1 x 70.68 us = 70.68 us (1780.09 GFLOPS/s)
Total time: 70.68 us.
----------------
Vulkan Timings:
MUL_MAT_VEC q4_0 m=12288 n=1 k=5120: 1 x 70.64 us = 70.64 us (1781.1 GFLOPS/s)
Total time: 70.64 us.
----------------
Vulkan Timings:
MUL_MAT_VEC q4_0 m=12288 n=1 k=5120: 1 x 70.6 us = 70.6 us (1782.11 GFLOPS/s)
Total time: 70.6 us.
----------------
Vulkan Timings:
MUL_MAT_VEC q4_0 m=12288 n=1 k=5120: 1 x 70.68 us = 70.68 us (1780.09 GFLOPS/s)
Total time: 70.68 us.
----------------
Vulkan Timings:
MUL_MAT_VEC q4_0 m=12288 n=1 k=5120: 1 x 70.52 us = 70.52 us (1784.13 GFLOPS/s)
Total time: 70.52 us.
----------------
Vulkan Timings:
MUL_MAT_VEC q4_0 m=12288 n=1 k=5120: 1 x 70.68 us = 70.68 us (1780.09 GFLOPS/s)
Total time: 70.68 us.
----------------
Vulkan Timings:
MUL_MAT_VEC q4_0 m=12288 n=1 k=5120: 1 x 70.68 us = 70.68 us (1780.09 GFLOPS/s)
Total time: 70.68 us.
----------------
Vulkan Timings:
MUL_MAT_VEC q4_0 m=12288 n=1 k=5120: 1 x 70.56 us = 70.56 us (1783.12 GFLOPS/s)
Total time: 70.56 us.
----------------
Vulkan Timings:
MUL_MAT_VEC q4_0 m=12288 n=1 k=5120: 1 x 70.68 us = 70.68 us (1780.09 GFLOPS/s)
Total time: 70.68 us.
----------------
Vulkan Timings:
MUL_MAT_VEC q4_0 m=12288 n=1 k=5120: 1 x 70.76 us = 70.76 us (1778.08 GFLOPS/s)
Total time: 70.76 us.
----------------
Vulkan Timings:
MUL_MAT_VEC q4_0 m=12288 n=1 k=5120: 1 x 70.64 us = 70.64 us (1781.1 GFLOPS/s)
Total time: 70.64 us.
----------------
Vulkan Timings:
MUL_MAT_VEC q4_0 m=12288 n=1 k=5120: 1 x 70.48 us = 70.48 us (1785.14 GFLOPS/s)
Total time: 70.48 us.
----------------
Vulkan Timings:
MUL_MAT_VEC q4_0 m=12288 n=1 k=5120: 1 x 70.8 us = 70.8 us (1777.07 GFLOPS/s)
Total time: 70.8 us.
----------------
Vulkan Timings:
MUL_MAT_VEC q4_0 m=12288 n=1 k=5120: 1 x 70.56 us = 70.56 us (1783.12 GFLOPS/s)
Total time: 70.56 us.
----------------
Vulkan Timings:
MUL_MAT_VEC q4_0 m=12288 n=1 k=5120: 1 x 70.52 us = 70.52 us (1784.13 GFLOPS/s)
Total time: 70.52 us.
----------------
Vulkan Timings:
MUL_MAT_VEC q4_0 m=12288 n=1 k=5120: 1 x 70.88 us = 70.88 us (1775.07 GFLOPS/s)
Total time: 70.88 us.
----------------
Vulkan Timings:
MUL_MAT_VEC q4_0 m=12288 n=1 k=5120: 1 x 70.72 us = 70.72 us (1779.08 GFLOPS/s)
Total time: 70.72 us.
----------------
Vulkan Timings:
MUL_MAT_VEC q4_0 m=12288 n=1 k=5120: 1 x 70.52 us = 70.52 us (1784.13 GFLOPS/s)
Total time: 70.52 us.
----------------
Vulkan Timings:
MUL_MAT_VEC q4_0 m=12288 n=1 k=5120: 1 x 70.72 us = 70.72 us (1779.08 GFLOPS/s)
Total time: 70.72 us.
----------------
Vulkan Timings:
MUL_MAT_VEC q4_0 m=12288 n=1 k=5120: 1 x 70.64 us = 70.64 us (1781.1 GFLOPS/s)
Total time: 70.64 us.
----------------
Vulkan Timings:
MUL_MAT_VEC q4_0 m=12288 n=1 k=5120: 1 x 70.68 us = 70.68 us (1780.09 GFLOPS/s)
Total time: 70.68 us.
----------------
Vulkan Timings:
MUL_MAT_VEC q4_0 m=12288 n=1 k=5120: 1 x 70.68 us = 70.68 us (1780.09 GFLOPS/s)
Total time: 70.68 us.
----------------
Vulkan Timings:
MUL_MAT_VEC q4_0 m=12288 n=1 k=5120: 1 x 70.56 us = 70.56 us (1783.12 GFLOPS/s)
Total time: 70.56 us.
----------------
Vulkan Timings:
MUL_MAT_VEC q4_0 m=12288 n=1 k=5120: 1 x 70.64 us = 70.64 us (1781.1 GFLOPS/s)
Total time: 70.64 us.
----------------
Vulkan Timings:
MUL_MAT_VEC q4_0 m=12288 n=1 k=5120: 1 x 70.8 us = 70.8 us (1777.07 GFLOPS/s)
Total time: 70.8 us.
----------------
Vulkan Timings:
MUL_MAT_VEC q4_0 m=12288 n=1 k=5120: 1 x 71.12 us = 71.12 us (1769.08 GFLOPS/s)
Total time: 71.12 us.
----------------
Vulkan Timings:
MUL_MAT_VEC q4_0 m=12288 n=1 k=5120: 1 x 70.24 us = 70.24 us (1791.24 GFLOPS/s)
Total time: 70.24 us.
----------------
Vulkan Timings:
MUL_MAT_VEC q4_0 m=12288 n=1 k=5120: 1 x 70.56 us = 70.56 us (1783.12 GFLOPS/s)
Total time: 70.56 us.
----------------
Vulkan Timings:
MUL_MAT_VEC q4_0 m=12288 n=1 k=5120: 1 x 70.68 us = 70.68 us (1780.09 GFLOPS/s)
Total time: 70.68 us.
----------------
Vulkan Timings:
MUL_MAT_VEC q4_0 m=12288 n=1 k=5120: 1 x 70.6 us = 70.6 us (1782.11 GFLOPS/s)
Total time: 70.6 us.
----------------
Vulkan Timings:
MUL_MAT_VEC q4_0 m=12288 n=1 k=5120: 1 x 70.76 us = 70.76 us (1778.08 GFLOPS/s)
Total time: 70.76 us.
----------------
Vulkan Timings:
MUL_MAT_VEC q4_0 m=12288 n=1 k=5120: 1 x 70.68 us = 70.68 us (1780.09 GFLOPS/s)
Total time: 70.68 us.
----------------
Vulkan Timings:
MUL_MAT_VEC q4_0 m=12288 n=1 k=5120: 1 x 70.64 us = 70.64 us (1781.1 GFLOPS/s)
Total time: 70.64 us.
----------------
Vulkan Timings:
MUL_MAT_VEC q4_0 m=12288 n=1 k=5120: 1 x 70.56 us = 70.56 us (1783.12 GFLOPS/s)
Total time: 70.56 us.
----------------
Vulkan Timings:
MUL_MAT_VEC q4_0 m=12288 n=1 k=5120: 1 x 70.64 us = 70.64 us (1781.1 GFLOPS/s)
Total time: 70.64 us.
----------------
Vulkan Timings:
MUL_MAT_VEC q4_0 m=12288 n=1 k=5120: 1 x 70.6 us = 70.6 us (1782.11 GFLOPS/s)
Total time: 70.6 us.
----------------
Vulkan Timings:
MUL_MAT_VEC q4_0 m=12288 n=1 k=5120: 1 x 70.76 us = 70.76 us (1778.08 GFLOPS/s)
Total time: 70.76 us.
----------------
Vulkan Timings:
MUL_MAT_VEC q4_0 m=12288 n=1 k=5120: 1 x 70.68 us = 70.68 us (1780.09 GFLOPS/s)
Total time: 70.68 us.
----------------
Vulkan Timings:
MUL_MAT_VEC q4_0 m=12288 n=1 k=5120: 1 x 70.56 us = 70.56 us (1783.12 GFLOPS/s)
Total time: 70.56 us.
----------------
Vulkan Timings:
MUL_MAT_VEC q4_0 m=12288 n=1 k=5120: 1 x 70.88 us = 70.88 us (1775.07 GFLOPS/s)
Total time: 70.88 us.
----------------
Vulkan Timings:
MUL_MAT_VEC q4_0 m=12288 n=1 k=5120: 1 x 70.64 us = 70.64 us (1781.1 GFLOPS/s)
Total time: 70.64 us.
----------------
Vulkan Timings:
MUL_MAT_VEC q4_0 m=12288 n=1 k=5120: 1 x 70.56 us = 70.56 us (1783.12 GFLOPS/s)
Total time: 70.56 us.
----------------
Vulkan Timings:
MUL_MAT_VEC q4_0 m=12288 n=1 k=5120: 1 x 70.64 us = 70.64 us (1781.1 GFLOPS/s)
Total time: 70.64 us.
----------------
Vulkan Timings:
MUL_MAT_VEC q4_0 m=12288 n=1 k=5120: 1 x 70.64 us = 70.64 us (1781.1 GFLOPS/s)
Total time: 70.64 us.
----------------
Vulkan Timings:
MUL_MAT_VEC q4_0 m=12288 n=1 k=5120: 1 x 70.6 us = 70.6 us (1782.11 GFLOPS/s)
Total time: 70.6 us.
----------------
Vulkan Timings:
MUL_MAT_VEC q4_0 m=12288 n=1 k=5120: 1 x 70.48 us = 70.48 us (1785.14 GFLOPS/s)
Total time: 70.48 us.
----------------
Vulkan Timings:
MUL_MAT_VEC q4_0 m=12288 n=1 k=5120: 1 x 70.8 us = 70.8 us (1777.07 GFLOPS/s)
Total time: 70.8 us.
----------------
Vulkan Timings:
MUL_MAT_VEC q4_0 m=12288 n=1 k=5120: 1 x 70.56 us = 70.56 us (1783.12 GFLOPS/s)
Total time: 70.56 us.
----------------
Vulkan Timings:
MUL_MAT_VEC q4_0 m=12288 n=1 k=5120: 1 x 70.6 us = 70.6 us (1782.11 GFLOPS/s)
Total time: 70.6 us.
----------------
Vulkan Timings:
MUL_MAT_VEC q4_0 m=12288 n=1 k=5120: 1 x 70.48 us = 70.48 us (1785.14 GFLOPS/s)
Total time: 70.48 us.
----------------
Vulkan Timings:
MUL_MAT_VEC q4_0 m=12288 n=1 k=5120: 1 x 70.56 us = 70.56 us (1783.12 GFLOPS/s)
Total time: 70.56 us.
----------------
Vulkan Timings:
MUL_MAT_VEC q4_0 m=12288 n=1 k=5120: 1 x 70.88 us = 70.88 us (1775.07 GFLOPS/s)
Total time: 70.88 us.
----------------
Vulkan Timings:
MUL_MAT_VEC q4_0 m=12288 n=1 k=5120: 1 x 70.76 us = 70.76 us (1778.08 GFLOPS/s)
Total time: 70.76 us.
----------------
Vulkan Timings:
MUL_MAT_VEC q4_0 m=12288 n=1 k=5120: 1 x 70.68 us = 70.68 us (1780.09 GFLOPS/s)
Total time: 70.68 us.
----------------
Vulkan Timings:
MUL_MAT_VEC q4_0 m=12288 n=1 k=5120: 1 x 70.64 us = 70.64 us (1781.1 GFLOPS/s)
Total time: 70.64 us.
----------------
Vulkan Timings:
MUL_MAT_VEC q4_0 m=12288 n=1 k=5120: 1 x 70.72 us = 70.72 us (1779.08 GFLOPS/s)
Total time: 70.72 us.
----------------
Vulkan Timings:
MUL_MAT_VEC q4_0 m=12288 n=1 k=5120: 1 x 70.6 us = 70.6 us (1782.11 GFLOPS/s)
Total time: 70.6 us.
----------------
Vulkan Timings:
MUL_MAT_VEC q4_0 m=12288 n=1 k=5120: 1 x 70.64 us = 70.64 us (1781.1 GFLOPS/s)
Total time: 70.64 us.
----------------
Vulkan Timings:
MUL_MAT_VEC q4_0 m=12288 n=1 k=5120: 1 x 70.64 us = 70.64 us (1781.1 GFLOPS/s)
Total time: 70.64 us.
----------------
Vulkan Timings:
MUL_MAT_VEC q4_0 m=12288 n=1 k=5120: 1 x 70.52 us = 70.52 us (1784.13 GFLOPS/s)
Total time: 70.52 us.
----------------
Vulkan Timings:
MUL_MAT_VEC q4_0 m=12288 n=1 k=5120: 1 x 76.24 us = 76.24 us (1650.27 GFLOPS/s)
Total time: 76.24 us.
----------------
Vulkan Timings:
MUL_MAT_VEC q4_0 m=12288 n=1 k=5120: 1 x 70.76 us = 70.76 us (1778.08 GFLOPS/s)
Total time: 70.76 us.
----------------
Vulkan Timings:
MUL_MAT_VEC q4_0 m=12288 n=1 k=5120: 1 x 72.84 us = 72.84 us (1727.3 GFLOPS/s)
Total time: 72.84 us.
----------------
Vulkan Timings:
MUL_MAT_VEC q4_0 m=12288 n=1 k=5120: 1 x 70.88 us = 70.88 us (1775.07 GFLOPS/s)
Total time: 70.88 us.
----------------
Vulkan Timings:
MUL_MAT_VEC q4_0 m=12288 n=1 k=5120: 1 x 70.56 us = 70.56 us (1783.12 GFLOPS/s)
Total time: 70.56 us.
----------------
Vulkan Timings:
MUL_MAT_VEC q4_0 m=12288 n=1 k=5120: 1 x 70.76 us = 70.76 us (1778.08 GFLOPS/s)
Total time: 70.76 us.
----------------
Vulkan Timings:
MUL_MAT_VEC q4_0 m=12288 n=1 k=5120: 1 x 70.8 us = 70.8 us (1777.07 GFLOPS/s)
Total time: 70.8 us.
----------------
Vulkan Timings:
MUL_MAT_VEC q4_0 m=12288 n=1 k=5120: 1 x 70.64 us = 70.64 us (1781.1 GFLOPS/s)
Total time: 70.64 us.
----------------
Vulkan Timings:
MUL_MAT_VEC q4_0 m=12288 n=1 k=5120: 1 x 70.76 us = 70.76 us (1778.08 GFLOPS/s)
Total time: 70.76 us.
----------------
Vulkan Timings:
MUL_MAT_VEC q4_0 m=12288 n=1 k=5120: 1 x 70.76 us = 70.76 us (1778.08 GFLOPS/s)
Total time: 70.76 us.
----------------
Vulkan Timings:
MUL_MAT_VEC q4_0 m=12288 n=1 k=5120: 1 x 70.28 us = 70.28 us (1790.22 GFLOPS/s)
Total time: 70.28 us.
----------------
Vulkan Timings:
MUL_MAT_VEC q4_0 m=12288 n=1 k=5120: 1 x 70.72 us = 70.72 us (1779.08 GFLOPS/s)
Total time: 70.72 us.
----------------
Vulkan Timings:
MUL_MAT_VEC q4_0 m=12288 n=1 k=5120: 1 x 70.68 us = 70.68 us (1780.09 GFLOPS/s)
Total time: 70.68 us.
----------------
Vulkan Timings:
MUL_MAT_VEC q4_0 m=12288 n=1 k=5120: 1 x 70.52 us = 70.52 us (1784.13 GFLOPS/s)
Total time: 70.52 us.
----------------
Vulkan Timings:
MUL_MAT_VEC q4_0 m=12288 n=1 k=5120: 1 x 70.6 us = 70.6 us (1782.11 GFLOPS/s)
Total time: 70.6 us.
----------------
Vulkan Timings:
MUL_MAT_VEC q4_0 m=12288 n=1 k=5120: 1 x 70.84 us = 70.84 us (1776.07 GFLOPS/s)
Total time: 70.84 us.
----------------
Vulkan Timings:
MUL_MAT_VEC q4_0 m=12288 n=1 k=5120: 1 x 71.04 us = 71.04 us (1771.07 GFLOPS/s)
Total time: 71.04 us.
----------------
Vulkan Timings:
MUL_MAT_VEC q4_0 m=12288 n=1 k=5120: 1 x 70.88 us = 70.88 us (1775.07 GFLOPS/s)
Total time: 70.88 us.
----------------
Vulkan Timings:
MUL_MAT_VEC q4_0 m=12288 n=1 k=5120: 1 x 70.76 us = 70.76 us (1778.08 GFLOPS/s)
Total time: 70.76 us.
----------------
Vulkan Timings:
MUL_MAT_VEC q4_0 m=12288 n=1 k=5120: 1 x 70.68 us = 70.68 us (1780.09 GFLOPS/s)
Total time: 70.68 us.
----------------
Vulkan Timings:
MUL_MAT_VEC q4_0 m=12288 n=1 k=5120: 1 x 70.88 us = 70.88 us (1775.07 GFLOPS/s)
Total time: 70.88 us.
----------------
Vulkan Timings:
MUL_MAT_VEC q4_0 m=12288 n=1 k=5120: 1 x 70.6 us = 70.6 us (1782.11 GFLOPS/s)
Total time: 70.6 us.
----------------
Vulkan Timings:
MUL_MAT_VEC q4_0 m=12288 n=1 k=5120: 1 x 70.68 us = 70.68 us (1780.09 GFLOPS/s)
Total time: 70.68 us.
----------------
Vulkan Timings:
MUL_MAT_VEC q4_0 m=12288 n=1 k=5120: 1 x 70.8 us = 70.8 us (1777.07 GFLOPS/s)
Total time: 70.8 us.
----------------
Vulkan Timings:
MUL_MAT_VEC q4_0 m=12288 n=1 k=5120: 1 x 70.88 us = 70.88 us (1775.07 GFLOPS/s)
Total time: 70.88 us.
----------------
Vulkan Timings:
MUL_MAT_VEC q4_0 m=12288 n=1 k=5120: 1 x 70.6 us = 70.6 us (1782.11 GFLOPS/s)
Total time: 70.6 us.
----------------
Vulkan Timings:
MUL_MAT_VEC q4_0 m=12288 n=1 k=5120: 1 x 71.52 us = 71.52 us (1759.18 GFLOPS/s)
Total time: 71.52 us.
----------------
Vulkan Timings:
MUL_MAT_VEC q4_0 m=12288 n=1 k=5120: 1 x 70.88 us = 70.88 us (1775.07 GFLOPS/s)
Total time: 70.88 us.
----------------
Vulkan Timings:
MUL_MAT_VEC q4_0 m=12288 n=1 k=5120: 1 x 70.72 us = 70.72 us (1779.08 GFLOPS/s)
Total time: 70.72 us.
----------------
Vulkan Timings:
MUL_MAT_VEC q4_0 m=12288 n=1 k=5120: 1 x 70.56 us = 70.56 us (1783.12 GFLOPS/s)
Total time: 70.56 us.
----------------
Vulkan Timings:
MUL_MAT_VEC q4_0 m=12288 n=1 k=5120: 1 x 70.96 us = 70.96 us (1773.07 GFLOPS/s)
Total time: 70.96 us.
----------------
Vulkan Timings:
MUL_MAT_VEC q4_0 m=12288 n=1 k=5120: 1 x 70.64 us = 70.64 us (1781.1 GFLOPS/s)
Total time: 70.64 us.
----------------
Vulkan Timings:
MUL_MAT_VEC q4_0 m=12288 n=1 k=5120: 1 x 70.8 us = 70.8 us (1777.07 GFLOPS/s)
Total time: 70.8 us.
----------------
Vulkan Timings:
MUL_MAT_VEC q4_0 m=12288 n=1 k=5120: 1 x 71.6 us = 71.6 us (1757.22 GFLOPS/s)
Total time: 71.6 us.
----------------
Vulkan Timings:
MUL_MAT_VEC q4_0 m=12288 n=1 k=5120: 1 x 70.6 us = 70.6 us (1782.11 GFLOPS/s)
Total time: 70.6 us.
----------------
Vulkan Timings:
MUL_MAT_VEC q4_0 m=12288 n=1 k=5120: 1 x 70.8 us = 70.8 us (1777.07 GFLOPS/s)
Total time: 70.8 us.
----------------
Vulkan Timings:
MUL_MAT_VEC q4_0 m=12288 n=1 k=5120: 1 x 70.68 us = 70.68 us (1780.09 GFLOPS/s)
Total time: 70.68 us.
----------------
Vulkan Timings:
MUL_MAT_VEC q4_0 m=12288 n=1 k=5120: 1 x 70.76 us = 70.76 us (1778.08 GFLOPS/s)
Total time: 70.76 us.
----------------
Vulkan Timings:
MUL_MAT_VEC q4_0 m=12288 n=1 k=5120: 1 x 70.88 us = 70.88 us (1775.07 GFLOPS/s)
Total time: 70.88 us.
----------------
Vulkan Timings:
MUL_MAT_VEC q4_0 m=12288 n=1 k=5120: 1 x 70.76 us = 70.76 us (1778.08 GFLOPS/s)
Total time: 70.76 us.
----------------
Vulkan Timings:
MUL_MAT_VEC q4_0 m=12288 n=1 k=5120: 1 x 70.64 us = 70.64 us (1781.1 GFLOPS/s)
Total time: 70.64 us.
----------------
Vulkan Timings:
MUL_MAT_VEC q4_0 m=12288 n=1 k=5120: 1 x 70.52 us = 70.52 us (1784.13 GFLOPS/s)
Total time: 70.52 us.
----------------
Vulkan Timings:
MUL_MAT_VEC q4_0 m=12288 n=1 k=5120: 1 x 70.84 us = 70.84 us (1776.07 GFLOPS/s)
Total time: 70.84 us.
----------------
Vulkan Timings:
MUL_MAT_VEC q4_0 m=12288 n=1 k=5120: 1 x 70.72 us = 70.72 us (1779.08 GFLOPS/s)
Total time: 70.72 us.
----------------
Vulkan Timings:
MUL_MAT_VEC q4_0 m=12288 n=1 k=5120: 1 x 70.64 us = 70.64 us (1781.1 GFLOPS/s)
Total time: 70.64 us.
----------------
Vulkan Timings:
MUL_MAT_VEC q4_0 m=12288 n=1 k=5120: 1 x 70.8 us = 70.8 us (1777.07 GFLOPS/s)
Total time: 70.8 us.
----------------
Vulkan Timings:
MUL_MAT_VEC q4_0 m=12288 n=1 k=5120: 1 x 70.2 us = 70.2 us (1792.26 GFLOPS/s)
Total time: 70.2 us.
----------------
Vulkan Timings:
MUL_MAT_VEC q4_0 m=12288 n=1 k=5120: 1 x 70.76 us = 70.76 us (1778.08 GFLOPS/s)
Total time: 70.76 us.
----------------
Vulkan Timings:
MUL_MAT_VEC q4_0 m=12288 n=1 k=5120: 1 x 70.6 us = 70.6 us (1782.11 GFLOPS/s)
Total time: 70.6 us.
----------------
Vulkan Timings:
MUL_MAT_VEC q4_0 m=12288 n=1 k=5120: 1 x 71 us = 71 us (1772.07 GFLOPS/s)
Total time: 71 us.
----------------
Vulkan Timings:
MUL_MAT_VEC q4_0 m=12288 n=1 k=5120: 1 x 70.64 us = 70.64 us (1781.1 GFLOPS/s)
Total time: 70.64 us.
----------------
Vulkan Timings:
MUL_MAT_VEC q4_0 m=12288 n=1 k=5120: 1 x 70.68 us = 70.68 us (1780.09 GFLOPS/s)
Total time: 70.68 us.
----------------
Vulkan Timings:
MUL_MAT_VEC q4_0 m=12288 n=1 k=5120: 1 x 70.76 us = 70.76 us (1778.08 GFLOPS/s)
Total time: 70.76 us.
----------------
Vulkan Timings:
MUL_MAT_VEC q4_0 m=12288 n=1 k=5120: 1 x 70.76 us = 70.76 us (1778.08 GFLOPS/s)
Total time: 70.76 us.
----------------
Vulkan Timings:
MUL_MAT_VEC q4_0 m=12288 n=1 k=5120: 1 x 70.6 us = 70.6 us (1782.11 GFLOPS/s)
Total time: 70.6 us.
----------------
Vulkan Timings:
MUL_MAT_VEC q4_0 m=12288 n=1 k=5120: 1 x 70.76 us = 70.76 us (1778.08 GFLOPS/s)
Total time: 70.76 us.
----------------
Vulkan Timings:
MUL_MAT_VEC q4_0 m=12288 n=1 k=5120: 1 x 70.68 us = 70.68 us (1780.09 GFLOPS/s)
Total time: 70.68 us.
----------------
Vulkan Timings:
MUL_MAT_VEC q4_0 m=12288 n=1 k=5120: 1 x 70.76 us = 70.76 us (1778.08 GFLOPS/s)
Total time: 70.76 us.
----------------
Vulkan Timings:
MUL_MAT_VEC q4_0 m=12288 n=1 k=5120: 1 x 70.8 us = 70.8 us (1777.07 GFLOPS/s)
Total time: 70.8 us.
----------------
Vulkan Timings:
MUL_MAT_VEC q4_0 m=12288 n=1 k=5120: 1 x 70.76 us = 70.76 us (1778.08 GFLOPS/s)
Total time: 70.76 us.
----------------
Vulkan Timings:
MUL_MAT_VEC q4_0 m=12288 n=1 k=5120: 1 x 71.68 us = 71.68 us (1755.26 GFLOPS/s)
Total time: 71.68 us.
----------------
Vulkan Timings:
MUL_MAT_VEC q4_0 m=12288 n=1 k=5120: 1 x 70.84 us = 70.84 us (1776.07 GFLOPS/s)
Total time: 70.84 us.
----------------
Vulkan Timings:
MUL_MAT_VEC q4_0 m=12288 n=1 k=5120: 1 x 70.88 us = 70.88 us (1775.07 GFLOPS/s)
Total time: 70.88 us.
----------------
Vulkan Timings:
MUL_MAT_VEC q4_0 m=12288 n=1 k=5120: 1 x 70.64 us = 70.64 us (1781.1 GFLOPS/s)
Total time: 70.64 us.
----------------
Vulkan Timings:
MUL_MAT_VEC q4_0 m=12288 n=1 k=5120: 1 x 70.6 us = 70.6 us (1782.11 GFLOPS/s)
Total time: 70.6 us.
----------------
Vulkan Timings:
MUL_MAT_VEC q4_0 m=12288 n=1 k=5120: 1 x 70.84 us = 70.84 us (1776.07 GFLOPS/s)
Total time: 70.84 us.
----------------
Vulkan Timings:
MUL_MAT_VEC q4_0 m=12288 n=1 k=5120: 1 x 70.56 us = 70.56 us (1783.12 GFLOPS/s)
Total time: 70.56 us.
----------------
Vulkan Timings:
MUL_MAT_VEC q4_0 m=12288 n=1 k=5120: 1 x 70.72 us = 70.72 us (1779.08 GFLOPS/s)
Total time: 70.72 us.
----------------
Vulkan Timings:
MUL_MAT_VEC q4_0 m=12288 n=1 k=5120: 1 x 70.4 us = 70.4 us (1787.17 GFLOPS/s)
Total time: 70.4 us.
----------------
Vulkan Timings:
MUL_MAT_VEC q4_0 m=12288 n=1 k=5120: 1 x 70.56 us = 70.56 us (1783.12 GFLOPS/s)
Total time: 70.56 us.
----------------
Vulkan Timings:
MUL_MAT_VEC q4_0 m=12288 n=1 k=5120: 1 x 70.52 us = 70.52 us (1784.13 GFLOPS/s)
Total time: 70.52 us.
----------------
Vulkan Timings:
MUL_MAT_VEC q4_0 m=12288 n=1 k=5120: 1 x 70.84 us = 70.84 us (1776.07 GFLOPS/s)
Total time: 70.84 us.
----------------
Vulkan Timings:
MUL_MAT_VEC q4_0 m=12288 n=1 k=5120: 1 x 70.84 us = 70.84 us (1776.07 GFLOPS/s)
Total time: 70.84 us.
----------------
Vulkan Timings:
MUL_MAT_VEC q4_0 m=12288 n=1 k=5120: 1 x 70.72 us = 70.72 us (1779.08 GFLOPS/s)
Total time: 70.72 us.
----------------
Vulkan Timings:
MUL_MAT_VEC q4_0 m=12288 n=1 k=5120: 1 x 70.64 us = 70.64 us (1781.1 GFLOPS/s)
Total time: 70.64 us.
----------------
Vulkan Timings:
MUL_MAT_VEC q4_0 m=12288 n=1 k=5120: 1 x 70.36 us = 70.36 us (1788.19 GFLOPS/s)
Total time: 70.36 us.
----------------
Vulkan Timings:
MUL_MAT_VEC q4_0 m=12288 n=1 k=5120: 1 x 70.32 us = 70.32 us (1789.2 GFLOPS/s)
Total time: 70.32 us.
----------------
Vulkan Timings:
MUL_MAT_VEC q4_0 m=12288 n=1 k=5120: 1 x 70.8 us = 70.8 us (1777.07 GFLOPS/s)
Total time: 70.8 us.
----------------
Vulkan Timings:
MUL_MAT_VEC q4_0 m=12288 n=1 k=5120: 1 x 70.76 us = 70.76 us (1778.08 GFLOPS/s)
Total time: 70.76 us.
----------------
Vulkan Timings:
MUL_MAT_VEC q4_0 m=12288 n=1 k=5120: 1 x 70.84 us = 70.84 us (1776.07 GFLOPS/s)
Total time: 70.84 us.
----------------
Vulkan Timings:
MUL_MAT_VEC q4_0 m=12288 n=1 k=5120: 1 x 70.56 us = 70.56 us (1783.12 GFLOPS/s)
Total time: 70.56 us.
----------------
Vulkan Timings:
MUL_MAT_VEC q4_0 m=12288 n=1 k=5120: 1 x 70.44 us = 70.44 us (1786.16 GFLOPS/s)
Total time: 70.44 us.
----------------
Vulkan Timings:
MUL_MAT_VEC q4_0 m=12288 n=1 k=5120: 1 x 75.76 us = 75.76 us (1660.73 GFLOPS/s)
Total time: 75.76 us.
----------------
Vulkan Timings:
MUL_MAT_VEC q4_0 m=12288 n=1 k=5120: 1 x 70.56 us = 70.56 us (1783.12 GFLOPS/s)
Total time: 70.56 us.
----------------
Vulkan Timings:
MUL_MAT_VEC q4_0 m=12288 n=1 k=5120: 1 x 70.68 us = 70.68 us (1780.09 GFLOPS/s)
Total time: 70.68 us.
----------------
Vulkan Timings:
MUL_MAT_VEC q4_0 m=12288 n=1 k=5120: 1 x 70.56 us = 70.56 us (1783.12 GFLOPS/s)
Total time: 70.56 us.
----------------
Vulkan Timings:
MUL_MAT_VEC q4_0 m=12288 n=1 k=5120: 1 x 70.56 us = 70.56 us (1783.12 GFLOPS/s)
Total time: 70.56 us.
----------------
Vulkan Timings:
MUL_MAT_VEC q4_0 m=12288 n=1 k=5120: 1 x 70.76 us = 70.76 us (1778.08 GFLOPS/s)
Total time: 70.76 us.
----------------
Vulkan Timings:
MUL_MAT_VEC q4_0 m=12288 n=1 k=5120: 1 x 70.6 us = 70.6 us (1782.11 GFLOPS/s)
Total time: 70.6 us.
----------------
Vulkan Timings:
MUL_MAT_VEC q4_0 m=12288 n=1 k=5120: 1 x 70.52 us = 70.52 us (1784.13 GFLOPS/s)
Total time: 70.52 us.
----------------
Vulkan Timings:
MUL_MAT_VEC q4_0 m=12288 n=1 k=5120: 1 x 70.76 us = 70.76 us (1778.08 GFLOPS/s)
Total time: 70.76 us.
----------------
Vulkan Timings:
MUL_MAT_VEC q4_0 m=12288 n=1 k=5120: 1 x 70.76 us = 70.76 us (1778.08 GFLOPS/s)
Total time: 70.76 us.
----------------
Vulkan Timings:
MUL_MAT_VEC q4_0 m=12288 n=1 k=5120: 1 x 70.48 us = 70.48 us (1785.14 GFLOPS/s)
Total time: 70.48 us.
----------------
Vulkan Timings:
MUL_MAT_VEC q4_0 m=12288 n=1 k=5120: 1 x 71.56 us = 71.56 us (1758.2 GFLOPS/s)
Total time: 71.56 us.
----------------
Vulkan Timings:
MUL_MAT_VEC q4_0 m=12288 n=1 k=5120: 1 x 70.24 us = 70.24 us (1791.24 GFLOPS/s)
Total time: 70.24 us.
----------------
Vulkan Timings:
MUL_MAT_VEC q4_0 m=12288 n=1 k=5120: 1 x 70.84 us = 70.84 us (1776.07 GFLOPS/s)
Total time: 70.84 us.
----------------
Vulkan Timings:
MUL_MAT_VEC q4_0 m=12288 n=1 k=5120: 1 x 70.76 us = 70.76 us (1778.08 GFLOPS/s)
Total time: 70.76 us.
----------------
Vulkan Timings:
MUL_MAT_VEC q4_0 m=12288 n=1 k=5120: 1 x 70.68 us = 70.68 us (1780.09 GFLOPS/s)
Total time: 70.68 us.
----------------
Vulkan Timings:
MUL_MAT_VEC q4_0 m=12288 n=1 k=5120: 1 x 70.64 us = 70.64 us (1781.1 GFLOPS/s)
Total time: 70.64 us.
----------------
Vulkan Timings:
MUL_MAT_VEC q4_0 m=12288 n=1 k=5120: 1 x 70.56 us = 70.56 us (1783.12 GFLOPS/s)
Total time: 70.56 us.
----------------
Vulkan Timings:
MUL_MAT_VEC q4_0 m=12288 n=1 k=5120: 1 x 70.64 us = 70.64 us (1781.1 GFLOPS/s)
Total time: 70.64 us.
----------------
Vulkan Timings:
MUL_MAT_VEC q4_0 m=12288 n=1 k=5120: 1 x 70.6 us = 70.6 us (1782.11 GFLOPS/s)
Total time: 70.6 us.
----------------
Vulkan Timings:
MUL_MAT_VEC q4_0 m=12288 n=1 k=5120: 1 x 70.84 us = 70.84 us (1776.07 GFLOPS/s)
Total time: 70.84 us.
----------------
Vulkan Timings:
MUL_MAT_VEC q4_0 m=12288 n=1 k=5120: 1 x 70.68 us = 70.68 us (1780.09 GFLOPS/s)
Total time: 70.68 us.
----------------
Vulkan Timings:
MUL_MAT_VEC q4_0 m=12288 n=1 k=5120: 1 x 70.6 us = 70.6 us (1782.11 GFLOPS/s)
Total time: 70.6 us.
----------------
Vulkan Timings:
MUL_MAT_VEC q4_0 m=12288 n=1 k=5120: 1 x 70.6 us = 70.6 us (1782.11 GFLOPS/s)
Total time: 70.6 us.
----------------
Vulkan Timings:
MUL_MAT_VEC q4_0 m=12288 n=1 k=5120: 1 x 70.64 us = 70.64 us (1781.1 GFLOPS/s)
Total time: 70.64 us.
----------------
Vulkan Timings:
MUL_MAT_VEC q4_0 m=12288 n=1 k=5120: 1 x 70.72 us = 70.72 us (1779.08 GFLOPS/s)
Total time: 70.72 us.
----------------
Vulkan Timings:
MUL_MAT_VEC q4_0 m=12288 n=1 k=5120: 1 x 70.6 us = 70.6 us (1782.11 GFLOPS/s)
Total time: 70.6 us.
----------------
Vulkan Timings:
MUL_MAT_VEC q4_0 m=12288 n=1 k=5120: 1 x 70.6 us = 70.6 us (1782.11 GFLOPS/s)
Total time: 70.6 us.
----------------
Vulkan Timings:
MUL_MAT_VEC q4_0 m=12288 n=1 k=5120: 1 x 70.56 us = 70.56 us (1783.12 GFLOPS/s)
Total time: 70.56 us.
----------------
Vulkan Timings:
MUL_MAT_VEC q4_0 m=12288 n=1 k=5120: 1 x 70.2 us = 70.2 us (1792.26 GFLOPS/s)
Total time: 70.2 us.
----------------
Vulkan Timings:
MUL_MAT_VEC q4_0 m=12288 n=1 k=5120: 1 x 71.08 us = 71.08 us (1770.07 GFLOPS/s)
Total time: 71.08 us.
----------------
Vulkan Timings:
MUL_MAT_VEC q4_0 m=12288 n=1 k=5120: 1 x 70.72 us = 70.72 us (1779.08 GFLOPS/s)
Total time: 70.72 us.
----------------
Vulkan Timings:
MUL_MAT_VEC q4_0 m=12288 n=1 k=5120: 1 x 70.64 us = 70.64 us (1781.1 GFLOPS/s)
Total time: 70.64 us.
----------------
Vulkan Timings:
MUL_MAT_VEC q4_0 m=12288 n=1 k=5120: 1 x 70.8 us = 70.8 us (1777.07 GFLOPS/s)
Total time: 70.8 us.
----------------
Vulkan Timings:
MUL_MAT_VEC q4_0 m=12288 n=1 k=5120: 1 x 70.84 us = 70.84 us (1776.07 GFLOPS/s)
Total time: 70.84 us.
----------------
Vulkan Timings:
MUL_MAT_VEC q4_0 m=12288 n=1 k=5120: 1 x 70.6 us = 70.6 us (1782.11 GFLOPS/s)
Total time: 70.6 us.
----------------
Vulkan Timings:
MUL_MAT_VEC q4_0 m=12288 n=1 k=5120: 1 x 70.32 us = 70.32 us (1789.2 GFLOPS/s)
Total time: 70.32 us.
----------------
Vulkan Timings:
MUL_MAT_VEC q4_0 m=12288 n=1 k=5120: 1 x 70.72 us = 70.72 us (1779.08 GFLOPS/s)
Total time: 70.72 us.
----------------
Vulkan Timings:
MUL_MAT_VEC q4_0 m=12288 n=1 k=5120: 1 x 70.48 us = 70.48 us (1785.14 GFLOPS/s)
Total time: 70.48 us.
----------------
Vulkan Timings:
MUL_MAT_VEC q4_0 m=12288 n=1 k=5120: 1 x 70.56 us = 70.56 us (1783.12 GFLOPS/s)
Total time: 70.56 us.
----------------
Vulkan Timings:
MUL_MAT_VEC q4_0 m=12288 n=1 k=5120: 1 x 71.12 us = 71.12 us (1769.08 GFLOPS/s)
Total time: 71.12 us.
----------------
Vulkan Timings:
MUL_MAT_VEC q4_0 m=12288 n=1 k=5120: 1 x 70.84 us = 70.84 us (1776.07 GFLOPS/s)
Total time: 70.84 us.
----------------
Vulkan Timings:
MUL_MAT_VEC q4_0 m=12288 n=1 k=5120: 1 x 70.68 us = 70.68 us (1780.09 GFLOPS/s)
Total time: 70.68 us.
----------------
Vulkan Timings:
MUL_MAT_VEC q4_0 m=12288 n=1 k=5120: 1 x 70.64 us = 70.64 us (1781.1 GFLOPS/s)
Total time: 70.64 us.
----------------
Vulkan Timings:
MUL_MAT_VEC q4_0 m=12288 n=1 k=5120: 1 x 70.64 us = 70.64 us (1781.1 GFLOPS/s)
Total time: 70.64 us.
----------------
Vulkan Timings:
MUL_MAT_VEC q4_0 m=12288 n=1 k=5120: 1 x 70.56 us = 70.56 us (1783.12 GFLOPS/s)
Total time: 70.56 us.
----------------
Vulkan Timings:
MUL_MAT_VEC q4_0 m=12288 n=1 k=5120: 1 x 70.84 us = 70.84 us (1776.07 GFLOPS/s)
Total time: 70.84 us.
----------------
Vulkan Timings:
MUL_MAT_VEC q4_0 m=12288 n=1 k=5120: 1 x 70.64 us = 70.64 us (1781.1 GFLOPS/s)
Total time: 70.64 us.
----------------
Vulkan Timings:
MUL_MAT_VEC q4_0 m=12288 n=1 k=5120: 1 x 71.08 us = 71.08 us (1770.07 GFLOPS/s)
Total time: 71.08 us.
----------------
Vulkan Timings:
MUL_MAT_VEC q4_0 m=12288 n=1 k=5120: 1 x 70.68 us = 70.68 us (1780.09 GFLOPS/s)
Total time: 70.68 us.
----------------
Vulkan Timings:
MUL_MAT_VEC q4_0 m=12288 n=1 k=5120: 1 x 70.68 us = 70.68 us (1780.09 GFLOPS/s)
Total time: 70.68 us.
----------------
Vulkan Timings:
MUL_MAT_VEC q4_0 m=12288 n=1 k=5120: 1 x 70.64 us = 70.64 us (1781.1 GFLOPS/s)
Total time: 70.64 us.
----------------
Vulkan Timings:
MUL_MAT_VEC q4_0 m=12288 n=1 k=5120: 1 x 70.64 us = 70.64 us (1781.1 GFLOPS/s)
Total time: 70.64 us.
----------------
Vulkan Timings:
MUL_MAT_VEC q4_0 m=12288 n=1 k=5120: 1 x 70.68 us = 70.68 us (1780.09 GFLOPS/s)
Total time: 70.68 us.
----------------
Vulkan Timings:
MUL_MAT_VEC q4_0 m=12288 n=1 k=5120: 1 x 70.72 us = 70.72 us (1779.08 GFLOPS/s)
Total time: 70.72 us.
----------------
Vulkan Timings:
MUL_MAT_VEC q4_0 m=12288 n=1 k=5120: 1 x 70.8 us = 70.8 us (1777.07 GFLOPS/s)
Total time: 70.8 us.
----------------
Vulkan Timings:
MUL_MAT_VEC q4_0 m=12288 n=1 k=5120: 1 x 70.56 us = 70.56 us (1783.12 GFLOPS/s)
Total time: 70.56 us.
----------------
Vulkan Timings:
MUL_MAT_VEC q4_0 m=12288 n=1 k=5120: 1 x 70.76 us = 70.76 us (1778.08 GFLOPS/s)
Total time: 70.76 us.
----------------
Vulkan Timings:
MUL_MAT_VEC q4_0 m=12288 n=1 k=5120: 1 x 70.64 us = 70.64 us (1781.1 GFLOPS/s)
Total time: 70.64 us.
----------------
Vulkan Timings:
MUL_MAT_VEC q4_0 m=12288 n=1 k=5120: 1 x 70.6 us = 70.6 us (1782.11 GFLOPS/s)
Total time: 70.6 us.
----------------
Vulkan Timings:
MUL_MAT_VEC q4_0 m=12288 n=1 k=5120: 1 x 70.72 us = 70.72 us (1779.08 GFLOPS/s)
Total time: 70.72 us.
----------------
Vulkan Timings:
MUL_MAT_VEC q4_0 m=12288 n=1 k=5120: 1 x 70.6 us = 70.6 us (1782.11 GFLOPS/s)
Total time: 70.6 us.
----------------
Vulkan Timings:
MUL_MAT_VEC q4_0 m=12288 n=1 k=5120: 1 x 70.4 us = 70.4 us (1787.17 GFLOPS/s)
Total time: 70.4 us.
----------------
Vulkan Timings:
MUL_MAT_VEC q4_0 m=12288 n=1 k=5120: 1 x 70.72 us = 70.72 us (1779.08 GFLOPS/s)
Total time: 70.72 us.
----------------
Vulkan Timings:
MUL_MAT_VEC q4_0 m=12288 n=1 k=5120: 1 x 70.88 us = 70.88 us (1775.07 GFLOPS/s)
Total time: 70.88 us.
----------------
Vulkan Timings:
MUL_MAT_VEC q4_0 m=12288 n=1 k=5120: 1 x 70.8 us = 70.8 us (1777.07 GFLOPS/s)
Total time: 70.8 us.
----------------
Vulkan Timings:
MUL_MAT_VEC q4_0 m=12288 n=1 k=5120: 1 x 70.64 us = 70.64 us (1781.1 GFLOPS/s)
Total time: 70.64 us.
----------------
Vulkan Timings:
MUL_MAT_VEC q4_0 m=12288 n=1 k=5120: 1 x 70.64 us = 70.64 us (1781.1 GFLOPS/s)
Total time: 70.64 us.
----------------
Vulkan Timings:
MUL_MAT_VEC q4_0 m=12288 n=1 k=5120: 1 x 70.8 us = 70.8 us (1777.07 GFLOPS/s)
Total time: 70.8 us.
----------------
Vulkan Timings:
MUL_MAT_VEC q4_0 m=12288 n=1 k=5120: 1 x 70.6 us = 70.6 us (1782.11 GFLOPS/s)
Total time: 70.6 us.
----------------
Vulkan Timings:
MUL_MAT_VEC q4_0 m=12288 n=1 k=5120: 1 x 70.52 us = 70.52 us (1784.13 GFLOPS/s)
Total time: 70.52 us.
----------------
Vulkan Timings:
MUL_MAT_VEC q4_0 m=12288 n=1 k=5120: 1 x 70.64 us = 70.64 us (1781.1 GFLOPS/s)
Total time: 70.64 us.
----------------
Vulkan Timings:
MUL_MAT_VEC q4_0 m=12288 n=1 k=5120: 1 x 70.76 us = 70.76 us (1778.08 GFLOPS/s)
Total time: 70.76 us.
----------------
Vulkan Timings:
MUL_MAT_VEC q4_0 m=12288 n=1 k=5120: 1 x 70.2 us = 70.2 us (1792.26 GFLOPS/s)
Total time: 70.2 us.
----------------
Vulkan Timings:
MUL_MAT_VEC q4_0 m=12288 n=1 k=5120: 1 x 70.72 us = 70.72 us (1779.08 GFLOPS/s)
Total time: 70.72 us.
----------------
Vulkan Timings:
MUL_MAT_VEC q4_0 m=12288 n=1 k=5120: 1 x 70.64 us = 70.64 us (1781.1 GFLOPS/s)
Total time: 70.64 us.
----------------
Vulkan Timings:
MUL_MAT_VEC q4_0 m=12288 n=1 k=5120: 1 x 70.64 us = 70.64 us (1781.1 GFLOPS/s)
Total time: 70.64 us.
----------------
Vulkan Timings:
MUL_MAT_VEC q4_0 m=12288 n=1 k=5120: 1 x 70.68 us = 70.68 us (1780.09 GFLOPS/s)
Total time: 70.68 us.
----------------
Vulkan Timings:
MUL_MAT_VEC q4_0 m=12288 n=1 k=5120: 1 x 70.6 us = 70.6 us (1782.11 GFLOPS/s)
Total time: 70.6 us.
----------------
Vulkan Timings:
MUL_MAT_VEC q4_0 m=12288 n=1 k=5120: 1 x 70.36 us = 70.36 us (1788.19 GFLOPS/s)
Total time: 70.36 us.
----------------
Vulkan Timings:
MUL_MAT_VEC q4_0 m=12288 n=1 k=5120: 1 x 70.76 us = 70.76 us (1778.08 GFLOPS/s)
Total time: 70.76 us.
----------------
Vulkan Timings:
MUL_MAT_VEC q4_0 m=12288 n=1 k=5120: 1 x 70.76 us = 70.76 us (1778.08 GFLOPS/s)
Total time: 70.76 us.
----------------
Vulkan Timings:
MUL_MAT_VEC q4_0 m=12288 n=1 k=5120: 1 x 73.64 us = 73.64 us (1708.54 GFLOPS/s)
Total time: 73.64 us.
----------------
Vulkan Timings:
MUL_MAT_VEC q4_0 m=12288 n=1 k=5120: 1 x 70.8 us = 70.8 us (1777.07 GFLOPS/s)
Total time: 70.8 us.
----------------
Vulkan Timings:
MUL_MAT_VEC q4_0 m=12288 n=1 k=5120: 1 x 73.16 us = 73.16 us (1719.75 GFLOPS/s)
Total time: 73.16 us.
----------------
Vulkan Timings:
MUL_MAT_VEC q4_0 m=12288 n=1 k=5120: 1 x 71.2 us = 71.2 us (1767.09 GFLOPS/s)
Total time: 71.2 us.
----------------
Vulkan Timings:
MUL_MAT_VEC q4_0 m=12288 n=1 k=5120: 1 x 70.28 us = 70.28 us (1790.22 GFLOPS/s)
Total time: 70.28 us.
----------------
Vulkan Timings:
MUL_MAT_VEC q4_0 m=12288 n=1 k=5120: 1 x 70.52 us = 70.52 us (1784.13 GFLOPS/s)
Total time: 70.52 us.
----------------
Vulkan Timings:
MUL_MAT_VEC q4_0 m=12288 n=1 k=5120: 1 x 70.84 us = 70.84 us (1776.07 GFLOPS/s)
Total time: 70.84 us.
----------------
Vulkan Timings:
MUL_MAT_VEC q4_0 m=12288 n=1 k=5120: 1 x 70.76 us = 70.76 us (1778.08 GFLOPS/s)
Total time: 70.76 us.
----------------
Vulkan Timings:
MUL_MAT_VEC q4_0 m=12288 n=1 k=5120: 1 x 70.56 us = 70.56 us (1783.12 GFLOPS/s)
Total time: 70.56 us.
----------------
Vulkan Timings:
MUL_MAT_VEC q4_0 m=12288 n=1 k=5120: 1 x 70.68 us = 70.68 us (1780.09 GFLOPS/s)
Total time: 70.68 us.
----------------
Vulkan Timings:
MUL_MAT_VEC q4_0 m=12288 n=1 k=5120: 1 x 70.96 us = 70.96 us (1773.07 GFLOPS/s)
Total time: 70.96 us.
----------------
Vulkan Timings:
MUL_MAT_VEC q4_0 m=12288 n=1 k=5120: 1 x 70.8 us = 70.8 us (1777.07 GFLOPS/s)
Total time: 70.8 us.
----------------
Vulkan Timings:
MUL_MAT_VEC q4_0 m=12288 n=1 k=5120: 1 x 70.96 us = 70.96 us (1773.07 GFLOPS/s)
Total time: 70.96 us.
----------------
Vulkan Timings:
MUL_MAT_VEC q4_0 m=12288 n=1 k=5120: 1 x 70.72 us = 70.72 us (1779.08 GFLOPS/s)
Total time: 70.72 us.
----------------
Vulkan Timings:
MUL_MAT_VEC q4_0 m=12288 n=1 k=5120: 1 x 70.72 us = 70.72 us (1779.08 GFLOPS/s)
Total time: 70.72 us.
----------------
Vulkan Timings:
MUL_MAT_VEC q4_0 m=12288 n=1 k=5120: 1 x 70.52 us = 70.52 us (1784.13 GFLOPS/s)
Total time: 70.52 us.
----------------
Vulkan Timings:
MUL_MAT_VEC q4_0 m=12288 n=1 k=5120: 1 x 70.72 us = 70.72 us (1779.08 GFLOPS/s)
Total time: 70.72 us.
----------------
Vulkan Timings:
MUL_MAT_VEC q4_0 m=12288 n=1 k=5120: 1 x 70.68 us = 70.68 us (1780.09 GFLOPS/s)
Total time: 70.68 us.
----------------
Vulkan Timings:
MUL_MAT_VEC q4_0 m=12288 n=1 k=5120: 1 x 70.6 us = 70.6 us (1782.11 GFLOPS/s)
Total time: 70.6 us.
----------------
Vulkan Timings:
MUL_MAT_VEC q4_0 m=12288 n=1 k=5120: 1 x 70.64 us = 70.64 us (1781.1 GFLOPS/s)
Total time: 70.64 us.
----------------
Vulkan Timings:
MUL_MAT_VEC q4_0 m=12288 n=1 k=5120: 1 x 70.76 us = 70.76 us (1778.08 GFLOPS/s)
Total time: 70.76 us.
----------------
Vulkan Timings:
MUL_MAT_VEC q4_0 m=12288 n=1 k=5120: 1 x 70.64 us = 70.64 us (1781.1 GFLOPS/s)
Total time: 70.64 us.
----------------
Vulkan Timings:
MUL_MAT_VEC q4_0 m=12288 n=1 k=5120: 1 x 70.64 us = 70.64 us (1781.1 GFLOPS/s)
Total time: 70.64 us.
----------------
Vulkan Timings:
MUL_MAT_VEC q4_0 m=12288 n=1 k=5120: 1 x 70.72 us = 70.72 us (1779.08 GFLOPS/s)
Total time: 70.72 us.
----------------
Vulkan Timings:
MUL_MAT_VEC q4_0 m=12288 n=1 k=5120: 1 x 71 us = 71 us (1772.07 GFLOPS/s)
Total time: 71 us.
----------------
Vulkan Timings:
MUL_MAT_VEC q4_0 m=12288 n=1 k=5120: 1 x 70.92 us = 70.92 us (1774.07 GFLOPS/s)
Total time: 70.92 us.
----------------
Vulkan Timings:
MUL_MAT_VEC q4_0 m=12288 n=1 k=5120: 1 x 70.96 us = 70.96 us (1773.07 GFLOPS/s)
Total time: 70.96 us.
----------------
Vulkan Timings:
MUL_MAT_VEC q4_0 m=12288 n=1 k=5120: 1 x 70.84 us = 70.84 us (1776.07 GFLOPS/s)
Total time: 70.84 us.
----------------
Vulkan Timings:
MUL_MAT_VEC q4_0 m=12288 n=1 k=5120: 1 x 70.56 us = 70.56 us (1783.12 GFLOPS/s)
Total time: 70.56 us.
----------------
Vulkan Timings:
MUL_MAT_VEC q4_0 m=12288 n=1 k=5120: 1 x 70.64 us = 70.64 us (1781.1 GFLOPS/s)
Total time: 70.64 us.
----------------
Vulkan Timings:
MUL_MAT_VEC q4_0 m=12288 n=1 k=5120: 1 x 70.68 us = 70.68 us (1780.09 GFLOPS/s)
Total time: 70.68 us.
----------------
Vulkan Timings:
MUL_MAT_VEC q4_0 m=12288 n=1 k=5120: 1 x 70.72 us = 70.72 us (1779.08 GFLOPS/s)
Total time: 70.72 us.
----------------
Vulkan Timings:
MUL_MAT_VEC q4_0 m=12288 n=1 k=5120: 1 x 70.84 us = 70.84 us (1776.07 GFLOPS/s)
Total time: 70.84 us.
----------------
Vulkan Timings:
MUL_MAT_VEC q4_0 m=12288 n=1 k=5120: 1 x 70.76 us = 70.76 us (1778.08 GFLOPS/s)
Total time: 70.76 us.
----------------
Vulkan Timings:
MUL_MAT_VEC q4_0 m=12288 n=1 k=5120: 1 x 70.72 us = 70.72 us (1779.08 GFLOPS/s)
Total time: 70.72 us.
----------------
Vulkan Timings:
MUL_MAT_VEC q4_0 m=12288 n=1 k=5120: 1 x 70.72 us = 70.72 us (1779.08 GFLOPS/s)
Total time: 70.72 us.
----------------
Vulkan Timings:
MUL_MAT_VEC q4_0 m=12288 n=1 k=5120: 1 x 70.64 us = 70.64 us (1781.1 GFLOPS/s)
Total time: 70.64 us.
----------------
Vulkan Timings:
MUL_MAT_VEC q4_0 m=12288 n=1 k=5120: 1 x 70.8 us = 70.8 us (1777.07 GFLOPS/s)
Total time: 70.8 us.
----------------
Vulkan Timings:
MUL_MAT_VEC q4_0 m=12288 n=1 k=5120: 1 x 70.64 us = 70.64 us (1781.1 GFLOPS/s)
Total time: 70.64 us.
----------------
Vulkan Timings:
MUL_MAT_VEC q4_0 m=12288 n=1 k=5120: 1 x 70.6 us = 70.6 us (1782.11 GFLOPS/s)
Total time: 70.6 us.
----------------
Vulkan Timings:
MUL_MAT_VEC q4_0 m=12288 n=1 k=5120: 1 x 70.52 us = 70.52 us (1784.13 GFLOPS/s)
Total time: 70.52 us.
----------------
Vulkan Timings:
MUL_MAT_VEC q4_0 m=12288 n=1 k=5120: 1 x 70.56 us = 70.56 us (1783.12 GFLOPS/s)
Total time: 70.56 us.
----------------
Vulkan Timings:
MUL_MAT_VEC q4_0 m=12288 n=1 k=5120: 1 x 70.68 us = 70.68 us (1780.09 GFLOPS/s)
Total time: 70.68 us.
----------------
Vulkan Timings:
MUL_MAT_VEC q4_0 m=12288 n=1 k=5120: 1 x 70.72 us = 70.72 us (1779.08 GFLOPS/s)
Total time: 70.72 us.
----------------
Vulkan Timings:
MUL_MAT_VEC q4_0 m=12288 n=1 k=5120: 1 x 70.72 us = 70.72 us (1779.08 GFLOPS/s)
Total time: 70.72 us.
----------------
Vulkan Timings:
MUL_MAT_VEC q4_0 m=12288 n=1 k=5120: 1 x 70.72 us = 70.72 us (1779.08 GFLOPS/s)
Total time: 70.72 us.
----------------
Vulkan Timings:
MUL_MAT_VEC q4_0 m=12288 n=1 k=5120: 1 x 70.16 us = 70.16 us (1793.28 GFLOPS/s)
Total time: 70.16 us.
----------------
Vulkan Timings:
MUL_MAT_VEC q4_0 m=12288 n=1 k=5120: 1 x 70.68 us = 70.68 us (1780.09 GFLOPS/s)
Total time: 70.68 us.
----------------
Vulkan Timings:
MUL_MAT_VEC q4_0 m=12288 n=1 k=5120: 1 x 70.68 us = 70.68 us (1780.09 GFLOPS/s)
Total time: 70.68 us.
----------------
Vulkan Timings:
MUL_MAT_VEC q4_0 m=12288 n=1 k=5120: 1 x 70.84 us = 70.84 us (1776.07 GFLOPS/s)
Total time: 70.84 us.
----------------
Vulkan Timings:
MUL_MAT_VEC q4_0 m=12288 n=1 k=5120: 1 x 70.68 us = 70.68 us (1780.09 GFLOPS/s)
Total time: 70.68 us.
----------------
Vulkan Timings:
MUL_MAT_VEC q4_0 m=12288 n=1 k=5120: 1 x 70.72 us = 70.72 us (1779.08 GFLOPS/s)
Total time: 70.72 us.
----------------
Vulkan Timings:
MUL_MAT_VEC q4_0 m=12288 n=1 k=5120: 1 x 70.72 us = 70.72 us (1779.08 GFLOPS/s)
Total time: 70.72 us.
----------------
Vulkan Timings:
MUL_MAT_VEC q4_0 m=12288 n=1 k=5120: 1 x 70.84 us = 70.84 us (1776.07 GFLOPS/s)
Total time: 70.84 us.
----------------
Vulkan Timings:
MUL_MAT_VEC q4_0 m=12288 n=1 k=5120: 1 x 70.84 us = 70.84 us (1776.07 GFLOPS/s)
Total time: 70.84 us.
----------------
Vulkan Timings:
MUL_MAT_VEC q4_0 m=12288 n=1 k=5120: 1 x 70.72 us = 70.72 us (1779.08 GFLOPS/s)
Total time: 70.72 us.
----------------
Vulkan Timings:
MUL_MAT_VEC q4_0 m=12288 n=1 k=5120: 1 x 70.8 us = 70.8 us (1777.07 GFLOPS/s)
Total time: 70.8 us.
----------------
Vulkan Timings:
MUL_MAT_VEC q4_0 m=12288 n=1 k=5120: 1 x 70.24 us = 70.24 us (1791.24 GFLOPS/s)
Total time: 70.24 us.
----------------
Vulkan Timings:
MUL_MAT_VEC q4_0 m=12288 n=1 k=5120: 1 x 70.76 us = 70.76 us (1778.08 GFLOPS/s)
Total time: 70.76 us.
----------------
Vulkan Timings:
MUL_MAT_VEC q4_0 m=12288 n=1 k=5120: 1 x 70.84 us = 70.84 us (1776.07 GFLOPS/s)
Total time: 70.84 us.
----------------
Vulkan Timings:
MUL_MAT_VEC q4_0 m=12288 n=1 k=5120: 1 x 70.68 us = 70.68 us (1780.09 GFLOPS/s)
Total time: 70.68 us.
----------------
Vulkan Timings:
MUL_MAT_VEC q4_0 m=12288 n=1 k=5120: 1 x 70.64 us = 70.64 us (1781.1 GFLOPS/s)
Total time: 70.64 us.
----------------
Vulkan Timings:
MUL_MAT_VEC q4_0 m=12288 n=1 k=5120: 1 x 70.64 us = 70.64 us (1781.1 GFLOPS/s)
Total time: 70.64 us.
----------------
Vulkan Timings:
MUL_MAT_VEC q4_0 m=12288 n=1 k=5120: 1 x 70.76 us = 70.76 us (1778.08 GFLOPS/s)
Total time: 70.76 us.
----------------
Vulkan Timings:
MUL_MAT_VEC q4_0 m=12288 n=1 k=5120: 1 x 70.48 us = 70.48 us (1785.14 GFLOPS/s)
Total time: 70.48 us.
----------------
Vulkan Timings:
MUL_MAT_VEC q4_0 m=12288 n=1 k=5120: 1 x 70.84 us = 70.84 us (1776.07 GFLOPS/s)
Total time: 70.84 us.
----------------
Vulkan Timings:
MUL_MAT_VEC q4_0 m=12288 n=1 k=5120: 1 x 70.8 us = 70.8 us (1777.07 GFLOPS/s)
Total time: 70.8 us.
----------------
Vulkan Timings:
MUL_MAT_VEC q4_0 m=12288 n=1 k=5120: 1 x 70.64 us = 70.64 us (1781.1 GFLOPS/s)
Total time: 70.64 us.
----------------
Vulkan Timings:
MUL_MAT_VEC q4_0 m=12288 n=1 k=5120: 1 x 70.72 us = 70.72 us (1779.08 GFLOPS/s)
Total time: 70.72 us.
----------------
Vulkan Timings:
MUL_MAT_VEC q4_0 m=12288 n=1 k=5120: 1 x 70.84 us = 70.84 us (1776.07 GFLOPS/s)
Total time: 70.84 us.
----------------
Vulkan Timings:
MUL_MAT_VEC q4_0 m=12288 n=1 k=5120: 1 x 70.84 us = 70.84 us (1776.07 GFLOPS/s)
Total time: 70.84 us.
----------------
Vulkan Timings:
MUL_MAT_VEC q4_0 m=12288 n=1 k=5120: 1 x 70.64 us = 70.64 us (1781.1 GFLOPS/s)
Total time: 70.64 us.
----------------
Vulkan Timings:
MUL_MAT_VEC q4_0 m=12288 n=1 k=5120: 1 x 70.76 us = 70.76 us (1778.08 GFLOPS/s)
Total time: 70.76 us.
----------------
Vulkan Timings:
MUL_MAT_VEC q4_0 m=12288 n=1 k=5120: 1 x 70.56 us = 70.56 us (1783.12 GFLOPS/s)
Total time: 70.56 us.
----------------
Vulkan Timings:
MUL_MAT_VEC q4_0 m=12288 n=1 k=5120: 1 x 70.72 us = 70.72 us (1779.08 GFLOPS/s)
Total time: 70.72 us.
----------------
Vulkan Timings:
MUL_MAT_VEC q4_0 m=12288 n=1 k=5120: 1 x 70.4 us = 70.4 us (1787.17 GFLOPS/s)
Total time: 70.4 us.
----------------
Vulkan Timings:
MUL_MAT_VEC q4_0 m=12288 n=1 k=5120: 1 x 70.92 us = 70.92 us (1774.07 GFLOPS/s)
Total time: 70.92 us.
----------------
Vulkan Timings:
MUL_MAT_VEC q4_0 m=12288 n=1 k=5120: 1 x 70.76 us = 70.76 us (1778.08 GFLOPS/s)
Total time: 70.76 us.
----------------
Vulkan Timings:
MUL_MAT_VEC q4_0 m=12288 n=1 k=5120: 1 x 70.68 us = 70.68 us (1780.09 GFLOPS/s)
Total time: 70.68 us.
----------------
Vulkan Timings:
MUL_MAT_VEC q4_0 m=12288 n=1 k=5120: 1 x 70.64 us = 70.64 us (1781.1 GFLOPS/s)
Total time: 70.64 us.
----------------
Vulkan Timings:
MUL_MAT_VEC q4_0 m=12288 n=1 k=5120: 1 x 70.92 us = 70.92 us (1774.07 GFLOPS/s)
Total time: 70.92 us.
----------------
Vulkan Timings:
MUL_MAT_VEC q4_0 m=12288 n=1 k=5120: 1 x 70.6 us = 70.6 us (1782.11 GFLOPS/s)
Total time: 70.6 us.
----------------
Vulkan Timings:
MUL_MAT_VEC q4_0 m=12288 n=1 k=5120: 1 x 70.64 us = 70.64 us (1781.1 GFLOPS/s)
Total time: 70.64 us.
----------------
Vulkan Timings:
MUL_MAT_VEC q4_0 m=12288 n=1 k=5120: 1 x 72.84 us = 72.84 us (1727.3 GFLOPS/s)
Total time: 72.84 us.
----------------
Vulkan Timings:
MUL_MAT_VEC q4_0 m=12288 n=1 k=5120: 1 x 71.24 us = 71.24 us (1766.1 GFLOPS/s)
Total time: 71.24 us.
----------------
Vulkan Timings:
MUL_MAT_VEC q4_0 m=12288 n=1 k=5120: 1 x 70.8 us = 70.8 us (1777.07 GFLOPS/s)
Total time: 70.8 us.
----------------
Vulkan Timings:
MUL_MAT_VEC q4_0 m=12288 n=1 k=5120: 1 x 70.76 us = 70.76 us (1778.08 GFLOPS/s)
Total time: 70.76 us.
----------------
Vulkan Timings:
MUL_MAT_VEC q4_0 m=12288 n=1 k=5120: 1 x 70.64 us = 70.64 us (1781.1 GFLOPS/s)
Total time: 70.64 us.
----------------
Vulkan Timings:
MUL_MAT_VEC q4_0 m=12288 n=1 k=5120: 1 x 70.6 us = 70.6 us (1782.11 GFLOPS/s)
Total time: 70.6 us.
----------------
Vulkan Timings:
MUL_MAT_VEC q4_0 m=12288 n=1 k=5120: 1 x 70.64 us = 70.64 us (1781.1 GFLOPS/s)
Total time: 70.64 us.
----------------
Vulkan Timings:
MUL_MAT_VEC q4_0 m=12288 n=1 k=5120: 1 x 70.72 us = 70.72 us (1779.08 GFLOPS/s)
Total time: 70.72 us.
----------------
Vulkan Timings:
MUL_MAT_VEC q4_0 m=12288 n=1 k=5120: 1 x 70.6 us = 70.6 us (1782.11 GFLOPS/s)
Total time: 70.6 us.
----------------
Vulkan Timings:
MUL_MAT_VEC q4_0 m=12288 n=1 k=5120: 1 x 70.56 us = 70.56 us (1783.12 GFLOPS/s)
Total time: 70.56 us.
----------------
Vulkan Timings:
MUL_MAT_VEC q4_0 m=12288 n=1 k=5120: 1 x 71 us = 71 us (1772.07 GFLOPS/s)
Total time: 71 us.
----------------
Vulkan Timings:
MUL_MAT_VEC q4_0 m=12288 n=1 k=5120: 1 x 70.56 us = 70.56 us (1783.12 GFLOPS/s)
Total time: 70.56 us.
----------------
Vulkan Timings:
MUL_MAT_VEC q4_0 m=12288 n=1 k=5120: 1 x 70.6 us = 70.6 us (1782.11 GFLOPS/s)
Total time: 70.6 us.
----------------
Vulkan Timings:
MUL_MAT_VEC q4_0 m=12288 n=1 k=5120: 1 x 70.92 us = 70.92 us (1774.07 GFLOPS/s)
Total time: 70.92 us.
----------------
Vulkan Timings:
MUL_MAT_VEC q4_0 m=12288 n=1 k=5120: 1 x 70.72 us = 70.72 us (1779.08 GFLOPS/s)
Total time: 70.72 us.
----------------
Vulkan Timings:
MUL_MAT_VEC q4_0 m=12288 n=1 k=5120: 1 x 70.68 us = 70.68 us (1780.09 GFLOPS/s)
Total time: 70.68 us.
----------------
Vulkan Timings:
MUL_MAT_VEC q4_0 m=12288 n=1 k=5120: 1 x 70.84 us = 70.84 us (1776.07 GFLOPS/s)
Total time: 70.84 us.
----------------
Vulkan Timings:
MUL_MAT_VEC q4_0 m=12288 n=1 k=5120: 1 x 70.76 us = 70.76 us (1778.08 GFLOPS/s)
Total time: 70.76 us.
----------------
Vulkan Timings:
MUL_MAT_VEC q4_0 m=12288 n=1 k=5120: 1 x 70.84 us = 70.84 us (1776.07 GFLOPS/s)
Total time: 70.84 us.
----------------
Vulkan Timings:
MUL_MAT_VEC q4_0 m=12288 n=1 k=5120: 1 x 70.64 us = 70.64 us (1781.1 GFLOPS/s)
Total time: 70.64 us.
----------------
Vulkan Timings:
MUL_MAT_VEC q4_0 m=12288 n=1 k=5120: 1 x 70.68 us = 70.68 us (1780.09 GFLOPS/s)
Total time: 70.68 us.
----------------
Vulkan Timings:
MUL_MAT_VEC q4_0 m=12288 n=1 k=5120: 1 x 70.56 us = 70.56 us (1783.12 GFLOPS/s)
Total time: 70.56 us.
----------------
Vulkan Timings:
MUL_MAT_VEC q4_0 m=12288 n=1 k=5120: 1 x 70.72 us = 70.72 us (1779.08 GFLOPS/s)
Total time: 70.72 us.
----------------
Vulkan Timings:
MUL_MAT_VEC q4_0 m=12288 n=1 k=5120: 1 x 70.2 us = 70.2 us (1792.26 GFLOPS/s)
Total time: 70.2 us.
----------------
Vulkan Timings:
MUL_MAT_VEC q4_0 m=12288 n=1 k=5120: 1 x 70.64 us = 70.64 us (1781.1 GFLOPS/s)
Total time: 70.64 us.
----------------
Vulkan Timings:
MUL_MAT_VEC q4_0 m=12288 n=1 k=5120: 1 x 70.72 us = 70.72 us (1779.08 GFLOPS/s)
Total time: 70.72 us.
----------------
Vulkan Timings:
MUL_MAT_VEC q4_0 m=12288 n=1 k=5120: 1 x 70.68 us = 70.68 us (1780.09 GFLOPS/s)
Total time: 70.68 us.
----------------
Vulkan Timings:
MUL_MAT_VEC q4_0 m=12288 n=1 k=5120: 1 x 70.56 us = 70.56 us (1783.12 GFLOPS/s)
Total time: 70.56 us.
----------------
Vulkan Timings:
MUL_MAT_VEC q4_0 m=12288 n=1 k=5120: 1 x 70.8 us = 70.8 us (1777.07 GFLOPS/s)
Total time: 70.8 us.
----------------
Vulkan Timings:
MUL_MAT_VEC q4_0 m=12288 n=1 k=5120: 1 x 70.6 us = 70.6 us (1782.11 GFLOPS/s)
Total time: 70.6 us.
----------------
Vulkan Timings:
MUL_MAT_VEC q4_0 m=12288 n=1 k=5120: 1 x 70.6 us = 70.6 us (1782.11 GFLOPS/s)
Total time: 70.6 us.
----------------
Vulkan Timings:
MUL_MAT_VEC q4_0 m=12288 n=1 k=5120: 1 x 70.72 us = 70.72 us (1779.08 GFLOPS/s)
Total time: 70.72 us.
----------------
Vulkan Timings:
MUL_MAT_VEC q4_0 m=12288 n=1 k=5120: 1 x 70.64 us = 70.64 us (1781.1 GFLOPS/s)
Total time: 70.64 us.
----------------
Vulkan Timings:
MUL_MAT_VEC q4_0 m=12288 n=1 k=5120: 1 x 70.8 us = 70.8 us (1777.07 GFLOPS/s)
Total time: 70.8 us.
----------------
Vulkan Timings:
MUL_MAT_VEC q4_0 m=12288 n=1 k=5120: 1 x 70.28 us = 70.28 us (1790.22 GFLOPS/s)
Total time: 70.28 us.
----------------
Vulkan Timings:
MUL_MAT_VEC q4_0 m=12288 n=1 k=5120: 1 x 70.64 us = 70.64 us (1781.1 GFLOPS/s)
Total time: 70.64 us.
----------------
Vulkan Timings:
MUL_MAT_VEC q4_0 m=12288 n=1 k=5120: 1 x 70.64 us = 70.64 us (1781.1 GFLOPS/s)
Total time: 70.64 us.
----------------
Vulkan Timings:
MUL_MAT_VEC q4_0 m=12288 n=1 k=5120: 1 x 70.88 us = 70.88 us (1775.07 GFLOPS/s)
Total time: 70.88 us.
----------------
Vulkan Timings:
MUL_MAT_VEC q4_0 m=12288 n=1 k=5120: 1 x 70.52 us = 70.52 us (1784.13 GFLOPS/s)
Total time: 70.52 us.
----------------
Vulkan Timings:
MUL_MAT_VEC q4_0 m=12288 n=1 k=5120: 1 x 70.68 us = 70.68 us (1780.09 GFLOPS/s)
Total time: 70.68 us.
----------------
Vulkan Timings:
MUL_MAT_VEC q4_0 m=12288 n=1 k=5120: 1 x 70.68 us = 70.68 us (1780.09 GFLOPS/s)
Total time: 70.68 us.
----------------
Vulkan Timings:
MUL_MAT_VEC q4_0 m=12288 n=1 k=5120: 1 x 70.56 us = 70.56 us (1783.12 GFLOPS/s)
Total time: 70.56 us.
----------------
Vulkan Timings:
MUL_MAT_VEC q4_0 m=12288 n=1 k=5120: 1 x 70.64 us = 70.64 us (1781.1 GFLOPS/s)
Total time: 70.64 us.
----------------
Vulkan Timings:
MUL_MAT_VEC q4_0 m=12288 n=1 k=5120: 1 x 70.48 us = 70.48 us (1785.14 GFLOPS/s)
Total time: 70.48 us.
----------------
Vulkan Timings:
MUL_MAT_VEC q4_0 m=12288 n=1 k=5120: 1 x 70.6 us = 70.6 us (1782.11 GFLOPS/s)
Total time: 70.6 us.
----------------
Vulkan Timings:
MUL_MAT_VEC q4_0 m=12288 n=1 k=5120: 1 x 70.6 us = 70.6 us (1782.11 GFLOPS/s)
Total time: 70.6 us.
----------------
Vulkan Timings:
MUL_MAT_VEC q4_0 m=12288 n=1 k=5120: 1 x 70.72 us = 70.72 us (1779.08 GFLOPS/s)
Total time: 70.72 us.
----------------
Vulkan Timings:
MUL_MAT_VEC q4_0 m=12288 n=1 k=5120: 1 x 70.52 us = 70.52 us (1784.13 GFLOPS/s)
Total time: 70.52 us.
----------------
Vulkan Timings:
MUL_MAT_VEC q4_0 m=12288 n=1 k=5120: 1 x 70.6 us = 70.6 us (1782.11 GFLOPS/s)
Total time: 70.6 us.
----------------
Vulkan Timings:
MUL_MAT_VEC q4_0 m=12288 n=1 k=5120: 1 x 70.64 us = 70.64 us (1781.1 GFLOPS/s)
Total time: 70.64 us.
----------------
Vulkan Timings:
MUL_MAT_VEC q4_0 m=12288 n=1 k=5120: 1 x 70.4 us = 70.4 us (1787.17 GFLOPS/s)
Total time: 70.4 us.
----------------
Vulkan Timings:
MUL_MAT_VEC q4_0 m=12288 n=1 k=5120: 1 x 70.64 us = 70.64 us (1781.1 GFLOPS/s)
Total time: 70.64 us.
----------------
Vulkan Timings:
MUL_MAT_VEC q4_0 m=12288 n=1 k=5120: 1 x 70.8 us = 70.8 us (1777.07 GFLOPS/s)
Total time: 70.8 us.
----------------
Vulkan Timings:
MUL_MAT_VEC q4_0 m=12288 n=1 k=5120: 1 x 70.6 us = 70.6 us (1782.11 GFLOPS/s)
Total time: 70.6 us.
----------------
Vulkan Timings:
MUL_MAT_VEC q4_0 m=12288 n=1 k=5120: 1 x 70.6 us = 70.6 us (1782.11 GFLOPS/s)
Total time: 70.6 us.
----------------
Vulkan Timings:
MUL_MAT_VEC q4_0 m=12288 n=1 k=5120: 1 x 70.76 us = 70.76 us (1778.08 GFLOPS/s)
Total time: 70.76 us.
----------------
Vulkan Timings:
MUL_MAT_VEC q4_0 m=12288 n=1 k=5120: 1 x 70.6 us = 70.6 us (1782.11 GFLOPS/s)
Total time: 70.6 us.
----------------
Vulkan Timings:
MUL_MAT_VEC q4_0 m=12288 n=1 k=5120: 1 x 70.6 us = 70.6 us (1782.11 GFLOPS/s)
Total time: 70.6 us.
----------------
Vulkan Timings:
MUL_MAT_VEC q4_0 m=12288 n=1 k=5120: 1 x 70.24 us = 70.24 us (1791.24 GFLOPS/s)
Total time: 70.24 us.
----------------
Vulkan Timings:
MUL_MAT_VEC q4_0 m=12288 n=1 k=5120: 1 x 70.68 us = 70.68 us (1780.09 GFLOPS/s)
Total time: 70.68 us.
----------------
Vulkan Timings:
MUL_MAT_VEC q4_0 m=12288 n=1 k=5120: 1 x 70.64 us = 70.64 us (1781.1 GFLOPS/s)
Total time: 70.64 us.
----------------
Vulkan Timings:
MUL_MAT_VEC q4_0 m=12288 n=1 k=5120: 1 x 70.64 us = 70.64 us (1781.1 GFLOPS/s)
Total time: 70.64 us.
----------------
Vulkan Timings:
MUL_MAT_VEC q4_0 m=12288 n=1 k=5120: 1 x 70.52 us = 70.52 us (1784.13 GFLOPS/s)
Total time: 70.52 us.
----------------
Vulkan Timings:
MUL_MAT_VEC q4_0 m=12288 n=1 k=5120: 1 x 70.76 us = 70.76 us (1778.08 GFLOPS/s)
Total time: 70.76 us.
----------------
Vulkan Timings:
MUL_MAT_VEC q4_0 m=12288 n=1 k=5120: 1 x 70.72 us = 70.72 us (1779.08 GFLOPS/s)
Total time: 70.72 us.
----------------
Vulkan Timings:
MUL_MAT_VEC q4_0 m=12288 n=1 k=5120: 1 x 70.76 us = 70.76 us (1778.08 GFLOPS/s)
Total time: 70.76 us.
----------------
Vulkan Timings:
MUL_MAT_VEC q4_0 m=12288 n=1 k=5120: 1 x 70.84 us = 70.84 us (1776.07 GFLOPS/s)
Total time: 70.84 us.
----------------
Vulkan Timings:
MUL_MAT_VEC q4_0 m=12288 n=1 k=5120: 1 x 70.72 us = 70.72 us (1779.08 GFLOPS/s)
Total time: 70.72 us.
----------------
Vulkan Timings:
MUL_MAT_VEC q4_0 m=12288 n=1 k=5120: 1 x 70.76 us = 70.76 us (1778.08 GFLOPS/s)
Total time: 70.76 us.
----------------
Vulkan Timings:
MUL_MAT_VEC q4_0 m=12288 n=1 k=5120: 1 x 70.84 us = 70.84 us (1776.07 GFLOPS/s)
Total time: 70.84 us.
----------------
Vulkan Timings:
MUL_MAT_VEC q4_0 m=12288 n=1 k=5120: 1 x 70.6 us = 70.6 us (1782.11 GFLOPS/s)
Total time: 70.6 us.
----------------
Vulkan Timings:
MUL_MAT_VEC q4_0 m=12288 n=1 k=5120: 1 x 70.96 us = 70.96 us (1773.07 GFLOPS/s)
Total time: 70.96 us.
----------------
Vulkan Timings:
MUL_MAT_VEC q4_0 m=12288 n=1 k=5120: 1 x 70.68 us = 70.68 us (1780.09 GFLOPS/s)
Total time: 70.68 us.
----------------
Vulkan Timings:
MUL_MAT_VEC q4_0 m=12288 n=1 k=5120: 1 x 70.68 us = 70.68 us (1780.09 GFLOPS/s)
Total time: 70.68 us.
----------------
Vulkan Timings:
MUL_MAT_VEC q4_0 m=12288 n=1 k=5120: 1 x 70.68 us = 70.68 us (1780.09 GFLOPS/s)
Total time: 70.68 us.
