ggml_vulkan: Found 1 Vulkan devices:
ggml_vulkan: 0 = AMD Radeon RX 7900 XTX (RADV NAVI31) (radv) | uma: 0 | fp16: dot2 | bf16: 0 | fp4: 0 | warp size: 64 | shared memory: 65536 | int dot: 1 | matrix cores: KHR_coopmat
oracle=0.24.0 commit=456172ec-dirty device=AMD Radeon RX 7900 XTX (RADV NAVI31) disable_mmvq=1
backend_allocation_bytes=21671936
----------------
Vulkan Timings:
MUL_MAT_VEC q5_K m=5120 n=1 k=6144: 1 x 77.68 us = 77.68 us (809.854 GFLOPS/s)
Total time: 77.68 us.
----------------
Vulkan Timings:
MUL_MAT_VEC q5_K m=5120 n=1 k=6144: 1 x 49.56 us = 49.56 us (1269.36 GFLOPS/s)
Total time: 49.56 us.
----------------
Vulkan Timings:
MUL_MAT_VEC q5_K m=5120 n=1 k=6144: 1 x 49.64 us = 49.64 us (1267.31 GFLOPS/s)
Total time: 49.64 us.
----------------
Vulkan Timings:
MUL_MAT_VEC q5_K m=5120 n=1 k=6144: 1 x 49.68 us = 49.68 us (1266.29 GFLOPS/s)
Total time: 49.68 us.
----------------
Vulkan Timings:
MUL_MAT_VEC q5_K m=5120 n=1 k=6144: 1 x 49.56 us = 49.56 us (1269.36 GFLOPS/s)
Total time: 49.56 us.
----------------
Vulkan Timings:
MUL_MAT_VEC q5_K m=5120 n=1 k=6144: 1 x 49.64 us = 49.64 us (1267.31 GFLOPS/s)
Total time: 49.64 us.
----------------
Vulkan Timings:
MUL_MAT_VEC q5_K m=5120 n=1 k=6144: 1 x 49.6 us = 49.6 us (1268.34 GFLOPS/s)
Total time: 49.6 us.
----------------
Vulkan Timings:
MUL_MAT_VEC q5_K m=5120 n=1 k=6144: 1 x 49.32 us = 49.32 us (1275.54 GFLOPS/s)
Total time: 49.32 us.
----------------
Vulkan Timings:
MUL_MAT_VEC q5_K m=5120 n=1 k=6144: 1 x 49.48 us = 49.48 us (1271.41 GFLOPS/s)
Total time: 49.48 us.
----------------
Vulkan Timings:
MUL_MAT_VEC q5_K m=5120 n=1 k=6144: 1 x 49.64 us = 49.64 us (1267.31 GFLOPS/s)
Total time: 49.64 us.
----------------
Vulkan Timings:
MUL_MAT_VEC q5_K m=5120 n=1 k=6144: 1 x 49.64 us = 49.64 us (1267.31 GFLOPS/s)
Total time: 49.64 us.
----------------
Vulkan Timings:
MUL_MAT_VEC q5_K m=5120 n=1 k=6144: 1 x 49.72 us = 49.72 us (1265.27 GFLOPS/s)
Total time: 49.72 us.
----------------
Vulkan Timings:
MUL_MAT_VEC q5_K m=5120 n=1 k=6144: 1 x 49.92 us = 49.92 us (1260.21 GFLOPS/s)
Total time: 49.92 us.
----------------
Vulkan Timings:
MUL_MAT_VEC q5_K m=5120 n=1 k=6144: 1 x 49.6 us = 49.6 us (1268.34 GFLOPS/s)
Total time: 49.6 us.
----------------
Vulkan Timings:
MUL_MAT_VEC q5_K m=5120 n=1 k=6144: 1 x 49.56 us = 49.56 us (1269.36 GFLOPS/s)
Total time: 49.56 us.
----------------
Vulkan Timings:
MUL_MAT_VEC q5_K m=5120 n=1 k=6144: 1 x 49.56 us = 49.56 us (1269.36 GFLOPS/s)
Total time: 49.56 us.
----------------
Vulkan Timings:
MUL_MAT_VEC q5_K m=5120 n=1 k=6144: 1 x 49.64 us = 49.64 us (1267.31 GFLOPS/s)
Total time: 49.64 us.
----------------
Vulkan Timings:
MUL_MAT_VEC q5_K m=5120 n=1 k=6144: 1 x 49.44 us = 49.44 us (1272.44 GFLOPS/s)
Total time: 49.44 us.
----------------
Vulkan Timings:
MUL_MAT_VEC q5_K m=5120 n=1 k=6144: 1 x 49.56 us = 49.56 us (1269.36 GFLOPS/s)
Total time: 49.56 us.
----------------
Vulkan Timings:
MUL_MAT_VEC q5_K m=5120 n=1 k=6144: 1 x 49.6 us = 49.6 us (1268.34 GFLOPS/s)
Total time: 49.6 us.
----------------
Vulkan Timings:
MUL_MAT_VEC q5_K m=5120 n=1 k=6144: 1 x 49.64 us = 49.64 us (1267.31 GFLOPS/s)
Total time: 49.64 us.
----------------
Vulkan Timings:
MUL_MAT_VEC q5_K m=5120 n=1 k=6144: 1 x 49.64 us = 49.64 us (1267.31 GFLOPS/s)
Total time: 49.64 us.
----------------
Vulkan Timings:
MUL_MAT_VEC q5_K m=5120 n=1 k=6144: 1 x 49.88 us = 49.88 us (1261.22 GFLOPS/s)
Total time: 49.88 us.
----------------
Vulkan Timings:
MUL_MAT_VEC q5_K m=5120 n=1 k=6144: 1 x 49.76 us = 49.76 us (1264.26 GFLOPS/s)
Total time: 49.76 us.
----------------
Vulkan Timings:
MUL_MAT_VEC q5_K m=5120 n=1 k=6144: 1 x 49.6 us = 49.6 us (1268.34 GFLOPS/s)
Total time: 49.6 us.
----------------
Vulkan Timings:
MUL_MAT_VEC q5_K m=5120 n=1 k=6144: 1 x 49.6 us = 49.6 us (1268.34 GFLOPS/s)
Total time: 49.6 us.
----------------
Vulkan Timings:
MUL_MAT_VEC q5_K m=5120 n=1 k=6144: 1 x 49.76 us = 49.76 us (1264.26 GFLOPS/s)
Total time: 49.76 us.
----------------
Vulkan Timings:
MUL_MAT_VEC q5_K m=5120 n=1 k=6144: 1 x 49.6 us = 49.6 us (1268.34 GFLOPS/s)
Total time: 49.6 us.
----------------
Vulkan Timings:
MUL_MAT_VEC q5_K m=5120 n=1 k=6144: 1 x 49.8 us = 49.8 us (1263.24 GFLOPS/s)
Total time: 49.8 us.
----------------
Vulkan Timings:
MUL_MAT_VEC q5_K m=5120 n=1 k=6144: 1 x 49.48 us = 49.48 us (1271.41 GFLOPS/s)
Total time: 49.48 us.
----------------
Vulkan Timings:
MUL_MAT_VEC q5_K m=5120 n=1 k=6144: 1 x 49.6 us = 49.6 us (1268.34 GFLOPS/s)
Total time: 49.6 us.
----------------
Vulkan Timings:
MUL_MAT_VEC q5_K m=5120 n=1 k=6144: 1 x 49.56 us = 49.56 us (1269.36 GFLOPS/s)
Total time: 49.56 us.
----------------
Vulkan Timings:
MUL_MAT_VEC q5_K m=5120 n=1 k=6144: 1 x 49.6 us = 49.6 us (1268.34 GFLOPS/s)
Total time: 49.6 us.
----------------
Vulkan Timings:
MUL_MAT_VEC q5_K m=5120 n=1 k=6144: 1 x 49.6 us = 49.6 us (1268.34 GFLOPS/s)
Total time: 49.6 us.
----------------
Vulkan Timings:
MUL_MAT_VEC q5_K m=5120 n=1 k=6144: 1 x 49.68 us = 49.68 us (1266.29 GFLOPS/s)
Total time: 49.68 us.
----------------
Vulkan Timings:
MUL_MAT_VEC q5_K m=5120 n=1 k=6144: 1 x 49.68 us = 49.68 us (1266.29 GFLOPS/s)
Total time: 49.68 us.
----------------
Vulkan Timings:
MUL_MAT_VEC q5_K m=5120 n=1 k=6144: 1 x 49.64 us = 49.64 us (1267.31 GFLOPS/s)
Total time: 49.64 us.
----------------
Vulkan Timings:
MUL_MAT_VEC q5_K m=5120 n=1 k=6144: 1 x 49.68 us = 49.68 us (1266.29 GFLOPS/s)
Total time: 49.68 us.
----------------
Vulkan Timings:
MUL_MAT_VEC q5_K m=5120 n=1 k=6144: 1 x 49.64 us = 49.64 us (1267.31 GFLOPS/s)
Total time: 49.64 us.
----------------
Vulkan Timings:
MUL_MAT_VEC q5_K m=5120 n=1 k=6144: 1 x 49.2 us = 49.2 us (1278.65 GFLOPS/s)
Total time: 49.2 us.
----------------
Vulkan Timings:
MUL_MAT_VEC q5_K m=5120 n=1 k=6144: 1 x 49.8 us = 49.8 us (1263.24 GFLOPS/s)
Total time: 49.8 us.
----------------
Vulkan Timings:
MUL_MAT_VEC q5_K m=5120 n=1 k=6144: 1 x 49.68 us = 49.68 us (1266.29 GFLOPS/s)
Total time: 49.68 us.
----------------
Vulkan Timings:
MUL_MAT_VEC q5_K m=5120 n=1 k=6144: 1 x 49.72 us = 49.72 us (1265.27 GFLOPS/s)
Total time: 49.72 us.
----------------
Vulkan Timings:
MUL_MAT_VEC q5_K m=5120 n=1 k=6144: 1 x 49.6 us = 49.6 us (1268.34 GFLOPS/s)
Total time: 49.6 us.
----------------
Vulkan Timings:
MUL_MAT_VEC q5_K m=5120 n=1 k=6144: 1 x 49.56 us = 49.56 us (1269.36 GFLOPS/s)
Total time: 49.56 us.
----------------
Vulkan Timings:
MUL_MAT_VEC q5_K m=5120 n=1 k=6144: 1 x 49.64 us = 49.64 us (1267.31 GFLOPS/s)
Total time: 49.64 us.
----------------
Vulkan Timings:
MUL_MAT_VEC q5_K m=5120 n=1 k=6144: 1 x 50 us = 50 us (1258.19 GFLOPS/s)
Total time: 50 us.
----------------
Vulkan Timings:
MUL_MAT_VEC q5_K m=5120 n=1 k=6144: 1 x 49.52 us = 49.52 us (1270.38 GFLOPS/s)
Total time: 49.52 us.
----------------
Vulkan Timings:
MUL_MAT_VEC q5_K m=5120 n=1 k=6144: 1 x 49.6 us = 49.6 us (1268.34 GFLOPS/s)
Total time: 49.6 us.
----------------
Vulkan Timings:
MUL_MAT_VEC q5_K m=5120 n=1 k=6144: 1 x 49.64 us = 49.64 us (1267.31 GFLOPS/s)
Total time: 49.64 us.
----------------
Vulkan Timings:
MUL_MAT_VEC q5_K m=5120 n=1 k=6144: 1 x 49.56 us = 49.56 us (1269.36 GFLOPS/s)
Total time: 49.56 us.
----------------
Vulkan Timings:
MUL_MAT_VEC q5_K m=5120 n=1 k=6144: 1 x 49.56 us = 49.56 us (1269.36 GFLOPS/s)
Total time: 49.56 us.
----------------
Vulkan Timings:
MUL_MAT_VEC q5_K m=5120 n=1 k=6144: 1 x 49.52 us = 49.52 us (1270.38 GFLOPS/s)
Total time: 49.52 us.
----------------
Vulkan Timings:
MUL_MAT_VEC q5_K m=5120 n=1 k=6144: 1 x 49.48 us = 49.48 us (1271.41 GFLOPS/s)
Total time: 49.48 us.
----------------
Vulkan Timings:
MUL_MAT_VEC q5_K m=5120 n=1 k=6144: 1 x 49.56 us = 49.56 us (1269.36 GFLOPS/s)
Total time: 49.56 us.
----------------
Vulkan Timings:
MUL_MAT_VEC q5_K m=5120 n=1 k=6144: 1 x 49.68 us = 49.68 us (1266.29 GFLOPS/s)
Total time: 49.68 us.
----------------
Vulkan Timings:
MUL_MAT_VEC q5_K m=5120 n=1 k=6144: 1 x 49.76 us = 49.76 us (1264.26 GFLOPS/s)
Total time: 49.76 us.
----------------
Vulkan Timings:
MUL_MAT_VEC q5_K m=5120 n=1 k=6144: 1 x 49.76 us = 49.76 us (1264.26 GFLOPS/s)
Total time: 49.76 us.
----------------
Vulkan Timings:
MUL_MAT_VEC q5_K m=5120 n=1 k=6144: 1 x 49.68 us = 49.68 us (1266.29 GFLOPS/s)
Total time: 49.68 us.
----------------
Vulkan Timings:
MUL_MAT_VEC q5_K m=5120 n=1 k=6144: 1 x 49.6 us = 49.6 us (1268.34 GFLOPS/s)
Total time: 49.6 us.
----------------
Vulkan Timings:
MUL_MAT_VEC q5_K m=5120 n=1 k=6144: 1 x 49.72 us = 49.72 us (1265.27 GFLOPS/s)
Total time: 49.72 us.
----------------
Vulkan Timings:
MUL_MAT_VEC q5_K m=5120 n=1 k=6144: 1 x 49.8 us = 49.8 us (1263.24 GFLOPS/s)
Total time: 49.8 us.
----------------
Vulkan Timings:
MUL_MAT_VEC q5_K m=5120 n=1 k=6144: 1 x 52.84 us = 52.84 us (1190.56 GFLOPS/s)
Total time: 52.84 us.
----------------
Vulkan Timings:
MUL_MAT_VEC q5_K m=5120 n=1 k=6144: 1 x 49.68 us = 49.68 us (1266.29 GFLOPS/s)
Total time: 49.68 us.
----------------
Vulkan Timings:
MUL_MAT_VEC q5_K m=5120 n=1 k=6144: 1 x 49.6 us = 49.6 us (1268.34 GFLOPS/s)
Total time: 49.6 us.
----------------
Vulkan Timings:
MUL_MAT_VEC q5_K m=5120 n=1 k=6144: 1 x 49.16 us = 49.16 us (1279.69 GFLOPS/s)
Total time: 49.16 us.
----------------
Vulkan Timings:
MUL_MAT_VEC q5_K m=5120 n=1 k=6144: 1 x 49.68 us = 49.68 us (1266.29 GFLOPS/s)
Total time: 49.68 us.
----------------
Vulkan Timings:
MUL_MAT_VEC q5_K m=5120 n=1 k=6144: 1 x 49.84 us = 49.84 us (1262.23 GFLOPS/s)
Total time: 49.84 us.
----------------
Vulkan Timings:
MUL_MAT_VEC q5_K m=5120 n=1 k=6144: 1 x 49.56 us = 49.56 us (1269.36 GFLOPS/s)
Total time: 49.56 us.
----------------
Vulkan Timings:
MUL_MAT_VEC q5_K m=5120 n=1 k=6144: 1 x 49.6 us = 49.6 us (1268.34 GFLOPS/s)
Total time: 49.6 us.
----------------
Vulkan Timings:
MUL_MAT_VEC q5_K m=5120 n=1 k=6144: 1 x 49.64 us = 49.64 us (1267.31 GFLOPS/s)
Total time: 49.64 us.
----------------
Vulkan Timings:
MUL_MAT_VEC q5_K m=5120 n=1 k=6144: 1 x 49.44 us = 49.44 us (1272.44 GFLOPS/s)
Total time: 49.44 us.
----------------
Vulkan Timings:
MUL_MAT_VEC q5_K m=5120 n=1 k=6144: 1 x 49.36 us = 49.36 us (1274.5 GFLOPS/s)
Total time: 49.36 us.
----------------
Vulkan Timings:
MUL_MAT_VEC q5_K m=5120 n=1 k=6144: 1 x 49.68 us = 49.68 us (1266.29 GFLOPS/s)
Total time: 49.68 us.
----------------
Vulkan Timings:
MUL_MAT_VEC q5_K m=5120 n=1 k=6144: 1 x 49.64 us = 49.64 us (1267.31 GFLOPS/s)
Total time: 49.64 us.
----------------
Vulkan Timings:
MUL_MAT_VEC q5_K m=5120 n=1 k=6144: 1 x 49.68 us = 49.68 us (1266.29 GFLOPS/s)
Total time: 49.68 us.
----------------
Vulkan Timings:
MUL_MAT_VEC q5_K m=5120 n=1 k=6144: 1 x 49.64 us = 49.64 us (1267.31 GFLOPS/s)
Total time: 49.64 us.
----------------
Vulkan Timings:
MUL_MAT_VEC q5_K m=5120 n=1 k=6144: 1 x 49.84 us = 49.84 us (1262.23 GFLOPS/s)
Total time: 49.84 us.
----------------
Vulkan Timings:
MUL_MAT_VEC q5_K m=5120 n=1 k=6144: 1 x 49.8 us = 49.8 us (1263.24 GFLOPS/s)
Total time: 49.8 us.
----------------
Vulkan Timings:
MUL_MAT_VEC q5_K m=5120 n=1 k=6144: 1 x 49.6 us = 49.6 us (1268.34 GFLOPS/s)
Total time: 49.6 us.
----------------
Vulkan Timings:
MUL_MAT_VEC q5_K m=5120 n=1 k=6144: 1 x 49.56 us = 49.56 us (1269.36 GFLOPS/s)
Total time: 49.56 us.
----------------
Vulkan Timings:
MUL_MAT_VEC q5_K m=5120 n=1 k=6144: 1 x 49.68 us = 49.68 us (1266.29 GFLOPS/s)
Total time: 49.68 us.
----------------
Vulkan Timings:
MUL_MAT_VEC q5_K m=5120 n=1 k=6144: 1 x 49.68 us = 49.68 us (1266.29 GFLOPS/s)
Total time: 49.68 us.
----------------
Vulkan Timings:
MUL_MAT_VEC q5_K m=5120 n=1 k=6144: 1 x 49.68 us = 49.68 us (1266.29 GFLOPS/s)
Total time: 49.68 us.
----------------
Vulkan Timings:
MUL_MAT_VEC q5_K m=5120 n=1 k=6144: 1 x 49.64 us = 49.64 us (1267.31 GFLOPS/s)
Total time: 49.64 us.
----------------
Vulkan Timings:
MUL_MAT_VEC q5_K m=5120 n=1 k=6144: 1 x 49.64 us = 49.64 us (1267.31 GFLOPS/s)
Total time: 49.64 us.
----------------
Vulkan Timings:
MUL_MAT_VEC q5_K m=5120 n=1 k=6144: 1 x 49.68 us = 49.68 us (1266.29 GFLOPS/s)
Total time: 49.68 us.
----------------
Vulkan Timings:
MUL_MAT_VEC q5_K m=5120 n=1 k=6144: 1 x 49.68 us = 49.68 us (1266.29 GFLOPS/s)
Total time: 49.68 us.
----------------
Vulkan Timings:
MUL_MAT_VEC q5_K m=5120 n=1 k=6144: 1 x 49.68 us = 49.68 us (1266.29 GFLOPS/s)
Total time: 49.68 us.
----------------
Vulkan Timings:
MUL_MAT_VEC q5_K m=5120 n=1 k=6144: 1 x 49.44 us = 49.44 us (1272.44 GFLOPS/s)
Total time: 49.44 us.
----------------
Vulkan Timings:
MUL_MAT_VEC q5_K m=5120 n=1 k=6144: 1 x 49.24 us = 49.24 us (1277.61 GFLOPS/s)
Total time: 49.24 us.
----------------
Vulkan Timings:
MUL_MAT_VEC q5_K m=5120 n=1 k=6144: 1 x 49.8 us = 49.8 us (1263.24 GFLOPS/s)
Total time: 49.8 us.
----------------
Vulkan Timings:
MUL_MAT_VEC q5_K m=5120 n=1 k=6144: 1 x 49.68 us = 49.68 us (1266.29 GFLOPS/s)
Total time: 49.68 us.
----------------
Vulkan Timings:
MUL_MAT_VEC q5_K m=5120 n=1 k=6144: 1 x 49.64 us = 49.64 us (1267.31 GFLOPS/s)
Total time: 49.64 us.
----------------
Vulkan Timings:
MUL_MAT_VEC q5_K m=5120 n=1 k=6144: 1 x 49.76 us = 49.76 us (1264.26 GFLOPS/s)
Total time: 49.76 us.
----------------
Vulkan Timings:
MUL_MAT_VEC q5_K m=5120 n=1 k=6144: 1 x 49.56 us = 49.56 us (1269.36 GFLOPS/s)
Total time: 49.56 us.
----------------
Vulkan Timings:
MUL_MAT_VEC q5_K m=5120 n=1 k=6144: 1 x 49.72 us = 49.72 us (1265.27 GFLOPS/s)
Total time: 49.72 us.
----------------
Vulkan Timings:
MUL_MAT_VEC q5_K m=5120 n=1 k=6144: 1 x 49.56 us = 49.56 us (1269.36 GFLOPS/s)
Total time: 49.56 us.
----------------
Vulkan Timings:
MUL_MAT_VEC q5_K m=5120 n=1 k=6144: 1 x 49.6 us = 49.6 us (1268.34 GFLOPS/s)
Total time: 49.6 us.
----------------
Vulkan Timings:
MUL_MAT_VEC q5_K m=5120 n=1 k=6144: 1 x 49.68 us = 49.68 us (1266.29 GFLOPS/s)
Total time: 49.68 us.
----------------
Vulkan Timings:
MUL_MAT_VEC q5_K m=5120 n=1 k=6144: 1 x 49.64 us = 49.64 us (1267.31 GFLOPS/s)
Total time: 49.64 us.
----------------
Vulkan Timings:
MUL_MAT_VEC q5_K m=5120 n=1 k=6144: 1 x 49.44 us = 49.44 us (1272.44 GFLOPS/s)
Total time: 49.44 us.
----------------
Vulkan Timings:
MUL_MAT_VEC q5_K m=5120 n=1 k=6144: 1 x 49.72 us = 49.72 us (1265.27 GFLOPS/s)
Total time: 49.72 us.
----------------
Vulkan Timings:
MUL_MAT_VEC q5_K m=5120 n=1 k=6144: 1 x 49.8 us = 49.8 us (1263.24 GFLOPS/s)
Total time: 49.8 us.
----------------
Vulkan Timings:
MUL_MAT_VEC q5_K m=5120 n=1 k=6144: 1 x 49.68 us = 49.68 us (1266.29 GFLOPS/s)
Total time: 49.68 us.
----------------
Vulkan Timings:
MUL_MAT_VEC q5_K m=5120 n=1 k=6144: 1 x 49.44 us = 49.44 us (1272.44 GFLOPS/s)
Total time: 49.44 us.
----------------
Vulkan Timings:
MUL_MAT_VEC q5_K m=5120 n=1 k=6144: 1 x 49.72 us = 49.72 us (1265.27 GFLOPS/s)
Total time: 49.72 us.
----------------
Vulkan Timings:
MUL_MAT_VEC q5_K m=5120 n=1 k=6144: 1 x 49.64 us = 49.64 us (1267.31 GFLOPS/s)
Total time: 49.64 us.
----------------
Vulkan Timings:
MUL_MAT_VEC q5_K m=5120 n=1 k=6144: 1 x 49.6 us = 49.6 us (1268.34 GFLOPS/s)
Total time: 49.6 us.
----------------
Vulkan Timings:
MUL_MAT_VEC q5_K m=5120 n=1 k=6144: 1 x 49.68 us = 49.68 us (1266.29 GFLOPS/s)
Total time: 49.68 us.
----------------
Vulkan Timings:
MUL_MAT_VEC q5_K m=5120 n=1 k=6144: 1 x 49.72 us = 49.72 us (1265.27 GFLOPS/s)
Total time: 49.72 us.
----------------
Vulkan Timings:
MUL_MAT_VEC q5_K m=5120 n=1 k=6144: 1 x 49.68 us = 49.68 us (1266.29 GFLOPS/s)
Total time: 49.68 us.
----------------
Vulkan Timings:
MUL_MAT_VEC q5_K m=5120 n=1 k=6144: 1 x 49.56 us = 49.56 us (1269.36 GFLOPS/s)
Total time: 49.56 us.
----------------
Vulkan Timings:
MUL_MAT_VEC q5_K m=5120 n=1 k=6144: 1 x 49.64 us = 49.64 us (1267.31 GFLOPS/s)
Total time: 49.64 us.
----------------
Vulkan Timings:
MUL_MAT_VEC q5_K m=5120 n=1 k=6144: 1 x 49.8 us = 49.8 us (1263.24 GFLOPS/s)
Total time: 49.8 us.
----------------
Vulkan Timings:
MUL_MAT_VEC q5_K m=5120 n=1 k=6144: 1 x 49.76 us = 49.76 us (1264.26 GFLOPS/s)
Total time: 49.76 us.
----------------
Vulkan Timings:
MUL_MAT_VEC q5_K m=5120 n=1 k=6144: 1 x 49.84 us = 49.84 us (1262.23 GFLOPS/s)
Total time: 49.84 us.
----------------
Vulkan Timings:
MUL_MAT_VEC q5_K m=5120 n=1 k=6144: 1 x 49.56 us = 49.56 us (1269.36 GFLOPS/s)
Total time: 49.56 us.
----------------
Vulkan Timings:
MUL_MAT_VEC q5_K m=5120 n=1 k=6144: 1 x 49.68 us = 49.68 us (1266.29 GFLOPS/s)
Total time: 49.68 us.
----------------
Vulkan Timings:
MUL_MAT_VEC q5_K m=5120 n=1 k=6144: 1 x 49.8 us = 49.8 us (1263.24 GFLOPS/s)
Total time: 49.8 us.
----------------
Vulkan Timings:
MUL_MAT_VEC q5_K m=5120 n=1 k=6144: 1 x 49.92 us = 49.92 us (1260.21 GFLOPS/s)
Total time: 49.92 us.
----------------
Vulkan Timings:
MUL_MAT_VEC q5_K m=5120 n=1 k=6144: 1 x 49.8 us = 49.8 us (1263.24 GFLOPS/s)
Total time: 49.8 us.
----------------
Vulkan Timings:
MUL_MAT_VEC q5_K m=5120 n=1 k=6144: 1 x 49.68 us = 49.68 us (1266.29 GFLOPS/s)
Total time: 49.68 us.
----------------
Vulkan Timings:
MUL_MAT_VEC q5_K m=5120 n=1 k=6144: 1 x 49.56 us = 49.56 us (1269.36 GFLOPS/s)
Total time: 49.56 us.
----------------
Vulkan Timings:
MUL_MAT_VEC q5_K m=5120 n=1 k=6144: 1 x 49.68 us = 49.68 us (1266.29 GFLOPS/s)
Total time: 49.68 us.
----------------
Vulkan Timings:
MUL_MAT_VEC q5_K m=5120 n=1 k=6144: 1 x 49.76 us = 49.76 us (1264.26 GFLOPS/s)
Total time: 49.76 us.
----------------
Vulkan Timings:
MUL_MAT_VEC q5_K m=5120 n=1 k=6144: 1 x 49.64 us = 49.64 us (1267.31 GFLOPS/s)
Total time: 49.64 us.
----------------
Vulkan Timings:
MUL_MAT_VEC q5_K m=5120 n=1 k=6144: 1 x 49.32 us = 49.32 us (1275.54 GFLOPS/s)
Total time: 49.32 us.
----------------
Vulkan Timings:
MUL_MAT_VEC q5_K m=5120 n=1 k=6144: 1 x 49.8 us = 49.8 us (1263.24 GFLOPS/s)
Total time: 49.8 us.
----------------
Vulkan Timings:
MUL_MAT_VEC q5_K m=5120 n=1 k=6144: 1 x 49.6 us = 49.6 us (1268.34 GFLOPS/s)
Total time: 49.6 us.
----------------
Vulkan Timings:
MUL_MAT_VEC q5_K m=5120 n=1 k=6144: 1 x 49.72 us = 49.72 us (1265.27 GFLOPS/s)
Total time: 49.72 us.
----------------
Vulkan Timings:
MUL_MAT_VEC q5_K m=5120 n=1 k=6144: 1 x 49.52 us = 49.52 us (1270.38 GFLOPS/s)
Total time: 49.52 us.
----------------
Vulkan Timings:
MUL_MAT_VEC q5_K m=5120 n=1 k=6144: 1 x 49.72 us = 49.72 us (1265.27 GFLOPS/s)
Total time: 49.72 us.
----------------
Vulkan Timings:
MUL_MAT_VEC q5_K m=5120 n=1 k=6144: 1 x 49.36 us = 49.36 us (1274.5 GFLOPS/s)
Total time: 49.36 us.
----------------
Vulkan Timings:
MUL_MAT_VEC q5_K m=5120 n=1 k=6144: 1 x 49.72 us = 49.72 us (1265.27 GFLOPS/s)
Total time: 49.72 us.
----------------
Vulkan Timings:
MUL_MAT_VEC q5_K m=5120 n=1 k=6144: 1 x 49.68 us = 49.68 us (1266.29 GFLOPS/s)
Total time: 49.68 us.
----------------
Vulkan Timings:
MUL_MAT_VEC q5_K m=5120 n=1 k=6144: 1 x 49.64 us = 49.64 us (1267.31 GFLOPS/s)
Total time: 49.64 us.
----------------
Vulkan Timings:
MUL_MAT_VEC q5_K m=5120 n=1 k=6144: 1 x 49.84 us = 49.84 us (1262.23 GFLOPS/s)
Total time: 49.84 us.
----------------
Vulkan Timings:
MUL_MAT_VEC q5_K m=5120 n=1 k=6144: 1 x 49.68 us = 49.68 us (1266.29 GFLOPS/s)
Total time: 49.68 us.
----------------
Vulkan Timings:
MUL_MAT_VEC q5_K m=5120 n=1 k=6144: 1 x 49.72 us = 49.72 us (1265.27 GFLOPS/s)
Total time: 49.72 us.
----------------
Vulkan Timings:
MUL_MAT_VEC q5_K m=5120 n=1 k=6144: 1 x 49.44 us = 49.44 us (1272.44 GFLOPS/s)
Total time: 49.44 us.
----------------
Vulkan Timings:
MUL_MAT_VEC q5_K m=5120 n=1 k=6144: 1 x 49.76 us = 49.76 us (1264.26 GFLOPS/s)
Total time: 49.76 us.
----------------
Vulkan Timings:
MUL_MAT_VEC q5_K m=5120 n=1 k=6144: 1 x 49.76 us = 49.76 us (1264.26 GFLOPS/s)
Total time: 49.76 us.
----------------
Vulkan Timings:
MUL_MAT_VEC q5_K m=5120 n=1 k=6144: 1 x 49.72 us = 49.72 us (1265.27 GFLOPS/s)
Total time: 49.72 us.
----------------
Vulkan Timings:
MUL_MAT_VEC q5_K m=5120 n=1 k=6144: 1 x 49.44 us = 49.44 us (1272.44 GFLOPS/s)
Total time: 49.44 us.
----------------
Vulkan Timings:
MUL_MAT_VEC q5_K m=5120 n=1 k=6144: 1 x 49.72 us = 49.72 us (1265.27 GFLOPS/s)
Total time: 49.72 us.
----------------
Vulkan Timings:
MUL_MAT_VEC q5_K m=5120 n=1 k=6144: 1 x 49.76 us = 49.76 us (1264.26 GFLOPS/s)
Total time: 49.76 us.
----------------
Vulkan Timings:
MUL_MAT_VEC q5_K m=5120 n=1 k=6144: 1 x 49.68 us = 49.68 us (1266.29 GFLOPS/s)
Total time: 49.68 us.
----------------
Vulkan Timings:
MUL_MAT_VEC q5_K m=5120 n=1 k=6144: 1 x 49.8 us = 49.8 us (1263.24 GFLOPS/s)
Total time: 49.8 us.
----------------
Vulkan Timings:
MUL_MAT_VEC q5_K m=5120 n=1 k=6144: 1 x 49.64 us = 49.64 us (1267.31 GFLOPS/s)
Total time: 49.64 us.
----------------
Vulkan Timings:
MUL_MAT_VEC q5_K m=5120 n=1 k=6144: 1 x 50.04 us = 50.04 us (1257.18 GFLOPS/s)
Total time: 50.04 us.
----------------
Vulkan Timings:
MUL_MAT_VEC q5_K m=5120 n=1 k=6144: 1 x 49.76 us = 49.76 us (1264.26 GFLOPS/s)
Total time: 49.76 us.
----------------
Vulkan Timings:
MUL_MAT_VEC q5_K m=5120 n=1 k=6144: 1 x 49.72 us = 49.72 us (1265.27 GFLOPS/s)
Total time: 49.72 us.
----------------
Vulkan Timings:
MUL_MAT_VEC q5_K m=5120 n=1 k=6144: 1 x 49.6 us = 49.6 us (1268.34 GFLOPS/s)
Total time: 49.6 us.
----------------
Vulkan Timings:
MUL_MAT_VEC q5_K m=5120 n=1 k=6144: 1 x 52.6 us = 52.6 us (1196 GFLOPS/s)
Total time: 52.6 us.
----------------
Vulkan Timings:
MUL_MAT_VEC q5_K m=5120 n=1 k=6144: 1 x 49.92 us = 49.92 us (1260.21 GFLOPS/s)
Total time: 49.92 us.
----------------
Vulkan Timings:
MUL_MAT_VEC q5_K m=5120 n=1 k=6144: 1 x 52.4 us = 52.4 us (1200.56 GFLOPS/s)
Total time: 52.4 us.
----------------
Vulkan Timings:
MUL_MAT_VEC q5_K m=5120 n=1 k=6144: 1 x 50 us = 50 us (1258.19 GFLOPS/s)
Total time: 50 us.
----------------
Vulkan Timings:
MUL_MAT_VEC q5_K m=5120 n=1 k=6144: 1 x 49.68 us = 49.68 us (1266.29 GFLOPS/s)
Total time: 49.68 us.
----------------
Vulkan Timings:
MUL_MAT_VEC q5_K m=5120 n=1 k=6144: 1 x 49.68 us = 49.68 us (1266.29 GFLOPS/s)
Total time: 49.68 us.
----------------
Vulkan Timings:
MUL_MAT_VEC q5_K m=5120 n=1 k=6144: 1 x 49.64 us = 49.64 us (1267.31 GFLOPS/s)
Total time: 49.64 us.
----------------
Vulkan Timings:
MUL_MAT_VEC q5_K m=5120 n=1 k=6144: 1 x 49.64 us = 49.64 us (1267.31 GFLOPS/s)
Total time: 49.64 us.
----------------
Vulkan Timings:
MUL_MAT_VEC q5_K m=5120 n=1 k=6144: 1 x 49.76 us = 49.76 us (1264.26 GFLOPS/s)
Total time: 49.76 us.
----------------
Vulkan Timings:
MUL_MAT_VEC q5_K m=5120 n=1 k=6144: 1 x 49.76 us = 49.76 us (1264.26 GFLOPS/s)
Total time: 49.76 us.
----------------
Vulkan Timings:
MUL_MAT_VEC q5_K m=5120 n=1 k=6144: 1 x 49.72 us = 49.72 us (1265.27 GFLOPS/s)
Total time: 49.72 us.
----------------
Vulkan Timings:
MUL_MAT_VEC q5_K m=5120 n=1 k=6144: 1 x 49.64 us = 49.64 us (1267.31 GFLOPS/s)
Total time: 49.64 us.
----------------
Vulkan Timings:
MUL_MAT_VEC q5_K m=5120 n=1 k=6144: 1 x 49.84 us = 49.84 us (1262.23 GFLOPS/s)
Total time: 49.84 us.
----------------
Vulkan Timings:
MUL_MAT_VEC q5_K m=5120 n=1 k=6144: 1 x 49.72 us = 49.72 us (1265.27 GFLOPS/s)
Total time: 49.72 us.
----------------
Vulkan Timings:
MUL_MAT_VEC q5_K m=5120 n=1 k=6144: 1 x 49.8 us = 49.8 us (1263.24 GFLOPS/s)
Total time: 49.8 us.
----------------
Vulkan Timings:
MUL_MAT_VEC q5_K m=5120 n=1 k=6144: 1 x 49.88 us = 49.88 us (1261.22 GFLOPS/s)
Total time: 49.88 us.
----------------
Vulkan Timings:
MUL_MAT_VEC q5_K m=5120 n=1 k=6144: 1 x 49.68 us = 49.68 us (1266.29 GFLOPS/s)
Total time: 49.68 us.
----------------
Vulkan Timings:
MUL_MAT_VEC q5_K m=5120 n=1 k=6144: 1 x 50.16 us = 50.16 us (1254.18 GFLOPS/s)
Total time: 50.16 us.
----------------
Vulkan Timings:
MUL_MAT_VEC q5_K m=5120 n=1 k=6144: 1 x 49.6 us = 49.6 us (1268.34 GFLOPS/s)
Total time: 49.6 us.
----------------
Vulkan Timings:
MUL_MAT_VEC q5_K m=5120 n=1 k=6144: 1 x 49.6 us = 49.6 us (1268.34 GFLOPS/s)
Total time: 49.6 us.
----------------
Vulkan Timings:
MUL_MAT_VEC q5_K m=5120 n=1 k=6144: 1 x 49.68 us = 49.68 us (1266.29 GFLOPS/s)
Total time: 49.68 us.
----------------
Vulkan Timings:
MUL_MAT_VEC q5_K m=5120 n=1 k=6144: 1 x 49.72 us = 49.72 us (1265.27 GFLOPS/s)
Total time: 49.72 us.
----------------
Vulkan Timings:
MUL_MAT_VEC q5_K m=5120 n=1 k=6144: 1 x 49.44 us = 49.44 us (1272.44 GFLOPS/s)
Total time: 49.44 us.
----------------
Vulkan Timings:
MUL_MAT_VEC q5_K m=5120 n=1 k=6144: 1 x 49.84 us = 49.84 us (1262.23 GFLOPS/s)
Total time: 49.84 us.
----------------
Vulkan Timings:
MUL_MAT_VEC q5_K m=5120 n=1 k=6144: 1 x 49.24 us = 49.24 us (1277.61 GFLOPS/s)
Total time: 49.24 us.
----------------
Vulkan Timings:
MUL_MAT_VEC q5_K m=5120 n=1 k=6144: 1 x 49.72 us = 49.72 us (1265.27 GFLOPS/s)
Total time: 49.72 us.
----------------
Vulkan Timings:
MUL_MAT_VEC q5_K m=5120 n=1 k=6144: 1 x 49.64 us = 49.64 us (1267.31 GFLOPS/s)
Total time: 49.64 us.
----------------
Vulkan Timings:
MUL_MAT_VEC q5_K m=5120 n=1 k=6144: 1 x 49.76 us = 49.76 us (1264.26 GFLOPS/s)
Total time: 49.76 us.
----------------
Vulkan Timings:
MUL_MAT_VEC q5_K m=5120 n=1 k=6144: 1 x 49.68 us = 49.68 us (1266.29 GFLOPS/s)
Total time: 49.68 us.
----------------
Vulkan Timings:
MUL_MAT_VEC q5_K m=5120 n=1 k=6144: 1 x 49.68 us = 49.68 us (1266.29 GFLOPS/s)
Total time: 49.68 us.
----------------
Vulkan Timings:
MUL_MAT_VEC q5_K m=5120 n=1 k=6144: 1 x 49.64 us = 49.64 us (1267.31 GFLOPS/s)
Total time: 49.64 us.
----------------
Vulkan Timings:
MUL_MAT_VEC q5_K m=5120 n=1 k=6144: 1 x 49.84 us = 49.84 us (1262.23 GFLOPS/s)
Total time: 49.84 us.
----------------
Vulkan Timings:
MUL_MAT_VEC q5_K m=5120 n=1 k=6144: 1 x 49.72 us = 49.72 us (1265.27 GFLOPS/s)
Total time: 49.72 us.
----------------
Vulkan Timings:
MUL_MAT_VEC q5_K m=5120 n=1 k=6144: 1 x 49.64 us = 49.64 us (1267.31 GFLOPS/s)
Total time: 49.64 us.
----------------
Vulkan Timings:
MUL_MAT_VEC q5_K m=5120 n=1 k=6144: 1 x 49.64 us = 49.64 us (1267.31 GFLOPS/s)
Total time: 49.64 us.
----------------
Vulkan Timings:
MUL_MAT_VEC q5_K m=5120 n=1 k=6144: 1 x 49.8 us = 49.8 us (1263.24 GFLOPS/s)
Total time: 49.8 us.
----------------
Vulkan Timings:
MUL_MAT_VEC q5_K m=5120 n=1 k=6144: 1 x 49.76 us = 49.76 us (1264.26 GFLOPS/s)
Total time: 49.76 us.
----------------
Vulkan Timings:
MUL_MAT_VEC q5_K m=5120 n=1 k=6144: 1 x 49.68 us = 49.68 us (1266.29 GFLOPS/s)
Total time: 49.68 us.
----------------
Vulkan Timings:
MUL_MAT_VEC q5_K m=5120 n=1 k=6144: 1 x 49.76 us = 49.76 us (1264.26 GFLOPS/s)
Total time: 49.76 us.
----------------
Vulkan Timings:
MUL_MAT_VEC q5_K m=5120 n=1 k=6144: 1 x 49.64 us = 49.64 us (1267.31 GFLOPS/s)
Total time: 49.64 us.
----------------
Vulkan Timings:
MUL_MAT_VEC q5_K m=5120 n=1 k=6144: 1 x 49.84 us = 49.84 us (1262.23 GFLOPS/s)
Total time: 49.84 us.
----------------
Vulkan Timings:
MUL_MAT_VEC q5_K m=5120 n=1 k=6144: 1 x 49.8 us = 49.8 us (1263.24 GFLOPS/s)
Total time: 49.8 us.
----------------
Vulkan Timings:
MUL_MAT_VEC q5_K m=5120 n=1 k=6144: 1 x 49.8 us = 49.8 us (1263.24 GFLOPS/s)
Total time: 49.8 us.
----------------
Vulkan Timings:
MUL_MAT_VEC q5_K m=5120 n=1 k=6144: 1 x 49.88 us = 49.88 us (1261.22 GFLOPS/s)
Total time: 49.88 us.
----------------
Vulkan Timings:
MUL_MAT_VEC q5_K m=5120 n=1 k=6144: 1 x 49.68 us = 49.68 us (1266.29 GFLOPS/s)
Total time: 49.68 us.
----------------
Vulkan Timings:
MUL_MAT_VEC q5_K m=5120 n=1 k=6144: 1 x 49.68 us = 49.68 us (1266.29 GFLOPS/s)
Total time: 49.68 us.
----------------
Vulkan Timings:
MUL_MAT_VEC q5_K m=5120 n=1 k=6144: 1 x 49.68 us = 49.68 us (1266.29 GFLOPS/s)
Total time: 49.68 us.
----------------
Vulkan Timings:
MUL_MAT_VEC q5_K m=5120 n=1 k=6144: 1 x 49.76 us = 49.76 us (1264.26 GFLOPS/s)
Total time: 49.76 us.
----------------
Vulkan Timings:
MUL_MAT_VEC q5_K m=5120 n=1 k=6144: 1 x 49.76 us = 49.76 us (1264.26 GFLOPS/s)
Total time: 49.76 us.
----------------
Vulkan Timings:
MUL_MAT_VEC q5_K m=5120 n=1 k=6144: 1 x 49.64 us = 49.64 us (1267.31 GFLOPS/s)
Total time: 49.64 us.
----------------
Vulkan Timings:
MUL_MAT_VEC q5_K m=5120 n=1 k=6144: 1 x 49.64 us = 49.64 us (1267.31 GFLOPS/s)
Total time: 49.64 us.
----------------
Vulkan Timings:
MUL_MAT_VEC q5_K m=5120 n=1 k=6144: 1 x 49.56 us = 49.56 us (1269.36 GFLOPS/s)
Total time: 49.56 us.
----------------
Vulkan Timings:
MUL_MAT_VEC q5_K m=5120 n=1 k=6144: 1 x 49.76 us = 49.76 us (1264.26 GFLOPS/s)
Total time: 49.76 us.
----------------
Vulkan Timings:
MUL_MAT_VEC q5_K m=5120 n=1 k=6144: 1 x 49.84 us = 49.84 us (1262.23 GFLOPS/s)
Total time: 49.84 us.
----------------
Vulkan Timings:
MUL_MAT_VEC q5_K m=5120 n=1 k=6144: 1 x 49.64 us = 49.64 us (1267.31 GFLOPS/s)
Total time: 49.64 us.
----------------
Vulkan Timings:
MUL_MAT_VEC q5_K m=5120 n=1 k=6144: 1 x 49.8 us = 49.8 us (1263.24 GFLOPS/s)
Total time: 49.8 us.
----------------
Vulkan Timings:
MUL_MAT_VEC q5_K m=5120 n=1 k=6144: 1 x 49.72 us = 49.72 us (1265.27 GFLOPS/s)
Total time: 49.72 us.
----------------
Vulkan Timings:
MUL_MAT_VEC q5_K m=5120 n=1 k=6144: 1 x 49.64 us = 49.64 us (1267.31 GFLOPS/s)
Total time: 49.64 us.
----------------
Vulkan Timings:
MUL_MAT_VEC q5_K m=5120 n=1 k=6144: 1 x 49.72 us = 49.72 us (1265.27 GFLOPS/s)
Total time: 49.72 us.
----------------
Vulkan Timings:
MUL_MAT_VEC q5_K m=5120 n=1 k=6144: 1 x 49.88 us = 49.88 us (1261.22 GFLOPS/s)
Total time: 49.88 us.
----------------
Vulkan Timings:
MUL_MAT_VEC q5_K m=5120 n=1 k=6144: 1 x 49.76 us = 49.76 us (1264.26 GFLOPS/s)
Total time: 49.76 us.
----------------
Vulkan Timings:
MUL_MAT_VEC q5_K m=5120 n=1 k=6144: 1 x 49.6 us = 49.6 us (1268.34 GFLOPS/s)
Total time: 49.6 us.
----------------
Vulkan Timings:
MUL_MAT_VEC q5_K m=5120 n=1 k=6144: 1 x 49.8 us = 49.8 us (1263.24 GFLOPS/s)
Total time: 49.8 us.
----------------
Vulkan Timings:
MUL_MAT_VEC q5_K m=5120 n=1 k=6144: 1 x 49.76 us = 49.76 us (1264.26 GFLOPS/s)
Total time: 49.76 us.
----------------
Vulkan Timings:
MUL_MAT_VEC q5_K m=5120 n=1 k=6144: 1 x 49.76 us = 49.76 us (1264.26 GFLOPS/s)
Total time: 49.76 us.
----------------
Vulkan Timings:
MUL_MAT_VEC q5_K m=5120 n=1 k=6144: 1 x 49.76 us = 49.76 us (1264.26 GFLOPS/s)
Total time: 49.76 us.
----------------
Vulkan Timings:
MUL_MAT_VEC q5_K m=5120 n=1 k=6144: 1 x 49.68 us = 49.68 us (1266.29 GFLOPS/s)
Total time: 49.68 us.
----------------
Vulkan Timings:
MUL_MAT_VEC q5_K m=5120 n=1 k=6144: 1 x 49.84 us = 49.84 us (1262.23 GFLOPS/s)
Total time: 49.84 us.
----------------
Vulkan Timings:
MUL_MAT_VEC q5_K m=5120 n=1 k=6144: 1 x 49.84 us = 49.84 us (1262.23 GFLOPS/s)
Total time: 49.84 us.
----------------
Vulkan Timings:
MUL_MAT_VEC q5_K m=5120 n=1 k=6144: 1 x 49.84 us = 49.84 us (1262.23 GFLOPS/s)
Total time: 49.84 us.
----------------
Vulkan Timings:
MUL_MAT_VEC q5_K m=5120 n=1 k=6144: 1 x 49.72 us = 49.72 us (1265.27 GFLOPS/s)
Total time: 49.72 us.
----------------
Vulkan Timings:
MUL_MAT_VEC q5_K m=5120 n=1 k=6144: 1 x 49.68 us = 49.68 us (1266.29 GFLOPS/s)
Total time: 49.68 us.
----------------
Vulkan Timings:
MUL_MAT_VEC q5_K m=5120 n=1 k=6144: 1 x 49.44 us = 49.44 us (1272.44 GFLOPS/s)
Total time: 49.44 us.
----------------
Vulkan Timings:
MUL_MAT_VEC q5_K m=5120 n=1 k=6144: 1 x 49.72 us = 49.72 us (1265.27 GFLOPS/s)
Total time: 49.72 us.
----------------
Vulkan Timings:
MUL_MAT_VEC q5_K m=5120 n=1 k=6144: 1 x 49.68 us = 49.68 us (1266.29 GFLOPS/s)
Total time: 49.68 us.
----------------
Vulkan Timings:
MUL_MAT_VEC q5_K m=5120 n=1 k=6144: 1 x 49.16 us = 49.16 us (1279.69 GFLOPS/s)
Total time: 49.16 us.
----------------
Vulkan Timings:
MUL_MAT_VEC q5_K m=5120 n=1 k=6144: 1 x 49.92 us = 49.92 us (1260.21 GFLOPS/s)
Total time: 49.92 us.
----------------
Vulkan Timings:
MUL_MAT_VEC q5_K m=5120 n=1 k=6144: 1 x 49.72 us = 49.72 us (1265.27 GFLOPS/s)
Total time: 49.72 us.
----------------
Vulkan Timings:
MUL_MAT_VEC q5_K m=5120 n=1 k=6144: 1 x 49.8 us = 49.8 us (1263.24 GFLOPS/s)
Total time: 49.8 us.
----------------
Vulkan Timings:
MUL_MAT_VEC q5_K m=5120 n=1 k=6144: 1 x 49.72 us = 49.72 us (1265.27 GFLOPS/s)
Total time: 49.72 us.
----------------
Vulkan Timings:
MUL_MAT_VEC q5_K m=5120 n=1 k=6144: 1 x 49.68 us = 49.68 us (1266.29 GFLOPS/s)
Total time: 49.68 us.
----------------
Vulkan Timings:
MUL_MAT_VEC q5_K m=5120 n=1 k=6144: 1 x 49.76 us = 49.76 us (1264.26 GFLOPS/s)
Total time: 49.76 us.
----------------
Vulkan Timings:
MUL_MAT_VEC q5_K m=5120 n=1 k=6144: 1 x 49.8 us = 49.8 us (1263.24 GFLOPS/s)
Total time: 49.8 us.
----------------
Vulkan Timings:
MUL_MAT_VEC q5_K m=5120 n=1 k=6144: 1 x 49.92 us = 49.92 us (1260.21 GFLOPS/s)
Total time: 49.92 us.
----------------
Vulkan Timings:
MUL_MAT_VEC q5_K m=5120 n=1 k=6144: 1 x 49.72 us = 49.72 us (1265.27 GFLOPS/s)
Total time: 49.72 us.
----------------
Vulkan Timings:
MUL_MAT_VEC q5_K m=5120 n=1 k=6144: 1 x 49.4 us = 49.4 us (1273.47 GFLOPS/s)
Total time: 49.4 us.
----------------
Vulkan Timings:
MUL_MAT_VEC q5_K m=5120 n=1 k=6144: 1 x 49.88 us = 49.88 us (1261.22 GFLOPS/s)
Total time: 49.88 us.
----------------
Vulkan Timings:
MUL_MAT_VEC q5_K m=5120 n=1 k=6144: 1 x 49.64 us = 49.64 us (1267.31 GFLOPS/s)
Total time: 49.64 us.
----------------
Vulkan Timings:
MUL_MAT_VEC q5_K m=5120 n=1 k=6144: 1 x 49.68 us = 49.68 us (1266.29 GFLOPS/s)
Total time: 49.68 us.
----------------
Vulkan Timings:
MUL_MAT_VEC q5_K m=5120 n=1 k=6144: 1 x 52.36 us = 52.36 us (1201.48 GFLOPS/s)
Total time: 52.36 us.
----------------
Vulkan Timings:
MUL_MAT_VEC q5_K m=5120 n=1 k=6144: 1 x 50.04 us = 50.04 us (1257.18 GFLOPS/s)
Total time: 50.04 us.
----------------
Vulkan Timings:
MUL_MAT_VEC q5_K m=5120 n=1 k=6144: 1 x 49.8 us = 49.8 us (1263.24 GFLOPS/s)
Total time: 49.8 us.
----------------
Vulkan Timings:
MUL_MAT_VEC q5_K m=5120 n=1 k=6144: 1 x 49.76 us = 49.76 us (1264.26 GFLOPS/s)
Total time: 49.76 us.
----------------
Vulkan Timings:
MUL_MAT_VEC q5_K m=5120 n=1 k=6144: 1 x 49.96 us = 49.96 us (1259.2 GFLOPS/s)
Total time: 49.96 us.
----------------
Vulkan Timings:
MUL_MAT_VEC q5_K m=5120 n=1 k=6144: 1 x 49.8 us = 49.8 us (1263.24 GFLOPS/s)
Total time: 49.8 us.
----------------
Vulkan Timings:
MUL_MAT_VEC q5_K m=5120 n=1 k=6144: 1 x 49.6 us = 49.6 us (1268.34 GFLOPS/s)
Total time: 49.6 us.
----------------
Vulkan Timings:
MUL_MAT_VEC q5_K m=5120 n=1 k=6144: 1 x 49.76 us = 49.76 us (1264.26 GFLOPS/s)
Total time: 49.76 us.
----------------
Vulkan Timings:
MUL_MAT_VEC q5_K m=5120 n=1 k=6144: 1 x 49.4 us = 49.4 us (1273.47 GFLOPS/s)
Total time: 49.4 us.
----------------
Vulkan Timings:
MUL_MAT_VEC q5_K m=5120 n=1 k=6144: 1 x 49.8 us = 49.8 us (1263.24 GFLOPS/s)
Total time: 49.8 us.
----------------
Vulkan Timings:
MUL_MAT_VEC q5_K m=5120 n=1 k=6144: 1 x 49.76 us = 49.76 us (1264.26 GFLOPS/s)
Total time: 49.76 us.
----------------
Vulkan Timings:
MUL_MAT_VEC q5_K m=5120 n=1 k=6144: 1 x 49.44 us = 49.44 us (1272.44 GFLOPS/s)
Total time: 49.44 us.
----------------
Vulkan Timings:
MUL_MAT_VEC q5_K m=5120 n=1 k=6144: 1 x 49.68 us = 49.68 us (1266.29 GFLOPS/s)
Total time: 49.68 us.
----------------
Vulkan Timings:
MUL_MAT_VEC q5_K m=5120 n=1 k=6144: 1 x 49.92 us = 49.92 us (1260.21 GFLOPS/s)
Total time: 49.92 us.
----------------
Vulkan Timings:
MUL_MAT_VEC q5_K m=5120 n=1 k=6144: 1 x 49.8 us = 49.8 us (1263.24 GFLOPS/s)
Total time: 49.8 us.
----------------
Vulkan Timings:
MUL_MAT_VEC q5_K m=5120 n=1 k=6144: 1 x 49.8 us = 49.8 us (1263.24 GFLOPS/s)
Total time: 49.8 us.
----------------
Vulkan Timings:
MUL_MAT_VEC q5_K m=5120 n=1 k=6144: 1 x 49.72 us = 49.72 us (1265.27 GFLOPS/s)
Total time: 49.72 us.
----------------
Vulkan Timings:
MUL_MAT_VEC q5_K m=5120 n=1 k=6144: 1 x 49.76 us = 49.76 us (1264.26 GFLOPS/s)
Total time: 49.76 us.
----------------
Vulkan Timings:
MUL_MAT_VEC q5_K m=5120 n=1 k=6144: 1 x 49.48 us = 49.48 us (1271.41 GFLOPS/s)
Total time: 49.48 us.
----------------
Vulkan Timings:
MUL_MAT_VEC q5_K m=5120 n=1 k=6144: 1 x 49.68 us = 49.68 us (1266.29 GFLOPS/s)
Total time: 49.68 us.
----------------
Vulkan Timings:
MUL_MAT_VEC q5_K m=5120 n=1 k=6144: 1 x 49.88 us = 49.88 us (1261.22 GFLOPS/s)
Total time: 49.88 us.
----------------
Vulkan Timings:
MUL_MAT_VEC q5_K m=5120 n=1 k=6144: 1 x 49.8 us = 49.8 us (1263.24 GFLOPS/s)
Total time: 49.8 us.
----------------
Vulkan Timings:
MUL_MAT_VEC q5_K m=5120 n=1 k=6144: 1 x 49.72 us = 49.72 us (1265.27 GFLOPS/s)
Total time: 49.72 us.
----------------
Vulkan Timings:
MUL_MAT_VEC q5_K m=5120 n=1 k=6144: 1 x 49.76 us = 49.76 us (1264.26 GFLOPS/s)
Total time: 49.76 us.
----------------
Vulkan Timings:
MUL_MAT_VEC q5_K m=5120 n=1 k=6144: 1 x 49.76 us = 49.76 us (1264.26 GFLOPS/s)
Total time: 49.76 us.
----------------
Vulkan Timings:
MUL_MAT_VEC q5_K m=5120 n=1 k=6144: 1 x 49.8 us = 49.8 us (1263.24 GFLOPS/s)
Total time: 49.8 us.
----------------
Vulkan Timings:
MUL_MAT_VEC q5_K m=5120 n=1 k=6144: 1 x 49.76 us = 49.76 us (1264.26 GFLOPS/s)
Total time: 49.76 us.
----------------
Vulkan Timings:
MUL_MAT_VEC q5_K m=5120 n=1 k=6144: 1 x 49.8 us = 49.8 us (1263.24 GFLOPS/s)
Total time: 49.8 us.
----------------
Vulkan Timings:
MUL_MAT_VEC q5_K m=5120 n=1 k=6144: 1 x 49.72 us = 49.72 us (1265.27 GFLOPS/s)
Total time: 49.72 us.
----------------
Vulkan Timings:
MUL_MAT_VEC q5_K m=5120 n=1 k=6144: 1 x 49.76 us = 49.76 us (1264.26 GFLOPS/s)
Total time: 49.76 us.
----------------
Vulkan Timings:
MUL_MAT_VEC q5_K m=5120 n=1 k=6144: 1 x 49.76 us = 49.76 us (1264.26 GFLOPS/s)
Total time: 49.76 us.
----------------
Vulkan Timings:
MUL_MAT_VEC q5_K m=5120 n=1 k=6144: 1 x 49.68 us = 49.68 us (1266.29 GFLOPS/s)
Total time: 49.68 us.
----------------
Vulkan Timings:
MUL_MAT_VEC q5_K m=5120 n=1 k=6144: 1 x 49.72 us = 49.72 us (1265.27 GFLOPS/s)
Total time: 49.72 us.
----------------
Vulkan Timings:
MUL_MAT_VEC q5_K m=5120 n=1 k=6144: 1 x 49.8 us = 49.8 us (1263.24 GFLOPS/s)
Total time: 49.8 us.
----------------
Vulkan Timings:
MUL_MAT_VEC q5_K m=5120 n=1 k=6144: 1 x 49.72 us = 49.72 us (1265.27 GFLOPS/s)
Total time: 49.72 us.
----------------
Vulkan Timings:
MUL_MAT_VEC q5_K m=5120 n=1 k=6144: 1 x 49.64 us = 49.64 us (1267.31 GFLOPS/s)
Total time: 49.64 us.
----------------
Vulkan Timings:
MUL_MAT_VEC q5_K m=5120 n=1 k=6144: 1 x 49.76 us = 49.76 us (1264.26 GFLOPS/s)
Total time: 49.76 us.
----------------
Vulkan Timings:
MUL_MAT_VEC q5_K m=5120 n=1 k=6144: 1 x 49.72 us = 49.72 us (1265.27 GFLOPS/s)
Total time: 49.72 us.
----------------
Vulkan Timings:
MUL_MAT_VEC q5_K m=5120 n=1 k=6144: 1 x 49.96 us = 49.96 us (1259.2 GFLOPS/s)
Total time: 49.96 us.
----------------
Vulkan Timings:
MUL_MAT_VEC q5_K m=5120 n=1 k=6144: 1 x 49.88 us = 49.88 us (1261.22 GFLOPS/s)
Total time: 49.88 us.
----------------
Vulkan Timings:
MUL_MAT_VEC q5_K m=5120 n=1 k=6144: 1 x 49.4 us = 49.4 us (1273.47 GFLOPS/s)
Total time: 49.4 us.
----------------
Vulkan Timings:
MUL_MAT_VEC q5_K m=5120 n=1 k=6144: 1 x 49.76 us = 49.76 us (1264.26 GFLOPS/s)
Total time: 49.76 us.
----------------
Vulkan Timings:
MUL_MAT_VEC q5_K m=5120 n=1 k=6144: 1 x 49.8 us = 49.8 us (1263.24 GFLOPS/s)
Total time: 49.8 us.
----------------
Vulkan Timings:
MUL_MAT_VEC q5_K m=5120 n=1 k=6144: 1 x 49.56 us = 49.56 us (1269.36 GFLOPS/s)
Total time: 49.56 us.
----------------
Vulkan Timings:
MUL_MAT_VEC q5_K m=5120 n=1 k=6144: 1 x 49.72 us = 49.72 us (1265.27 GFLOPS/s)
Total time: 49.72 us.
----------------
Vulkan Timings:
MUL_MAT_VEC q5_K m=5120 n=1 k=6144: 1 x 49.96 us = 49.96 us (1259.2 GFLOPS/s)
Total time: 49.96 us.
----------------
Vulkan Timings:
MUL_MAT_VEC q5_K m=5120 n=1 k=6144: 1 x 49.44 us = 49.44 us (1272.44 GFLOPS/s)
Total time: 49.44 us.
----------------
Vulkan Timings:
MUL_MAT_VEC q5_K m=5120 n=1 k=6144: 1 x 49.72 us = 49.72 us (1265.27 GFLOPS/s)
Total time: 49.72 us.
----------------
Vulkan Timings:
MUL_MAT_VEC q5_K m=5120 n=1 k=6144: 1 x 49.36 us = 49.36 us (1274.5 GFLOPS/s)
Total time: 49.36 us.
----------------
Vulkan Timings:
MUL_MAT_VEC q5_K m=5120 n=1 k=6144: 1 x 50.76 us = 50.76 us (1239.35 GFLOPS/s)
Total time: 50.76 us.
----------------
Vulkan Timings:
MUL_MAT_VEC q5_K m=5120 n=1 k=6144: 1 x 49.68 us = 49.68 us (1266.29 GFLOPS/s)
Total time: 49.68 us.
----------------
Vulkan Timings:
MUL_MAT_VEC q5_K m=5120 n=1 k=6144: 1 x 49.76 us = 49.76 us (1264.26 GFLOPS/s)
Total time: 49.76 us.
----------------
Vulkan Timings:
MUL_MAT_VEC q5_K m=5120 n=1 k=6144: 1 x 49.72 us = 49.72 us (1265.27 GFLOPS/s)
Total time: 49.72 us.
----------------
Vulkan Timings:
MUL_MAT_VEC q5_K m=5120 n=1 k=6144: 1 x 49.84 us = 49.84 us (1262.23 GFLOPS/s)
Total time: 49.84 us.
----------------
Vulkan Timings:
MUL_MAT_VEC q5_K m=5120 n=1 k=6144: 1 x 49.72 us = 49.72 us (1265.27 GFLOPS/s)
Total time: 49.72 us.
----------------
Vulkan Timings:
MUL_MAT_VEC q5_K m=5120 n=1 k=6144: 1 x 49.4 us = 49.4 us (1273.47 GFLOPS/s)
Total time: 49.4 us.
----------------
Vulkan Timings:
MUL_MAT_VEC q5_K m=5120 n=1 k=6144: 1 x 49.88 us = 49.88 us (1261.22 GFLOPS/s)
Total time: 49.88 us.
----------------
Vulkan Timings:
MUL_MAT_VEC q5_K m=5120 n=1 k=6144: 1 x 49.72 us = 49.72 us (1265.27 GFLOPS/s)
Total time: 49.72 us.
----------------
Vulkan Timings:
MUL_MAT_VEC q5_K m=5120 n=1 k=6144: 1 x 49.72 us = 49.72 us (1265.27 GFLOPS/s)
Total time: 49.72 us.
----------------
Vulkan Timings:
MUL_MAT_VEC q5_K m=5120 n=1 k=6144: 1 x 49.76 us = 49.76 us (1264.26 GFLOPS/s)
Total time: 49.76 us.
----------------
Vulkan Timings:
MUL_MAT_VEC q5_K m=5120 n=1 k=6144: 1 x 49.76 us = 49.76 us (1264.26 GFLOPS/s)
Total time: 49.76 us.
----------------
Vulkan Timings:
MUL_MAT_VEC q5_K m=5120 n=1 k=6144: 1 x 49.72 us = 49.72 us (1265.27 GFLOPS/s)
Total time: 49.72 us.
----------------
Vulkan Timings:
MUL_MAT_VEC q5_K m=5120 n=1 k=6144: 1 x 49.8 us = 49.8 us (1263.24 GFLOPS/s)
Total time: 49.8 us.
----------------
Vulkan Timings:
MUL_MAT_VEC q5_K m=5120 n=1 k=6144: 1 x 49.92 us = 49.92 us (1260.21 GFLOPS/s)
Total time: 49.92 us.
----------------
Vulkan Timings:
MUL_MAT_VEC q5_K m=5120 n=1 k=6144: 1 x 49.4 us = 49.4 us (1273.47 GFLOPS/s)
Total time: 49.4 us.
----------------
Vulkan Timings:
MUL_MAT_VEC q5_K m=5120 n=1 k=6144: 1 x 49.68 us = 49.68 us (1266.29 GFLOPS/s)
Total time: 49.68 us.
----------------
Vulkan Timings:
MUL_MAT_VEC q5_K m=5120 n=1 k=6144: 1 x 49.76 us = 49.76 us (1264.26 GFLOPS/s)
Total time: 49.76 us.
----------------
Vulkan Timings:
MUL_MAT_VEC q5_K m=5120 n=1 k=6144: 1 x 49.68 us = 49.68 us (1266.29 GFLOPS/s)
Total time: 49.68 us.
----------------
Vulkan Timings:
MUL_MAT_VEC q5_K m=5120 n=1 k=6144: 1 x 49.76 us = 49.76 us (1264.26 GFLOPS/s)
Total time: 49.76 us.
----------------
Vulkan Timings:
MUL_MAT_VEC q5_K m=5120 n=1 k=6144: 1 x 49.92 us = 49.92 us (1260.21 GFLOPS/s)
Total time: 49.92 us.
----------------
Vulkan Timings:
MUL_MAT_VEC q5_K m=5120 n=1 k=6144: 1 x 49.8 us = 49.8 us (1263.24 GFLOPS/s)
Total time: 49.8 us.
----------------
Vulkan Timings:
MUL_MAT_VEC q5_K m=5120 n=1 k=6144: 1 x 49.76 us = 49.76 us (1264.26 GFLOPS/s)
Total time: 49.76 us.
----------------
Vulkan Timings:
MUL_MAT_VEC q5_K m=5120 n=1 k=6144: 1 x 49.72 us = 49.72 us (1265.27 GFLOPS/s)
Total time: 49.72 us.
----------------
Vulkan Timings:
MUL_MAT_VEC q5_K m=5120 n=1 k=6144: 1 x 49.76 us = 49.76 us (1264.26 GFLOPS/s)
Total time: 49.76 us.
----------------
Vulkan Timings:
MUL_MAT_VEC q5_K m=5120 n=1 k=6144: 1 x 49.84 us = 49.84 us (1262.23 GFLOPS/s)
Total time: 49.84 us.
----------------
Vulkan Timings:
MUL_MAT_VEC q5_K m=5120 n=1 k=6144: 1 x 49.68 us = 49.68 us (1266.29 GFLOPS/s)
Total time: 49.68 us.
----------------
Vulkan Timings:
MUL_MAT_VEC q5_K m=5120 n=1 k=6144: 1 x 49.72 us = 49.72 us (1265.27 GFLOPS/s)
Total time: 49.72 us.
----------------
Vulkan Timings:
MUL_MAT_VEC q5_K m=5120 n=1 k=6144: 1 x 49.68 us = 49.68 us (1266.29 GFLOPS/s)
Total time: 49.68 us.
----------------
Vulkan Timings:
MUL_MAT_VEC q5_K m=5120 n=1 k=6144: 1 x 49.68 us = 49.68 us (1266.29 GFLOPS/s)
Total time: 49.68 us.
----------------
Vulkan Timings:
MUL_MAT_VEC q5_K m=5120 n=1 k=6144: 1 x 49.8 us = 49.8 us (1263.24 GFLOPS/s)
Total time: 49.8 us.
----------------
Vulkan Timings:
MUL_MAT_VEC q5_K m=5120 n=1 k=6144: 1 x 49.64 us = 49.64 us (1267.31 GFLOPS/s)
Total time: 49.64 us.
----------------
Vulkan Timings:
MUL_MAT_VEC q5_K m=5120 n=1 k=6144: 1 x 49.64 us = 49.64 us (1267.31 GFLOPS/s)
Total time: 49.64 us.
----------------
Vulkan Timings:
MUL_MAT_VEC q5_K m=5120 n=1 k=6144: 1 x 49.64 us = 49.64 us (1267.31 GFLOPS/s)
Total time: 49.64 us.
----------------
Vulkan Timings:
MUL_MAT_VEC q5_K m=5120 n=1 k=6144: 1 x 49.72 us = 49.72 us (1265.27 GFLOPS/s)
Total time: 49.72 us.
----------------
Vulkan Timings:
MUL_MAT_VEC q5_K m=5120 n=1 k=6144: 1 x 49.8 us = 49.8 us (1263.24 GFLOPS/s)
Total time: 49.8 us.
----------------
Vulkan Timings:
MUL_MAT_VEC q5_K m=5120 n=1 k=6144: 1 x 49.72 us = 49.72 us (1265.27 GFLOPS/s)
Total time: 49.72 us.
----------------
Vulkan Timings:
MUL_MAT_VEC q5_K m=5120 n=1 k=6144: 1 x 50.6 us = 50.6 us (1243.27 GFLOPS/s)
Total time: 50.6 us.
----------------
Vulkan Timings:
MUL_MAT_VEC q5_K m=5120 n=1 k=6144: 1 x 49.8 us = 49.8 us (1263.24 GFLOPS/s)
Total time: 49.8 us.
----------------
Vulkan Timings:
MUL_MAT_VEC q5_K m=5120 n=1 k=6144: 1 x 49.68 us = 49.68 us (1266.29 GFLOPS/s)
Total time: 49.68 us.
----------------
Vulkan Timings:
MUL_MAT_VEC q5_K m=5120 n=1 k=6144: 1 x 52.56 us = 52.56 us (1196.91 GFLOPS/s)
Total time: 52.56 us.
----------------
Vulkan Timings:
MUL_MAT_VEC q5_K m=5120 n=1 k=6144: 1 x 49.96 us = 49.96 us (1259.2 GFLOPS/s)
Total time: 49.96 us.
----------------
Vulkan Timings:
MUL_MAT_VEC q5_K m=5120 n=1 k=6144: 1 x 50.08 us = 50.08 us (1256.18 GFLOPS/s)
Total time: 50.08 us.
----------------
Vulkan Timings:
MUL_MAT_VEC q5_K m=5120 n=1 k=6144: 1 x 49.64 us = 49.64 us (1267.31 GFLOPS/s)
Total time: 49.64 us.
----------------
Vulkan Timings:
MUL_MAT_VEC q5_K m=5120 n=1 k=6144: 1 x 49.8 us = 49.8 us (1263.24 GFLOPS/s)
Total time: 49.8 us.
----------------
Vulkan Timings:
MUL_MAT_VEC q5_K m=5120 n=1 k=6144: 1 x 49.68 us = 49.68 us (1266.29 GFLOPS/s)
Total time: 49.68 us.
----------------
Vulkan Timings:
MUL_MAT_VEC q5_K m=5120 n=1 k=6144: 1 x 49.6 us = 49.6 us (1268.34 GFLOPS/s)
Total time: 49.6 us.
----------------
Vulkan Timings:
MUL_MAT_VEC q5_K m=5120 n=1 k=6144: 1 x 49.84 us = 49.84 us (1262.23 GFLOPS/s)
Total time: 49.84 us.
----------------
Vulkan Timings:
MUL_MAT_VEC q5_K m=5120 n=1 k=6144: 1 x 49.68 us = 49.68 us (1266.29 GFLOPS/s)
Total time: 49.68 us.
----------------
Vulkan Timings:
MUL_MAT_VEC q5_K m=5120 n=1 k=6144: 1 x 49.8 us = 49.8 us (1263.24 GFLOPS/s)
Total time: 49.8 us.
----------------
Vulkan Timings:
MUL_MAT_VEC q5_K m=5120 n=1 k=6144: 1 x 49.8 us = 49.8 us (1263.24 GFLOPS/s)
Total time: 49.8 us.
----------------
Vulkan Timings:
MUL_MAT_VEC q5_K m=5120 n=1 k=6144: 1 x 49.8 us = 49.8 us (1263.24 GFLOPS/s)
Total time: 49.8 us.
----------------
Vulkan Timings:
MUL_MAT_VEC q5_K m=5120 n=1 k=6144: 1 x 49.68 us = 49.68 us (1266.29 GFLOPS/s)
Total time: 49.68 us.
----------------
Vulkan Timings:
MUL_MAT_VEC q5_K m=5120 n=1 k=6144: 1 x 49.88 us = 49.88 us (1261.22 GFLOPS/s)
Total time: 49.88 us.
----------------
Vulkan Timings:
MUL_MAT_VEC q5_K m=5120 n=1 k=6144: 1 x 49.72 us = 49.72 us (1265.27 GFLOPS/s)
Total time: 49.72 us.
----------------
Vulkan Timings:
MUL_MAT_VEC q5_K m=5120 n=1 k=6144: 1 x 49.68 us = 49.68 us (1266.29 GFLOPS/s)
Total time: 49.68 us.
----------------
Vulkan Timings:
MUL_MAT_VEC q5_K m=5120 n=1 k=6144: 1 x 49.72 us = 49.72 us (1265.27 GFLOPS/s)
Total time: 49.72 us.
----------------
Vulkan Timings:
MUL_MAT_VEC q5_K m=5120 n=1 k=6144: 1 x 49.76 us = 49.76 us (1264.26 GFLOPS/s)
Total time: 49.76 us.
----------------
Vulkan Timings:
MUL_MAT_VEC q5_K m=5120 n=1 k=6144: 1 x 49.8 us = 49.8 us (1263.24 GFLOPS/s)
Total time: 49.8 us.
----------------
Vulkan Timings:
MUL_MAT_VEC q5_K m=5120 n=1 k=6144: 1 x 49.88 us = 49.88 us (1261.22 GFLOPS/s)
Total time: 49.88 us.
----------------
Vulkan Timings:
MUL_MAT_VEC q5_K m=5120 n=1 k=6144: 1 x 49.76 us = 49.76 us (1264.26 GFLOPS/s)
Total time: 49.76 us.
----------------
Vulkan Timings:
MUL_MAT_VEC q5_K m=5120 n=1 k=6144: 1 x 49.88 us = 49.88 us (1261.22 GFLOPS/s)
Total time: 49.88 us.
----------------
Vulkan Timings:
MUL_MAT_VEC q5_K m=5120 n=1 k=6144: 1 x 49.44 us = 49.44 us (1272.44 GFLOPS/s)
Total time: 49.44 us.
----------------
Vulkan Timings:
MUL_MAT_VEC q5_K m=5120 n=1 k=6144: 1 x 49.64 us = 49.64 us (1267.31 GFLOPS/s)
Total time: 49.64 us.
----------------
Vulkan Timings:
MUL_MAT_VEC q5_K m=5120 n=1 k=6144: 1 x 49.4 us = 49.4 us (1273.47 GFLOPS/s)
Total time: 49.4 us.
----------------
Vulkan Timings:
MUL_MAT_VEC q5_K m=5120 n=1 k=6144: 1 x 49.68 us = 49.68 us (1266.29 GFLOPS/s)
Total time: 49.68 us.
----------------
Vulkan Timings:
MUL_MAT_VEC q5_K m=5120 n=1 k=6144: 1 x 49.8 us = 49.8 us (1263.24 GFLOPS/s)
Total time: 49.8 us.
----------------
Vulkan Timings:
MUL_MAT_VEC q5_K m=5120 n=1 k=6144: 1 x 49.76 us = 49.76 us (1264.26 GFLOPS/s)
Total time: 49.76 us.
----------------
Vulkan Timings:
MUL_MAT_VEC q5_K m=5120 n=1 k=6144: 1 x 48.92 us = 48.92 us (1285.97 GFLOPS/s)
Total time: 48.92 us.
----------------
Vulkan Timings:
MUL_MAT_VEC q5_K m=5120 n=1 k=6144: 1 x 49.84 us = 49.84 us (1262.23 GFLOPS/s)
Total time: 49.84 us.
----------------
Vulkan Timings:
MUL_MAT_VEC q5_K m=5120 n=1 k=6144: 1 x 49.88 us = 49.88 us (1261.22 GFLOPS/s)
Total time: 49.88 us.
----------------
Vulkan Timings:
MUL_MAT_VEC q5_K m=5120 n=1 k=6144: 1 x 49.76 us = 49.76 us (1264.26 GFLOPS/s)
Total time: 49.76 us.
----------------
Vulkan Timings:
MUL_MAT_VEC q5_K m=5120 n=1 k=6144: 1 x 49.76 us = 49.76 us (1264.26 GFLOPS/s)
Total time: 49.76 us.
----------------
Vulkan Timings:
MUL_MAT_VEC q5_K m=5120 n=1 k=6144: 1 x 49.88 us = 49.88 us (1261.22 GFLOPS/s)
Total time: 49.88 us.
----------------
Vulkan Timings:
MUL_MAT_VEC q5_K m=5120 n=1 k=6144: 1 x 49.4 us = 49.4 us (1273.47 GFLOPS/s)
Total time: 49.4 us.
----------------
Vulkan Timings:
MUL_MAT_VEC q5_K m=5120 n=1 k=6144: 1 x 49.72 us = 49.72 us (1265.27 GFLOPS/s)
Total time: 49.72 us.
----------------
Vulkan Timings:
MUL_MAT_VEC q5_K m=5120 n=1 k=6144: 1 x 49.4 us = 49.4 us (1273.47 GFLOPS/s)
Total time: 49.4 us.
----------------
Vulkan Timings:
MUL_MAT_VEC q5_K m=5120 n=1 k=6144: 1 x 49.76 us = 49.76 us (1264.26 GFLOPS/s)
Total time: 49.76 us.
----------------
Vulkan Timings:
MUL_MAT_VEC q5_K m=5120 n=1 k=6144: 1 x 50 us = 50 us (1258.19 GFLOPS/s)
Total time: 50 us.
----------------
Vulkan Timings:
MUL_MAT_VEC q5_K m=5120 n=1 k=6144: 1 x 49.72 us = 49.72 us (1265.27 GFLOPS/s)
Total time: 49.72 us.
----------------
Vulkan Timings:
MUL_MAT_VEC q5_K m=5120 n=1 k=6144: 1 x 49.68 us = 49.68 us (1266.29 GFLOPS/s)
Total time: 49.68 us.
----------------
Vulkan Timings:
MUL_MAT_VEC q5_K m=5120 n=1 k=6144: 1 x 49.84 us = 49.84 us (1262.23 GFLOPS/s)
Total time: 49.84 us.
----------------
Vulkan Timings:
MUL_MAT_VEC q5_K m=5120 n=1 k=6144: 1 x 49.8 us = 49.8 us (1263.24 GFLOPS/s)
Total time: 49.8 us.
----------------
Vulkan Timings:
MUL_MAT_VEC q5_K m=5120 n=1 k=6144: 1 x 49.84 us = 49.84 us (1262.23 GFLOPS/s)
Total time: 49.84 us.
----------------
Vulkan Timings:
MUL_MAT_VEC q5_K m=5120 n=1 k=6144: 1 x 49.4 us = 49.4 us (1273.47 GFLOPS/s)
Total time: 49.4 us.
----------------
Vulkan Timings:
MUL_MAT_VEC q5_K m=5120 n=1 k=6144: 1 x 49.64 us = 49.64 us (1267.31 GFLOPS/s)
Total time: 49.64 us.
----------------
Vulkan Timings:
MUL_MAT_VEC q5_K m=5120 n=1 k=6144: 1 x 49.52 us = 49.52 us (1270.38 GFLOPS/s)
Total time: 49.52 us.
----------------
Vulkan Timings:
MUL_MAT_VEC q5_K m=5120 n=1 k=6144: 1 x 49.72 us = 49.72 us (1265.27 GFLOPS/s)
Total time: 49.72 us.
----------------
Vulkan Timings:
MUL_MAT_VEC q5_K m=5120 n=1 k=6144: 1 x 49.72 us = 49.72 us (1265.27 GFLOPS/s)
Total time: 49.72 us.
----------------
Vulkan Timings:
MUL_MAT_VEC q5_K m=5120 n=1 k=6144: 1 x 49.72 us = 49.72 us (1265.27 GFLOPS/s)
Total time: 49.72 us.
----------------
Vulkan Timings:
MUL_MAT_VEC q5_K m=5120 n=1 k=6144: 1 x 49.76 us = 49.76 us (1264.26 GFLOPS/s)
Total time: 49.76 us.
----------------
Vulkan Timings:
MUL_MAT_VEC q5_K m=5120 n=1 k=6144: 1 x 49.76 us = 49.76 us (1264.26 GFLOPS/s)
Total time: 49.76 us.
----------------
Vulkan Timings:
MUL_MAT_VEC q5_K m=5120 n=1 k=6144: 1 x 49.68 us = 49.68 us (1266.29 GFLOPS/s)
Total time: 49.68 us.
----------------
Vulkan Timings:
MUL_MAT_VEC q5_K m=5120 n=1 k=6144: 1 x 49.8 us = 49.8 us (1263.24 GFLOPS/s)
Total time: 49.8 us.
----------------
Vulkan Timings:
MUL_MAT_VEC q5_K m=5120 n=1 k=6144: 1 x 49.84 us = 49.84 us (1262.23 GFLOPS/s)
Total time: 49.84 us.
----------------
Vulkan Timings:
MUL_MAT_VEC q5_K m=5120 n=1 k=6144: 1 x 49.88 us = 49.88 us (1261.22 GFLOPS/s)
Total time: 49.88 us.
----------------
Vulkan Timings:
MUL_MAT_VEC q5_K m=5120 n=1 k=6144: 1 x 49.8 us = 49.8 us (1263.24 GFLOPS/s)
Total time: 49.8 us.
----------------
Vulkan Timings:
MUL_MAT_VEC q5_K m=5120 n=1 k=6144: 1 x 49.88 us = 49.88 us (1261.22 GFLOPS/s)
Total time: 49.88 us.
----------------
Vulkan Timings:
MUL_MAT_VEC q5_K m=5120 n=1 k=6144: 1 x 49.84 us = 49.84 us (1262.23 GFLOPS/s)
Total time: 49.84 us.
----------------
Vulkan Timings:
MUL_MAT_VEC q5_K m=5120 n=1 k=6144: 1 x 49.8 us = 49.8 us (1263.24 GFLOPS/s)
Total time: 49.8 us.
----------------
Vulkan Timings:
MUL_MAT_VEC q5_K m=5120 n=1 k=6144: 1 x 49.52 us = 49.52 us (1270.38 GFLOPS/s)
Total time: 49.52 us.
----------------
Vulkan Timings:
MUL_MAT_VEC q5_K m=5120 n=1 k=6144: 1 x 49.88 us = 49.88 us (1261.22 GFLOPS/s)
Total time: 49.88 us.
----------------
Vulkan Timings:
MUL_MAT_VEC q5_K m=5120 n=1 k=6144: 1 x 49.68 us = 49.68 us (1266.29 GFLOPS/s)
Total time: 49.68 us.
----------------
Vulkan Timings:
MUL_MAT_VEC q5_K m=5120 n=1 k=6144: 1 x 49.84 us = 49.84 us (1262.23 GFLOPS/s)
Total time: 49.84 us.
----------------
Vulkan Timings:
MUL_MAT_VEC q5_K m=5120 n=1 k=6144: 1 x 49.8 us = 49.8 us (1263.24 GFLOPS/s)
Total time: 49.8 us.
----------------
Vulkan Timings:
MUL_MAT_VEC q5_K m=5120 n=1 k=6144: 1 x 49.84 us = 49.84 us (1262.23 GFLOPS/s)
Total time: 49.84 us.
----------------
Vulkan Timings:
MUL_MAT_VEC q5_K m=5120 n=1 k=6144: 1 x 49.68 us = 49.68 us (1266.29 GFLOPS/s)
Total time: 49.68 us.
----------------
Vulkan Timings:
MUL_MAT_VEC q5_K m=5120 n=1 k=6144: 1 x 49.92 us = 49.92 us (1260.21 GFLOPS/s)
Total time: 49.92 us.
----------------
Vulkan Timings:
MUL_MAT_VEC q5_K m=5120 n=1 k=6144: 1 x 49.76 us = 49.76 us (1264.26 GFLOPS/s)
Total time: 49.76 us.
----------------
Vulkan Timings:
MUL_MAT_VEC q5_K m=5120 n=1 k=6144: 1 x 49.32 us = 49.32 us (1275.54 GFLOPS/s)
Total time: 49.32 us.
----------------
Vulkan Timings:
MUL_MAT_VEC q5_K m=5120 n=1 k=6144: 1 x 49.68 us = 49.68 us (1266.29 GFLOPS/s)
Total time: 49.68 us.
----------------
Vulkan Timings:
MUL_MAT_VEC q5_K m=5120 n=1 k=6144: 1 x 49.8 us = 49.8 us (1263.24 GFLOPS/s)
Total time: 49.8 us.
----------------
Vulkan Timings:
MUL_MAT_VEC q5_K m=5120 n=1 k=6144: 1 x 49.92 us = 49.92 us (1260.21 GFLOPS/s)
Total time: 49.92 us.
----------------
Vulkan Timings:
MUL_MAT_VEC q5_K m=5120 n=1 k=6144: 1 x 49.76 us = 49.76 us (1264.26 GFLOPS/s)
Total time: 49.76 us.
----------------
Vulkan Timings:
MUL_MAT_VEC q5_K m=5120 n=1 k=6144: 1 x 49.92 us = 49.92 us (1260.21 GFLOPS/s)
Total time: 49.92 us.
----------------
Vulkan Timings:
MUL_MAT_VEC q5_K m=5120 n=1 k=6144: 1 x 49.84 us = 49.84 us (1262.23 GFLOPS/s)
Total time: 49.84 us.
----------------
Vulkan Timings:
MUL_MAT_VEC q5_K m=5120 n=1 k=6144: 1 x 49.88 us = 49.88 us (1261.22 GFLOPS/s)
Total time: 49.88 us.
----------------
Vulkan Timings:
MUL_MAT_VEC q5_K m=5120 n=1 k=6144: 1 x 49.6 us = 49.6 us (1268.34 GFLOPS/s)
Total time: 49.6 us.
----------------
Vulkan Timings:
MUL_MAT_VEC q5_K m=5120 n=1 k=6144: 1 x 49.8 us = 49.8 us (1263.24 GFLOPS/s)
Total time: 49.8 us.
----------------
Vulkan Timings:
MUL_MAT_VEC q5_K m=5120 n=1 k=6144: 1 x 49.8 us = 49.8 us (1263.24 GFLOPS/s)
Total time: 49.8 us.
----------------
Vulkan Timings:
MUL_MAT_VEC q5_K m=5120 n=1 k=6144: 1 x 49.68 us = 49.68 us (1266.29 GFLOPS/s)
Total time: 49.68 us.
----------------
Vulkan Timings:
MUL_MAT_VEC q5_K m=5120 n=1 k=6144: 1 x 49.8 us = 49.8 us (1263.24 GFLOPS/s)
Total time: 49.8 us.
----------------
Vulkan Timings:
MUL_MAT_VEC q5_K m=5120 n=1 k=6144: 1 x 49.48 us = 49.48 us (1271.41 GFLOPS/s)
Total time: 49.48 us.
----------------
Vulkan Timings:
MUL_MAT_VEC q5_K m=5120 n=1 k=6144: 1 x 49.76 us = 49.76 us (1264.26 GFLOPS/s)
Total time: 49.76 us.
----------------
Vulkan Timings:
MUL_MAT_VEC q5_K m=5120 n=1 k=6144: 1 x 49.76 us = 49.76 us (1264.26 GFLOPS/s)
Total time: 49.76 us.
----------------
Vulkan Timings:
MUL_MAT_VEC q5_K m=5120 n=1 k=6144: 1 x 49.72 us = 49.72 us (1265.27 GFLOPS/s)
Total time: 49.72 us.
----------------
Vulkan Timings:
MUL_MAT_VEC q5_K m=5120 n=1 k=6144: 1 x 49.64 us = 49.64 us (1267.31 GFLOPS/s)
Total time: 49.64 us.
----------------
Vulkan Timings:
MUL_MAT_VEC q5_K m=5120 n=1 k=6144: 1 x 49.96 us = 49.96 us (1259.2 GFLOPS/s)
Total time: 49.96 us.
----------------
Vulkan Timings:
MUL_MAT_VEC q5_K m=5120 n=1 k=6144: 1 x 49.48 us = 49.48 us (1271.41 GFLOPS/s)
Total time: 49.48 us.
----------------
Vulkan Timings:
MUL_MAT_VEC q5_K m=5120 n=1 k=6144: 1 x 49.88 us = 49.88 us (1261.22 GFLOPS/s)
Total time: 49.88 us.
----------------
Vulkan Timings:
MUL_MAT_VEC q5_K m=5120 n=1 k=6144: 1 x 49.72 us = 49.72 us (1265.27 GFLOPS/s)
Total time: 49.72 us.
----------------
Vulkan Timings:
MUL_MAT_VEC q5_K m=5120 n=1 k=6144: 1 x 49.68 us = 49.68 us (1266.29 GFLOPS/s)
Total time: 49.68 us.
----------------
Vulkan Timings:
MUL_MAT_VEC q5_K m=5120 n=1 k=6144: 1 x 52.84 us = 52.84 us (1190.56 GFLOPS/s)
Total time: 52.84 us.
----------------
Vulkan Timings:
MUL_MAT_VEC q5_K m=5120 n=1 k=6144: 1 x 49.88 us = 49.88 us (1261.22 GFLOPS/s)
Total time: 49.88 us.
----------------
Vulkan Timings:
MUL_MAT_VEC q5_K m=5120 n=1 k=6144: 1 x 49.76 us = 49.76 us (1264.26 GFLOPS/s)
Total time: 49.76 us.
----------------
Vulkan Timings:
MUL_MAT_VEC q5_K m=5120 n=1 k=6144: 1 x 49.76 us = 49.76 us (1264.26 GFLOPS/s)
Total time: 49.76 us.
----------------
Vulkan Timings:
MUL_MAT_VEC q5_K m=5120 n=1 k=6144: 1 x 49.72 us = 49.72 us (1265.27 GFLOPS/s)
Total time: 49.72 us.
----------------
Vulkan Timings:
MUL_MAT_VEC q5_K m=5120 n=1 k=6144: 1 x 49.76 us = 49.76 us (1264.26 GFLOPS/s)
Total time: 49.76 us.
----------------
Vulkan Timings:
MUL_MAT_VEC q5_K m=5120 n=1 k=6144: 1 x 49.8 us = 49.8 us (1263.24 GFLOPS/s)
Total time: 49.8 us.
----------------
Vulkan Timings:
MUL_MAT_VEC q5_K m=5120 n=1 k=6144: 1 x 49.4 us = 49.4 us (1273.47 GFLOPS/s)
Total time: 49.4 us.
----------------
Vulkan Timings:
MUL_MAT_VEC q5_K m=5120 n=1 k=6144: 1 x 49.72 us = 49.72 us (1265.27 GFLOPS/s)
Total time: 49.72 us.
----------------
Vulkan Timings:
MUL_MAT_VEC q5_K m=5120 n=1 k=6144: 1 x 50.24 us = 50.24 us (1252.18 GFLOPS/s)
Total time: 50.24 us.
----------------
Vulkan Timings:
MUL_MAT_VEC q5_K m=5120 n=1 k=6144: 1 x 49.44 us = 49.44 us (1272.44 GFLOPS/s)
Total time: 49.44 us.
----------------
Vulkan Timings:
MUL_MAT_VEC q5_K m=5120 n=1 k=6144: 1 x 49.8 us = 49.8 us (1263.24 GFLOPS/s)
Total time: 49.8 us.
----------------
Vulkan Timings:
MUL_MAT_VEC q5_K m=5120 n=1 k=6144: 1 x 49.6 us = 49.6 us (1268.34 GFLOPS/s)
Total time: 49.6 us.
----------------
Vulkan Timings:
MUL_MAT_VEC q5_K m=5120 n=1 k=6144: 1 x 49.56 us = 49.56 us (1269.36 GFLOPS/s)
Total time: 49.56 us.
----------------
Vulkan Timings:
MUL_MAT_VEC q5_K m=5120 n=1 k=6144: 1 x 49.8 us = 49.8 us (1263.24 GFLOPS/s)
Total time: 49.8 us.
----------------
Vulkan Timings:
MUL_MAT_VEC q5_K m=5120 n=1 k=6144: 1 x 49.52 us = 49.52 us (1270.38 GFLOPS/s)
Total time: 49.52 us.
----------------
Vulkan Timings:
MUL_MAT_VEC q5_K m=5120 n=1 k=6144: 1 x 49.76 us = 49.76 us (1264.26 GFLOPS/s)
Total time: 49.76 us.
----------------
Vulkan Timings:
MUL_MAT_VEC q5_K m=5120 n=1 k=6144: 1 x 49.72 us = 49.72 us (1265.27 GFLOPS/s)
Total time: 49.72 us.
----------------
Vulkan Timings:
MUL_MAT_VEC q5_K m=5120 n=1 k=6144: 1 x 49.48 us = 49.48 us (1271.41 GFLOPS/s)
Total time: 49.48 us.
----------------
Vulkan Timings:
MUL_MAT_VEC q5_K m=5120 n=1 k=6144: 1 x 49.6 us = 49.6 us (1268.34 GFLOPS/s)
Total time: 49.6 us.
----------------
Vulkan Timings:
MUL_MAT_VEC q5_K m=5120 n=1 k=6144: 1 x 49.88 us = 49.88 us (1261.22 GFLOPS/s)
Total time: 49.88 us.
----------------
Vulkan Timings:
MUL_MAT_VEC q5_K m=5120 n=1 k=6144: 1 x 49.76 us = 49.76 us (1264.26 GFLOPS/s)
Total time: 49.76 us.
----------------
Vulkan Timings:
MUL_MAT_VEC q5_K m=5120 n=1 k=6144: 1 x 49.56 us = 49.56 us (1269.36 GFLOPS/s)
Total time: 49.56 us.
----------------
Vulkan Timings:
MUL_MAT_VEC q5_K m=5120 n=1 k=6144: 1 x 49.72 us = 49.72 us (1265.27 GFLOPS/s)
Total time: 49.72 us.
----------------
Vulkan Timings:
MUL_MAT_VEC q5_K m=5120 n=1 k=6144: 1 x 49.84 us = 49.84 us (1262.23 GFLOPS/s)
Total time: 49.84 us.
----------------
Vulkan Timings:
MUL_MAT_VEC q5_K m=5120 n=1 k=6144: 1 x 49.68 us = 49.68 us (1266.29 GFLOPS/s)
Total time: 49.68 us.
----------------
Vulkan Timings:
MUL_MAT_VEC q5_K m=5120 n=1 k=6144: 1 x 49.92 us = 49.92 us (1260.21 GFLOPS/s)
Total time: 49.92 us.
----------------
Vulkan Timings:
MUL_MAT_VEC q5_K m=5120 n=1 k=6144: 1 x 49.72 us = 49.72 us (1265.27 GFLOPS/s)
Total time: 49.72 us.
