ggml_vulkan: Found 1 Vulkan devices:
ggml_vulkan: 0 = AMD Radeon RX 7900 XTX (RADV NAVI31) (radv) | uma: 0 | fp16: dot2 | bf16: 0 | fp4: 0 | warp size: 64 | shared memory: 65536 | int dot: 1 | matrix cores: KHR_coopmat
oracle=0.24.0 commit=456172ec-dirty device=AMD Radeon RX 7900 XTX (RADV NAVI31) disable_mmvq=1
backend_allocation_bytes=1043957760
----------------
Vulkan Timings:
MUL_MAT_VEC q6_K m=248320 n=1 k=5120: 1 x 2904.32 us = 2904.32 us (875.437 GFLOPS/s)
Total time: 2904.32 us.
----------------
Vulkan Timings:
MUL_MAT_VEC q6_K m=248320 n=1 k=5120: 1 x 1758.16 us = 1758.16 us (1446.14 GFLOPS/s)
Total time: 1758.16 us.
----------------
Vulkan Timings:
MUL_MAT_VEC q6_K m=248320 n=1 k=5120: 1 x 1218.56 us = 1218.56 us (2086.52 GFLOPS/s)
Total time: 1218.56 us.
----------------
Vulkan Timings:
MUL_MAT_VEC q6_K m=248320 n=1 k=5120: 1 x 1221.84 us = 1221.84 us (2080.92 GFLOPS/s)
Total time: 1221.84 us.
----------------
Vulkan Timings:
MUL_MAT_VEC q6_K m=248320 n=1 k=5120: 1 x 1223.08 us = 1223.08 us (2078.81 GFLOPS/s)
Total time: 1223.08 us.
----------------
Vulkan Timings:
MUL_MAT_VEC q6_K m=248320 n=1 k=5120: 1 x 1213.56 us = 1213.56 us (2095.12 GFLOPS/s)
Total time: 1213.56 us.
----------------
Vulkan Timings:
MUL_MAT_VEC q6_K m=248320 n=1 k=5120: 1 x 1223 us = 1223 us (2078.94 GFLOPS/s)
Total time: 1223 us.
----------------
Vulkan Timings:
MUL_MAT_VEC q6_K m=248320 n=1 k=5120: 1 x 1220.52 us = 1220.52 us (2083.17 GFLOPS/s)
Total time: 1220.52 us.
----------------
Vulkan Timings:
MUL_MAT_VEC q6_K m=248320 n=1 k=5120: 1 x 1217.64 us = 1217.64 us (2088.1 GFLOPS/s)
Total time: 1217.64 us.
----------------
Vulkan Timings:
MUL_MAT_VEC q6_K m=248320 n=1 k=5120: 1 x 1218.48 us = 1218.48 us (2086.66 GFLOPS/s)
Total time: 1218.48 us.
----------------
Vulkan Timings:
MUL_MAT_VEC q6_K m=248320 n=1 k=5120: 1 x 1216.56 us = 1216.56 us (2089.95 GFLOPS/s)
Total time: 1216.56 us.
----------------
Vulkan Timings:
MUL_MAT_VEC q6_K m=248320 n=1 k=5120: 1 x 1220.24 us = 1220.24 us (2083.65 GFLOPS/s)
Total time: 1220.24 us.
----------------
Vulkan Timings:
MUL_MAT_VEC q6_K m=248320 n=1 k=5120: 1 x 1219.36 us = 1219.36 us (2085.15 GFLOPS/s)
Total time: 1219.36 us.
----------------
Vulkan Timings:
MUL_MAT_VEC q6_K m=248320 n=1 k=5120: 1 x 1219.88 us = 1219.88 us (2084.26 GFLOPS/s)
Total time: 1219.88 us.
----------------
Vulkan Timings:
MUL_MAT_VEC q6_K m=248320 n=1 k=5120: 1 x 1218.32 us = 1218.32 us (2086.93 GFLOPS/s)
Total time: 1218.32 us.
----------------
Vulkan Timings:
MUL_MAT_VEC q6_K m=248320 n=1 k=5120: 1 x 1218.36 us = 1218.36 us (2086.86 GFLOPS/s)
Total time: 1218.36 us.
----------------
Vulkan Timings:
MUL_MAT_VEC q6_K m=248320 n=1 k=5120: 1 x 1216.8 us = 1216.8 us (2089.54 GFLOPS/s)
Total time: 1216.8 us.
----------------
Vulkan Timings:
MUL_MAT_VEC q6_K m=248320 n=1 k=5120: 1 x 1212.76 us = 1212.76 us (2096.5 GFLOPS/s)
Total time: 1212.76 us.
----------------
Vulkan Timings:
MUL_MAT_VEC q6_K m=248320 n=1 k=5120: 1 x 1214.52 us = 1214.52 us (2093.46 GFLOPS/s)
Total time: 1214.52 us.
----------------
Vulkan Timings:
MUL_MAT_VEC q6_K m=248320 n=1 k=5120: 1 x 1208.48 us = 1208.48 us (2103.92 GFLOPS/s)
Total time: 1208.48 us.
----------------
Vulkan Timings:
MUL_MAT_VEC q6_K m=248320 n=1 k=5120: 1 x 1218.68 us = 1218.68 us (2086.31 GFLOPS/s)
Total time: 1218.68 us.
----------------
Vulkan Timings:
MUL_MAT_VEC q6_K m=248320 n=1 k=5120: 1 x 1215.32 us = 1215.32 us (2092.08 GFLOPS/s)
Total time: 1215.32 us.
----------------
Vulkan Timings:
MUL_MAT_VEC q6_K m=248320 n=1 k=5120: 1 x 1220.12 us = 1220.12 us (2083.85 GFLOPS/s)
Total time: 1220.12 us.
----------------
Vulkan Timings:
MUL_MAT_VEC q6_K m=248320 n=1 k=5120: 1 x 1218.36 us = 1218.36 us (2086.86 GFLOPS/s)
Total time: 1218.36 us.
----------------
Vulkan Timings:
MUL_MAT_VEC q6_K m=248320 n=1 k=5120: 1 x 1216.12 us = 1216.12 us (2090.71 GFLOPS/s)
Total time: 1216.12 us.
----------------
Vulkan Timings:
MUL_MAT_VEC q6_K m=248320 n=1 k=5120: 1 x 1212.6 us = 1212.6 us (2096.77 GFLOPS/s)
Total time: 1212.6 us.
----------------
Vulkan Timings:
MUL_MAT_VEC q6_K m=248320 n=1 k=5120: 1 x 1208.52 us = 1208.52 us (2103.85 GFLOPS/s)
Total time: 1208.52 us.
----------------
Vulkan Timings:
MUL_MAT_VEC q6_K m=248320 n=1 k=5120: 1 x 1209.48 us = 1209.48 us (2102.18 GFLOPS/s)
Total time: 1209.48 us.
----------------
Vulkan Timings:
MUL_MAT_VEC q6_K m=248320 n=1 k=5120: 1 x 1220.2 us = 1220.2 us (2083.71 GFLOPS/s)
Total time: 1220.2 us.
----------------
Vulkan Timings:
MUL_MAT_VEC q6_K m=248320 n=1 k=5120: 1 x 1218.96 us = 1218.96 us (2085.83 GFLOPS/s)
Total time: 1218.96 us.
----------------
Vulkan Timings:
MUL_MAT_VEC q6_K m=248320 n=1 k=5120: 1 x 1212.68 us = 1212.68 us (2096.64 GFLOPS/s)
Total time: 1212.68 us.
----------------
Vulkan Timings:
MUL_MAT_VEC q6_K m=248320 n=1 k=5120: 1 x 1216.36 us = 1216.36 us (2090.29 GFLOPS/s)
Total time: 1216.36 us.
----------------
Vulkan Timings:
MUL_MAT_VEC q6_K m=248320 n=1 k=5120: 1 x 1206.36 us = 1206.36 us (2107.62 GFLOPS/s)
Total time: 1206.36 us.
----------------
Vulkan Timings:
MUL_MAT_VEC q6_K m=248320 n=1 k=5120: 1 x 1203.32 us = 1203.32 us (2112.94 GFLOPS/s)
Total time: 1203.32 us.
----------------
Vulkan Timings:
MUL_MAT_VEC q6_K m=248320 n=1 k=5120: 1 x 1216.24 us = 1216.24 us (2090.5 GFLOPS/s)
Total time: 1216.24 us.
----------------
Vulkan Timings:
MUL_MAT_VEC q6_K m=248320 n=1 k=5120: 1 x 1207.28 us = 1207.28 us (2106.01 GFLOPS/s)
Total time: 1207.28 us.
----------------
Vulkan Timings:
MUL_MAT_VEC q6_K m=248320 n=1 k=5120: 1 x 1199.72 us = 1199.72 us (2119.28 GFLOPS/s)
Total time: 1199.72 us.
----------------
Vulkan Timings:
MUL_MAT_VEC q6_K m=248320 n=1 k=5120: 1 x 1212.88 us = 1212.88 us (2096.29 GFLOPS/s)
Total time: 1212.88 us.
----------------
Vulkan Timings:
MUL_MAT_VEC q6_K m=248320 n=1 k=5120: 1 x 1210.16 us = 1210.16 us (2101 GFLOPS/s)
Total time: 1210.16 us.
----------------
Vulkan Timings:
MUL_MAT_VEC q6_K m=248320 n=1 k=5120: 1 x 1203.92 us = 1203.92 us (2111.89 GFLOPS/s)
Total time: 1203.92 us.
----------------
Vulkan Timings:
MUL_MAT_VEC q6_K m=248320 n=1 k=5120: 1 x 1237.84 us = 1237.84 us (2054.02 GFLOPS/s)
Total time: 1237.84 us.
----------------
Vulkan Timings:
MUL_MAT_VEC q6_K m=248320 n=1 k=5120: 1 x 1208.28 us = 1208.28 us (2104.27 GFLOPS/s)
Total time: 1208.28 us.
----------------
Vulkan Timings:
MUL_MAT_VEC q6_K m=248320 n=1 k=5120: 1 x 1210.64 us = 1210.64 us (2100.17 GFLOPS/s)
Total time: 1210.64 us.
----------------
Vulkan Timings:
MUL_MAT_VEC q6_K m=248320 n=1 k=5120: 1 x 1209.92 us = 1209.92 us (2101.42 GFLOPS/s)
Total time: 1209.92 us.
----------------
Vulkan Timings:
MUL_MAT_VEC q6_K m=248320 n=1 k=5120: 1 x 1203.92 us = 1203.92 us (2111.89 GFLOPS/s)
Total time: 1203.92 us.
----------------
Vulkan Timings:
MUL_MAT_VEC q6_K m=248320 n=1 k=5120: 1 x 1212.4 us = 1212.4 us (2097.12 GFLOPS/s)
Total time: 1212.4 us.
----------------
Vulkan Timings:
MUL_MAT_VEC q6_K m=248320 n=1 k=5120: 1 x 1203.48 us = 1203.48 us (2112.66 GFLOPS/s)
Total time: 1203.48 us.
----------------
Vulkan Timings:
MUL_MAT_VEC q6_K m=248320 n=1 k=5120: 1 x 1202.96 us = 1202.96 us (2113.58 GFLOPS/s)
Total time: 1202.96 us.
----------------
Vulkan Timings:
MUL_MAT_VEC q6_K m=248320 n=1 k=5120: 1 x 1210.24 us = 1210.24 us (2100.86 GFLOPS/s)
Total time: 1210.24 us.
----------------
Vulkan Timings:
MUL_MAT_VEC q6_K m=248320 n=1 k=5120: 1 x 1208.56 us = 1208.56 us (2103.78 GFLOPS/s)
Total time: 1208.56 us.
----------------
Vulkan Timings:
MUL_MAT_VEC q6_K m=248320 n=1 k=5120: 1 x 1204.96 us = 1204.96 us (2110.07 GFLOPS/s)
Total time: 1204.96 us.
----------------
Vulkan Timings:
MUL_MAT_VEC q6_K m=248320 n=1 k=5120: 1 x 1200.88 us = 1200.88 us (2117.24 GFLOPS/s)
Total time: 1200.88 us.
----------------
Vulkan Timings:
MUL_MAT_VEC q6_K m=248320 n=1 k=5120: 1 x 1213.88 us = 1213.88 us (2094.56 GFLOPS/s)
Total time: 1213.88 us.
----------------
Vulkan Timings:
MUL_MAT_VEC q6_K m=248320 n=1 k=5120: 1 x 1208.64 us = 1208.64 us (2103.64 GFLOPS/s)
Total time: 1208.64 us.
----------------
Vulkan Timings:
MUL_MAT_VEC q6_K m=248320 n=1 k=5120: 1 x 1210.08 us = 1210.08 us (2101.14 GFLOPS/s)
Total time: 1210.08 us.
----------------
Vulkan Timings:
MUL_MAT_VEC q6_K m=248320 n=1 k=5120: 1 x 1201.68 us = 1201.68 us (2115.83 GFLOPS/s)
Total time: 1201.68 us.
----------------
Vulkan Timings:
MUL_MAT_VEC q6_K m=248320 n=1 k=5120: 1 x 1196.96 us = 1196.96 us (2124.17 GFLOPS/s)
Total time: 1196.96 us.
----------------
Vulkan Timings:
MUL_MAT_VEC q6_K m=248320 n=1 k=5120: 1 x 1211.76 us = 1211.76 us (2098.23 GFLOPS/s)
Total time: 1211.76 us.
----------------
Vulkan Timings:
MUL_MAT_VEC q6_K m=248320 n=1 k=5120: 1 x 1208.44 us = 1208.44 us (2103.99 GFLOPS/s)
Total time: 1208.44 us.
----------------
Vulkan Timings:
MUL_MAT_VEC q6_K m=248320 n=1 k=5120: 1 x 1213.48 us = 1213.48 us (2095.25 GFLOPS/s)
Total time: 1213.48 us.
----------------
Vulkan Timings:
MUL_MAT_VEC q6_K m=248320 n=1 k=5120: 1 x 1204.68 us = 1204.68 us (2110.56 GFLOPS/s)
Total time: 1204.68 us.
----------------
Vulkan Timings:
MUL_MAT_VEC q6_K m=248320 n=1 k=5120: 1 x 1203.72 us = 1203.72 us (2112.24 GFLOPS/s)
Total time: 1203.72 us.
----------------
Vulkan Timings:
MUL_MAT_VEC q6_K m=248320 n=1 k=5120: 1 x 1212.88 us = 1212.88 us (2096.29 GFLOPS/s)
Total time: 1212.88 us.
----------------
Vulkan Timings:
MUL_MAT_VEC q6_K m=248320 n=1 k=5120: 1 x 1208.44 us = 1208.44 us (2103.99 GFLOPS/s)
Total time: 1208.44 us.
----------------
Vulkan Timings:
MUL_MAT_VEC q6_K m=248320 n=1 k=5120: 1 x 1202.72 us = 1202.72 us (2114 GFLOPS/s)
Total time: 1202.72 us.
----------------
Vulkan Timings:
MUL_MAT_VEC q6_K m=248320 n=1 k=5120: 1 x 1235.56 us = 1235.56 us (2057.81 GFLOPS/s)
Total time: 1235.56 us.
----------------
Vulkan Timings:
MUL_MAT_VEC q6_K m=248320 n=1 k=5120: 1 x 1208.16 us = 1208.16 us (2104.48 GFLOPS/s)
Total time: 1208.16 us.
----------------
Vulkan Timings:
MUL_MAT_VEC q6_K m=248320 n=1 k=5120: 1 x 1204.36 us = 1204.36 us (2111.12 GFLOPS/s)
Total time: 1204.36 us.
----------------
Vulkan Timings:
MUL_MAT_VEC q6_K m=248320 n=1 k=5120: 1 x 1208.48 us = 1208.48 us (2103.92 GFLOPS/s)
Total time: 1208.48 us.
----------------
Vulkan Timings:
MUL_MAT_VEC q6_K m=248320 n=1 k=5120: 1 x 1206.44 us = 1206.44 us (2107.48 GFLOPS/s)
Total time: 1206.44 us.
----------------
Vulkan Timings:
MUL_MAT_VEC q6_K m=248320 n=1 k=5120: 1 x 1207.36 us = 1207.36 us (2105.87 GFLOPS/s)
Total time: 1207.36 us.
----------------
Vulkan Timings:
MUL_MAT_VEC q6_K m=248320 n=1 k=5120: 1 x 1202.84 us = 1202.84 us (2113.79 GFLOPS/s)
Total time: 1202.84 us.
----------------
Vulkan Timings:
MUL_MAT_VEC q6_K m=248320 n=1 k=5120: 1 x 1201.12 us = 1201.12 us (2116.81 GFLOPS/s)
Total time: 1201.12 us.
----------------
Vulkan Timings:
MUL_MAT_VEC q6_K m=248320 n=1 k=5120: 1 x 1203.28 us = 1203.28 us (2113.01 GFLOPS/s)
Total time: 1203.28 us.
----------------
Vulkan Timings:
MUL_MAT_VEC q6_K m=248320 n=1 k=5120: 1 x 1205.76 us = 1205.76 us (2108.67 GFLOPS/s)
Total time: 1205.76 us.
----------------
Vulkan Timings:
MUL_MAT_VEC q6_K m=248320 n=1 k=5120: 1 x 1203.68 us = 1203.68 us (2112.31 GFLOPS/s)
Total time: 1203.68 us.
----------------
Vulkan Timings:
MUL_MAT_VEC q6_K m=248320 n=1 k=5120: 1 x 1200.68 us = 1200.68 us (2117.59 GFLOPS/s)
Total time: 1200.68 us.
----------------
Vulkan Timings:
MUL_MAT_VEC q6_K m=248320 n=1 k=5120: 1 x 1215.8 us = 1215.8 us (2091.26 GFLOPS/s)
Total time: 1215.8 us.
----------------
Vulkan Timings:
MUL_MAT_VEC q6_K m=248320 n=1 k=5120: 1 x 1208.36 us = 1208.36 us (2104.13 GFLOPS/s)
Total time: 1208.36 us.
----------------
Vulkan Timings:
MUL_MAT_VEC q6_K m=248320 n=1 k=5120: 1 x 1205.76 us = 1205.76 us (2108.67 GFLOPS/s)
Total time: 1205.76 us.
----------------
Vulkan Timings:
MUL_MAT_VEC q6_K m=248320 n=1 k=5120: 1 x 1197.72 us = 1197.72 us (2122.82 GFLOPS/s)
Total time: 1197.72 us.
----------------
Vulkan Timings:
MUL_MAT_VEC q6_K m=248320 n=1 k=5120: 1 x 1203.6 us = 1203.6 us (2112.45 GFLOPS/s)
Total time: 1203.6 us.
----------------
Vulkan Timings:
MUL_MAT_VEC q6_K m=248320 n=1 k=5120: 1 x 1200.88 us = 1200.88 us (2117.24 GFLOPS/s)
Total time: 1200.88 us.
----------------
Vulkan Timings:
MUL_MAT_VEC q6_K m=248320 n=1 k=5120: 1 x 1198.76 us = 1198.76 us (2120.98 GFLOPS/s)
Total time: 1198.76 us.
----------------
Vulkan Timings:
MUL_MAT_VEC q6_K m=248320 n=1 k=5120: 1 x 1204.04 us = 1204.04 us (2111.68 GFLOPS/s)
Total time: 1204.04 us.
----------------
Vulkan Timings:
MUL_MAT_VEC q6_K m=248320 n=1 k=5120: 1 x 1205.6 us = 1205.6 us (2108.95 GFLOPS/s)
Total time: 1205.6 us.
----------------
Vulkan Timings:
MUL_MAT_VEC q6_K m=248320 n=1 k=5120: 1 x 1195 us = 1195 us (2127.66 GFLOPS/s)
Total time: 1195 us.
----------------
Vulkan Timings:
MUL_MAT_VEC q6_K m=248320 n=1 k=5120: 1 x 1195.84 us = 1195.84 us (2126.16 GFLOPS/s)
Total time: 1195.84 us.
----------------
Vulkan Timings:
MUL_MAT_VEC q6_K m=248320 n=1 k=5120: 1 x 1198.44 us = 1198.44 us (2121.55 GFLOPS/s)
Total time: 1198.44 us.
----------------
Vulkan Timings:
MUL_MAT_VEC q6_K m=248320 n=1 k=5120: 1 x 1199.64 us = 1199.64 us (2119.43 GFLOPS/s)
Total time: 1199.64 us.
----------------
Vulkan Timings:
MUL_MAT_VEC q6_K m=248320 n=1 k=5120: 1 x 1232.72 us = 1232.72 us (2062.55 GFLOPS/s)
Total time: 1232.72 us.
----------------
Vulkan Timings:
MUL_MAT_VEC q6_K m=248320 n=1 k=5120: 1 x 1204.52 us = 1204.52 us (2110.84 GFLOPS/s)
Total time: 1204.52 us.
----------------
Vulkan Timings:
MUL_MAT_VEC q6_K m=248320 n=1 k=5120: 1 x 1201.64 us = 1201.64 us (2115.9 GFLOPS/s)
Total time: 1201.64 us.
----------------
Vulkan Timings:
MUL_MAT_VEC q6_K m=248320 n=1 k=5120: 1 x 1199.64 us = 1199.64 us (2119.43 GFLOPS/s)
Total time: 1199.64 us.
----------------
Vulkan Timings:
MUL_MAT_VEC q6_K m=248320 n=1 k=5120: 1 x 1198.56 us = 1198.56 us (2121.34 GFLOPS/s)
Total time: 1198.56 us.
----------------
Vulkan Timings:
MUL_MAT_VEC q6_K m=248320 n=1 k=5120: 1 x 1200.4 us = 1200.4 us (2118.08 GFLOPS/s)
Total time: 1200.4 us.
----------------
Vulkan Timings:
MUL_MAT_VEC q6_K m=248320 n=1 k=5120: 1 x 1204.68 us = 1204.68 us (2110.56 GFLOPS/s)
Total time: 1204.68 us.
----------------
Vulkan Timings:
MUL_MAT_VEC q6_K m=248320 n=1 k=5120: 1 x 1204.92 us = 1204.92 us (2110.14 GFLOPS/s)
Total time: 1204.92 us.
----------------
Vulkan Timings:
MUL_MAT_VEC q6_K m=248320 n=1 k=5120: 1 x 1201.72 us = 1201.72 us (2115.76 GFLOPS/s)
Total time: 1201.72 us.
----------------
Vulkan Timings:
MUL_MAT_VEC q6_K m=248320 n=1 k=5120: 1 x 1199.04 us = 1199.04 us (2120.49 GFLOPS/s)
Total time: 1199.04 us.
----------------
Vulkan Timings:
MUL_MAT_VEC q6_K m=248320 n=1 k=5120: 1 x 1205.52 us = 1205.52 us (2109.09 GFLOPS/s)
Total time: 1205.52 us.
----------------
Vulkan Timings:
MUL_MAT_VEC q6_K m=248320 n=1 k=5120: 1 x 1199.16 us = 1199.16 us (2120.27 GFLOPS/s)
Total time: 1199.16 us.
----------------
Vulkan Timings:
MUL_MAT_VEC q6_K m=248320 n=1 k=5120: 1 x 1217.68 us = 1217.68 us (2088.03 GFLOPS/s)
Total time: 1217.68 us.
----------------
Vulkan Timings:
MUL_MAT_VEC q6_K m=248320 n=1 k=5120: 1 x 1198.16 us = 1198.16 us (2122.04 GFLOPS/s)
Total time: 1198.16 us.
----------------
Vulkan Timings:
MUL_MAT_VEC q6_K m=248320 n=1 k=5120: 1 x 1204.48 us = 1204.48 us (2110.91 GFLOPS/s)
Total time: 1204.48 us.
----------------
Vulkan Timings:
MUL_MAT_VEC q6_K m=248320 n=1 k=5120: 1 x 1204.6 us = 1204.6 us (2110.7 GFLOPS/s)
Total time: 1204.6 us.
----------------
Vulkan Timings:
MUL_MAT_VEC q6_K m=248320 n=1 k=5120: 1 x 1202.32 us = 1202.32 us (2114.7 GFLOPS/s)
Total time: 1202.32 us.
----------------
Vulkan Timings:
MUL_MAT_VEC q6_K m=248320 n=1 k=5120: 1 x 1204 us = 1204 us (2111.75 GFLOPS/s)
Total time: 1204 us.
----------------
Vulkan Timings:
MUL_MAT_VEC q6_K m=248320 n=1 k=5120: 1 x 1200.16 us = 1200.16 us (2118.51 GFLOPS/s)
Total time: 1200.16 us.
----------------
Vulkan Timings:
MUL_MAT_VEC q6_K m=248320 n=1 k=5120: 1 x 1203.04 us = 1203.04 us (2113.44 GFLOPS/s)
Total time: 1203.04 us.
----------------
Vulkan Timings:
MUL_MAT_VEC q6_K m=248320 n=1 k=5120: 1 x 1194.32 us = 1194.32 us (2128.87 GFLOPS/s)
Total time: 1194.32 us.
----------------
Vulkan Timings:
MUL_MAT_VEC q6_K m=248320 n=1 k=5120: 1 x 1201.4 us = 1201.4 us (2116.32 GFLOPS/s)
Total time: 1201.4 us.
----------------
Vulkan Timings:
MUL_MAT_VEC q6_K m=248320 n=1 k=5120: 1 x 1200.2 us = 1200.2 us (2118.44 GFLOPS/s)
Total time: 1200.2 us.
----------------
Vulkan Timings:
MUL_MAT_VEC q6_K m=248320 n=1 k=5120: 1 x 1198.88 us = 1198.88 us (2120.77 GFLOPS/s)
Total time: 1198.88 us.
----------------
Vulkan Timings:
MUL_MAT_VEC q6_K m=248320 n=1 k=5120: 1 x 1203.8 us = 1203.8 us (2112.1 GFLOPS/s)
Total time: 1203.8 us.
----------------
Vulkan Timings:
MUL_MAT_VEC q6_K m=248320 n=1 k=5120: 1 x 1227.24 us = 1227.24 us (2071.76 GFLOPS/s)
Total time: 1227.24 us.
----------------
Vulkan Timings:
MUL_MAT_VEC q6_K m=248320 n=1 k=5120: 1 x 1205.32 us = 1205.32 us (2109.44 GFLOPS/s)
Total time: 1205.32 us.
----------------
Vulkan Timings:
MUL_MAT_VEC q6_K m=248320 n=1 k=5120: 1 x 1198.84 us = 1198.84 us (2120.84 GFLOPS/s)
Total time: 1198.84 us.
----------------
Vulkan Timings:
MUL_MAT_VEC q6_K m=248320 n=1 k=5120: 1 x 1204.32 us = 1204.32 us (2111.19 GFLOPS/s)
Total time: 1204.32 us.
----------------
Vulkan Timings:
MUL_MAT_VEC q6_K m=248320 n=1 k=5120: 1 x 1194.36 us = 1194.36 us (2128.8 GFLOPS/s)
Total time: 1194.36 us.
----------------
Vulkan Timings:
MUL_MAT_VEC q6_K m=248320 n=1 k=5120: 1 x 1205.24 us = 1205.24 us (2109.58 GFLOPS/s)
Total time: 1205.24 us.
----------------
Vulkan Timings:
MUL_MAT_VEC q6_K m=248320 n=1 k=5120: 1 x 1194.88 us = 1194.88 us (2127.87 GFLOPS/s)
Total time: 1194.88 us.
----------------
Vulkan Timings:
MUL_MAT_VEC q6_K m=248320 n=1 k=5120: 1 x 1200.6 us = 1200.6 us (2117.73 GFLOPS/s)
Total time: 1200.6 us.
----------------
Vulkan Timings:
MUL_MAT_VEC q6_K m=248320 n=1 k=5120: 1 x 1203.48 us = 1203.48 us (2112.66 GFLOPS/s)
Total time: 1203.48 us.
----------------
Vulkan Timings:
MUL_MAT_VEC q6_K m=248320 n=1 k=5120: 1 x 1201.2 us = 1201.2 us (2116.67 GFLOPS/s)
Total time: 1201.2 us.
----------------
Vulkan Timings:
MUL_MAT_VEC q6_K m=248320 n=1 k=5120: 1 x 1201.24 us = 1201.24 us (2116.6 GFLOPS/s)
Total time: 1201.24 us.
----------------
Vulkan Timings:
MUL_MAT_VEC q6_K m=248320 n=1 k=5120: 1 x 1202.76 us = 1202.76 us (2113.93 GFLOPS/s)
Total time: 1202.76 us.
----------------
Vulkan Timings:
MUL_MAT_VEC q6_K m=248320 n=1 k=5120: 1 x 1212.88 us = 1212.88 us (2096.29 GFLOPS/s)
Total time: 1212.88 us.
----------------
Vulkan Timings:
MUL_MAT_VEC q6_K m=248320 n=1 k=5120: 1 x 1206.36 us = 1206.36 us (2107.62 GFLOPS/s)
Total time: 1206.36 us.
----------------
Vulkan Timings:
MUL_MAT_VEC q6_K m=248320 n=1 k=5120: 1 x 1199.4 us = 1199.4 us (2119.85 GFLOPS/s)
Total time: 1199.4 us.
----------------
Vulkan Timings:
MUL_MAT_VEC q6_K m=248320 n=1 k=5120: 1 x 1198.68 us = 1198.68 us (2121.12 GFLOPS/s)
Total time: 1198.68 us.
----------------
Vulkan Timings:
MUL_MAT_VEC q6_K m=248320 n=1 k=5120: 1 x 1192.48 us = 1192.48 us (2132.15 GFLOPS/s)
Total time: 1192.48 us.
----------------
Vulkan Timings:
MUL_MAT_VEC q6_K m=248320 n=1 k=5120: 1 x 1198.76 us = 1198.76 us (2120.98 GFLOPS/s)
Total time: 1198.76 us.
----------------
Vulkan Timings:
MUL_MAT_VEC q6_K m=248320 n=1 k=5120: 1 x 1192.32 us = 1192.32 us (2132.44 GFLOPS/s)
Total time: 1192.32 us.
----------------
Vulkan Timings:
MUL_MAT_VEC q6_K m=248320 n=1 k=5120: 1 x 1197.92 us = 1197.92 us (2122.47 GFLOPS/s)
Total time: 1197.92 us.
----------------
Vulkan Timings:
MUL_MAT_VEC q6_K m=248320 n=1 k=5120: 1 x 1205.84 us = 1205.84 us (2108.53 GFLOPS/s)
Total time: 1205.84 us.
----------------
Vulkan Timings:
MUL_MAT_VEC q6_K m=248320 n=1 k=5120: 1 x 1206.76 us = 1206.76 us (2106.92 GFLOPS/s)
Total time: 1206.76 us.
----------------
Vulkan Timings:
MUL_MAT_VEC q6_K m=248320 n=1 k=5120: 1 x 1202.04 us = 1202.04 us (2115.19 GFLOPS/s)
Total time: 1202.04 us.
----------------
Vulkan Timings:
MUL_MAT_VEC q6_K m=248320 n=1 k=5120: 1 x 1201.48 us = 1201.48 us (2116.18 GFLOPS/s)
Total time: 1201.48 us.
----------------
Vulkan Timings:
MUL_MAT_VEC q6_K m=248320 n=1 k=5120: 1 x 1199.76 us = 1199.76 us (2119.21 GFLOPS/s)
Total time: 1199.76 us.
----------------
Vulkan Timings:
MUL_MAT_VEC q6_K m=248320 n=1 k=5120: 1 x 1226.16 us = 1226.16 us (2073.59 GFLOPS/s)
Total time: 1226.16 us.
----------------
Vulkan Timings:
MUL_MAT_VEC q6_K m=248320 n=1 k=5120: 1 x 1197.6 us = 1197.6 us (2123.04 GFLOPS/s)
Total time: 1197.6 us.
----------------
Vulkan Timings:
MUL_MAT_VEC q6_K m=248320 n=1 k=5120: 1 x 1196.92 us = 1196.92 us (2124.24 GFLOPS/s)
Total time: 1196.92 us.
----------------
Vulkan Timings:
MUL_MAT_VEC q6_K m=248320 n=1 k=5120: 1 x 1201.64 us = 1201.64 us (2115.9 GFLOPS/s)
Total time: 1201.64 us.
----------------
Vulkan Timings:
MUL_MAT_VEC q6_K m=248320 n=1 k=5120: 1 x 1199.88 us = 1199.88 us (2119 GFLOPS/s)
Total time: 1199.88 us.
----------------
Vulkan Timings:
MUL_MAT_VEC q6_K m=248320 n=1 k=5120: 1 x 1194.96 us = 1194.96 us (2127.73 GFLOPS/s)
Total time: 1194.96 us.
----------------
Vulkan Timings:
MUL_MAT_VEC q6_K m=248320 n=1 k=5120: 1 x 1198 us = 1198 us (2122.33 GFLOPS/s)
Total time: 1198 us.
----------------
Vulkan Timings:
MUL_MAT_VEC q6_K m=248320 n=1 k=5120: 1 x 1196.2 us = 1196.2 us (2125.52 GFLOPS/s)
Total time: 1196.2 us.
----------------
Vulkan Timings:
MUL_MAT_VEC q6_K m=248320 n=1 k=5120: 1 x 1195.68 us = 1195.68 us (2126.45 GFLOPS/s)
Total time: 1195.68 us.
----------------
Vulkan Timings:
MUL_MAT_VEC q6_K m=248320 n=1 k=5120: 1 x 1199.6 us = 1199.6 us (2119.5 GFLOPS/s)
Total time: 1199.6 us.
----------------
Vulkan Timings:
MUL_MAT_VEC q6_K m=248320 n=1 k=5120: 1 x 1200.72 us = 1200.72 us (2117.52 GFLOPS/s)
Total time: 1200.72 us.
----------------
Vulkan Timings:
MUL_MAT_VEC q6_K m=248320 n=1 k=5120: 1 x 1199.28 us = 1199.28 us (2120.06 GFLOPS/s)
Total time: 1199.28 us.
----------------
Vulkan Timings:
MUL_MAT_VEC q6_K m=248320 n=1 k=5120: 1 x 1219.16 us = 1219.16 us (2085.49 GFLOPS/s)
Total time: 1219.16 us.
----------------
Vulkan Timings:
MUL_MAT_VEC q6_K m=248320 n=1 k=5120: 1 x 1204.32 us = 1204.32 us (2111.19 GFLOPS/s)
Total time: 1204.32 us.
----------------
Vulkan Timings:
MUL_MAT_VEC q6_K m=248320 n=1 k=5120: 1 x 1195.96 us = 1195.96 us (2125.95 GFLOPS/s)
Total time: 1195.96 us.
----------------
Vulkan Timings:
MUL_MAT_VEC q6_K m=248320 n=1 k=5120: 1 x 1198.52 us = 1198.52 us (2121.41 GFLOPS/s)
Total time: 1198.52 us.
----------------
Vulkan Timings:
MUL_MAT_VEC q6_K m=248320 n=1 k=5120: 1 x 1192.24 us = 1192.24 us (2132.58 GFLOPS/s)
Total time: 1192.24 us.
----------------
Vulkan Timings:
MUL_MAT_VEC q6_K m=248320 n=1 k=5120: 1 x 1203.88 us = 1203.88 us (2111.96 GFLOPS/s)
Total time: 1203.88 us.
----------------
Vulkan Timings:
MUL_MAT_VEC q6_K m=248320 n=1 k=5120: 1 x 1199.8 us = 1199.8 us (2119.14 GFLOPS/s)
Total time: 1199.8 us.
----------------
Vulkan Timings:
MUL_MAT_VEC q6_K m=248320 n=1 k=5120: 1 x 1202.96 us = 1202.96 us (2113.58 GFLOPS/s)
Total time: 1202.96 us.
----------------
Vulkan Timings:
MUL_MAT_VEC q6_K m=248320 n=1 k=5120: 1 x 1199.84 us = 1199.84 us (2119.07 GFLOPS/s)
Total time: 1199.84 us.
----------------
Vulkan Timings:
MUL_MAT_VEC q6_K m=248320 n=1 k=5120: 1 x 1204.68 us = 1204.68 us (2110.56 GFLOPS/s)
Total time: 1204.68 us.
----------------
Vulkan Timings:
MUL_MAT_VEC q6_K m=248320 n=1 k=5120: 1 x 1194.24 us = 1194.24 us (2129.01 GFLOPS/s)
Total time: 1194.24 us.
----------------
Vulkan Timings:
MUL_MAT_VEC q6_K m=248320 n=1 k=5120: 1 x 1193.72 us = 1193.72 us (2129.94 GFLOPS/s)
Total time: 1193.72 us.
----------------
Vulkan Timings:
MUL_MAT_VEC q6_K m=248320 n=1 k=5120: 1 x 1194.36 us = 1194.36 us (2128.8 GFLOPS/s)
Total time: 1194.36 us.
----------------
Vulkan Timings:
MUL_MAT_VEC q6_K m=248320 n=1 k=5120: 1 x 1229.72 us = 1229.72 us (2067.58 GFLOPS/s)
Total time: 1229.72 us.
----------------
Vulkan Timings:
MUL_MAT_VEC q6_K m=248320 n=1 k=5120: 1 x 1199.56 us = 1199.56 us (2119.57 GFLOPS/s)
Total time: 1199.56 us.
----------------
Vulkan Timings:
MUL_MAT_VEC q6_K m=248320 n=1 k=5120: 1 x 1203.12 us = 1203.12 us (2113.3 GFLOPS/s)
Total time: 1203.12 us.
----------------
Vulkan Timings:
MUL_MAT_VEC q6_K m=248320 n=1 k=5120: 1 x 1189.88 us = 1189.88 us (2136.81 GFLOPS/s)
Total time: 1189.88 us.
----------------
Vulkan Timings:
MUL_MAT_VEC q6_K m=248320 n=1 k=5120: 1 x 1202.92 us = 1202.92 us (2113.65 GFLOPS/s)
Total time: 1202.92 us.
----------------
Vulkan Timings:
MUL_MAT_VEC q6_K m=248320 n=1 k=5120: 1 x 1192.52 us = 1192.52 us (2132.08 GFLOPS/s)
Total time: 1192.52 us.
----------------
Vulkan Timings:
MUL_MAT_VEC q6_K m=248320 n=1 k=5120: 1 x 1201.96 us = 1201.96 us (2115.34 GFLOPS/s)
Total time: 1201.96 us.
----------------
Vulkan Timings:
MUL_MAT_VEC q6_K m=248320 n=1 k=5120: 1 x 1199.6 us = 1199.6 us (2119.5 GFLOPS/s)
Total time: 1199.6 us.
----------------
Vulkan Timings:
MUL_MAT_VEC q6_K m=248320 n=1 k=5120: 1 x 1197.28 us = 1197.28 us (2123.6 GFLOPS/s)
Total time: 1197.28 us.
----------------
Vulkan Timings:
MUL_MAT_VEC q6_K m=248320 n=1 k=5120: 1 x 1196.48 us = 1196.48 us (2125.02 GFLOPS/s)
Total time: 1196.48 us.
----------------
Vulkan Timings:
MUL_MAT_VEC q6_K m=248320 n=1 k=5120: 1 x 1200.88 us = 1200.88 us (2117.24 GFLOPS/s)
Total time: 1200.88 us.
----------------
Vulkan Timings:
MUL_MAT_VEC q6_K m=248320 n=1 k=5120: 1 x 1198.6 us = 1198.6 us (2121.27 GFLOPS/s)
Total time: 1198.6 us.
----------------
Vulkan Timings:
MUL_MAT_VEC q6_K m=248320 n=1 k=5120: 1 x 1215.16 us = 1215.16 us (2092.36 GFLOPS/s)
Total time: 1215.16 us.
----------------
Vulkan Timings:
MUL_MAT_VEC q6_K m=248320 n=1 k=5120: 1 x 1202.08 us = 1202.08 us (2115.12 GFLOPS/s)
Total time: 1202.08 us.
----------------
Vulkan Timings:
MUL_MAT_VEC q6_K m=248320 n=1 k=5120: 1 x 1200.56 us = 1200.56 us (2117.8 GFLOPS/s)
Total time: 1200.56 us.
----------------
Vulkan Timings:
MUL_MAT_VEC q6_K m=248320 n=1 k=5120: 1 x 1200.68 us = 1200.68 us (2117.59 GFLOPS/s)
Total time: 1200.68 us.
----------------
Vulkan Timings:
MUL_MAT_VEC q6_K m=248320 n=1 k=5120: 1 x 1204 us = 1204 us (2111.75 GFLOPS/s)
Total time: 1204 us.
----------------
Vulkan Timings:
MUL_MAT_VEC q6_K m=248320 n=1 k=5120: 1 x 1206.64 us = 1206.64 us (2107.13 GFLOPS/s)
Total time: 1206.64 us.
----------------
Vulkan Timings:
MUL_MAT_VEC q6_K m=248320 n=1 k=5120: 1 x 1201.28 us = 1201.28 us (2116.53 GFLOPS/s)
Total time: 1201.28 us.
----------------
Vulkan Timings:
MUL_MAT_VEC q6_K m=248320 n=1 k=5120: 1 x 1194.36 us = 1194.36 us (2128.8 GFLOPS/s)
Total time: 1194.36 us.
----------------
Vulkan Timings:
MUL_MAT_VEC q6_K m=248320 n=1 k=5120: 1 x 1192.92 us = 1192.92 us (2131.37 GFLOPS/s)
Total time: 1192.92 us.
----------------
Vulkan Timings:
MUL_MAT_VEC q6_K m=248320 n=1 k=5120: 1 x 1200.84 us = 1200.84 us (2117.31 GFLOPS/s)
Total time: 1200.84 us.
----------------
Vulkan Timings:
MUL_MAT_VEC q6_K m=248320 n=1 k=5120: 1 x 1196.24 us = 1196.24 us (2125.45 GFLOPS/s)
Total time: 1196.24 us.
----------------
Vulkan Timings:
MUL_MAT_VEC q6_K m=248320 n=1 k=5120: 1 x 1203.28 us = 1203.28 us (2113.01 GFLOPS/s)
Total time: 1203.28 us.
----------------
Vulkan Timings:
MUL_MAT_VEC q6_K m=248320 n=1 k=5120: 1 x 1195.76 us = 1195.76 us (2126.3 GFLOPS/s)
Total time: 1195.76 us.
----------------
Vulkan Timings:
MUL_MAT_VEC q6_K m=248320 n=1 k=5120: 1 x 1226.76 us = 1226.76 us (2072.57 GFLOPS/s)
Total time: 1226.76 us.
----------------
Vulkan Timings:
MUL_MAT_VEC q6_K m=248320 n=1 k=5120: 1 x 1195.52 us = 1195.52 us (2126.73 GFLOPS/s)
Total time: 1195.52 us.
----------------
Vulkan Timings:
MUL_MAT_VEC q6_K m=248320 n=1 k=5120: 1 x 1204.12 us = 1204.12 us (2111.54 GFLOPS/s)
Total time: 1204.12 us.
----------------
Vulkan Timings:
MUL_MAT_VEC q6_K m=248320 n=1 k=5120: 1 x 1193.64 us = 1193.64 us (2130.08 GFLOPS/s)
Total time: 1193.64 us.
----------------
Vulkan Timings:
MUL_MAT_VEC q6_K m=248320 n=1 k=5120: 1 x 1201.12 us = 1201.12 us (2116.81 GFLOPS/s)
Total time: 1201.12 us.
----------------
Vulkan Timings:
MUL_MAT_VEC q6_K m=248320 n=1 k=5120: 1 x 1197.16 us = 1197.16 us (2123.82 GFLOPS/s)
Total time: 1197.16 us.
----------------
Vulkan Timings:
MUL_MAT_VEC q6_K m=248320 n=1 k=5120: 1 x 1199.24 us = 1199.24 us (2120.13 GFLOPS/s)
Total time: 1199.24 us.
----------------
Vulkan Timings:
MUL_MAT_VEC q6_K m=248320 n=1 k=5120: 1 x 1200.32 us = 1200.32 us (2118.23 GFLOPS/s)
Total time: 1200.32 us.
----------------
Vulkan Timings:
MUL_MAT_VEC q6_K m=248320 n=1 k=5120: 1 x 1203.44 us = 1203.44 us (2112.73 GFLOPS/s)
Total time: 1203.44 us.
----------------
Vulkan Timings:
MUL_MAT_VEC q6_K m=248320 n=1 k=5120: 1 x 1198.76 us = 1198.76 us (2120.98 GFLOPS/s)
Total time: 1198.76 us.
----------------
Vulkan Timings:
MUL_MAT_VEC q6_K m=248320 n=1 k=5120: 1 x 1199.48 us = 1199.48 us (2119.71 GFLOPS/s)
Total time: 1199.48 us.
----------------
Vulkan Timings:
MUL_MAT_VEC q6_K m=248320 n=1 k=5120: 1 x 1190.44 us = 1190.44 us (2135.81 GFLOPS/s)
Total time: 1190.44 us.
----------------
Vulkan Timings:
MUL_MAT_VEC q6_K m=248320 n=1 k=5120: 1 x 1214.12 us = 1214.12 us (2094.15 GFLOPS/s)
Total time: 1214.12 us.
----------------
Vulkan Timings:
MUL_MAT_VEC q6_K m=248320 n=1 k=5120: 1 x 1197.72 us = 1197.72 us (2122.82 GFLOPS/s)
Total time: 1197.72 us.
----------------
Vulkan Timings:
MUL_MAT_VEC q6_K m=248320 n=1 k=5120: 1 x 1201.96 us = 1201.96 us (2115.34 GFLOPS/s)
Total time: 1201.96 us.
----------------
Vulkan Timings:
MUL_MAT_VEC q6_K m=248320 n=1 k=5120: 1 x 1199.08 us = 1199.08 us (2120.42 GFLOPS/s)
Total time: 1199.08 us.
----------------
Vulkan Timings:
MUL_MAT_VEC q6_K m=248320 n=1 k=5120: 1 x 1197.92 us = 1197.92 us (2122.47 GFLOPS/s)
Total time: 1197.92 us.
----------------
Vulkan Timings:
MUL_MAT_VEC q6_K m=248320 n=1 k=5120: 1 x 1203.44 us = 1203.44 us (2112.73 GFLOPS/s)
Total time: 1203.44 us.
----------------
Vulkan Timings:
MUL_MAT_VEC q6_K m=248320 n=1 k=5120: 1 x 1201.2 us = 1201.2 us (2116.67 GFLOPS/s)
Total time: 1201.2 us.
----------------
Vulkan Timings:
MUL_MAT_VEC q6_K m=248320 n=1 k=5120: 1 x 1201.84 us = 1201.84 us (2115.55 GFLOPS/s)
Total time: 1201.84 us.
----------------
Vulkan Timings:
MUL_MAT_VEC q6_K m=248320 n=1 k=5120: 1 x 1194.56 us = 1194.56 us (2128.44 GFLOPS/s)
Total time: 1194.56 us.
----------------
Vulkan Timings:
MUL_MAT_VEC q6_K m=248320 n=1 k=5120: 1 x 1193.84 us = 1193.84 us (2129.72 GFLOPS/s)
Total time: 1193.84 us.
----------------
Vulkan Timings:
MUL_MAT_VEC q6_K m=248320 n=1 k=5120: 1 x 1202.16 us = 1202.16 us (2114.98 GFLOPS/s)
Total time: 1202.16 us.
----------------
Vulkan Timings:
MUL_MAT_VEC q6_K m=248320 n=1 k=5120: 1 x 1191.64 us = 1191.64 us (2133.65 GFLOPS/s)
Total time: 1191.64 us.
----------------
Vulkan Timings:
MUL_MAT_VEC q6_K m=248320 n=1 k=5120: 1 x 1197.36 us = 1197.36 us (2123.46 GFLOPS/s)
Total time: 1197.36 us.
----------------
Vulkan Timings:
MUL_MAT_VEC q6_K m=248320 n=1 k=5120: 1 x 1231.08 us = 1231.08 us (2065.3 GFLOPS/s)
Total time: 1231.08 us.
----------------
Vulkan Timings:
MUL_MAT_VEC q6_K m=248320 n=1 k=5120: 1 x 1204.72 us = 1204.72 us (2110.49 GFLOPS/s)
Total time: 1204.72 us.
----------------
Vulkan Timings:
MUL_MAT_VEC q6_K m=248320 n=1 k=5120: 1 x 1201.76 us = 1201.76 us (2115.69 GFLOPS/s)
Total time: 1201.76 us.
----------------
Vulkan Timings:
MUL_MAT_VEC q6_K m=248320 n=1 k=5120: 1 x 1194.12 us = 1194.12 us (2129.22 GFLOPS/s)
Total time: 1194.12 us.
----------------
Vulkan Timings:
MUL_MAT_VEC q6_K m=248320 n=1 k=5120: 1 x 1203.36 us = 1203.36 us (2112.87 GFLOPS/s)
Total time: 1203.36 us.
----------------
Vulkan Timings:
MUL_MAT_VEC q6_K m=248320 n=1 k=5120: 1 x 1198.16 us = 1198.16 us (2122.04 GFLOPS/s)
Total time: 1198.16 us.
----------------
Vulkan Timings:
MUL_MAT_VEC q6_K m=248320 n=1 k=5120: 1 x 1203.48 us = 1203.48 us (2112.66 GFLOPS/s)
Total time: 1203.48 us.
----------------
Vulkan Timings:
MUL_MAT_VEC q6_K m=248320 n=1 k=5120: 1 x 1197.52 us = 1197.52 us (2123.18 GFLOPS/s)
Total time: 1197.52 us.
----------------
Vulkan Timings:
MUL_MAT_VEC q6_K m=248320 n=1 k=5120: 1 x 1201.12 us = 1201.12 us (2116.81 GFLOPS/s)
Total time: 1201.12 us.
----------------
Vulkan Timings:
MUL_MAT_VEC q6_K m=248320 n=1 k=5120: 1 x 1201.64 us = 1201.64 us (2115.9 GFLOPS/s)
Total time: 1201.64 us.
----------------
Vulkan Timings:
MUL_MAT_VEC q6_K m=248320 n=1 k=5120: 1 x 1198.04 us = 1198.04 us (2122.26 GFLOPS/s)
Total time: 1198.04 us.
----------------
Vulkan Timings:
MUL_MAT_VEC q6_K m=248320 n=1 k=5120: 1 x 1200.08 us = 1200.08 us (2118.65 GFLOPS/s)
Total time: 1200.08 us.
----------------
Vulkan Timings:
MUL_MAT_VEC q6_K m=248320 n=1 k=5120: 1 x 1215.48 us = 1215.48 us (2091.81 GFLOPS/s)
Total time: 1215.48 us.
----------------
Vulkan Timings:
MUL_MAT_VEC q6_K m=248320 n=1 k=5120: 1 x 1200.6 us = 1200.6 us (2117.73 GFLOPS/s)
Total time: 1200.6 us.
----------------
Vulkan Timings:
MUL_MAT_VEC q6_K m=248320 n=1 k=5120: 1 x 1201.36 us = 1201.36 us (2116.39 GFLOPS/s)
Total time: 1201.36 us.
----------------
Vulkan Timings:
MUL_MAT_VEC q6_K m=248320 n=1 k=5120: 1 x 1204.04 us = 1204.04 us (2111.68 GFLOPS/s)
Total time: 1204.04 us.
----------------
Vulkan Timings:
MUL_MAT_VEC q6_K m=248320 n=1 k=5120: 1 x 1196.24 us = 1196.24 us (2125.45 GFLOPS/s)
Total time: 1196.24 us.
----------------
Vulkan Timings:
MUL_MAT_VEC q6_K m=248320 n=1 k=5120: 1 x 1193.52 us = 1193.52 us (2130.29 GFLOPS/s)
Total time: 1193.52 us.
----------------
Vulkan Timings:
MUL_MAT_VEC q6_K m=248320 n=1 k=5120: 1 x 1199.2 us = 1199.2 us (2120.2 GFLOPS/s)
Total time: 1199.2 us.
----------------
Vulkan Timings:
MUL_MAT_VEC q6_K m=248320 n=1 k=5120: 1 x 1202.88 us = 1202.88 us (2113.72 GFLOPS/s)
Total time: 1202.88 us.
----------------
Vulkan Timings:
MUL_MAT_VEC q6_K m=248320 n=1 k=5120: 1 x 1194.4 us = 1194.4 us (2128.72 GFLOPS/s)
Total time: 1194.4 us.
----------------
Vulkan Timings:
MUL_MAT_VEC q6_K m=248320 n=1 k=5120: 1 x 1193.36 us = 1193.36 us (2130.58 GFLOPS/s)
Total time: 1193.36 us.
----------------
Vulkan Timings:
MUL_MAT_VEC q6_K m=248320 n=1 k=5120: 1 x 1190.88 us = 1190.88 us (2135.02 GFLOPS/s)
Total time: 1190.88 us.
----------------
Vulkan Timings:
MUL_MAT_VEC q6_K m=248320 n=1 k=5120: 1 x 1202.68 us = 1202.68 us (2114.07 GFLOPS/s)
Total time: 1202.68 us.
----------------
Vulkan Timings:
MUL_MAT_VEC q6_K m=248320 n=1 k=5120: 1 x 1199.72 us = 1199.72 us (2119.28 GFLOPS/s)
Total time: 1199.72 us.
----------------
Vulkan Timings:
MUL_MAT_VEC q6_K m=248320 n=1 k=5120: 1 x 1235.92 us = 1235.92 us (2057.21 GFLOPS/s)
Total time: 1235.92 us.
----------------
Vulkan Timings:
MUL_MAT_VEC q6_K m=248320 n=1 k=5120: 1 x 1204 us = 1204 us (2111.75 GFLOPS/s)
Total time: 1204 us.
----------------
Vulkan Timings:
MUL_MAT_VEC q6_K m=248320 n=1 k=5120: 1 x 1196.52 us = 1196.52 us (2124.95 GFLOPS/s)
Total time: 1196.52 us.
----------------
Vulkan Timings:
MUL_MAT_VEC q6_K m=248320 n=1 k=5120: 1 x 1192.64 us = 1192.64 us (2131.87 GFLOPS/s)
Total time: 1192.64 us.
----------------
Vulkan Timings:
MUL_MAT_VEC q6_K m=248320 n=1 k=5120: 1 x 1202.4 us = 1202.4 us (2114.56 GFLOPS/s)
Total time: 1202.4 us.
----------------
Vulkan Timings:
MUL_MAT_VEC q6_K m=248320 n=1 k=5120: 1 x 1197.2 us = 1197.2 us (2123.75 GFLOPS/s)
Total time: 1197.2 us.
----------------
Vulkan Timings:
MUL_MAT_VEC q6_K m=248320 n=1 k=5120: 1 x 1202.96 us = 1202.96 us (2113.58 GFLOPS/s)
Total time: 1202.96 us.
----------------
Vulkan Timings:
MUL_MAT_VEC q6_K m=248320 n=1 k=5120: 1 x 1192.32 us = 1192.32 us (2132.44 GFLOPS/s)
Total time: 1192.32 us.
----------------
Vulkan Timings:
MUL_MAT_VEC q6_K m=248320 n=1 k=5120: 1 x 1195.52 us = 1195.52 us (2126.73 GFLOPS/s)
Total time: 1195.52 us.
----------------
Vulkan Timings:
MUL_MAT_VEC q6_K m=248320 n=1 k=5120: 1 x 1197.8 us = 1197.8 us (2122.68 GFLOPS/s)
Total time: 1197.8 us.
----------------
Vulkan Timings:
MUL_MAT_VEC q6_K m=248320 n=1 k=5120: 1 x 1195.24 us = 1195.24 us (2127.23 GFLOPS/s)
Total time: 1195.24 us.
----------------
Vulkan Timings:
MUL_MAT_VEC q6_K m=248320 n=1 k=5120: 1 x 1202.84 us = 1202.84 us (2113.79 GFLOPS/s)
Total time: 1202.84 us.
----------------
Vulkan Timings:
MUL_MAT_VEC q6_K m=248320 n=1 k=5120: 1 x 1219.48 us = 1219.48 us (2084.94 GFLOPS/s)
Total time: 1219.48 us.
----------------
Vulkan Timings:
MUL_MAT_VEC q6_K m=248320 n=1 k=5120: 1 x 1205.52 us = 1205.52 us (2109.09 GFLOPS/s)
Total time: 1205.52 us.
----------------
Vulkan Timings:
MUL_MAT_VEC q6_K m=248320 n=1 k=5120: 1 x 1200.56 us = 1200.56 us (2117.8 GFLOPS/s)
Total time: 1200.56 us.
----------------
Vulkan Timings:
MUL_MAT_VEC q6_K m=248320 n=1 k=5120: 1 x 1201.44 us = 1201.44 us (2116.25 GFLOPS/s)
Total time: 1201.44 us.
----------------
Vulkan Timings:
MUL_MAT_VEC q6_K m=248320 n=1 k=5120: 1 x 1205.64 us = 1205.64 us (2108.88 GFLOPS/s)
Total time: 1205.64 us.
----------------
Vulkan Timings:
MUL_MAT_VEC q6_K m=248320 n=1 k=5120: 1 x 1201.64 us = 1201.64 us (2115.9 GFLOPS/s)
Total time: 1201.64 us.
----------------
Vulkan Timings:
MUL_MAT_VEC q6_K m=248320 n=1 k=5120: 1 x 1195.64 us = 1195.64 us (2126.52 GFLOPS/s)
Total time: 1195.64 us.
----------------
Vulkan Timings:
MUL_MAT_VEC q6_K m=248320 n=1 k=5120: 1 x 1201.36 us = 1201.36 us (2116.39 GFLOPS/s)
Total time: 1201.36 us.
----------------
Vulkan Timings:
MUL_MAT_VEC q6_K m=248320 n=1 k=5120: 1 x 1197.56 us = 1197.56 us (2123.11 GFLOPS/s)
Total time: 1197.56 us.
----------------
Vulkan Timings:
MUL_MAT_VEC q6_K m=248320 n=1 k=5120: 1 x 1200.88 us = 1200.88 us (2117.24 GFLOPS/s)
Total time: 1200.88 us.
----------------
Vulkan Timings:
MUL_MAT_VEC q6_K m=248320 n=1 k=5120: 1 x 1202.04 us = 1202.04 us (2115.19 GFLOPS/s)
Total time: 1202.04 us.
----------------
Vulkan Timings:
MUL_MAT_VEC q6_K m=248320 n=1 k=5120: 1 x 1193.6 us = 1193.6 us (2130.15 GFLOPS/s)
Total time: 1193.6 us.
----------------
Vulkan Timings:
MUL_MAT_VEC q6_K m=248320 n=1 k=5120: 1 x 1190.32 us = 1190.32 us (2136.02 GFLOPS/s)
Total time: 1190.32 us.
----------------
Vulkan Timings:
MUL_MAT_VEC q6_K m=248320 n=1 k=5120: 1 x 1201.64 us = 1201.64 us (2115.9 GFLOPS/s)
Total time: 1201.64 us.
----------------
Vulkan Timings:
MUL_MAT_VEC q6_K m=248320 n=1 k=5120: 1 x 1200.52 us = 1200.52 us (2117.87 GFLOPS/s)
Total time: 1200.52 us.
----------------
Vulkan Timings:
MUL_MAT_VEC q6_K m=248320 n=1 k=5120: 1 x 1202.84 us = 1202.84 us (2113.79 GFLOPS/s)
Total time: 1202.84 us.
----------------
Vulkan Timings:
MUL_MAT_VEC q6_K m=248320 n=1 k=5120: 1 x 1201.72 us = 1201.72 us (2115.76 GFLOPS/s)
Total time: 1201.72 us.
----------------
Vulkan Timings:
MUL_MAT_VEC q6_K m=248320 n=1 k=5120: 1 x 1200.04 us = 1200.04 us (2118.72 GFLOPS/s)
Total time: 1200.04 us.
----------------
Vulkan Timings:
MUL_MAT_VEC q6_K m=248320 n=1 k=5120: 1 x 1200.88 us = 1200.88 us (2117.24 GFLOPS/s)
Total time: 1200.88 us.
----------------
Vulkan Timings:
MUL_MAT_VEC q6_K m=248320 n=1 k=5120: 1 x 1202.92 us = 1202.92 us (2113.65 GFLOPS/s)
Total time: 1202.92 us.
----------------
Vulkan Timings:
MUL_MAT_VEC q6_K m=248320 n=1 k=5120: 1 x 1200.92 us = 1200.92 us (2117.17 GFLOPS/s)
Total time: 1200.92 us.
----------------
Vulkan Timings:
MUL_MAT_VEC q6_K m=248320 n=1 k=5120: 1 x 1197.48 us = 1197.48 us (2123.25 GFLOPS/s)
Total time: 1197.48 us.
----------------
Vulkan Timings:
MUL_MAT_VEC q6_K m=248320 n=1 k=5120: 1 x 1193.44 us = 1193.44 us (2130.44 GFLOPS/s)
Total time: 1193.44 us.
----------------
Vulkan Timings:
MUL_MAT_VEC q6_K m=248320 n=1 k=5120: 1 x 1205.08 us = 1205.08 us (2109.86 GFLOPS/s)
Total time: 1205.08 us.
----------------
Vulkan Timings:
MUL_MAT_VEC q6_K m=248320 n=1 k=5120: 1 x 1200.88 us = 1200.88 us (2117.24 GFLOPS/s)
Total time: 1200.88 us.
----------------
Vulkan Timings:
MUL_MAT_VEC q6_K m=248320 n=1 k=5120: 1 x 1217.28 us = 1217.28 us (2088.71 GFLOPS/s)
Total time: 1217.28 us.
----------------
Vulkan Timings:
MUL_MAT_VEC q6_K m=248320 n=1 k=5120: 1 x 1199.48 us = 1199.48 us (2119.71 GFLOPS/s)
Total time: 1199.48 us.
----------------
Vulkan Timings:
MUL_MAT_VEC q6_K m=248320 n=1 k=5120: 1 x 1193.88 us = 1193.88 us (2129.65 GFLOPS/s)
Total time: 1193.88 us.
----------------
Vulkan Timings:
MUL_MAT_VEC q6_K m=248320 n=1 k=5120: 1 x 1197.92 us = 1197.92 us (2122.47 GFLOPS/s)
Total time: 1197.92 us.
----------------
Vulkan Timings:
MUL_MAT_VEC q6_K m=248320 n=1 k=5120: 1 x 1189.64 us = 1189.64 us (2137.24 GFLOPS/s)
Total time: 1189.64 us.
----------------
Vulkan Timings:
MUL_MAT_VEC q6_K m=248320 n=1 k=5120: 1 x 1198.48 us = 1198.48 us (2121.48 GFLOPS/s)
Total time: 1198.48 us.
----------------
Vulkan Timings:
MUL_MAT_VEC q6_K m=248320 n=1 k=5120: 1 x 1199.76 us = 1199.76 us (2119.21 GFLOPS/s)
Total time: 1199.76 us.
----------------
Vulkan Timings:
MUL_MAT_VEC q6_K m=248320 n=1 k=5120: 1 x 1189.32 us = 1189.32 us (2137.82 GFLOPS/s)
Total time: 1189.32 us.
----------------
Vulkan Timings:
MUL_MAT_VEC q6_K m=248320 n=1 k=5120: 1 x 1197.6 us = 1197.6 us (2123.04 GFLOPS/s)
Total time: 1197.6 us.
----------------
Vulkan Timings:
MUL_MAT_VEC q6_K m=248320 n=1 k=5120: 1 x 1190.4 us = 1190.4 us (2135.88 GFLOPS/s)
Total time: 1190.4 us.
----------------
Vulkan Timings:
MUL_MAT_VEC q6_K m=248320 n=1 k=5120: 1 x 1199.76 us = 1199.76 us (2119.21 GFLOPS/s)
Total time: 1199.76 us.
----------------
Vulkan Timings:
MUL_MAT_VEC q6_K m=248320 n=1 k=5120: 1 x 1200.52 us = 1200.52 us (2117.87 GFLOPS/s)
Total time: 1200.52 us.
----------------
Vulkan Timings:
MUL_MAT_VEC q6_K m=248320 n=1 k=5120: 1 x 1198.08 us = 1198.08 us (2122.19 GFLOPS/s)
Total time: 1198.08 us.
----------------
Vulkan Timings:
MUL_MAT_VEC q6_K m=248320 n=1 k=5120: 1 x 1201.72 us = 1201.72 us (2115.76 GFLOPS/s)
Total time: 1201.72 us.
----------------
Vulkan Timings:
MUL_MAT_VEC q6_K m=248320 n=1 k=5120: 1 x 1193.24 us = 1193.24 us (2130.79 GFLOPS/s)
Total time: 1193.24 us.
----------------
Vulkan Timings:
MUL_MAT_VEC q6_K m=248320 n=1 k=5120: 1 x 1200.96 us = 1200.96 us (2117.1 GFLOPS/s)
Total time: 1200.96 us.
----------------
Vulkan Timings:
MUL_MAT_VEC q6_K m=248320 n=1 k=5120: 1 x 1196.52 us = 1196.52 us (2124.95 GFLOPS/s)
Total time: 1196.52 us.
----------------
Vulkan Timings:
MUL_MAT_VEC q6_K m=248320 n=1 k=5120: 1 x 1203.24 us = 1203.24 us (2113.09 GFLOPS/s)
Total time: 1203.24 us.
----------------
Vulkan Timings:
MUL_MAT_VEC q6_K m=248320 n=1 k=5120: 1 x 1202.72 us = 1202.72 us (2114 GFLOPS/s)
Total time: 1202.72 us.
----------------
Vulkan Timings:
MUL_MAT_VEC q6_K m=248320 n=1 k=5120: 1 x 1200.04 us = 1200.04 us (2118.72 GFLOPS/s)
Total time: 1200.04 us.
----------------
Vulkan Timings:
MUL_MAT_VEC q6_K m=248320 n=1 k=5120: 1 x 1199.04 us = 1199.04 us (2120.49 GFLOPS/s)
Total time: 1199.04 us.
----------------
Vulkan Timings:
MUL_MAT_VEC q6_K m=248320 n=1 k=5120: 1 x 1202.52 us = 1202.52 us (2114.35 GFLOPS/s)
Total time: 1202.52 us.
----------------
Vulkan Timings:
MUL_MAT_VEC q6_K m=248320 n=1 k=5120: 1 x 1199.36 us = 1199.36 us (2119.92 GFLOPS/s)
Total time: 1199.36 us.
----------------
Vulkan Timings:
MUL_MAT_VEC q6_K m=248320 n=1 k=5120: 1 x 1190.28 us = 1190.28 us (2136.09 GFLOPS/s)
Total time: 1190.28 us.
----------------
Vulkan Timings:
MUL_MAT_VEC q6_K m=248320 n=1 k=5120: 1 x 1190.04 us = 1190.04 us (2136.52 GFLOPS/s)
Total time: 1190.04 us.
----------------
Vulkan Timings:
MUL_MAT_VEC q6_K m=248320 n=1 k=5120: 1 x 1227.12 us = 1227.12 us (2071.96 GFLOPS/s)
Total time: 1227.12 us.
----------------
Vulkan Timings:
MUL_MAT_VEC q6_K m=248320 n=1 k=5120: 1 x 1197.4 us = 1197.4 us (2123.39 GFLOPS/s)
Total time: 1197.4 us.
----------------
Vulkan Timings:
MUL_MAT_VEC q6_K m=248320 n=1 k=5120: 1 x 1195.76 us = 1195.76 us (2126.3 GFLOPS/s)
Total time: 1195.76 us.
----------------
Vulkan Timings:
MUL_MAT_VEC q6_K m=248320 n=1 k=5120: 1 x 1189.2 us = 1189.2 us (2138.03 GFLOPS/s)
Total time: 1189.2 us.
----------------
Vulkan Timings:
MUL_MAT_VEC q6_K m=248320 n=1 k=5120: 1 x 1203.36 us = 1203.36 us (2112.87 GFLOPS/s)
Total time: 1203.36 us.
----------------
Vulkan Timings:
MUL_MAT_VEC q6_K m=248320 n=1 k=5120: 1 x 1194.6 us = 1194.6 us (2128.37 GFLOPS/s)
Total time: 1194.6 us.
----------------
Vulkan Timings:
MUL_MAT_VEC q6_K m=248320 n=1 k=5120: 1 x 1203.76 us = 1203.76 us (2112.17 GFLOPS/s)
Total time: 1203.76 us.
----------------
Vulkan Timings:
MUL_MAT_VEC q6_K m=248320 n=1 k=5120: 1 x 1198.68 us = 1198.68 us (2121.12 GFLOPS/s)
Total time: 1198.68 us.
----------------
Vulkan Timings:
MUL_MAT_VEC q6_K m=248320 n=1 k=5120: 1 x 1194.52 us = 1194.52 us (2128.51 GFLOPS/s)
Total time: 1194.52 us.
----------------
Vulkan Timings:
MUL_MAT_VEC q6_K m=248320 n=1 k=5120: 1 x 1200.52 us = 1200.52 us (2117.87 GFLOPS/s)
Total time: 1200.52 us.
----------------
Vulkan Timings:
MUL_MAT_VEC q6_K m=248320 n=1 k=5120: 1 x 1202.8 us = 1202.8 us (2113.86 GFLOPS/s)
Total time: 1202.8 us.
----------------
Vulkan Timings:
MUL_MAT_VEC q6_K m=248320 n=1 k=5120: 1 x 1197.72 us = 1197.72 us (2122.82 GFLOPS/s)
Total time: 1197.72 us.
----------------
Vulkan Timings:
MUL_MAT_VEC q6_K m=248320 n=1 k=5120: 1 x 1197.52 us = 1197.52 us (2123.18 GFLOPS/s)
Total time: 1197.52 us.
----------------
Vulkan Timings:
MUL_MAT_VEC q6_K m=248320 n=1 k=5120: 1 x 1191.8 us = 1191.8 us (2133.37 GFLOPS/s)
Total time: 1191.8 us.
----------------
Vulkan Timings:
MUL_MAT_VEC q6_K m=248320 n=1 k=5120: 1 x 1199.6 us = 1199.6 us (2119.5 GFLOPS/s)
Total time: 1199.6 us.
----------------
Vulkan Timings:
MUL_MAT_VEC q6_K m=248320 n=1 k=5120: 1 x 1197.76 us = 1197.76 us (2122.75 GFLOPS/s)
Total time: 1197.76 us.
----------------
Vulkan Timings:
MUL_MAT_VEC q6_K m=248320 n=1 k=5120: 1 x 1197.24 us = 1197.24 us (2123.67 GFLOPS/s)
Total time: 1197.24 us.
----------------
Vulkan Timings:
MUL_MAT_VEC q6_K m=248320 n=1 k=5120: 1 x 1191.88 us = 1191.88 us (2133.23 GFLOPS/s)
Total time: 1191.88 us.
----------------
Vulkan Timings:
MUL_MAT_VEC q6_K m=248320 n=1 k=5120: 1 x 1193.84 us = 1193.84 us (2129.72 GFLOPS/s)
Total time: 1193.84 us.
----------------
Vulkan Timings:
MUL_MAT_VEC q6_K m=248320 n=1 k=5120: 1 x 1195.56 us = 1195.56 us (2126.66 GFLOPS/s)
Total time: 1195.56 us.
----------------
Vulkan Timings:
MUL_MAT_VEC q6_K m=248320 n=1 k=5120: 1 x 1202.36 us = 1202.36 us (2114.63 GFLOPS/s)
Total time: 1202.36 us.
----------------
Vulkan Timings:
MUL_MAT_VEC q6_K m=248320 n=1 k=5120: 1 x 1188.12 us = 1188.12 us (2139.98 GFLOPS/s)
Total time: 1188.12 us.
----------------
Vulkan Timings:
MUL_MAT_VEC q6_K m=248320 n=1 k=5120: 1 x 1192.68 us = 1192.68 us (2131.79 GFLOPS/s)
Total time: 1192.68 us.
----------------
Vulkan Timings:
MUL_MAT_VEC q6_K m=248320 n=1 k=5120: 1 x 1199.24 us = 1199.24 us (2120.13 GFLOPS/s)
Total time: 1199.24 us.
----------------
Vulkan Timings:
MUL_MAT_VEC q6_K m=248320 n=1 k=5120: 1 x 1197.56 us = 1197.56 us (2123.11 GFLOPS/s)
Total time: 1197.56 us.
----------------
Vulkan Timings:
MUL_MAT_VEC q6_K m=248320 n=1 k=5120: 1 x 1223.16 us = 1223.16 us (2078.67 GFLOPS/s)
Total time: 1223.16 us.
----------------
Vulkan Timings:
MUL_MAT_VEC q6_K m=248320 n=1 k=5120: 1 x 1193.68 us = 1193.68 us (2130.01 GFLOPS/s)
Total time: 1193.68 us.
----------------
Vulkan Timings:
MUL_MAT_VEC q6_K m=248320 n=1 k=5120: 1 x 1199.68 us = 1199.68 us (2119.36 GFLOPS/s)
Total time: 1199.68 us.
----------------
Vulkan Timings:
MUL_MAT_VEC q6_K m=248320 n=1 k=5120: 1 x 1198.8 us = 1198.8 us (2120.91 GFLOPS/s)
Total time: 1198.8 us.
----------------
Vulkan Timings:
MUL_MAT_VEC q6_K m=248320 n=1 k=5120: 1 x 1191.28 us = 1191.28 us (2134.3 GFLOPS/s)
Total time: 1191.28 us.
----------------
Vulkan Timings:
MUL_MAT_VEC q6_K m=248320 n=1 k=5120: 1 x 1199.2 us = 1199.2 us (2120.2 GFLOPS/s)
Total time: 1199.2 us.
----------------
Vulkan Timings:
MUL_MAT_VEC q6_K m=248320 n=1 k=5120: 1 x 1199.28 us = 1199.28 us (2120.06 GFLOPS/s)
Total time: 1199.28 us.
----------------
Vulkan Timings:
MUL_MAT_VEC q6_K m=248320 n=1 k=5120: 1 x 1199.08 us = 1199.08 us (2120.42 GFLOPS/s)
Total time: 1199.08 us.
----------------
Vulkan Timings:
MUL_MAT_VEC q6_K m=248320 n=1 k=5120: 1 x 1200.4 us = 1200.4 us (2118.08 GFLOPS/s)
Total time: 1200.4 us.
----------------
Vulkan Timings:
MUL_MAT_VEC q6_K m=248320 n=1 k=5120: 1 x 1202.64 us = 1202.64 us (2114.14 GFLOPS/s)
Total time: 1202.64 us.
----------------
Vulkan Timings:
MUL_MAT_VEC q6_K m=248320 n=1 k=5120: 1 x 1196.24 us = 1196.24 us (2125.45 GFLOPS/s)
Total time: 1196.24 us.
----------------
Vulkan Timings:
MUL_MAT_VEC q6_K m=248320 n=1 k=5120: 1 x 1203.52 us = 1203.52 us (2112.59 GFLOPS/s)
Total time: 1203.52 us.
----------------
Vulkan Timings:
MUL_MAT_VEC q6_K m=248320 n=1 k=5120: 1 x 1198.04 us = 1198.04 us (2122.26 GFLOPS/s)
Total time: 1198.04 us.
----------------
Vulkan Timings:
MUL_MAT_VEC q6_K m=248320 n=1 k=5120: 1 x 1199.2 us = 1199.2 us (2120.2 GFLOPS/s)
Total time: 1199.2 us.
----------------
Vulkan Timings:
MUL_MAT_VEC q6_K m=248320 n=1 k=5120: 1 x 1197.32 us = 1197.32 us (2123.53 GFLOPS/s)
Total time: 1197.32 us.
----------------
Vulkan Timings:
MUL_MAT_VEC q6_K m=248320 n=1 k=5120: 1 x 1200.8 us = 1200.8 us (2117.38 GFLOPS/s)
Total time: 1200.8 us.
----------------
Vulkan Timings:
MUL_MAT_VEC q6_K m=248320 n=1 k=5120: 1 x 1202.16 us = 1202.16 us (2114.98 GFLOPS/s)
Total time: 1202.16 us.
----------------
Vulkan Timings:
MUL_MAT_VEC q6_K m=248320 n=1 k=5120: 1 x 1198.8 us = 1198.8 us (2120.91 GFLOPS/s)
Total time: 1198.8 us.
----------------
Vulkan Timings:
MUL_MAT_VEC q6_K m=248320 n=1 k=5120: 1 x 1194.2 us = 1194.2 us (2129.08 GFLOPS/s)
Total time: 1194.2 us.
----------------
Vulkan Timings:
MUL_MAT_VEC q6_K m=248320 n=1 k=5120: 1 x 1196.36 us = 1196.36 us (2125.24 GFLOPS/s)
Total time: 1196.36 us.
----------------
Vulkan Timings:
MUL_MAT_VEC q6_K m=248320 n=1 k=5120: 1 x 1197.2 us = 1197.2 us (2123.75 GFLOPS/s)
Total time: 1197.2 us.
----------------
Vulkan Timings:
MUL_MAT_VEC q6_K m=248320 n=1 k=5120: 1 x 1204.92 us = 1204.92 us (2110.14 GFLOPS/s)
Total time: 1204.92 us.
----------------
Vulkan Timings:
MUL_MAT_VEC q6_K m=248320 n=1 k=5120: 1 x 1197.08 us = 1197.08 us (2123.96 GFLOPS/s)
Total time: 1197.08 us.
----------------
Vulkan Timings:
MUL_MAT_VEC q6_K m=248320 n=1 k=5120: 1 x 1207.72 us = 1207.72 us (2105.25 GFLOPS/s)
Total time: 1207.72 us.
----------------
Vulkan Timings:
MUL_MAT_VEC q6_K m=248320 n=1 k=5120: 1 x 1193.16 us = 1193.16 us (2130.94 GFLOPS/s)
Total time: 1193.16 us.
----------------
Vulkan Timings:
MUL_MAT_VEC q6_K m=248320 n=1 k=5120: 1 x 1218.88 us = 1218.88 us (2085.97 GFLOPS/s)
Total time: 1218.88 us.
----------------
Vulkan Timings:
MUL_MAT_VEC q6_K m=248320 n=1 k=5120: 1 x 1204.04 us = 1204.04 us (2111.68 GFLOPS/s)
Total time: 1204.04 us.
----------------
Vulkan Timings:
MUL_MAT_VEC q6_K m=248320 n=1 k=5120: 1 x 1202.52 us = 1202.52 us (2114.35 GFLOPS/s)
Total time: 1202.52 us.
----------------
Vulkan Timings:
MUL_MAT_VEC q6_K m=248320 n=1 k=5120: 1 x 1195 us = 1195 us (2127.66 GFLOPS/s)
Total time: 1195 us.
----------------
Vulkan Timings:
MUL_MAT_VEC q6_K m=248320 n=1 k=5120: 1 x 1195.76 us = 1195.76 us (2126.3 GFLOPS/s)
Total time: 1195.76 us.
----------------
Vulkan Timings:
MUL_MAT_VEC q6_K m=248320 n=1 k=5120: 1 x 1202.76 us = 1202.76 us (2113.93 GFLOPS/s)
Total time: 1202.76 us.
----------------
Vulkan Timings:
MUL_MAT_VEC q6_K m=248320 n=1 k=5120: 1 x 1202.32 us = 1202.32 us (2114.7 GFLOPS/s)
Total time: 1202.32 us.
----------------
Vulkan Timings:
MUL_MAT_VEC q6_K m=248320 n=1 k=5120: 1 x 1195.2 us = 1195.2 us (2127.3 GFLOPS/s)
Total time: 1195.2 us.
----------------
Vulkan Timings:
MUL_MAT_VEC q6_K m=248320 n=1 k=5120: 1 x 1198 us = 1198 us (2122.33 GFLOPS/s)
Total time: 1198 us.
----------------
Vulkan Timings:
MUL_MAT_VEC q6_K m=248320 n=1 k=5120: 1 x 1194.08 us = 1194.08 us (2129.29 GFLOPS/s)
Total time: 1194.08 us.
----------------
Vulkan Timings:
MUL_MAT_VEC q6_K m=248320 n=1 k=5120: 1 x 1202.52 us = 1202.52 us (2114.35 GFLOPS/s)
Total time: 1202.52 us.
----------------
Vulkan Timings:
MUL_MAT_VEC q6_K m=248320 n=1 k=5120: 1 x 1189.12 us = 1189.12 us (2138.18 GFLOPS/s)
Total time: 1189.12 us.
----------------
Vulkan Timings:
MUL_MAT_VEC q6_K m=248320 n=1 k=5120: 1 x 1206.6 us = 1206.6 us (2107.2 GFLOPS/s)
Total time: 1206.6 us.
----------------
Vulkan Timings:
MUL_MAT_VEC q6_K m=248320 n=1 k=5120: 1 x 1197.52 us = 1197.52 us (2123.18 GFLOPS/s)
Total time: 1197.52 us.
----------------
Vulkan Timings:
MUL_MAT_VEC q6_K m=248320 n=1 k=5120: 1 x 1199.64 us = 1199.64 us (2119.43 GFLOPS/s)
Total time: 1199.64 us.
----------------
Vulkan Timings:
MUL_MAT_VEC q6_K m=248320 n=1 k=5120: 1 x 1197.72 us = 1197.72 us (2122.82 GFLOPS/s)
Total time: 1197.72 us.
----------------
Vulkan Timings:
MUL_MAT_VEC q6_K m=248320 n=1 k=5120: 1 x 1200.12 us = 1200.12 us (2118.58 GFLOPS/s)
Total time: 1200.12 us.
----------------
Vulkan Timings:
MUL_MAT_VEC q6_K m=248320 n=1 k=5120: 1 x 1198.48 us = 1198.48 us (2121.48 GFLOPS/s)
Total time: 1198.48 us.
----------------
Vulkan Timings:
MUL_MAT_VEC q6_K m=248320 n=1 k=5120: 1 x 1199.72 us = 1199.72 us (2119.28 GFLOPS/s)
Total time: 1199.72 us.
----------------
Vulkan Timings:
MUL_MAT_VEC q6_K m=248320 n=1 k=5120: 1 x 1198.04 us = 1198.04 us (2122.26 GFLOPS/s)
Total time: 1198.04 us.
----------------
Vulkan Timings:
MUL_MAT_VEC q6_K m=248320 n=1 k=5120: 1 x 1204.48 us = 1204.48 us (2110.91 GFLOPS/s)
Total time: 1204.48 us.
----------------
Vulkan Timings:
MUL_MAT_VEC q6_K m=248320 n=1 k=5120: 1 x 1194.16 us = 1194.16 us (2129.15 GFLOPS/s)
Total time: 1194.16 us.
----------------
Vulkan Timings:
MUL_MAT_VEC q6_K m=248320 n=1 k=5120: 1 x 1204 us = 1204 us (2111.75 GFLOPS/s)
Total time: 1204 us.
----------------
Vulkan Timings:
MUL_MAT_VEC q6_K m=248320 n=1 k=5120: 1 x 1192.44 us = 1192.44 us (2132.22 GFLOPS/s)
Total time: 1192.44 us.
----------------
Vulkan Timings:
MUL_MAT_VEC q6_K m=248320 n=1 k=5120: 1 x 1206.12 us = 1206.12 us (2108.04 GFLOPS/s)
Total time: 1206.12 us.
----------------
Vulkan Timings:
MUL_MAT_VEC q6_K m=248320 n=1 k=5120: 1 x 1236.8 us = 1236.8 us (2055.75 GFLOPS/s)
Total time: 1236.8 us.
----------------
Vulkan Timings:
MUL_MAT_VEC q6_K m=248320 n=1 k=5120: 1 x 1193.16 us = 1193.16 us (2130.94 GFLOPS/s)
Total time: 1193.16 us.
----------------
Vulkan Timings:
MUL_MAT_VEC q6_K m=248320 n=1 k=5120: 1 x 1200.04 us = 1200.04 us (2118.72 GFLOPS/s)
Total time: 1200.04 us.
----------------
Vulkan Timings:
MUL_MAT_VEC q6_K m=248320 n=1 k=5120: 1 x 1203.6 us = 1203.6 us (2112.45 GFLOPS/s)
Total time: 1203.6 us.
----------------
Vulkan Timings:
MUL_MAT_VEC q6_K m=248320 n=1 k=5120: 1 x 1192.28 us = 1192.28 us (2132.51 GFLOPS/s)
Total time: 1192.28 us.
----------------
Vulkan Timings:
MUL_MAT_VEC q6_K m=248320 n=1 k=5120: 1 x 1205.24 us = 1205.24 us (2109.58 GFLOPS/s)
Total time: 1205.24 us.
----------------
Vulkan Timings:
MUL_MAT_VEC q6_K m=248320 n=1 k=5120: 1 x 1202 us = 1202 us (2115.26 GFLOPS/s)
Total time: 1202 us.
----------------
Vulkan Timings:
MUL_MAT_VEC q6_K m=248320 n=1 k=5120: 1 x 1200.08 us = 1200.08 us (2118.65 GFLOPS/s)
Total time: 1200.08 us.
----------------
Vulkan Timings:
MUL_MAT_VEC q6_K m=248320 n=1 k=5120: 1 x 1201.88 us = 1201.88 us (2115.48 GFLOPS/s)
Total time: 1201.88 us.
----------------
Vulkan Timings:
MUL_MAT_VEC q6_K m=248320 n=1 k=5120: 1 x 1194.96 us = 1194.96 us (2127.73 GFLOPS/s)
Total time: 1194.96 us.
----------------
Vulkan Timings:
MUL_MAT_VEC q6_K m=248320 n=1 k=5120: 1 x 1198.4 us = 1198.4 us (2121.62 GFLOPS/s)
Total time: 1198.4 us.
----------------
Vulkan Timings:
MUL_MAT_VEC q6_K m=248320 n=1 k=5120: 1 x 1198.08 us = 1198.08 us (2122.19 GFLOPS/s)
Total time: 1198.08 us.
----------------
Vulkan Timings:
MUL_MAT_VEC q6_K m=248320 n=1 k=5120: 1 x 1215.52 us = 1215.52 us (2091.74 GFLOPS/s)
Total time: 1215.52 us.
----------------
Vulkan Timings:
MUL_MAT_VEC q6_K m=248320 n=1 k=5120: 1 x 1200.12 us = 1200.12 us (2118.58 GFLOPS/s)
Total time: 1200.12 us.
----------------
Vulkan Timings:
MUL_MAT_VEC q6_K m=248320 n=1 k=5120: 1 x 1197.24 us = 1197.24 us (2123.67 GFLOPS/s)
Total time: 1197.24 us.
----------------
Vulkan Timings:
MUL_MAT_VEC q6_K m=248320 n=1 k=5120: 1 x 1196.92 us = 1196.92 us (2124.24 GFLOPS/s)
Total time: 1196.92 us.
----------------
Vulkan Timings:
MUL_MAT_VEC q6_K m=248320 n=1 k=5120: 1 x 1193.88 us = 1193.88 us (2129.65 GFLOPS/s)
Total time: 1193.88 us.
----------------
Vulkan Timings:
MUL_MAT_VEC q6_K m=248320 n=1 k=5120: 1 x 1202.56 us = 1202.56 us (2114.28 GFLOPS/s)
Total time: 1202.56 us.
----------------
Vulkan Timings:
MUL_MAT_VEC q6_K m=248320 n=1 k=5120: 1 x 1205.92 us = 1205.92 us (2108.39 GFLOPS/s)
Total time: 1205.92 us.
----------------
Vulkan Timings:
MUL_MAT_VEC q6_K m=248320 n=1 k=5120: 1 x 1197.12 us = 1197.12 us (2123.89 GFLOPS/s)
Total time: 1197.12 us.
----------------
Vulkan Timings:
MUL_MAT_VEC q6_K m=248320 n=1 k=5120: 1 x 1193 us = 1193 us (2131.22 GFLOPS/s)
Total time: 1193 us.
----------------
Vulkan Timings:
MUL_MAT_VEC q6_K m=248320 n=1 k=5120: 1 x 1198.16 us = 1198.16 us (2122.04 GFLOPS/s)
Total time: 1198.16 us.
----------------
Vulkan Timings:
MUL_MAT_VEC q6_K m=248320 n=1 k=5120: 1 x 1198.48 us = 1198.48 us (2121.48 GFLOPS/s)
Total time: 1198.48 us.
----------------
Vulkan Timings:
MUL_MAT_VEC q6_K m=248320 n=1 k=5120: 1 x 1203.08 us = 1203.08 us (2113.37 GFLOPS/s)
Total time: 1203.08 us.
----------------
Vulkan Timings:
MUL_MAT_VEC q6_K m=248320 n=1 k=5120: 1 x 1200.56 us = 1200.56 us (2117.8 GFLOPS/s)
Total time: 1200.56 us.
----------------
Vulkan Timings:
MUL_MAT_VEC q6_K m=248320 n=1 k=5120: 1 x 1226.96 us = 1226.96 us (2072.23 GFLOPS/s)
Total time: 1226.96 us.
----------------
Vulkan Timings:
MUL_MAT_VEC q6_K m=248320 n=1 k=5120: 1 x 1203.24 us = 1203.24 us (2113.09 GFLOPS/s)
Total time: 1203.24 us.
----------------
Vulkan Timings:
MUL_MAT_VEC q6_K m=248320 n=1 k=5120: 1 x 1201.56 us = 1201.56 us (2116.04 GFLOPS/s)
Total time: 1201.56 us.
----------------
Vulkan Timings:
MUL_MAT_VEC q6_K m=248320 n=1 k=5120: 1 x 1198.4 us = 1198.4 us (2121.62 GFLOPS/s)
Total time: 1198.4 us.
----------------
Vulkan Timings:
MUL_MAT_VEC q6_K m=248320 n=1 k=5120: 1 x 1202.12 us = 1202.12 us (2115.05 GFLOPS/s)
Total time: 1202.12 us.
----------------
Vulkan Timings:
MUL_MAT_VEC q6_K m=248320 n=1 k=5120: 1 x 1196.56 us = 1196.56 us (2124.88 GFLOPS/s)
Total time: 1196.56 us.
----------------
Vulkan Timings:
MUL_MAT_VEC q6_K m=248320 n=1 k=5120: 1 x 1197.84 us = 1197.84 us (2122.61 GFLOPS/s)
Total time: 1197.84 us.
----------------
Vulkan Timings:
MUL_MAT_VEC q6_K m=248320 n=1 k=5120: 1 x 1193.92 us = 1193.92 us (2129.58 GFLOPS/s)
Total time: 1193.92 us.
----------------
Vulkan Timings:
MUL_MAT_VEC q6_K m=248320 n=1 k=5120: 1 x 1196.88 us = 1196.88 us (2124.31 GFLOPS/s)
Total time: 1196.88 us.
----------------
Vulkan Timings:
MUL_MAT_VEC q6_K m=248320 n=1 k=5120: 1 x 1194.16 us = 1194.16 us (2129.15 GFLOPS/s)
Total time: 1194.16 us.
----------------
Vulkan Timings:
MUL_MAT_VEC q6_K m=248320 n=1 k=5120: 1 x 1203.52 us = 1203.52 us (2112.59 GFLOPS/s)
Total time: 1203.52 us.
----------------
Vulkan Timings:
MUL_MAT_VEC q6_K m=248320 n=1 k=5120: 1 x 1197.4 us = 1197.4 us (2123.39 GFLOPS/s)
Total time: 1197.4 us.
----------------
Vulkan Timings:
MUL_MAT_VEC q6_K m=248320 n=1 k=5120: 1 x 1221.04 us = 1221.04 us (2082.28 GFLOPS/s)
Total time: 1221.04 us.
----------------
Vulkan Timings:
MUL_MAT_VEC q6_K m=248320 n=1 k=5120: 1 x 1197.6 us = 1197.6 us (2123.04 GFLOPS/s)
Total time: 1197.6 us.
----------------
Vulkan Timings:
MUL_MAT_VEC q6_K m=248320 n=1 k=5120: 1 x 1202.36 us = 1202.36 us (2114.63 GFLOPS/s)
Total time: 1202.36 us.
----------------
Vulkan Timings:
MUL_MAT_VEC q6_K m=248320 n=1 k=5120: 1 x 1187.8 us = 1187.8 us (2140.55 GFLOPS/s)
Total time: 1187.8 us.
----------------
Vulkan Timings:
MUL_MAT_VEC q6_K m=248320 n=1 k=5120: 1 x 1202.68 us = 1202.68 us (2114.07 GFLOPS/s)
Total time: 1202.68 us.
----------------
Vulkan Timings:
MUL_MAT_VEC q6_K m=248320 n=1 k=5120: 1 x 1197.36 us = 1197.36 us (2123.46 GFLOPS/s)
Total time: 1197.36 us.
----------------
Vulkan Timings:
MUL_MAT_VEC q6_K m=248320 n=1 k=5120: 1 x 1205.64 us = 1205.64 us (2108.88 GFLOPS/s)
Total time: 1205.64 us.
----------------
Vulkan Timings:
MUL_MAT_VEC q6_K m=248320 n=1 k=5120: 1 x 1201.72 us = 1201.72 us (2115.76 GFLOPS/s)
Total time: 1201.72 us.
----------------
Vulkan Timings:
MUL_MAT_VEC q6_K m=248320 n=1 k=5120: 1 x 1200.76 us = 1200.76 us (2117.45 GFLOPS/s)
Total time: 1200.76 us.
----------------
Vulkan Timings:
MUL_MAT_VEC q6_K m=248320 n=1 k=5120: 1 x 1200.92 us = 1200.92 us (2117.17 GFLOPS/s)
Total time: 1200.92 us.
----------------
Vulkan Timings:
MUL_MAT_VEC q6_K m=248320 n=1 k=5120: 1 x 1201.36 us = 1201.36 us (2116.39 GFLOPS/s)
Total time: 1201.36 us.
----------------
Vulkan Timings:
MUL_MAT_VEC q6_K m=248320 n=1 k=5120: 1 x 1204.8 us = 1204.8 us (2110.35 GFLOPS/s)
Total time: 1204.8 us.
----------------
Vulkan Timings:
MUL_MAT_VEC q6_K m=248320 n=1 k=5120: 1 x 1203.2 us = 1203.2 us (2113.16 GFLOPS/s)
Total time: 1203.2 us.
----------------
Vulkan Timings:
MUL_MAT_VEC q6_K m=248320 n=1 k=5120: 1 x 1238.48 us = 1238.48 us (2052.96 GFLOPS/s)
Total time: 1238.48 us.
----------------
Vulkan Timings:
MUL_MAT_VEC q6_K m=248320 n=1 k=5120: 1 x 1204.72 us = 1204.72 us (2110.49 GFLOPS/s)
Total time: 1204.72 us.
----------------
Vulkan Timings:
MUL_MAT_VEC q6_K m=248320 n=1 k=5120: 1 x 1198.48 us = 1198.48 us (2121.48 GFLOPS/s)
Total time: 1198.48 us.
----------------
Vulkan Timings:
MUL_MAT_VEC q6_K m=248320 n=1 k=5120: 1 x 1196.92 us = 1196.92 us (2124.24 GFLOPS/s)
Total time: 1196.92 us.
----------------
Vulkan Timings:
MUL_MAT_VEC q6_K m=248320 n=1 k=5120: 1 x 1200.28 us = 1200.28 us (2118.3 GFLOPS/s)
Total time: 1200.28 us.
----------------
Vulkan Timings:
MUL_MAT_VEC q6_K m=248320 n=1 k=5120: 1 x 1193.32 us = 1193.32 us (2130.65 GFLOPS/s)
Total time: 1193.32 us.
----------------
Vulkan Timings:
MUL_MAT_VEC q6_K m=248320 n=1 k=5120: 1 x 1201.64 us = 1201.64 us (2115.9 GFLOPS/s)
Total time: 1201.64 us.
----------------
Vulkan Timings:
MUL_MAT_VEC q6_K m=248320 n=1 k=5120: 1 x 1193.32 us = 1193.32 us (2130.65 GFLOPS/s)
Total time: 1193.32 us.
----------------
Vulkan Timings:
MUL_MAT_VEC q6_K m=248320 n=1 k=5120: 1 x 1201.12 us = 1201.12 us (2116.81 GFLOPS/s)
Total time: 1201.12 us.
----------------
Vulkan Timings:
MUL_MAT_VEC q6_K m=248320 n=1 k=5120: 1 x 1208.04 us = 1208.04 us (2104.69 GFLOPS/s)
Total time: 1208.04 us.
----------------
Vulkan Timings:
MUL_MAT_VEC q6_K m=248320 n=1 k=5120: 1 x 1199 us = 1199 us (2120.56 GFLOPS/s)
Total time: 1199 us.
----------------
Vulkan Timings:
MUL_MAT_VEC q6_K m=248320 n=1 k=5120: 1 x 1194.24 us = 1194.24 us (2129.01 GFLOPS/s)
Total time: 1194.24 us.
----------------
Vulkan Timings:
MUL_MAT_VEC q6_K m=248320 n=1 k=5120: 1 x 1216.16 us = 1216.16 us (2090.64 GFLOPS/s)
Total time: 1216.16 us.
----------------
Vulkan Timings:
MUL_MAT_VEC q6_K m=248320 n=1 k=5120: 1 x 1205.12 us = 1205.12 us (2109.79 GFLOPS/s)
Total time: 1205.12 us.
----------------
Vulkan Timings:
MUL_MAT_VEC q6_K m=248320 n=1 k=5120: 1 x 1203.2 us = 1203.2 us (2113.16 GFLOPS/s)
Total time: 1203.2 us.
----------------
Vulkan Timings:
MUL_MAT_VEC q6_K m=248320 n=1 k=5120: 1 x 1199.84 us = 1199.84 us (2119.07 GFLOPS/s)
Total time: 1199.84 us.
----------------
Vulkan Timings:
MUL_MAT_VEC q6_K m=248320 n=1 k=5120: 1 x 1203.84 us = 1203.84 us (2112.03 GFLOPS/s)
Total time: 1203.84 us.
----------------
Vulkan Timings:
MUL_MAT_VEC q6_K m=248320 n=1 k=5120: 1 x 1203.88 us = 1203.88 us (2111.96 GFLOPS/s)
Total time: 1203.88 us.
----------------
Vulkan Timings:
MUL_MAT_VEC q6_K m=248320 n=1 k=5120: 1 x 1196.36 us = 1196.36 us (2125.24 GFLOPS/s)
Total time: 1196.36 us.
----------------
Vulkan Timings:
MUL_MAT_VEC q6_K m=248320 n=1 k=5120: 1 x 1201.56 us = 1201.56 us (2116.04 GFLOPS/s)
Total time: 1201.56 us.
----------------
Vulkan Timings:
MUL_MAT_VEC q6_K m=248320 n=1 k=5120: 1 x 1197.24 us = 1197.24 us (2123.67 GFLOPS/s)
Total time: 1197.24 us.
----------------
Vulkan Timings:
MUL_MAT_VEC q6_K m=248320 n=1 k=5120: 1 x 1202.56 us = 1202.56 us (2114.28 GFLOPS/s)
Total time: 1202.56 us.
----------------
Vulkan Timings:
MUL_MAT_VEC q6_K m=248320 n=1 k=5120: 1 x 1195.16 us = 1195.16 us (2127.37 GFLOPS/s)
Total time: 1195.16 us.
----------------
Vulkan Timings:
MUL_MAT_VEC q6_K m=248320 n=1 k=5120: 1 x 1203.2 us = 1203.2 us (2113.16 GFLOPS/s)
Total time: 1203.2 us.
----------------
Vulkan Timings:
MUL_MAT_VEC q6_K m=248320 n=1 k=5120: 1 x 1204 us = 1204 us (2111.75 GFLOPS/s)
Total time: 1204 us.
