["/home/USER/projects/zerv/.tools/zig-x86_64-linux-0.16.0/zig", "build", "test", "--summary", "all"]
Build Summary: 3/3 steps succeeded; 20/20 tests passed
test success
+- run test 20 pass (20 total) 5s MaxRSS:10M
   +- compile test Debug native cached 8ms MaxRSS:41M

["/home/USER/projects/zerv/.tools/zig-x86_64-linux-0.16.0/zig", "build", "test", "split-bench-build", "-Doptimize=ReleaseFast", "--summary", "all"]
Build Summary: 6/6 steps succeeded; 20/20 tests passed
test success
+- run test 20 pass (20 total) 760ms MaxRSS:6M
   +- compile test ReleaseFast native cached 8ms MaxRSS:41M
split-bench-build cached
+- install zerv-split-bench cached
   +- compile exe zerv-split-bench ReleaseFast native cached 7ms MaxRSS:41M

["/home/USER/projects/zerv/zig-out/bin/zerv-split-bench", "/home/USER/projects/zerv/tests/fixtures/tokenizer-split/manifest.json"]
{"workload":"ascii","trial":0,"iterations":100,"input_bytes":17408,"pieces":6144,"elapsed_ns":32977671,"output_sha256":"324dc2019fd364a76d82f812bcafb1d5adf25c1a3aa25261872ee5426609877d"}
{"workload":"ascii","trial":1,"iterations":100,"input_bytes":17408,"pieces":6144,"elapsed_ns":32926213,"output_sha256":"324dc2019fd364a76d82f812bcafb1d5adf25c1a3aa25261872ee5426609877d"}
{"workload":"ascii","trial":2,"iterations":100,"input_bytes":17408,"pieces":6144,"elapsed_ns":32926103,"output_sha256":"324dc2019fd364a76d82f812bcafb1d5adf25c1a3aa25261872ee5426609877d"}
{"workload":"ascii","trial":3,"iterations":100,"input_bytes":17408,"pieces":6144,"elapsed_ns":32922837,"output_sha256":"324dc2019fd364a76d82f812bcafb1d5adf25c1a3aa25261872ee5426609877d"}
{"workload":"ascii","trial":4,"iterations":100,"input_bytes":17408,"pieces":6144,"elapsed_ns":32914982,"output_sha256":"324dc2019fd364a76d82f812bcafb1d5adf25c1a3aa25261872ee5426609877d"}
{"workload":"ascii","trial":5,"iterations":100,"input_bytes":17408,"pieces":6144,"elapsed_ns":32894172,"output_sha256":"324dc2019fd364a76d82f812bcafb1d5adf25c1a3aa25261872ee5426609877d"}
{"workload":"ascii","trial":6,"iterations":100,"input_bytes":17408,"pieces":6144,"elapsed_ns":32919480,"output_sha256":"324dc2019fd364a76d82f812bcafb1d5adf25c1a3aa25261872ee5426609877d"}
{"workload":"multilingual","trial":0,"iterations":100,"input_bytes":13568,"pieces":2304,"elapsed_ns":15443465,"output_sha256":"088906e5eebdb91f8761330eb7184498bbd712943e1cc61cb26f3643849164f4"}
{"workload":"multilingual","trial":1,"iterations":100,"input_bytes":13568,"pieces":2304,"elapsed_ns":15439658,"output_sha256":"088906e5eebdb91f8761330eb7184498bbd712943e1cc61cb26f3643849164f4"}
{"workload":"multilingual","trial":2,"iterations":100,"input_bytes":13568,"pieces":2304,"elapsed_ns":15408870,"output_sha256":"088906e5eebdb91f8761330eb7184498bbd712943e1cc61cb26f3643849164f4"}
{"workload":"multilingual","trial":3,"iterations":100,"input_bytes":13568,"pieces":2304,"elapsed_ns":15400443,"output_sha256":"088906e5eebdb91f8761330eb7184498bbd712943e1cc61cb26f3643849164f4"}
{"workload":"multilingual","trial":4,"iterations":100,"input_bytes":13568,"pieces":2304,"elapsed_ns":15431152,"output_sha256":"088906e5eebdb91f8761330eb7184498bbd712943e1cc61cb26f3643849164f4"}
{"workload":"multilingual","trial":5,"iterations":100,"input_bytes":13568,"pieces":2304,"elapsed_ns":15285245,"output_sha256":"088906e5eebdb91f8761330eb7184498bbd712943e1cc61cb26f3643849164f4"}
{"workload":"multilingual","trial":6,"iterations":100,"input_bytes":13568,"pieces":2304,"elapsed_ns":15291367,"output_sha256":"088906e5eebdb91f8761330eb7184498bbd712943e1cc61cb26f3643849164f4"}
{"workload":"whitespace","trial":0,"iterations":100,"input_bytes":16385,"pieces":2,"elapsed_ns":20638816,"output_sha256":"3a5b70fface214736ed986a2a76d1405974a8aebb9d1f7f741e36bbd4cf36b6d"}
{"workload":"whitespace","trial":1,"iterations":100,"input_bytes":16385,"pieces":2,"elapsed_ns":20632054,"output_sha256":"3a5b70fface214736ed986a2a76d1405974a8aebb9d1f7f741e36bbd4cf36b6d"}
{"workload":"whitespace","trial":2,"iterations":100,"input_bytes":16385,"pieces":2,"elapsed_ns":20628768,"output_sha256":"3a5b70fface214736ed986a2a76d1405974a8aebb9d1f7f741e36bbd4cf36b6d"}
{"workload":"whitespace","trial":3,"iterations":100,"input_bytes":16385,"pieces":2,"elapsed_ns":20641091,"output_sha256":"3a5b70fface214736ed986a2a76d1405974a8aebb9d1f7f741e36bbd4cf36b6d"}
{"workload":"whitespace","trial":4,"iterations":100,"input_bytes":16385,"pieces":2,"elapsed_ns":20635560,"output_sha256":"3a5b70fface214736ed986a2a76d1405974a8aebb9d1f7f741e36bbd4cf36b6d"}
{"workload":"whitespace","trial":5,"iterations":100,"input_bytes":16385,"pieces":2,"elapsed_ns":20639237,"output_sha256":"3a5b70fface214736ed986a2a76d1405974a8aebb9d1f7f741e36bbd4cf36b6d"}
{"workload":"whitespace","trial":6,"iterations":100,"input_bytes":16385,"pieces":2,"elapsed_ns":20636553,"output_sha256":"3a5b70fface214736ed986a2a76d1405974a8aebb9d1f7f741e36bbd4cf36b6d"}
["/home/USER/projects/zerv/.tools/tokenizer-oracle-venv/bin/python", "/home/USER/projects/zerv/bench/run_split.py", "--reference-worker"]
{"workload": "ascii", "trial": 0, "iterations": 100, "elapsed_ns": 448056654, "input_bytes": 17408, "pieces": 6144, "output_sha256": "324dc2019fd364a76d82f812bcafb1d5adf25c1a3aa25261872ee5426609877d"}
{"workload": "ascii", "trial": 1, "iterations": 100, "elapsed_ns": 447835254, "input_bytes": 17408, "pieces": 6144, "output_sha256": "324dc2019fd364a76d82f812bcafb1d5adf25c1a3aa25261872ee5426609877d"}
{"workload": "ascii", "trial": 2, "iterations": 100, "elapsed_ns": 435677403, "input_bytes": 17408, "pieces": 6144, "output_sha256": "324dc2019fd364a76d82f812bcafb1d5adf25c1a3aa25261872ee5426609877d"}
{"workload": "ascii", "trial": 3, "iterations": 100, "elapsed_ns": 426469511, "input_bytes": 17408, "pieces": 6144, "output_sha256": "324dc2019fd364a76d82f812bcafb1d5adf25c1a3aa25261872ee5426609877d"}
{"workload": "ascii", "trial": 4, "iterations": 100, "elapsed_ns": 424124018, "input_bytes": 17408, "pieces": 6144, "output_sha256": "324dc2019fd364a76d82f812bcafb1d5adf25c1a3aa25261872ee5426609877d"}
{"workload": "ascii", "trial": 5, "iterations": 100, "elapsed_ns": 424278691, "input_bytes": 17408, "pieces": 6144, "output_sha256": "324dc2019fd364a76d82f812bcafb1d5adf25c1a3aa25261872ee5426609877d"}
{"workload": "ascii", "trial": 6, "iterations": 100, "elapsed_ns": 423053429, "input_bytes": 17408, "pieces": 6144, "output_sha256": "324dc2019fd364a76d82f812bcafb1d5adf25c1a3aa25261872ee5426609877d"}
{"workload": "multilingual", "trial": 0, "iterations": 100, "elapsed_ns": 205152845, "input_bytes": 13568, "pieces": 2304, "output_sha256": "088906e5eebdb91f8761330eb7184498bbd712943e1cc61cb26f3643849164f4"}
{"workload": "multilingual", "trial": 1, "iterations": 100, "elapsed_ns": 206594427, "input_bytes": 13568, "pieces": 2304, "output_sha256": "088906e5eebdb91f8761330eb7184498bbd712943e1cc61cb26f3643849164f4"}
{"workload": "multilingual", "trial": 2, "iterations": 100, "elapsed_ns": 205210736, "input_bytes": 13568, "pieces": 2304, "output_sha256": "088906e5eebdb91f8761330eb7184498bbd712943e1cc61cb26f3643849164f4"}
{"workload": "multilingual", "trial": 3, "iterations": 100, "elapsed_ns": 205051433, "input_bytes": 13568, "pieces": 2304, "output_sha256": "088906e5eebdb91f8761330eb7184498bbd712943e1cc61cb26f3643849164f4"}
{"workload": "multilingual", "trial": 4, "iterations": 100, "elapsed_ns": 204912290, "input_bytes": 13568, "pieces": 2304, "output_sha256": "088906e5eebdb91f8761330eb7184498bbd712943e1cc61cb26f3643849164f4"}
{"workload": "multilingual", "trial": 5, "iterations": 100, "elapsed_ns": 203174638, "input_bytes": 13568, "pieces": 2304, "output_sha256": "088906e5eebdb91f8761330eb7184498bbd712943e1cc61cb26f3643849164f4"}
{"workload": "multilingual", "trial": 6, "iterations": 100, "elapsed_ns": 204616780, "input_bytes": 13568, "pieces": 2304, "output_sha256": "088906e5eebdb91f8761330eb7184498bbd712943e1cc61cb26f3643849164f4"}
{"workload": "whitespace", "trial": 0, "iterations": 100, "elapsed_ns": 90917016, "input_bytes": 16385, "pieces": 2, "output_sha256": "3a5b70fface214736ed986a2a76d1405974a8aebb9d1f7f741e36bbd4cf36b6d"}
{"workload": "whitespace", "trial": 1, "iterations": 100, "elapsed_ns": 91080406, "input_bytes": 16385, "pieces": 2, "output_sha256": "3a5b70fface214736ed986a2a76d1405974a8aebb9d1f7f741e36bbd4cf36b6d"}
{"workload": "whitespace", "trial": 2, "iterations": 100, "elapsed_ns": 91140490, "input_bytes": 16385, "pieces": 2, "output_sha256": "3a5b70fface214736ed986a2a76d1405974a8aebb9d1f7f741e36bbd4cf36b6d"}
{"workload": "whitespace", "trial": 3, "iterations": 100, "elapsed_ns": 91378841, "input_bytes": 16385, "pieces": 2, "output_sha256": "3a5b70fface214736ed986a2a76d1405974a8aebb9d1f7f741e36bbd4cf36b6d"}
{"workload": "whitespace", "trial": 4, "iterations": 100, "elapsed_ns": 91069325, "input_bytes": 16385, "pieces": 2, "output_sha256": "3a5b70fface214736ed986a2a76d1405974a8aebb9d1f7f741e36bbd4cf36b6d"}
{"workload": "whitespace", "trial": 5, "iterations": 100, "elapsed_ns": 91159386, "input_bytes": 16385, "pieces": 2, "output_sha256": "3a5b70fface214736ed986a2a76d1405974a8aebb9d1f7f741e36bbd4cf36b6d"}
{"workload": "whitespace", "trial": 6, "iterations": 100, "elapsed_ns": 90999522, "input_bytes": 16385, "pieces": 2, "output_sha256": "3a5b70fface214736ed986a2a76d1405974a8aebb9d1f7f741e36bbd4cf36b6d"}
["/home/USER/projects/zerv/.tools/tokenizer-oracle-venv/bin/python", "/home/USER/projects/zerv/bench/run_split.py", "--reference-worker"]
{"workload": "ascii", "trial": 0, "iterations": 100, "elapsed_ns": 426488297, "input_bytes": 17408, "pieces": 6144, "output_sha256": "324dc2019fd364a76d82f812bcafb1d5adf25c1a3aa25261872ee5426609877d"}
{"workload": "ascii", "trial": 1, "iterations": 100, "elapsed_ns": 427905732, "input_bytes": 17408, "pieces": 6144, "output_sha256": "324dc2019fd364a76d82f812bcafb1d5adf25c1a3aa25261872ee5426609877d"}
{"workload": "ascii", "trial": 2, "iterations": 100, "elapsed_ns": 425925741, "input_bytes": 17408, "pieces": 6144, "output_sha256": "324dc2019fd364a76d82f812bcafb1d5adf25c1a3aa25261872ee5426609877d"}
{"workload": "ascii", "trial": 3, "iterations": 100, "elapsed_ns": 424134619, "input_bytes": 17408, "pieces": 6144, "output_sha256": "324dc2019fd364a76d82f812bcafb1d5adf25c1a3aa25261872ee5426609877d"}
{"workload": "ascii", "trial": 4, "iterations": 100, "elapsed_ns": 423025697, "input_bytes": 17408, "pieces": 6144, "output_sha256": "324dc2019fd364a76d82f812bcafb1d5adf25c1a3aa25261872ee5426609877d"}
{"workload": "ascii", "trial": 5, "iterations": 100, "elapsed_ns": 426875551, "input_bytes": 17408, "pieces": 6144, "output_sha256": "324dc2019fd364a76d82f812bcafb1d5adf25c1a3aa25261872ee5426609877d"}
{"workload": "ascii", "trial": 6, "iterations": 100, "elapsed_ns": 427807045, "input_bytes": 17408, "pieces": 6144, "output_sha256": "324dc2019fd364a76d82f812bcafb1d5adf25c1a3aa25261872ee5426609877d"}
{"workload": "multilingual", "trial": 0, "iterations": 100, "elapsed_ns": 205148608, "input_bytes": 13568, "pieces": 2304, "output_sha256": "088906e5eebdb91f8761330eb7184498bbd712943e1cc61cb26f3643849164f4"}
{"workload": "multilingual", "trial": 1, "iterations": 100, "elapsed_ns": 203157165, "input_bytes": 13568, "pieces": 2304, "output_sha256": "088906e5eebdb91f8761330eb7184498bbd712943e1cc61cb26f3643849164f4"}
{"workload": "multilingual", "trial": 2, "iterations": 100, "elapsed_ns": 203874845, "input_bytes": 13568, "pieces": 2304, "output_sha256": "088906e5eebdb91f8761330eb7184498bbd712943e1cc61cb26f3643849164f4"}
{"workload": "multilingual", "trial": 3, "iterations": 100, "elapsed_ns": 204335348, "input_bytes": 13568, "pieces": 2304, "output_sha256": "088906e5eebdb91f8761330eb7184498bbd712943e1cc61cb26f3643849164f4"}
{"workload": "multilingual", "trial": 4, "iterations": 100, "elapsed_ns": 204473559, "input_bytes": 13568, "pieces": 2304, "output_sha256": "088906e5eebdb91f8761330eb7184498bbd712943e1cc61cb26f3643849164f4"}
{"workload": "multilingual", "trial": 5, "iterations": 100, "elapsed_ns": 203263988, "input_bytes": 13568, "pieces": 2304, "output_sha256": "088906e5eebdb91f8761330eb7184498bbd712943e1cc61cb26f3643849164f4"}
{"workload": "multilingual", "trial": 6, "iterations": 100, "elapsed_ns": 204677996, "input_bytes": 13568, "pieces": 2304, "output_sha256": "088906e5eebdb91f8761330eb7184498bbd712943e1cc61cb26f3643849164f4"}
{"workload": "whitespace", "trial": 0, "iterations": 100, "elapsed_ns": 91540838, "input_bytes": 16385, "pieces": 2, "output_sha256": "3a5b70fface214736ed986a2a76d1405974a8aebb9d1f7f741e36bbd4cf36b6d"}
{"workload": "whitespace", "trial": 1, "iterations": 100, "elapsed_ns": 91734344, "input_bytes": 16385, "pieces": 2, "output_sha256": "3a5b70fface214736ed986a2a76d1405974a8aebb9d1f7f741e36bbd4cf36b6d"}
{"workload": "whitespace", "trial": 2, "iterations": 100, "elapsed_ns": 91449014, "input_bytes": 16385, "pieces": 2, "output_sha256": "3a5b70fface214736ed986a2a76d1405974a8aebb9d1f7f741e36bbd4cf36b6d"}
{"workload": "whitespace", "trial": 3, "iterations": 100, "elapsed_ns": 91884860, "input_bytes": 16385, "pieces": 2, "output_sha256": "3a5b70fface214736ed986a2a76d1405974a8aebb9d1f7f741e36bbd4cf36b6d"}
{"workload": "whitespace", "trial": 4, "iterations": 100, "elapsed_ns": 91799569, "input_bytes": 16385, "pieces": 2, "output_sha256": "3a5b70fface214736ed986a2a76d1405974a8aebb9d1f7f741e36bbd4cf36b6d"}
{"workload": "whitespace", "trial": 5, "iterations": 100, "elapsed_ns": 91955073, "input_bytes": 16385, "pieces": 2, "output_sha256": "3a5b70fface214736ed986a2a76d1405974a8aebb9d1f7f741e36bbd4cf36b6d"}
{"workload": "whitespace", "trial": 6, "iterations": 100, "elapsed_ns": 91853931, "input_bytes": 16385, "pieces": 2, "output_sha256": "3a5b70fface214736ed986a2a76d1405974a8aebb9d1f7f741e36bbd4cf36b6d"}
["/home/USER/projects/zerv/zig-out/bin/zerv-split-bench", "/home/USER/projects/zerv/tests/fixtures/tokenizer-split/manifest.json"]
{"workload":"ascii","trial":0,"iterations":100,"input_bytes":17408,"pieces":6144,"elapsed_ns":31141632,"output_sha256":"324dc2019fd364a76d82f812bcafb1d5adf25c1a3aa25261872ee5426609877d"}
{"workload":"ascii","trial":1,"iterations":100,"input_bytes":17408,"pieces":6144,"elapsed_ns":30933168,"output_sha256":"324dc2019fd364a76d82f812bcafb1d5adf25c1a3aa25261872ee5426609877d"}
{"workload":"ascii","trial":2,"iterations":100,"input_bytes":17408,"pieces":6144,"elapsed_ns":30951272,"output_sha256":"324dc2019fd364a76d82f812bcafb1d5adf25c1a3aa25261872ee5426609877d"}
{"workload":"ascii","trial":3,"iterations":100,"input_bytes":17408,"pieces":6144,"elapsed_ns":30714894,"output_sha256":"324dc2019fd364a76d82f812bcafb1d5adf25c1a3aa25261872ee5426609877d"}
{"workload":"ascii","trial":4,"iterations":100,"input_bytes":17408,"pieces":6144,"elapsed_ns":30717799,"output_sha256":"324dc2019fd364a76d82f812bcafb1d5adf25c1a3aa25261872ee5426609877d"}
{"workload":"ascii","trial":5,"iterations":100,"input_bytes":17408,"pieces":6144,"elapsed_ns":30676682,"output_sha256":"324dc2019fd364a76d82f812bcafb1d5adf25c1a3aa25261872ee5426609877d"}
{"workload":"ascii","trial":6,"iterations":100,"input_bytes":17408,"pieces":6144,"elapsed_ns":30684938,"output_sha256":"324dc2019fd364a76d82f812bcafb1d5adf25c1a3aa25261872ee5426609877d"}
{"workload":"multilingual","trial":0,"iterations":100,"input_bytes":13568,"pieces":2304,"elapsed_ns":14442960,"output_sha256":"088906e5eebdb91f8761330eb7184498bbd712943e1cc61cb26f3643849164f4"}
{"workload":"multilingual","trial":1,"iterations":100,"input_bytes":13568,"pieces":2304,"elapsed_ns":14505428,"output_sha256":"088906e5eebdb91f8761330eb7184498bbd712943e1cc61cb26f3643849164f4"}
{"workload":"multilingual","trial":2,"iterations":100,"input_bytes":13568,"pieces":2304,"elapsed_ns":14535875,"output_sha256":"088906e5eebdb91f8761330eb7184498bbd712943e1cc61cb26f3643849164f4"}
{"workload":"multilingual","trial":3,"iterations":100,"input_bytes":13568,"pieces":2304,"elapsed_ns":14481493,"output_sha256":"088906e5eebdb91f8761330eb7184498bbd712943e1cc61cb26f3643849164f4"}
{"workload":"multilingual","trial":4,"iterations":100,"input_bytes":13568,"pieces":2304,"elapsed_ns":14430056,"output_sha256":"088906e5eebdb91f8761330eb7184498bbd712943e1cc61cb26f3643849164f4"}
{"workload":"multilingual","trial":5,"iterations":100,"input_bytes":13568,"pieces":2304,"elapsed_ns":14496371,"output_sha256":"088906e5eebdb91f8761330eb7184498bbd712943e1cc61cb26f3643849164f4"}
{"workload":"multilingual","trial":6,"iterations":100,"input_bytes":13568,"pieces":2304,"elapsed_ns":14441857,"output_sha256":"088906e5eebdb91f8761330eb7184498bbd712943e1cc61cb26f3643849164f4"}
{"workload":"whitespace","trial":0,"iterations":100,"input_bytes":16385,"pieces":2,"elapsed_ns":19359633,"output_sha256":"3a5b70fface214736ed986a2a76d1405974a8aebb9d1f7f741e36bbd4cf36b6d"}
{"workload":"whitespace","trial":1,"iterations":100,"input_bytes":16385,"pieces":2,"elapsed_ns":19343483,"output_sha256":"3a5b70fface214736ed986a2a76d1405974a8aebb9d1f7f741e36bbd4cf36b6d"}
{"workload":"whitespace","trial":2,"iterations":100,"input_bytes":16385,"pieces":2,"elapsed_ns":19338203,"output_sha256":"3a5b70fface214736ed986a2a76d1405974a8aebb9d1f7f741e36bbd4cf36b6d"}
{"workload":"whitespace","trial":3,"iterations":100,"input_bytes":16385,"pieces":2,"elapsed_ns":19325338,"output_sha256":"3a5b70fface214736ed986a2a76d1405974a8aebb9d1f7f741e36bbd4cf36b6d"}
{"workload":"whitespace","trial":4,"iterations":100,"input_bytes":16385,"pieces":2,"elapsed_ns":19337572,"output_sha256":"3a5b70fface214736ed986a2a76d1405974a8aebb9d1f7f741e36bbd4cf36b6d"}
{"workload":"whitespace","trial":5,"iterations":100,"input_bytes":16385,"pieces":2,"elapsed_ns":19351568,"output_sha256":"3a5b70fface214736ed986a2a76d1405974a8aebb9d1f7f741e36bbd4cf36b6d"}
{"workload":"whitespace","trial":6,"iterations":100,"input_bytes":16385,"pieces":2,"elapsed_ns":19334415,"output_sha256":"3a5b70fface214736ed986a2a76d1405974a8aebb9d1f7f741e36bbd4cf36b6d"}
["/home/USER/projects/zerv/zig-out/bin/zerv-split-bench", "/home/USER/projects/zerv/tests/fixtures/tokenizer-split/manifest.json"]
{"workload":"ascii","trial":0,"iterations":100,"input_bytes":17408,"pieces":6144,"elapsed_ns":30788192,"output_sha256":"324dc2019fd364a76d82f812bcafb1d5adf25c1a3aa25261872ee5426609877d"}
{"workload":"ascii","trial":1,"iterations":100,"input_bytes":17408,"pieces":6144,"elapsed_ns":30714443,"output_sha256":"324dc2019fd364a76d82f812bcafb1d5adf25c1a3aa25261872ee5426609877d"}
{"workload":"ascii","trial":2,"iterations":100,"input_bytes":17408,"pieces":6144,"elapsed_ns":30745893,"output_sha256":"324dc2019fd364a76d82f812bcafb1d5adf25c1a3aa25261872ee5426609877d"}
{"workload":"ascii","trial":3,"iterations":100,"input_bytes":17408,"pieces":6144,"elapsed_ns":30601349,"output_sha256":"324dc2019fd364a76d82f812bcafb1d5adf25c1a3aa25261872ee5426609877d"}
{"workload":"ascii","trial":4,"iterations":100,"input_bytes":17408,"pieces":6144,"elapsed_ns":30604635,"output_sha256":"324dc2019fd364a76d82f812bcafb1d5adf25c1a3aa25261872ee5426609877d"}
{"workload":"ascii","trial":5,"iterations":100,"input_bytes":17408,"pieces":6144,"elapsed_ns":30664859,"output_sha256":"324dc2019fd364a76d82f812bcafb1d5adf25c1a3aa25261872ee5426609877d"}
{"workload":"ascii","trial":6,"iterations":100,"input_bytes":17408,"pieces":6144,"elapsed_ns":30709655,"output_sha256":"324dc2019fd364a76d82f812bcafb1d5adf25c1a3aa25261872ee5426609877d"}
{"workload":"multilingual","trial":0,"iterations":100,"input_bytes":13568,"pieces":2304,"elapsed_ns":14471594,"output_sha256":"088906e5eebdb91f8761330eb7184498bbd712943e1cc61cb26f3643849164f4"}
{"workload":"multilingual","trial":1,"iterations":100,"input_bytes":13568,"pieces":2304,"elapsed_ns":14456666,"output_sha256":"088906e5eebdb91f8761330eb7184498bbd712943e1cc61cb26f3643849164f4"}
{"workload":"multilingual","trial":2,"iterations":100,"input_bytes":13568,"pieces":2304,"elapsed_ns":14635404,"output_sha256":"088906e5eebdb91f8761330eb7184498bbd712943e1cc61cb26f3643849164f4"}
{"workload":"multilingual","trial":3,"iterations":100,"input_bytes":13568,"pieces":2304,"elapsed_ns":14513312,"output_sha256":"088906e5eebdb91f8761330eb7184498bbd712943e1cc61cb26f3643849164f4"}
{"workload":"multilingual","trial":4,"iterations":100,"input_bytes":13568,"pieces":2304,"elapsed_ns":14623702,"output_sha256":"088906e5eebdb91f8761330eb7184498bbd712943e1cc61cb26f3643849164f4"}
{"workload":"multilingual","trial":5,"iterations":100,"input_bytes":13568,"pieces":2304,"elapsed_ns":14565342,"output_sha256":"088906e5eebdb91f8761330eb7184498bbd712943e1cc61cb26f3643849164f4"}
{"workload":"multilingual","trial":6,"iterations":100,"input_bytes":13568,"pieces":2304,"elapsed_ns":14533972,"output_sha256":"088906e5eebdb91f8761330eb7184498bbd712943e1cc61cb26f3643849164f4"}
{"workload":"whitespace","trial":0,"iterations":100,"input_bytes":16385,"pieces":2,"elapsed_ns":19385723,"output_sha256":"3a5b70fface214736ed986a2a76d1405974a8aebb9d1f7f741e36bbd4cf36b6d"}
{"workload":"whitespace","trial":1,"iterations":100,"input_bytes":16385,"pieces":2,"elapsed_ns":19340928,"output_sha256":"3a5b70fface214736ed986a2a76d1405974a8aebb9d1f7f741e36bbd4cf36b6d"}
{"workload":"whitespace","trial":2,"iterations":100,"input_bytes":16385,"pieces":2,"elapsed_ns":19337962,"output_sha256":"3a5b70fface214736ed986a2a76d1405974a8aebb9d1f7f741e36bbd4cf36b6d"}
{"workload":"whitespace","trial":3,"iterations":100,"input_bytes":16385,"pieces":2,"elapsed_ns":19340306,"output_sha256":"3a5b70fface214736ed986a2a76d1405974a8aebb9d1f7f741e36bbd4cf36b6d"}
{"workload":"whitespace","trial":4,"iterations":100,"input_bytes":16385,"pieces":2,"elapsed_ns":19319768,"output_sha256":"3a5b70fface214736ed986a2a76d1405974a8aebb9d1f7f741e36bbd4cf36b6d"}
{"workload":"whitespace","trial":5,"iterations":100,"input_bytes":16385,"pieces":2,"elapsed_ns":19381405,"output_sha256":"3a5b70fface214736ed986a2a76d1405974a8aebb9d1f7f741e36bbd4cf36b6d"}
{"workload":"whitespace","trial":6,"iterations":100,"input_bytes":16385,"pieces":2,"elapsed_ns":19392295,"output_sha256":"3a5b70fface214736ed986a2a76d1405974a8aebb9d1f7f741e36bbd4cf36b6d"}
["/home/USER/projects/zerv/.tools/tokenizer-oracle-venv/bin/python", "/home/USER/projects/zerv/bench/run_split.py", "--reference-worker"]
{"workload": "ascii", "trial": 0, "iterations": 100, "elapsed_ns": 435654291, "input_bytes": 17408, "pieces": 6144, "output_sha256": "324dc2019fd364a76d82f812bcafb1d5adf25c1a3aa25261872ee5426609877d"}
{"workload": "ascii", "trial": 1, "iterations": 100, "elapsed_ns": 434394374, "input_bytes": 17408, "pieces": 6144, "output_sha256": "324dc2019fd364a76d82f812bcafb1d5adf25c1a3aa25261872ee5426609877d"}
{"workload": "ascii", "trial": 2, "iterations": 100, "elapsed_ns": 434107631, "input_bytes": 17408, "pieces": 6144, "output_sha256": "324dc2019fd364a76d82f812bcafb1d5adf25c1a3aa25261872ee5426609877d"}
{"workload": "ascii", "trial": 3, "iterations": 100, "elapsed_ns": 434590145, "input_bytes": 17408, "pieces": 6144, "output_sha256": "324dc2019fd364a76d82f812bcafb1d5adf25c1a3aa25261872ee5426609877d"}
{"workload": "ascii", "trial": 4, "iterations": 100, "elapsed_ns": 432815443, "input_bytes": 17408, "pieces": 6144, "output_sha256": "324dc2019fd364a76d82f812bcafb1d5adf25c1a3aa25261872ee5426609877d"}
{"workload": "ascii", "trial": 5, "iterations": 100, "elapsed_ns": 437770650, "input_bytes": 17408, "pieces": 6144, "output_sha256": "324dc2019fd364a76d82f812bcafb1d5adf25c1a3aa25261872ee5426609877d"}
{"workload": "ascii", "trial": 6, "iterations": 100, "elapsed_ns": 439913760, "input_bytes": 17408, "pieces": 6144, "output_sha256": "324dc2019fd364a76d82f812bcafb1d5adf25c1a3aa25261872ee5426609877d"}
{"workload": "multilingual", "trial": 0, "iterations": 100, "elapsed_ns": 211362019, "input_bytes": 13568, "pieces": 2304, "output_sha256": "088906e5eebdb91f8761330eb7184498bbd712943e1cc61cb26f3643849164f4"}
{"workload": "multilingual", "trial": 1, "iterations": 100, "elapsed_ns": 207802486, "input_bytes": 13568, "pieces": 2304, "output_sha256": "088906e5eebdb91f8761330eb7184498bbd712943e1cc61cb26f3643849164f4"}
{"workload": "multilingual", "trial": 2, "iterations": 100, "elapsed_ns": 215712490, "input_bytes": 13568, "pieces": 2304, "output_sha256": "088906e5eebdb91f8761330eb7184498bbd712943e1cc61cb26f3643849164f4"}
{"workload": "multilingual", "trial": 3, "iterations": 100, "elapsed_ns": 221614791, "input_bytes": 13568, "pieces": 2304, "output_sha256": "088906e5eebdb91f8761330eb7184498bbd712943e1cc61cb26f3643849164f4"}
{"workload": "multilingual", "trial": 4, "iterations": 100, "elapsed_ns": 238645393, "input_bytes": 13568, "pieces": 2304, "output_sha256": "088906e5eebdb91f8761330eb7184498bbd712943e1cc61cb26f3643849164f4"}
{"workload": "multilingual", "trial": 5, "iterations": 100, "elapsed_ns": 298147128, "input_bytes": 13568, "pieces": 2304, "output_sha256": "088906e5eebdb91f8761330eb7184498bbd712943e1cc61cb26f3643849164f4"}
{"workload": "multilingual", "trial": 6, "iterations": 100, "elapsed_ns": 253776105, "input_bytes": 13568, "pieces": 2304, "output_sha256": "088906e5eebdb91f8761330eb7184498bbd712943e1cc61cb26f3643849164f4"}
{"workload": "whitespace", "trial": 0, "iterations": 100, "elapsed_ns": 106245334, "input_bytes": 16385, "pieces": 2, "output_sha256": "3a5b70fface214736ed986a2a76d1405974a8aebb9d1f7f741e36bbd4cf36b6d"}
{"workload": "whitespace", "trial": 1, "iterations": 100, "elapsed_ns": 105031935, "input_bytes": 16385, "pieces": 2, "output_sha256": "3a5b70fface214736ed986a2a76d1405974a8aebb9d1f7f741e36bbd4cf36b6d"}
{"workload": "whitespace", "trial": 2, "iterations": 100, "elapsed_ns": 99808049, "input_bytes": 16385, "pieces": 2, "output_sha256": "3a5b70fface214736ed986a2a76d1405974a8aebb9d1f7f741e36bbd4cf36b6d"}
{"workload": "whitespace", "trial": 3, "iterations": 100, "elapsed_ns": 95015430, "input_bytes": 16385, "pieces": 2, "output_sha256": "3a5b70fface214736ed986a2a76d1405974a8aebb9d1f7f741e36bbd4cf36b6d"}
{"workload": "whitespace", "trial": 4, "iterations": 100, "elapsed_ns": 101076803, "input_bytes": 16385, "pieces": 2, "output_sha256": "3a5b70fface214736ed986a2a76d1405974a8aebb9d1f7f741e36bbd4cf36b6d"}
{"workload": "whitespace", "trial": 5, "iterations": 100, "elapsed_ns": 113328451, "input_bytes": 16385, "pieces": 2, "output_sha256": "3a5b70fface214736ed986a2a76d1405974a8aebb9d1f7f741e36bbd4cf36b6d"}
{"workload": "whitespace", "trial": 6, "iterations": 100, "elapsed_ns": 112967949, "input_bytes": 16385, "pieces": 2, "output_sha256": "3a5b70fface214736ed986a2a76d1405974a8aebb9d1f7f741e36bbd4cf36b6d"}
["/home/USER/projects/zerv/.tools/tokenizer-oracle-venv/bin/python", "-m", "pip", "freeze"]
anyio==4.15.1
certifi==2026.7.22
click==8.5.0
filelock==4.0.1
fsspec==2026.9.0
h11==0.16.0
hf-xet==1.6.0
httpcore==1.0.9
httpx==0.28.1
huggingface_hub==1.32.0
idna==3.20
Jinja2==3.1.6
MarkupSafe==3.0.3
packaging==26.3
PyYAML==6.0.3
regex==2026.9.10
tokenizers==0.22.2
tqdm==4.70.1
typing_extensions==4.16.0
["/home/USER/projects/zerv/.tools/zig-x86_64-linux-0.16.0/zig", "version"]
0.16.0
