["glslc", "--target-env=vulkan1.1", "-O", "-fshader-stage=compute", "-DFORMAT=0", "-DBLOCK_BYTES=4", "-DPAYLOAD_OFFSET=2", "-DLANES=128", "/home/USER/projects/zerv/docs/bench/data/2026-09-22-matvec-wave32l128/candidate.comp", "-o", "/home/USER/projects/zerv/third_party/matvec-dfs/2026-09-22-matvec-wave32l128/f32.spv"]
["spirv-val", "--target-env", "vulkan1.1", "/home/USER/projects/zerv/third_party/matvec-dfs/2026-09-22-matvec-wave32l128/f32.spv"]
["glslc", "--target-env=vulkan1.1", "-O", "-fshader-stage=compute", "-DFORMAT=2", "-DBLOCK_BYTES=18", "-DPAYLOAD_OFFSET=2", "-DLANES=128", "/home/USER/projects/zerv/docs/bench/data/2026-09-22-matvec-wave32l128/candidate.comp", "-o", "/home/USER/projects/zerv/third_party/matvec-dfs/2026-09-22-matvec-wave32l128/q4_0.spv"]
["spirv-val", "--target-env", "vulkan1.1", "/home/USER/projects/zerv/third_party/matvec-dfs/2026-09-22-matvec-wave32l128/q4_0.spv"]
["glslc", "--target-env=vulkan1.1", "-O", "-fshader-stage=compute", "-DFORMAT=3", "-DBLOCK_BYTES=20", "-DPAYLOAD_OFFSET=4", "-DLANES=128", "/home/USER/projects/zerv/docs/bench/data/2026-09-22-matvec-wave32l128/candidate.comp", "-o", "/home/USER/projects/zerv/third_party/matvec-dfs/2026-09-22-matvec-wave32l128/q4_1.spv"]
["spirv-val", "--target-env", "vulkan1.1", "/home/USER/projects/zerv/third_party/matvec-dfs/2026-09-22-matvec-wave32l128/q4_1.spv"]
["glslc", "--target-env=vulkan1.1", "-O", "-fshader-stage=compute", "-DFORMAT=13", "-DBLOCK_BYTES=176", "-DPAYLOAD_OFFSET=2", "-DLANES=128", "/home/USER/projects/zerv/docs/bench/data/2026-09-22-matvec-wave32l128/candidate.comp", "-o", "/home/USER/projects/zerv/third_party/matvec-dfs/2026-09-22-matvec-wave32l128/q5_k.spv"]
["spirv-val", "--target-env", "vulkan1.1", "/home/USER/projects/zerv/third_party/matvec-dfs/2026-09-22-matvec-wave32l128/q5_k.spv"]
["glslc", "--target-env=vulkan1.1", "-O", "-fshader-stage=compute", "-DFORMAT=14", "-DBLOCK_BYTES=210", "-DPAYLOAD_OFFSET=2", "-DLANES=128", "/home/USER/projects/zerv/docs/bench/data/2026-09-22-matvec-wave32l128/candidate.comp", "-o", "/home/USER/projects/zerv/third_party/matvec-dfs/2026-09-22-matvec-wave32l128/q6_k.spv"]
["spirv-val", "--target-env", "vulkan1.1", "/home/USER/projects/zerv/third_party/matvec-dfs/2026-09-22-matvec-wave32l128/q6_k.spv"]
["/home/USER/projects/zerv/.tools/zig-x86_64-linux-0.16.0/zig", "build", "gpu-matvec-bench-build", "-Doptimize=ReleaseFast", "-Dcpu=native"]
["/home/USER/projects/zerv/third_party/matvec-dfs/2026-09-22-matvec-wave32l128/native", "--fixtures", "/home/USER/projects/zerv/third_party/matvec-dfs/2026-09-22-matvec-wave32l128", "1", "--aligned"]
verified 48 independent cases, replay, guards and changed input
["/home/USER/projects/zerv/third_party/matvec-dfs/2026-09-22-matvec-wave32l128/native", "/home/USER/projects/zerv/third_party/gpu-matvec-bench/2026-09-22-gpu-matvec-repeat/q6_k-5120-248320.case", "/home/USER/projects/zerv/third_party/matvec-dfs/2026-09-22-matvec-wave32l128/q6_k-5120-248320.output", "10", "/home/USER/projects/zerv/third_party/matvec-dfs/2026-09-22-matvec-wave32l128/q6_k.spv", "1", "--aligned"]
{"trial":0,"iterations":10,"elapsed_ns":12285339}
{"trial":1,"iterations":10,"elapsed_ns":11781083}
{"trial":2,"iterations":10,"elapsed_ns":11812703}
{"trial":3,"iterations":10,"elapsed_ns":11824425}
{"trial":4,"iterations":10,"elapsed_ns":11844483}
{"trial":5,"iterations":10,"elapsed_ns":11830568}
{"trial":6,"iterations":10,"elapsed_ns":11845896}
device=AMD Radeon RX 7900 XTX (RADV NAVI31) vendor=1002 id=744c api=4211042 driver=109060099 family=1
allocation_bytes=2088909072 sizes=1043957856,1043957856,993360 memory_types=5,0,5 groups=65535,4,1
["/home/USER/projects/zerv/third_party/matvec-dfs/2026-09-22-matvec-wave32l128/native", "/home/USER/projects/zerv/third_party/gpu-matvec-bench/2026-09-22-gpu-matvec-repeat/q4_0-5120-6144.case", "/home/USER/projects/zerv/third_party/matvec-dfs/2026-09-22-matvec-wave32l128/q4_0-5120-6144.output", "64", "/home/USER/projects/zerv/third_party/matvec-dfs/2026-09-22-matvec-wave32l128/q4_0.spv", "1", "--aligned"]
{"trial":0,"iterations":64,"elapsed_ns":6058861}
{"trial":1,"iterations":64,"elapsed_ns":6007503}
{"trial":2,"iterations":64,"elapsed_ns":6091412}
{"trial":3,"iterations":64,"elapsed_ns":6025407}
{"trial":4,"iterations":64,"elapsed_ns":6054973}
{"trial":5,"iterations":64,"elapsed_ns":5993196}
{"trial":6,"iterations":64,"elapsed_ns":5998606}
device=AMD Radeon RX 7900 XTX (RADV NAVI31) vendor=1002 id=744c api=4211042 driver=109060099 family=1
allocation_bytes=35504400 sizes=17739872,17739872,24656 memory_types=5,0,5 groups=6144,1,1
["/home/USER/projects/zerv/third_party/matvec-dfs/2026-09-22-matvec-wave32l128/native", "/home/USER/projects/zerv/third_party/gpu-matvec-bench/2026-09-22-gpu-matvec-repeat/q4_0-5120-10240.case", "/home/USER/projects/zerv/third_party/matvec-dfs/2026-09-22-matvec-wave32l128/q4_0-5120-10240.output", "64", "/home/USER/projects/zerv/third_party/matvec-dfs/2026-09-22-matvec-wave32l128/q4_0.spv", "1", "--aligned"]
{"trial":0,"iterations":64,"elapsed_ns":7845546}
{"trial":1,"iterations":64,"elapsed_ns":7955084}
{"trial":2,"iterations":64,"elapsed_ns":7800832}
{"trial":3,"iterations":64,"elapsed_ns":7532403}
{"trial":4,"iterations":64,"elapsed_ns":7455146}
{"trial":5,"iterations":64,"elapsed_ns":7369343}
{"trial":6,"iterations":64,"elapsed_ns":7315522}
device=AMD Radeon RX 7900 XTX (RADV NAVI31) vendor=1002 id=744c api=4211042 driver=109060099 family=1
allocation_bytes=59146512 sizes=29552736,29552736,41040 memory_types=5,0,5 groups=10240,1,1
["/home/USER/projects/zerv/third_party/matvec-dfs/2026-09-22-matvec-wave32l128/native", "/home/USER/projects/zerv/third_party/gpu-matvec-bench/2026-09-22-gpu-matvec-repeat/q4_1-17408-5120.case", "/home/USER/projects/zerv/third_party/matvec-dfs/2026-09-22-matvec-wave32l128/q4_1-17408-5120.output", "64", "/home/USER/projects/zerv/third_party/matvec-dfs/2026-09-22-matvec-wave32l128/q4_1.spv", "1", "--aligned"]
{"trial":0,"iterations":64,"elapsed_ns":10119114}
{"trial":1,"iterations":64,"elapsed_ns":9444285}
{"trial":2,"iterations":64,"elapsed_ns":9029399}
{"trial":3,"iterations":64,"elapsed_ns":8992329}
{"trial":4,"iterations":64,"elapsed_ns":8929310}
{"trial":5,"iterations":64,"elapsed_ns":8949789}
{"trial":6,"iterations":64,"elapsed_ns":9111375}
device=AMD Radeon RX 7900 XTX (RADV NAVI31) vendor=1002 id=744c api=4211042 driver=109060099 family=1
allocation_bytes=111612176 sizes=55795808,55795808,20560 memory_types=5,0,5 groups=5120,1,1
["/home/USER/projects/zerv/third_party/matvec-dfs/2026-09-22-matvec-wave32l128/native", "/home/USER/projects/zerv/third_party/gpu-matvec-bench/2026-09-22-gpu-matvec-repeat/q4_0-5120-17408.case", "/home/USER/projects/zerv/third_party/matvec-dfs/2026-09-22-matvec-wave32l128/q4_0-5120-17408.output", "64", "/home/USER/projects/zerv/third_party/matvec-dfs/2026-09-22-matvec-wave32l128/q4_0.spv", "1", "--aligned"]
{"trial":0,"iterations":64,"elapsed_ns":10474166}
{"trial":1,"iterations":64,"elapsed_ns":9556357}
{"trial":2,"iterations":64,"elapsed_ns":9167461}
{"trial":3,"iterations":64,"elapsed_ns":8880137}
{"trial":4,"iterations":64,"elapsed_ns":8964176}
{"trial":5,"iterations":64,"elapsed_ns":8786750}
{"trial":6,"iterations":64,"elapsed_ns":8910354}
device=AMD Radeon RX 7900 XTX (RADV NAVI31) vendor=1002 id=744c api=4211042 driver=109060099 family=1
allocation_bytes=100520208 sizes=50225248,50225248,69712 memory_types=5,0,5 groups=17408,1,1
["/home/USER/projects/zerv/third_party/matvec-dfs/2026-09-22-matvec-wave32l128/native", "/home/USER/projects/zerv/third_party/gpu-matvec-bench/2026-09-22-gpu-matvec-repeat/f32-5120-48.case", "/home/USER/projects/zerv/third_party/matvec-dfs/2026-09-22-matvec-wave32l128/f32-5120-48.output", "256", "/home/USER/projects/zerv/third_party/matvec-dfs/2026-09-22-matvec-wave32l128/f32.spv", "1", "--aligned"]
{"trial":0,"iterations":256,"elapsed_ns":12682602}
{"trial":1,"iterations":256,"elapsed_ns":12629561}
{"trial":2,"iterations":256,"elapsed_ns":12618390}
{"trial":3,"iterations":256,"elapsed_ns":12667192}
{"trial":4,"iterations":256,"elapsed_ns":12569898}
{"trial":5,"iterations":256,"elapsed_ns":12418099}
{"trial":6,"iterations":256,"elapsed_ns":11975672}
device=AMD Radeon RX 7900 XTX (RADV NAVI31) vendor=1002 id=744c api=4211042 driver=109060099 family=1
allocation_bytes=2007888 sizes=1003808,1003808,272 memory_types=5,0,5 groups=48,1,1
["/home/USER/projects/zerv/third_party/matvec-dfs/2026-09-22-matvec-wave32l128/native", "/home/USER/projects/zerv/third_party/gpu-matvec-bench/2026-09-22-gpu-matvec-repeat/q5_k-6144-5120.case", "/home/USER/projects/zerv/third_party/matvec-dfs/2026-09-22-matvec-wave32l128/q5_k-6144-5120.output", "64", "/home/USER/projects/zerv/third_party/matvec-dfs/2026-09-22-matvec-wave32l128/q5_k.spv", "1", "--aligned"]
{"trial":0,"iterations":64,"elapsed_ns":5896413}
{"trial":1,"iterations":64,"elapsed_ns":5861666}
{"trial":2,"iterations":64,"elapsed_ns":5858942}
{"trial":3,"iterations":64,"elapsed_ns":5850365}
{"trial":4,"iterations":64,"elapsed_ns":5861065}
{"trial":5,"iterations":64,"elapsed_ns":5853722}
{"trial":6,"iterations":64,"elapsed_ns":5877137}
device=AMD Radeon RX 7900 XTX (RADV NAVI31) vendor=1002 id=744c api=4211042 driver=109060099 family=1
allocation_bytes=43364624 sizes=21672032,21672032,20560 memory_types=5,0,5 groups=5120,1,1
["/home/USER/projects/zerv/third_party/matvec-dfs/2026-09-22-matvec-wave32l128/native", "/home/USER/projects/zerv/third_party/gpu-matvec-bench/2026-09-22-gpu-matvec-repeat/q4_0-5120-1024.case", "/home/USER/projects/zerv/third_party/matvec-dfs/2026-09-22-matvec-wave32l128/q4_0-5120-1024.output", "64", "/home/USER/projects/zerv/third_party/matvec-dfs/2026-09-22-matvec-wave32l128/q4_0.spv", "1", "--aligned"]
{"trial":0,"iterations":64,"elapsed_ns":3452392}
{"trial":1,"iterations":64,"elapsed_ns":3468441}
{"trial":2,"iterations":64,"elapsed_ns":3462831}
{"trial":3,"iterations":64,"elapsed_ns":3458884}
{"trial":4,"iterations":64,"elapsed_ns":3519869}
{"trial":5,"iterations":64,"elapsed_ns":3540429}
{"trial":6,"iterations":64,"elapsed_ns":3457481}
device=AMD Radeon RX 7900 XTX (RADV NAVI31) vendor=1002 id=744c api=4211042 driver=109060099 family=1
allocation_bytes=5951760 sizes=2973792,2973792,4176 memory_types=5,0,5 groups=1024,1,1
["/home/USER/projects/zerv/third_party/matvec-dfs/2026-09-22-matvec-wave32l128/native", "/home/USER/projects/zerv/third_party/gpu-matvec-bench/2026-09-22-gpu-matvec-repeat/q4_0-6144-5120.case", "/home/USER/projects/zerv/third_party/matvec-dfs/2026-09-22-matvec-wave32l128/q4_0-6144-5120.output", "64", "/home/USER/projects/zerv/third_party/matvec-dfs/2026-09-22-matvec-wave32l128/q4_0.spv", "1", "--aligned"]
{"trial":0,"iterations":64,"elapsed_ns":5923915}
{"trial":1,"iterations":64,"elapsed_ns":5919046}
{"trial":2,"iterations":64,"elapsed_ns":5907634}
{"trial":3,"iterations":64,"elapsed_ns":5906883}
{"trial":4,"iterations":64,"elapsed_ns":5894409}
{"trial":5,"iterations":64,"elapsed_ns":5915660}
{"trial":6,"iterations":64,"elapsed_ns":5929486}
device=AMD Radeon RX 7900 XTX (RADV NAVI31) vendor=1002 id=744c api=4211042 driver=109060099 family=1
allocation_bytes=35500304 sizes=17739872,17739872,20560 memory_types=5,0,5 groups=5120,1,1
["/home/USER/projects/zerv/third_party/matvec-dfs/2026-09-22-matvec-wave32l128/native", "/home/USER/projects/zerv/third_party/gpu-matvec-bench/2026-09-22-gpu-matvec-repeat/q4_0-5120-12288.case", "/home/USER/projects/zerv/third_party/matvec-dfs/2026-09-22-matvec-wave32l128/q4_0-5120-12288.output", "64", "/home/USER/projects/zerv/third_party/matvec-dfs/2026-09-22-matvec-wave32l128/q4_0.spv", "1", "--aligned"]
{"trial":0,"iterations":64,"elapsed_ns":8782801}
{"trial":1,"iterations":64,"elapsed_ns":8461223}
{"trial":2,"iterations":64,"elapsed_ns":8055523}
{"trial":3,"iterations":64,"elapsed_ns":7772578}
{"trial":4,"iterations":64,"elapsed_ns":7962397}
{"trial":5,"iterations":64,"elapsed_ns":7627232}
{"trial":6,"iterations":64,"elapsed_ns":7657028}
device=AMD Radeon RX 7900 XTX (RADV NAVI31) vendor=1002 id=744c api=4211042 driver=109060099 family=1
allocation_bytes=70967568 sizes=35459168,35459168,49232 memory_types=5,0,5 groups=12288,1,1
["/home/USER/projects/zerv/third_party/matvec-dfs/2026-09-22-matvec-wave32l128/native", "/home/USER/projects/zerv/third_party/gpu-matvec-bench/2026-09-22-gpu-matvec-repeat/q4_0-17408-5120.case", "/home/USER/projects/zerv/third_party/matvec-dfs/2026-09-22-matvec-wave32l128/q4_0-17408-5120.output", "64", "/home/USER/projects/zerv/third_party/matvec-dfs/2026-09-22-matvec-wave32l128/q4_0.spv", "1", "--aligned"]
{"trial":0,"iterations":64,"elapsed_ns":10009356}
{"trial":1,"iterations":64,"elapsed_ns":9395693}
{"trial":2,"iterations":64,"elapsed_ns":8917617}
{"trial":3,"iterations":64,"elapsed_ns":8854848}
{"trial":4,"iterations":64,"elapsed_ns":8855289}
{"trial":5,"iterations":64,"elapsed_ns":8796297}
{"trial":6,"iterations":64,"elapsed_ns":9036352}
device=AMD Radeon RX 7900 XTX (RADV NAVI31) vendor=1002 id=744c api=4211042 driver=109060099 family=1
allocation_bytes=100471056 sizes=50225248,50225248,20560 memory_types=5,0,5 groups=5120,1,1
