["glslc", "--target-env=vulkan1.1", "-O", "-fshader-stage=compute", "-DFORMAT=0", "-DBLOCK_BYTES=4", "-DPAYLOAD_OFFSET=2", "-DLANES=256", "-DROWS=1", "-DACC_FMA=0", "/home/USER/projects/zerv/docs/bench/data/2026-09-22-matvec-block256r1f0/candidate.comp", "-o", "/home/USER/projects/zerv/third_party/matvec-dfs/2026-09-22-matvec-block256r1f0/f32.spv"]
["spirv-val", "--target-env", "vulkan1.1", "/home/USER/projects/zerv/third_party/matvec-dfs/2026-09-22-matvec-block256r1f0/f32.spv"]
["glslc", "--target-env=vulkan1.1", "-O", "-fshader-stage=compute", "-DFORMAT=2", "-DBLOCK_BYTES=18", "-DPAYLOAD_OFFSET=2", "-DLANES=256", "-DROWS=1", "-DACC_FMA=0", "/home/USER/projects/zerv/docs/bench/data/2026-09-22-matvec-block256r1f0/candidate.comp", "-o", "/home/USER/projects/zerv/third_party/matvec-dfs/2026-09-22-matvec-block256r1f0/q4_0.spv"]
["spirv-val", "--target-env", "vulkan1.1", "/home/USER/projects/zerv/third_party/matvec-dfs/2026-09-22-matvec-block256r1f0/q4_0.spv"]
["glslc", "--target-env=vulkan1.1", "-O", "-fshader-stage=compute", "-DFORMAT=3", "-DBLOCK_BYTES=20", "-DPAYLOAD_OFFSET=4", "-DLANES=256", "-DROWS=1", "-DACC_FMA=0", "/home/USER/projects/zerv/docs/bench/data/2026-09-22-matvec-block256r1f0/candidate.comp", "-o", "/home/USER/projects/zerv/third_party/matvec-dfs/2026-09-22-matvec-block256r1f0/q4_1.spv"]
["spirv-val", "--target-env", "vulkan1.1", "/home/USER/projects/zerv/third_party/matvec-dfs/2026-09-22-matvec-block256r1f0/q4_1.spv"]
["glslc", "--target-env=vulkan1.1", "-O", "-fshader-stage=compute", "-DFORMAT=13", "-DBLOCK_BYTES=176", "-DPAYLOAD_OFFSET=2", "-DLANES=256", "-DROWS=1", "-DACC_FMA=0", "/home/USER/projects/zerv/docs/bench/data/2026-09-22-matvec-block256r1f0/candidate.comp", "-o", "/home/USER/projects/zerv/third_party/matvec-dfs/2026-09-22-matvec-block256r1f0/q5_k.spv"]
["spirv-val", "--target-env", "vulkan1.1", "/home/USER/projects/zerv/third_party/matvec-dfs/2026-09-22-matvec-block256r1f0/q5_k.spv"]
["glslc", "--target-env=vulkan1.1", "-O", "-fshader-stage=compute", "-DFORMAT=14", "-DBLOCK_BYTES=210", "-DPAYLOAD_OFFSET=2", "-DLANES=256", "-DROWS=1", "-DACC_FMA=0", "/home/USER/projects/zerv/docs/bench/data/2026-09-22-matvec-block256r1f0/candidate.comp", "-o", "/home/USER/projects/zerv/third_party/matvec-dfs/2026-09-22-matvec-block256r1f0/q6_k.spv"]
["spirv-val", "--target-env", "vulkan1.1", "/home/USER/projects/zerv/third_party/matvec-dfs/2026-09-22-matvec-block256r1f0/q6_k.spv"]
["/home/USER/projects/zerv/.tools/zig-x86_64-linux-0.16.0/zig", "build", "gpu-matvec-bench-build", "-Doptimize=ReleaseFast", "-Dcpu=native"]
["/home/USER/projects/zerv/third_party/matvec-dfs/2026-09-22-matvec-block256r1f0/native", "--fixtures", "/home/USER/projects/zerv/third_party/matvec-dfs/2026-09-22-matvec-block256r1f0", "1"]
verified 48 independent cases, replay, guards and changed input
["/home/USER/projects/zerv/third_party/matvec-dfs/2026-09-22-matvec-block256r1f0/native", "/home/USER/projects/zerv/third_party/gpu-matvec-bench/2026-09-22-gpu-matvec-repeat/q6_k-5120-248320.case", "/home/USER/projects/zerv/third_party/matvec-dfs/2026-09-22-matvec-block256r1f0/q6_k-5120-248320.output", "10", "/home/USER/projects/zerv/third_party/matvec-dfs/2026-09-22-matvec-block256r1f0/q6_k.spv", "1"]
{"trial":0,"iterations":10,"elapsed_ns":20548354}
{"trial":1,"iterations":10,"elapsed_ns":21280551}
{"trial":2,"iterations":10,"elapsed_ns":21256716}
{"trial":3,"iterations":10,"elapsed_ns":21254703}
{"trial":4,"iterations":10,"elapsed_ns":21186784}
{"trial":5,"iterations":10,"elapsed_ns":20985352}
{"trial":6,"iterations":10,"elapsed_ns":20948472}
device=AMD Radeon RX 7900 XTX (RADV NAVI31) vendor=1002 id=744c api=4211042 driver=109060099 family=1
allocation_bytes=2088909104 sizes=1043957872,1043957872,993360 memory_types=5,0,5 groups=65535,4,1
["/home/USER/projects/zerv/third_party/matvec-dfs/2026-09-22-matvec-block256r1f0/native", "/home/USER/projects/zerv/third_party/gpu-matvec-bench/2026-09-22-gpu-matvec-repeat/q4_0-5120-6144.case", "/home/USER/projects/zerv/third_party/matvec-dfs/2026-09-22-matvec-block256r1f0/q4_0-5120-6144.output", "64", "/home/USER/projects/zerv/third_party/matvec-dfs/2026-09-22-matvec-block256r1f0/q4_0.spv", "1"]
{"trial":0,"iterations":64,"elapsed_ns":7800038}
{"trial":1,"iterations":64,"elapsed_ns":7758430}
{"trial":2,"iterations":64,"elapsed_ns":7862598}
{"trial":3,"iterations":64,"elapsed_ns":7724145}
{"trial":4,"iterations":64,"elapsed_ns":7375074}
{"trial":5,"iterations":64,"elapsed_ns":7351589}
{"trial":6,"iterations":64,"elapsed_ns":7308408}
device=AMD Radeon RX 7900 XTX (RADV NAVI31) vendor=1002 id=744c api=4211042 driver=109060099 family=1
allocation_bytes=35504432 sizes=17739888,17739888,24656 memory_types=5,0,5 groups=6144,1,1
["/home/USER/projects/zerv/third_party/matvec-dfs/2026-09-22-matvec-block256r1f0/native", "/home/USER/projects/zerv/third_party/gpu-matvec-bench/2026-09-22-gpu-matvec-repeat/q4_0-5120-10240.case", "/home/USER/projects/zerv/third_party/matvec-dfs/2026-09-22-matvec-block256r1f0/q4_0-5120-10240.output", "64", "/home/USER/projects/zerv/third_party/matvec-dfs/2026-09-22-matvec-block256r1f0/q4_0.spv", "1"]
{"trial":0,"iterations":64,"elapsed_ns":10637976}
{"trial":1,"iterations":64,"elapsed_ns":9984077}
{"trial":2,"iterations":64,"elapsed_ns":9542220}
{"trial":3,"iterations":64,"elapsed_ns":9235459}
{"trial":4,"iterations":64,"elapsed_ns":9060107}
{"trial":5,"iterations":64,"elapsed_ns":8753526}
{"trial":6,"iterations":64,"elapsed_ns":8796897}
device=AMD Radeon RX 7900 XTX (RADV NAVI31) vendor=1002 id=744c api=4211042 driver=109060099 family=1
allocation_bytes=59146544 sizes=29552752,29552752,41040 memory_types=5,0,5 groups=10240,1,1
["/home/USER/projects/zerv/third_party/matvec-dfs/2026-09-22-matvec-block256r1f0/native", "/home/USER/projects/zerv/third_party/gpu-matvec-bench/2026-09-22-gpu-matvec-repeat/q4_1-17408-5120.case", "/home/USER/projects/zerv/third_party/matvec-dfs/2026-09-22-matvec-block256r1f0/q4_1-17408-5120.output", "64", "/home/USER/projects/zerv/third_party/matvec-dfs/2026-09-22-matvec-block256r1f0/q4_1.spv", "1"]
{"trial":0,"iterations":64,"elapsed_ns":15368440}
{"trial":1,"iterations":64,"elapsed_ns":13526289}
{"trial":2,"iterations":64,"elapsed_ns":12830270}
{"trial":3,"iterations":64,"elapsed_ns":12484526}
{"trial":4,"iterations":64,"elapsed_ns":12377322}
{"trial":5,"iterations":64,"elapsed_ns":11857167}
{"trial":6,"iterations":64,"elapsed_ns":11617302}
device=AMD Radeon RX 7900 XTX (RADV NAVI31) vendor=1002 id=744c api=4211042 driver=109060099 family=1
allocation_bytes=111612208 sizes=55795824,55795824,20560 memory_types=5,0,5 groups=5120,1,1
["/home/USER/projects/zerv/third_party/matvec-dfs/2026-09-22-matvec-block256r1f0/native", "/home/USER/projects/zerv/third_party/gpu-matvec-bench/2026-09-22-gpu-matvec-repeat/q4_0-5120-17408.case", "/home/USER/projects/zerv/third_party/matvec-dfs/2026-09-22-matvec-block256r1f0/q4_0-5120-17408.output", "64", "/home/USER/projects/zerv/third_party/matvec-dfs/2026-09-22-matvec-block256r1f0/q4_0.spv", "1"]
{"trial":0,"iterations":64,"elapsed_ns":14406497}
{"trial":1,"iterations":64,"elapsed_ns":12652083}
{"trial":2,"iterations":64,"elapsed_ns":11833532}
{"trial":3,"iterations":64,"elapsed_ns":11492736}
{"trial":4,"iterations":64,"elapsed_ns":11403787}
{"trial":5,"iterations":64,"elapsed_ns":11099611}
{"trial":6,"iterations":64,"elapsed_ns":10829199}
device=AMD Radeon RX 7900 XTX (RADV NAVI31) vendor=1002 id=744c api=4211042 driver=109060099 family=1
allocation_bytes=100520240 sizes=50225264,50225264,69712 memory_types=5,0,5 groups=17408,1,1
["/home/USER/projects/zerv/third_party/matvec-dfs/2026-09-22-matvec-block256r1f0/native", "/home/USER/projects/zerv/third_party/gpu-matvec-bench/2026-09-22-gpu-matvec-repeat/f32-5120-48.case", "/home/USER/projects/zerv/third_party/matvec-dfs/2026-09-22-matvec-block256r1f0/f32-5120-48.output", "256", "/home/USER/projects/zerv/third_party/matvec-dfs/2026-09-22-matvec-block256r1f0/f32.spv", "1"]
{"trial":0,"iterations":256,"elapsed_ns":12539489}
{"trial":1,"iterations":256,"elapsed_ns":13705218}
{"trial":2,"iterations":256,"elapsed_ns":11964279}
{"trial":3,"iterations":256,"elapsed_ns":12257144}
{"trial":4,"iterations":256,"elapsed_ns":12557634}
{"trial":5,"iterations":256,"elapsed_ns":12570429}
{"trial":6,"iterations":256,"elapsed_ns":12517949}
device=AMD Radeon RX 7900 XTX (RADV NAVI31) vendor=1002 id=744c api=4211042 driver=109060099 family=1
allocation_bytes=2007920 sizes=1003824,1003824,272 memory_types=5,0,5 groups=48,1,1
["/home/USER/projects/zerv/third_party/matvec-dfs/2026-09-22-matvec-block256r1f0/native", "/home/USER/projects/zerv/third_party/gpu-matvec-bench/2026-09-22-gpu-matvec-repeat/q5_k-6144-5120.case", "/home/USER/projects/zerv/third_party/matvec-dfs/2026-09-22-matvec-block256r1f0/q5_k-6144-5120.output", "64", "/home/USER/projects/zerv/third_party/matvec-dfs/2026-09-22-matvec-block256r1f0/q5_k.spv", "1"]
{"trial":0,"iterations":64,"elapsed_ns":10360250}
{"trial":1,"iterations":64,"elapsed_ns":10405336}
{"trial":2,"iterations":64,"elapsed_ns":9949281}
{"trial":3,"iterations":64,"elapsed_ns":9572117}
{"trial":4,"iterations":64,"elapsed_ns":9352902}
{"trial":5,"iterations":64,"elapsed_ns":9121463}
{"trial":6,"iterations":64,"elapsed_ns":9115702}
device=AMD Radeon RX 7900 XTX (RADV NAVI31) vendor=1002 id=744c api=4211042 driver=109060099 family=1
allocation_bytes=43364656 sizes=21672048,21672048,20560 memory_types=5,0,5 groups=5120,1,1
["/home/USER/projects/zerv/third_party/matvec-dfs/2026-09-22-matvec-block256r1f0/native", "/home/USER/projects/zerv/third_party/gpu-matvec-bench/2026-09-22-gpu-matvec-repeat/q4_0-5120-1024.case", "/home/USER/projects/zerv/third_party/matvec-dfs/2026-09-22-matvec-block256r1f0/q4_0-5120-1024.output", "64", "/home/USER/projects/zerv/third_party/matvec-dfs/2026-09-22-matvec-block256r1f0/q4_0.spv", "1"]
{"trial":0,"iterations":64,"elapsed_ns":3718536}
{"trial":1,"iterations":64,"elapsed_ns":3786915}
{"trial":2,"iterations":64,"elapsed_ns":3753612}
{"trial":3,"iterations":64,"elapsed_ns":3766436}
{"trial":4,"iterations":64,"elapsed_ns":3809117}
{"trial":5,"iterations":64,"elapsed_ns":3761797}
{"trial":6,"iterations":64,"elapsed_ns":3801493}
device=AMD Radeon RX 7900 XTX (RADV NAVI31) vendor=1002 id=744c api=4211042 driver=109060099 family=1
allocation_bytes=5951792 sizes=2973808,2973808,4176 memory_types=5,0,5 groups=1024,1,1
["/home/USER/projects/zerv/third_party/matvec-dfs/2026-09-22-matvec-block256r1f0/native", "/home/USER/projects/zerv/third_party/gpu-matvec-bench/2026-09-22-gpu-matvec-repeat/q4_0-6144-5120.case", "/home/USER/projects/zerv/third_party/matvec-dfs/2026-09-22-matvec-block256r1f0/q4_0-6144-5120.output", "64", "/home/USER/projects/zerv/third_party/matvec-dfs/2026-09-22-matvec-block256r1f0/q4_0.spv", "1"]
{"trial":0,"iterations":64,"elapsed_ns":7712192}
{"trial":1,"iterations":64,"elapsed_ns":7768088}
{"trial":2,"iterations":64,"elapsed_ns":7770233}
{"trial":3,"iterations":64,"elapsed_ns":7665885}
{"trial":4,"iterations":64,"elapsed_ns":7492777}
{"trial":5,"iterations":64,"elapsed_ns":7335730}
{"trial":6,"iterations":64,"elapsed_ns":7362150}
device=AMD Radeon RX 7900 XTX (RADV NAVI31) vendor=1002 id=744c api=4211042 driver=109060099 family=1
allocation_bytes=35500336 sizes=17739888,17739888,20560 memory_types=5,0,5 groups=5120,1,1
["/home/USER/projects/zerv/third_party/matvec-dfs/2026-09-22-matvec-block256r1f0/native", "/home/USER/projects/zerv/third_party/gpu-matvec-bench/2026-09-22-gpu-matvec-repeat/q4_0-5120-12288.case", "/home/USER/projects/zerv/third_party/matvec-dfs/2026-09-22-matvec-block256r1f0/q4_0-5120-12288.output", "64", "/home/USER/projects/zerv/third_party/matvec-dfs/2026-09-22-matvec-block256r1f0/q4_0.spv", "1"]
{"trial":0,"iterations":64,"elapsed_ns":11978125}
{"trial":1,"iterations":64,"elapsed_ns":10868864}
{"trial":2,"iterations":64,"elapsed_ns":10275289}
{"trial":3,"iterations":64,"elapsed_ns":9952848}
{"trial":4,"iterations":64,"elapsed_ns":9825517}
{"trial":5,"iterations":64,"elapsed_ns":9714557}
{"trial":6,"iterations":64,"elapsed_ns":9474141}
device=AMD Radeon RX 7900 XTX (RADV NAVI31) vendor=1002 id=744c api=4211042 driver=109060099 family=1
allocation_bytes=70967600 sizes=35459184,35459184,49232 memory_types=5,0,5 groups=12288,1,1
["/home/USER/projects/zerv/third_party/matvec-dfs/2026-09-22-matvec-block256r1f0/native", "/home/USER/projects/zerv/third_party/gpu-matvec-bench/2026-09-22-gpu-matvec-repeat/q4_0-17408-5120.case", "/home/USER/projects/zerv/third_party/matvec-dfs/2026-09-22-matvec-block256r1f0/q4_0-17408-5120.output", "64", "/home/USER/projects/zerv/third_party/matvec-dfs/2026-09-22-matvec-block256r1f0/q4_0.spv", "1"]
{"trial":0,"iterations":64,"elapsed_ns":14608650}
{"trial":1,"iterations":64,"elapsed_ns":12933917}
{"trial":2,"iterations":64,"elapsed_ns":12314292}
{"trial":3,"iterations":64,"elapsed_ns":11808925}
{"trial":4,"iterations":64,"elapsed_ns":11855283}
{"trial":5,"iterations":64,"elapsed_ns":11385904}
{"trial":6,"iterations":64,"elapsed_ns":11297777}
device=AMD Radeon RX 7900 XTX (RADV NAVI31) vendor=1002 id=744c api=4211042 driver=109060099 family=1
allocation_bytes=100471088 sizes=50225264,50225264,20560 memory_types=5,0,5 groups=5120,1,1
