ggml_vulkan: Found 1 Vulkan devices:
ggml_vulkan: 0 = AMD Radeon RX 7900 XTX (RADV NAVI31) (radv) | uma: 0 | fp16: dot2 | bf16: 0 | fp4: 0 | warp size: 64 | shared memory: 65536 | int dot: 1 | matrix cores: KHR_coopmat
oracle=0.24.0 commit=456172ec-dirty device=AMD Radeon RX 7900 XTX (RADV NAVI31) disable_mmvq=1
backend_allocation_bytes=1003712
----------------
Vulkan Timings:
MUL_MAT_VEC f32 m=48 n=1 k=5120: 1 x 68.42 us = 68.42 us (7.18316 GFLOPS/s)
Total time: 68.42 us.
----------------
Vulkan Timings:
MUL_MAT_VEC f32 m=48 n=1 k=5120: 1 x 32.12 us = 32.12 us (15.3011 GFLOPS/s)
Total time: 32.12 us.
----------------
Vulkan Timings:
MUL_MAT_VEC f32 m=48 n=1 k=5120: 1 x 31.68 us = 31.68 us (15.5136 GFLOPS/s)
Total time: 31.68 us.
----------------
Vulkan Timings:
MUL_MAT_VEC f32 m=48 n=1 k=5120: 1 x 31.68 us = 31.68 us (15.5136 GFLOPS/s)
Total time: 31.68 us.
----------------
Vulkan Timings:
MUL_MAT_VEC f32 m=48 n=1 k=5120: 1 x 31.68 us = 31.68 us (15.5136 GFLOPS/s)
Total time: 31.68 us.
----------------
Vulkan Timings:
MUL_MAT_VEC f32 m=48 n=1 k=5120: 1 x 31.68 us = 31.68 us (15.5136 GFLOPS/s)
Total time: 31.68 us.
----------------
Vulkan Timings:
MUL_MAT_VEC f32 m=48 n=1 k=5120: 1 x 31.36 us = 31.36 us (15.6719 GFLOPS/s)
Total time: 31.36 us.
----------------
Vulkan Timings:
MUL_MAT_VEC f32 m=48 n=1 k=5120: 1 x 31.68 us = 31.68 us (15.5136 GFLOPS/s)
Total time: 31.68 us.
----------------
Vulkan Timings:
MUL_MAT_VEC f32 m=48 n=1 k=5120: 1 x 31.64 us = 31.64 us (15.5332 GFLOPS/s)
Total time: 31.64 us.
----------------
Vulkan Timings:
MUL_MAT_VEC f32 m=48 n=1 k=5120: 1 x 31.68 us = 31.68 us (15.5136 GFLOPS/s)
Total time: 31.68 us.
----------------
Vulkan Timings:
MUL_MAT_VEC f32 m=48 n=1 k=5120: 1 x 31.68 us = 31.68 us (15.5136 GFLOPS/s)
Total time: 31.68 us.
----------------
Vulkan Timings:
MUL_MAT_VEC f32 m=48 n=1 k=5120: 1 x 31.68 us = 31.68 us (15.5136 GFLOPS/s)
Total time: 31.68 us.
----------------
Vulkan Timings:
MUL_MAT_VEC f32 m=48 n=1 k=5120: 1 x 31.68 us = 31.68 us (15.5136 GFLOPS/s)
Total time: 31.68 us.
----------------
Vulkan Timings:
MUL_MAT_VEC f32 m=48 n=1 k=5120: 1 x 31.68 us = 31.68 us (15.5136 GFLOPS/s)
Total time: 31.68 us.
----------------
Vulkan Timings:
MUL_MAT_VEC f32 m=48 n=1 k=5120: 1 x 31.64 us = 31.64 us (15.5332 GFLOPS/s)
Total time: 31.64 us.
----------------
Vulkan Timings:
MUL_MAT_VEC f32 m=48 n=1 k=5120: 1 x 31.6 us = 31.6 us (15.5529 GFLOPS/s)
Total time: 31.6 us.
----------------
Vulkan Timings:
MUL_MAT_VEC f32 m=48 n=1 k=5120: 1 x 31.64 us = 31.64 us (15.5332 GFLOPS/s)
Total time: 31.64 us.
----------------
Vulkan Timings:
MUL_MAT_VEC f32 m=48 n=1 k=5120: 1 x 31.68 us = 31.68 us (15.5136 GFLOPS/s)
Total time: 31.68 us.
----------------
Vulkan Timings:
MUL_MAT_VEC f32 m=48 n=1 k=5120: 1 x 31.64 us = 31.64 us (15.5332 GFLOPS/s)
Total time: 31.64 us.
----------------
Vulkan Timings:
MUL_MAT_VEC f32 m=48 n=1 k=5120: 1 x 31.64 us = 31.64 us (15.5332 GFLOPS/s)
Total time: 31.64 us.
----------------
Vulkan Timings:
MUL_MAT_VEC f32 m=48 n=1 k=5120: 1 x 31.68 us = 31.68 us (15.5136 GFLOPS/s)
Total time: 31.68 us.
----------------
Vulkan Timings:
MUL_MAT_VEC f32 m=48 n=1 k=5120: 1 x 31.64 us = 31.64 us (15.5332 GFLOPS/s)
Total time: 31.64 us.
----------------
Vulkan Timings:
MUL_MAT_VEC f32 m=48 n=1 k=5120: 1 x 31.64 us = 31.64 us (15.5332 GFLOPS/s)
Total time: 31.64 us.
----------------
Vulkan Timings:
MUL_MAT_VEC f32 m=48 n=1 k=5120: 1 x 31.88 us = 31.88 us (15.4163 GFLOPS/s)
Total time: 31.88 us.
----------------
Vulkan Timings:
MUL_MAT_VEC f32 m=48 n=1 k=5120: 1 x 31.56 us = 31.56 us (15.5726 GFLOPS/s)
Total time: 31.56 us.
----------------
Vulkan Timings:
MUL_MAT_VEC f32 m=48 n=1 k=5120: 1 x 31.6 us = 31.6 us (15.5529 GFLOPS/s)
Total time: 31.6 us.
----------------
Vulkan Timings:
MUL_MAT_VEC f32 m=48 n=1 k=5120: 1 x 31.56 us = 31.56 us (15.5726 GFLOPS/s)
Total time: 31.56 us.
----------------
Vulkan Timings:
MUL_MAT_VEC f32 m=48 n=1 k=5120: 1 x 31.6 us = 31.6 us (15.5529 GFLOPS/s)
Total time: 31.6 us.
----------------
Vulkan Timings:
MUL_MAT_VEC f32 m=48 n=1 k=5120: 1 x 31.64 us = 31.64 us (15.5332 GFLOPS/s)
Total time: 31.64 us.
----------------
Vulkan Timings:
MUL_MAT_VEC f32 m=48 n=1 k=5120: 1 x 31.6 us = 31.6 us (15.5529 GFLOPS/s)
Total time: 31.6 us.
----------------
Vulkan Timings:
MUL_MAT_VEC f32 m=48 n=1 k=5120: 1 x 31.6 us = 31.6 us (15.5529 GFLOPS/s)
Total time: 31.6 us.
----------------
Vulkan Timings:
MUL_MAT_VEC f32 m=48 n=1 k=5120: 1 x 31.56 us = 31.56 us (15.5726 GFLOPS/s)
Total time: 31.56 us.
----------------
Vulkan Timings:
MUL_MAT_VEC f32 m=48 n=1 k=5120: 1 x 31.56 us = 31.56 us (15.5726 GFLOPS/s)
Total time: 31.56 us.
----------------
Vulkan Timings:
MUL_MAT_VEC f32 m=48 n=1 k=5120: 1 x 31.64 us = 31.64 us (15.5332 GFLOPS/s)
Total time: 31.64 us.
----------------
Vulkan Timings:
MUL_MAT_VEC f32 m=48 n=1 k=5120: 1 x 31.6 us = 31.6 us (15.5529 GFLOPS/s)
Total time: 31.6 us.
----------------
Vulkan Timings:
MUL_MAT_VEC f32 m=48 n=1 k=5120: 1 x 31.6 us = 31.6 us (15.5529 GFLOPS/s)
Total time: 31.6 us.
----------------
Vulkan Timings:
MUL_MAT_VEC f32 m=48 n=1 k=5120: 1 x 31.6 us = 31.6 us (15.5529 GFLOPS/s)
Total time: 31.6 us.
----------------
Vulkan Timings:
MUL_MAT_VEC f32 m=48 n=1 k=5120: 1 x 31.64 us = 31.64 us (15.5332 GFLOPS/s)
Total time: 31.64 us.
----------------
Vulkan Timings:
MUL_MAT_VEC f32 m=48 n=1 k=5120: 1 x 31.6 us = 31.6 us (15.5529 GFLOPS/s)
Total time: 31.6 us.
----------------
Vulkan Timings:
MUL_MAT_VEC f32 m=48 n=1 k=5120: 1 x 31.56 us = 31.56 us (15.5726 GFLOPS/s)
Total time: 31.56 us.
----------------
Vulkan Timings:
MUL_MAT_VEC f32 m=48 n=1 k=5120: 1 x 31.56 us = 31.56 us (15.5726 GFLOPS/s)
Total time: 31.56 us.
----------------
Vulkan Timings:
MUL_MAT_VEC f32 m=48 n=1 k=5120: 1 x 31.6 us = 31.6 us (15.5529 GFLOPS/s)
Total time: 31.6 us.
----------------
Vulkan Timings:
MUL_MAT_VEC f32 m=48 n=1 k=5120: 1 x 31.52 us = 31.52 us (15.5924 GFLOPS/s)
Total time: 31.52 us.
----------------
Vulkan Timings:
MUL_MAT_VEC f32 m=48 n=1 k=5120: 1 x 31.52 us = 31.52 us (15.5924 GFLOPS/s)
Total time: 31.52 us.
----------------
Vulkan Timings:
MUL_MAT_VEC f32 m=48 n=1 k=5120: 1 x 31.52 us = 31.52 us (15.5924 GFLOPS/s)
Total time: 31.52 us.
----------------
Vulkan Timings:
MUL_MAT_VEC f32 m=48 n=1 k=5120: 1 x 32.32 us = 32.32 us (15.2064 GFLOPS/s)
Total time: 32.32 us.
----------------
Vulkan Timings:
MUL_MAT_VEC f32 m=48 n=1 k=5120: 1 x 31.56 us = 31.56 us (15.5726 GFLOPS/s)
Total time: 31.56 us.
----------------
Vulkan Timings:
MUL_MAT_VEC f32 m=48 n=1 k=5120: 1 x 31.32 us = 31.32 us (15.692 GFLOPS/s)
Total time: 31.32 us.
----------------
Vulkan Timings:
MUL_MAT_VEC f32 m=48 n=1 k=5120: 1 x 31.52 us = 31.52 us (15.5924 GFLOPS/s)
Total time: 31.52 us.
----------------
Vulkan Timings:
MUL_MAT_VEC f32 m=48 n=1 k=5120: 1 x 31.52 us = 31.52 us (15.5924 GFLOPS/s)
Total time: 31.52 us.
----------------
Vulkan Timings:
MUL_MAT_VEC f32 m=48 n=1 k=5120: 1 x 31.56 us = 31.56 us (15.5726 GFLOPS/s)
Total time: 31.56 us.
----------------
Vulkan Timings:
MUL_MAT_VEC f32 m=48 n=1 k=5120: 1 x 31.56 us = 31.56 us (15.5726 GFLOPS/s)
Total time: 31.56 us.
----------------
Vulkan Timings:
MUL_MAT_VEC f32 m=48 n=1 k=5120: 1 x 31.56 us = 31.56 us (15.5726 GFLOPS/s)
Total time: 31.56 us.
----------------
Vulkan Timings:
MUL_MAT_VEC f32 m=48 n=1 k=5120: 1 x 31.56 us = 31.56 us (15.5726 GFLOPS/s)
Total time: 31.56 us.
----------------
Vulkan Timings:
MUL_MAT_VEC f32 m=48 n=1 k=5120: 1 x 31.56 us = 31.56 us (15.5726 GFLOPS/s)
Total time: 31.56 us.
----------------
Vulkan Timings:
MUL_MAT_VEC f32 m=48 n=1 k=5120: 1 x 31.56 us = 31.56 us (15.5726 GFLOPS/s)
Total time: 31.56 us.
----------------
Vulkan Timings:
MUL_MAT_VEC f32 m=48 n=1 k=5120: 1 x 31.88 us = 31.88 us (15.4163 GFLOPS/s)
Total time: 31.88 us.
----------------
Vulkan Timings:
MUL_MAT_VEC f32 m=48 n=1 k=5120: 1 x 31.52 us = 31.52 us (15.5924 GFLOPS/s)
Total time: 31.52 us.
----------------
Vulkan Timings:
MUL_MAT_VEC f32 m=48 n=1 k=5120: 1 x 31.8 us = 31.8 us (15.4551 GFLOPS/s)
Total time: 31.8 us.
----------------
Vulkan Timings:
MUL_MAT_VEC f32 m=48 n=1 k=5120: 1 x 31.56 us = 31.56 us (15.5726 GFLOPS/s)
Total time: 31.56 us.
----------------
Vulkan Timings:
MUL_MAT_VEC f32 m=48 n=1 k=5120: 1 x 31.52 us = 31.52 us (15.5924 GFLOPS/s)
Total time: 31.52 us.
----------------
Vulkan Timings:
MUL_MAT_VEC f32 m=48 n=1 k=5120: 1 x 31.52 us = 31.52 us (15.5924 GFLOPS/s)
Total time: 31.52 us.
----------------
Vulkan Timings:
MUL_MAT_VEC f32 m=48 n=1 k=5120: 1 x 31.48 us = 31.48 us (15.6122 GFLOPS/s)
Total time: 31.48 us.
----------------
Vulkan Timings:
MUL_MAT_VEC f32 m=48 n=1 k=5120: 1 x 31.16 us = 31.16 us (15.7725 GFLOPS/s)
Total time: 31.16 us.
----------------
Vulkan Timings:
MUL_MAT_VEC f32 m=48 n=1 k=5120: 1 x 31.52 us = 31.52 us (15.5924 GFLOPS/s)
Total time: 31.52 us.
----------------
Vulkan Timings:
MUL_MAT_VEC f32 m=48 n=1 k=5120: 1 x 31.52 us = 31.52 us (15.5924 GFLOPS/s)
Total time: 31.52 us.
----------------
Vulkan Timings:
MUL_MAT_VEC f32 m=48 n=1 k=5120: 1 x 31.52 us = 31.52 us (15.5924 GFLOPS/s)
Total time: 31.52 us.
----------------
Vulkan Timings:
MUL_MAT_VEC f32 m=48 n=1 k=5120: 1 x 31.52 us = 31.52 us (15.5924 GFLOPS/s)
Total time: 31.52 us.
----------------
Vulkan Timings:
MUL_MAT_VEC f32 m=48 n=1 k=5120: 1 x 31.52 us = 31.52 us (15.5924 GFLOPS/s)
Total time: 31.52 us.
----------------
Vulkan Timings:
MUL_MAT_VEC f32 m=48 n=1 k=5120: 1 x 31.52 us = 31.52 us (15.5924 GFLOPS/s)
Total time: 31.52 us.
----------------
Vulkan Timings:
MUL_MAT_VEC f32 m=48 n=1 k=5120: 1 x 31.48 us = 31.48 us (15.6122 GFLOPS/s)
Total time: 31.48 us.
----------------
Vulkan Timings:
MUL_MAT_VEC f32 m=48 n=1 k=5120: 1 x 31.52 us = 31.52 us (15.5924 GFLOPS/s)
Total time: 31.52 us.
----------------
Vulkan Timings:
MUL_MAT_VEC f32 m=48 n=1 k=5120: 1 x 31.52 us = 31.52 us (15.5924 GFLOPS/s)
Total time: 31.52 us.
----------------
Vulkan Timings:
MUL_MAT_VEC f32 m=48 n=1 k=5120: 1 x 31.48 us = 31.48 us (15.6122 GFLOPS/s)
Total time: 31.48 us.
----------------
Vulkan Timings:
MUL_MAT_VEC f32 m=48 n=1 k=5120: 1 x 31.52 us = 31.52 us (15.5924 GFLOPS/s)
Total time: 31.52 us.
----------------
Vulkan Timings:
MUL_MAT_VEC f32 m=48 n=1 k=5120: 1 x 31.48 us = 31.48 us (15.6122 GFLOPS/s)
Total time: 31.48 us.
----------------
Vulkan Timings:
MUL_MAT_VEC f32 m=48 n=1 k=5120: 1 x 31.48 us = 31.48 us (15.6122 GFLOPS/s)
Total time: 31.48 us.
----------------
Vulkan Timings:
MUL_MAT_VEC f32 m=48 n=1 k=5120: 1 x 31.48 us = 31.48 us (15.6122 GFLOPS/s)
Total time: 31.48 us.
----------------
Vulkan Timings:
MUL_MAT_VEC f32 m=48 n=1 k=5120: 1 x 31.52 us = 31.52 us (15.5924 GFLOPS/s)
Total time: 31.52 us.
----------------
Vulkan Timings:
MUL_MAT_VEC f32 m=48 n=1 k=5120: 1 x 31.76 us = 31.76 us (15.4746 GFLOPS/s)
Total time: 31.76 us.
----------------
Vulkan Timings:
MUL_MAT_VEC f32 m=48 n=1 k=5120: 1 x 31.52 us = 31.52 us (15.5924 GFLOPS/s)
Total time: 31.52 us.
----------------
Vulkan Timings:
MUL_MAT_VEC f32 m=48 n=1 k=5120: 1 x 31.52 us = 31.52 us (15.5924 GFLOPS/s)
Total time: 31.52 us.
----------------
Vulkan Timings:
MUL_MAT_VEC f32 m=48 n=1 k=5120: 1 x 31.52 us = 31.52 us (15.5924 GFLOPS/s)
Total time: 31.52 us.
----------------
Vulkan Timings:
MUL_MAT_VEC f32 m=48 n=1 k=5120: 1 x 31.48 us = 31.48 us (15.6122 GFLOPS/s)
Total time: 31.48 us.
----------------
Vulkan Timings:
MUL_MAT_VEC f32 m=48 n=1 k=5120: 1 x 31.48 us = 31.48 us (15.6122 GFLOPS/s)
Total time: 31.48 us.
----------------
Vulkan Timings:
MUL_MAT_VEC f32 m=48 n=1 k=5120: 1 x 31.16 us = 31.16 us (15.7725 GFLOPS/s)
Total time: 31.16 us.
----------------
Vulkan Timings:
MUL_MAT_VEC f32 m=48 n=1 k=5120: 1 x 31.48 us = 31.48 us (15.6122 GFLOPS/s)
Total time: 31.48 us.
----------------
Vulkan Timings:
MUL_MAT_VEC f32 m=48 n=1 k=5120: 1 x 31.44 us = 31.44 us (15.6321 GFLOPS/s)
Total time: 31.44 us.
----------------
Vulkan Timings:
MUL_MAT_VEC f32 m=48 n=1 k=5120: 1 x 31.44 us = 31.44 us (15.6321 GFLOPS/s)
Total time: 31.44 us.
----------------
Vulkan Timings:
MUL_MAT_VEC f32 m=48 n=1 k=5120: 1 x 31.48 us = 31.48 us (15.6122 GFLOPS/s)
Total time: 31.48 us.
----------------
Vulkan Timings:
MUL_MAT_VEC f32 m=48 n=1 k=5120: 1 x 31.44 us = 31.44 us (15.6321 GFLOPS/s)
Total time: 31.44 us.
----------------
Vulkan Timings:
MUL_MAT_VEC f32 m=48 n=1 k=5120: 1 x 31.44 us = 31.44 us (15.6321 GFLOPS/s)
Total time: 31.44 us.
----------------
Vulkan Timings:
MUL_MAT_VEC f32 m=48 n=1 k=5120: 1 x 31.44 us = 31.44 us (15.6321 GFLOPS/s)
Total time: 31.44 us.
----------------
Vulkan Timings:
MUL_MAT_VEC f32 m=48 n=1 k=5120: 1 x 31.4 us = 31.4 us (15.652 GFLOPS/s)
Total time: 31.4 us.
----------------
Vulkan Timings:
MUL_MAT_VEC f32 m=48 n=1 k=5120: 1 x 31.44 us = 31.44 us (15.6321 GFLOPS/s)
Total time: 31.44 us.
----------------
Vulkan Timings:
MUL_MAT_VEC f32 m=48 n=1 k=5120: 1 x 31.4 us = 31.4 us (15.652 GFLOPS/s)
Total time: 31.4 us.
----------------
Vulkan Timings:
MUL_MAT_VEC f32 m=48 n=1 k=5120: 1 x 31.44 us = 31.44 us (15.6321 GFLOPS/s)
Total time: 31.44 us.
----------------
Vulkan Timings:
MUL_MAT_VEC f32 m=48 n=1 k=5120: 1 x 31.44 us = 31.44 us (15.6321 GFLOPS/s)
Total time: 31.44 us.
----------------
Vulkan Timings:
MUL_MAT_VEC f32 m=48 n=1 k=5120: 1 x 31.12 us = 31.12 us (15.7928 GFLOPS/s)
Total time: 31.12 us.
----------------
Vulkan Timings:
MUL_MAT_VEC f32 m=48 n=1 k=5120: 1 x 31.08 us = 31.08 us (15.8131 GFLOPS/s)
Total time: 31.08 us.
----------------
Vulkan Timings:
MUL_MAT_VEC f32 m=48 n=1 k=5120: 1 x 31.44 us = 31.44 us (15.6321 GFLOPS/s)
Total time: 31.44 us.
----------------
Vulkan Timings:
MUL_MAT_VEC f32 m=48 n=1 k=5120: 1 x 31.4 us = 31.4 us (15.652 GFLOPS/s)
Total time: 31.4 us.
----------------
Vulkan Timings:
MUL_MAT_VEC f32 m=48 n=1 k=5120: 1 x 31.72 us = 31.72 us (15.4941 GFLOPS/s)
Total time: 31.72 us.
----------------
Vulkan Timings:
MUL_MAT_VEC f32 m=48 n=1 k=5120: 1 x 31.4 us = 31.4 us (15.652 GFLOPS/s)
Total time: 31.4 us.
----------------
Vulkan Timings:
MUL_MAT_VEC f32 m=48 n=1 k=5120: 1 x 31.4 us = 31.4 us (15.652 GFLOPS/s)
Total time: 31.4 us.
----------------
Vulkan Timings:
MUL_MAT_VEC f32 m=48 n=1 k=5120: 1 x 31.36 us = 31.36 us (15.6719 GFLOPS/s)
Total time: 31.36 us.
----------------
Vulkan Timings:
MUL_MAT_VEC f32 m=48 n=1 k=5120: 1 x 31.4 us = 31.4 us (15.652 GFLOPS/s)
Total time: 31.4 us.
----------------
Vulkan Timings:
MUL_MAT_VEC f32 m=48 n=1 k=5120: 1 x 31.44 us = 31.44 us (15.6321 GFLOPS/s)
Total time: 31.44 us.
----------------
Vulkan Timings:
MUL_MAT_VEC f32 m=48 n=1 k=5120: 1 x 31.4 us = 31.4 us (15.652 GFLOPS/s)
Total time: 31.4 us.
----------------
Vulkan Timings:
MUL_MAT_VEC f32 m=48 n=1 k=5120: 1 x 31.44 us = 31.44 us (15.6321 GFLOPS/s)
Total time: 31.44 us.
----------------
Vulkan Timings:
MUL_MAT_VEC f32 m=48 n=1 k=5120: 1 x 31.36 us = 31.36 us (15.6719 GFLOPS/s)
Total time: 31.36 us.
----------------
Vulkan Timings:
MUL_MAT_VEC f32 m=48 n=1 k=5120: 1 x 31.36 us = 31.36 us (15.6719 GFLOPS/s)
Total time: 31.36 us.
----------------
Vulkan Timings:
MUL_MAT_VEC f32 m=48 n=1 k=5120: 1 x 31.36 us = 31.36 us (15.6719 GFLOPS/s)
Total time: 31.36 us.
----------------
Vulkan Timings:
MUL_MAT_VEC f32 m=48 n=1 k=5120: 1 x 31.68 us = 31.68 us (15.5136 GFLOPS/s)
Total time: 31.68 us.
----------------
Vulkan Timings:
MUL_MAT_VEC f32 m=48 n=1 k=5120: 1 x 31.36 us = 31.36 us (15.6719 GFLOPS/s)
Total time: 31.36 us.
----------------
Vulkan Timings:
MUL_MAT_VEC f32 m=48 n=1 k=5120: 1 x 31.36 us = 31.36 us (15.6719 GFLOPS/s)
Total time: 31.36 us.
----------------
Vulkan Timings:
MUL_MAT_VEC f32 m=48 n=1 k=5120: 1 x 31.4 us = 31.4 us (15.652 GFLOPS/s)
Total time: 31.4 us.
----------------
Vulkan Timings:
MUL_MAT_VEC f32 m=48 n=1 k=5120: 1 x 31.36 us = 31.36 us (15.6719 GFLOPS/s)
Total time: 31.36 us.
----------------
Vulkan Timings:
MUL_MAT_VEC f32 m=48 n=1 k=5120: 1 x 31.36 us = 31.36 us (15.6719 GFLOPS/s)
Total time: 31.36 us.
----------------
Vulkan Timings:
MUL_MAT_VEC f32 m=48 n=1 k=5120: 1 x 31.32 us = 31.32 us (15.692 GFLOPS/s)
Total time: 31.32 us.
----------------
Vulkan Timings:
MUL_MAT_VEC f32 m=48 n=1 k=5120: 1 x 31.36 us = 31.36 us (15.6719 GFLOPS/s)
Total time: 31.36 us.
----------------
Vulkan Timings:
MUL_MAT_VEC f32 m=48 n=1 k=5120: 1 x 31.32 us = 31.32 us (15.692 GFLOPS/s)
Total time: 31.32 us.
----------------
Vulkan Timings:
MUL_MAT_VEC f32 m=48 n=1 k=5120: 1 x 31.32 us = 31.32 us (15.692 GFLOPS/s)
Total time: 31.32 us.
----------------
Vulkan Timings:
MUL_MAT_VEC f32 m=48 n=1 k=5120: 1 x 31.32 us = 31.32 us (15.692 GFLOPS/s)
Total time: 31.32 us.
----------------
Vulkan Timings:
MUL_MAT_VEC f32 m=48 n=1 k=5120: 1 x 31.32 us = 31.32 us (15.692 GFLOPS/s)
Total time: 31.32 us.
----------------
Vulkan Timings:
MUL_MAT_VEC f32 m=48 n=1 k=5120: 1 x 31.32 us = 31.32 us (15.692 GFLOPS/s)
Total time: 31.32 us.
----------------
Vulkan Timings:
MUL_MAT_VEC f32 m=48 n=1 k=5120: 1 x 31.32 us = 31.32 us (15.692 GFLOPS/s)
Total time: 31.32 us.
----------------
Vulkan Timings:
MUL_MAT_VEC f32 m=48 n=1 k=5120: 1 x 31.36 us = 31.36 us (15.6719 GFLOPS/s)
Total time: 31.36 us.
----------------
Vulkan Timings:
MUL_MAT_VEC f32 m=48 n=1 k=5120: 1 x 31.32 us = 31.32 us (15.692 GFLOPS/s)
Total time: 31.32 us.
----------------
Vulkan Timings:
MUL_MAT_VEC f32 m=48 n=1 k=5120: 1 x 31.36 us = 31.36 us (15.6719 GFLOPS/s)
Total time: 31.36 us.
----------------
Vulkan Timings:
MUL_MAT_VEC f32 m=48 n=1 k=5120: 1 x 31.36 us = 31.36 us (15.6719 GFLOPS/s)
Total time: 31.36 us.
----------------
Vulkan Timings:
MUL_MAT_VEC f32 m=48 n=1 k=5120: 1 x 31.32 us = 31.32 us (15.692 GFLOPS/s)
Total time: 31.32 us.
----------------
Vulkan Timings:
MUL_MAT_VEC f32 m=48 n=1 k=5120: 1 x 31.32 us = 31.32 us (15.692 GFLOPS/s)
Total time: 31.32 us.
----------------
Vulkan Timings:
MUL_MAT_VEC f32 m=48 n=1 k=5120: 1 x 31.36 us = 31.36 us (15.6719 GFLOPS/s)
Total time: 31.36 us.
----------------
Vulkan Timings:
MUL_MAT_VEC f32 m=48 n=1 k=5120: 1 x 31.36 us = 31.36 us (15.6719 GFLOPS/s)
Total time: 31.36 us.
----------------
Vulkan Timings:
MUL_MAT_VEC f32 m=48 n=1 k=5120: 1 x 31.32 us = 31.32 us (15.692 GFLOPS/s)
Total time: 31.32 us.
----------------
Vulkan Timings:
MUL_MAT_VEC f32 m=48 n=1 k=5120: 1 x 31.36 us = 31.36 us (15.6719 GFLOPS/s)
Total time: 31.36 us.
----------------
Vulkan Timings:
MUL_MAT_VEC f32 m=48 n=1 k=5120: 1 x 31.32 us = 31.32 us (15.692 GFLOPS/s)
Total time: 31.32 us.
----------------
Vulkan Timings:
MUL_MAT_VEC f32 m=48 n=1 k=5120: 1 x 31.32 us = 31.32 us (15.692 GFLOPS/s)
Total time: 31.32 us.
----------------
Vulkan Timings:
MUL_MAT_VEC f32 m=48 n=1 k=5120: 1 x 31.32 us = 31.32 us (15.692 GFLOPS/s)
Total time: 31.32 us.
----------------
Vulkan Timings:
MUL_MAT_VEC f32 m=48 n=1 k=5120: 1 x 31.24 us = 31.24 us (15.7321 GFLOPS/s)
Total time: 31.24 us.
----------------
Vulkan Timings:
MUL_MAT_VEC f32 m=48 n=1 k=5120: 1 x 31.6 us = 31.6 us (15.5529 GFLOPS/s)
Total time: 31.6 us.
----------------
Vulkan Timings:
MUL_MAT_VEC f32 m=48 n=1 k=5120: 1 x 31.32 us = 31.32 us (15.692 GFLOPS/s)
Total time: 31.32 us.
----------------
Vulkan Timings:
MUL_MAT_VEC f32 m=48 n=1 k=5120: 1 x 31.32 us = 31.32 us (15.692 GFLOPS/s)
Total time: 31.32 us.
----------------
Vulkan Timings:
MUL_MAT_VEC f32 m=48 n=1 k=5120: 1 x 31.32 us = 31.32 us (15.692 GFLOPS/s)
Total time: 31.32 us.
----------------
Vulkan Timings:
MUL_MAT_VEC f32 m=48 n=1 k=5120: 1 x 31.28 us = 31.28 us (15.712 GFLOPS/s)
Total time: 31.28 us.
----------------
Vulkan Timings:
MUL_MAT_VEC f32 m=48 n=1 k=5120: 1 x 31.28 us = 31.28 us (15.712 GFLOPS/s)
Total time: 31.28 us.
----------------
Vulkan Timings:
MUL_MAT_VEC f32 m=48 n=1 k=5120: 1 x 32.12 us = 32.12 us (15.3011 GFLOPS/s)
Total time: 32.12 us.
----------------
Vulkan Timings:
MUL_MAT_VEC f32 m=48 n=1 k=5120: 1 x 31.68 us = 31.68 us (15.5136 GFLOPS/s)
Total time: 31.68 us.
----------------
Vulkan Timings:
MUL_MAT_VEC f32 m=48 n=1 k=5120: 1 x 31.28 us = 31.28 us (15.712 GFLOPS/s)
Total time: 31.28 us.
----------------
Vulkan Timings:
MUL_MAT_VEC f32 m=48 n=1 k=5120: 1 x 31.32 us = 31.32 us (15.692 GFLOPS/s)
Total time: 31.32 us.
----------------
Vulkan Timings:
MUL_MAT_VEC f32 m=48 n=1 k=5120: 1 x 31.28 us = 31.28 us (15.712 GFLOPS/s)
Total time: 31.28 us.
----------------
Vulkan Timings:
MUL_MAT_VEC f32 m=48 n=1 k=5120: 1 x 31.28 us = 31.28 us (15.712 GFLOPS/s)
Total time: 31.28 us.
----------------
Vulkan Timings:
MUL_MAT_VEC f32 m=48 n=1 k=5120: 1 x 31.28 us = 31.28 us (15.712 GFLOPS/s)
Total time: 31.28 us.
----------------
Vulkan Timings:
MUL_MAT_VEC f32 m=48 n=1 k=5120: 1 x 31.24 us = 31.24 us (15.7321 GFLOPS/s)
Total time: 31.24 us.
----------------
Vulkan Timings:
MUL_MAT_VEC f32 m=48 n=1 k=5120: 1 x 31.28 us = 31.28 us (15.712 GFLOPS/s)
Total time: 31.28 us.
----------------
Vulkan Timings:
MUL_MAT_VEC f32 m=48 n=1 k=5120: 1 x 31.28 us = 31.28 us (15.712 GFLOPS/s)
Total time: 31.28 us.
----------------
Vulkan Timings:
MUL_MAT_VEC f32 m=48 n=1 k=5120: 1 x 31.24 us = 31.24 us (15.7321 GFLOPS/s)
Total time: 31.24 us.
----------------
Vulkan Timings:
MUL_MAT_VEC f32 m=48 n=1 k=5120: 1 x 31.28 us = 31.28 us (15.712 GFLOPS/s)
Total time: 31.28 us.
----------------
Vulkan Timings:
MUL_MAT_VEC f32 m=48 n=1 k=5120: 1 x 31.32 us = 31.32 us (15.692 GFLOPS/s)
Total time: 31.32 us.
----------------
Vulkan Timings:
MUL_MAT_VEC f32 m=48 n=1 k=5120: 1 x 31.32 us = 31.32 us (15.692 GFLOPS/s)
Total time: 31.32 us.
----------------
Vulkan Timings:
MUL_MAT_VEC f32 m=48 n=1 k=5120: 1 x 31.32 us = 31.32 us (15.692 GFLOPS/s)
Total time: 31.32 us.
----------------
Vulkan Timings:
MUL_MAT_VEC f32 m=48 n=1 k=5120: 1 x 31.36 us = 31.36 us (15.6719 GFLOPS/s)
Total time: 31.36 us.
----------------
Vulkan Timings:
MUL_MAT_VEC f32 m=48 n=1 k=5120: 1 x 31.28 us = 31.28 us (15.712 GFLOPS/s)
Total time: 31.28 us.
----------------
Vulkan Timings:
MUL_MAT_VEC f32 m=48 n=1 k=5120: 1 x 31.28 us = 31.28 us (15.712 GFLOPS/s)
Total time: 31.28 us.
----------------
Vulkan Timings:
MUL_MAT_VEC f32 m=48 n=1 k=5120: 1 x 31.28 us = 31.28 us (15.712 GFLOPS/s)
Total time: 31.28 us.
----------------
Vulkan Timings:
MUL_MAT_VEC f32 m=48 n=1 k=5120: 1 x 31.24 us = 31.24 us (15.7321 GFLOPS/s)
Total time: 31.24 us.
----------------
Vulkan Timings:
MUL_MAT_VEC f32 m=48 n=1 k=5120: 1 x 31.2 us = 31.2 us (15.7523 GFLOPS/s)
Total time: 31.2 us.
----------------
Vulkan Timings:
MUL_MAT_VEC f32 m=48 n=1 k=5120: 1 x 31.24 us = 31.24 us (15.7321 GFLOPS/s)
Total time: 31.24 us.
----------------
Vulkan Timings:
MUL_MAT_VEC f32 m=48 n=1 k=5120: 1 x 31.24 us = 31.24 us (15.7321 GFLOPS/s)
Total time: 31.24 us.
----------------
Vulkan Timings:
MUL_MAT_VEC f32 m=48 n=1 k=5120: 1 x 30.92 us = 30.92 us (15.895 GFLOPS/s)
Total time: 30.92 us.
----------------
Vulkan Timings:
MUL_MAT_VEC f32 m=48 n=1 k=5120: 1 x 31.24 us = 31.24 us (15.7321 GFLOPS/s)
Total time: 31.24 us.
----------------
Vulkan Timings:
MUL_MAT_VEC f32 m=48 n=1 k=5120: 1 x 31.28 us = 31.28 us (15.712 GFLOPS/s)
Total time: 31.28 us.
----------------
Vulkan Timings:
MUL_MAT_VEC f32 m=48 n=1 k=5120: 1 x 31.24 us = 31.24 us (15.7321 GFLOPS/s)
Total time: 31.24 us.
----------------
Vulkan Timings:
MUL_MAT_VEC f32 m=48 n=1 k=5120: 1 x 31.28 us = 31.28 us (15.712 GFLOPS/s)
Total time: 31.28 us.
----------------
Vulkan Timings:
MUL_MAT_VEC f32 m=48 n=1 k=5120: 1 x 31.24 us = 31.24 us (15.7321 GFLOPS/s)
Total time: 31.24 us.
----------------
Vulkan Timings:
MUL_MAT_VEC f32 m=48 n=1 k=5120: 1 x 31.2 us = 31.2 us (15.7523 GFLOPS/s)
Total time: 31.2 us.
----------------
Vulkan Timings:
MUL_MAT_VEC f32 m=48 n=1 k=5120: 1 x 31.2 us = 31.2 us (15.7523 GFLOPS/s)
Total time: 31.2 us.
----------------
Vulkan Timings:
MUL_MAT_VEC f32 m=48 n=1 k=5120: 1 x 31.24 us = 31.24 us (15.7321 GFLOPS/s)
Total time: 31.24 us.
----------------
Vulkan Timings:
MUL_MAT_VEC f32 m=48 n=1 k=5120: 1 x 31.32 us = 31.32 us (15.692 GFLOPS/s)
Total time: 31.32 us.
----------------
Vulkan Timings:
MUL_MAT_VEC f32 m=48 n=1 k=5120: 1 x 31.2 us = 31.2 us (15.7523 GFLOPS/s)
Total time: 31.2 us.
----------------
Vulkan Timings:
MUL_MAT_VEC f32 m=48 n=1 k=5120: 1 x 31.28 us = 31.28 us (15.712 GFLOPS/s)
Total time: 31.28 us.
----------------
Vulkan Timings:
MUL_MAT_VEC f32 m=48 n=1 k=5120: 1 x 31.24 us = 31.24 us (15.7321 GFLOPS/s)
Total time: 31.24 us.
----------------
Vulkan Timings:
MUL_MAT_VEC f32 m=48 n=1 k=5120: 1 x 31.2 us = 31.2 us (15.7523 GFLOPS/s)
Total time: 31.2 us.
----------------
Vulkan Timings:
MUL_MAT_VEC f32 m=48 n=1 k=5120: 1 x 30.92 us = 30.92 us (15.895 GFLOPS/s)
Total time: 30.92 us.
----------------
Vulkan Timings:
MUL_MAT_VEC f32 m=48 n=1 k=5120: 1 x 31.24 us = 31.24 us (15.7321 GFLOPS/s)
Total time: 31.24 us.
----------------
Vulkan Timings:
MUL_MAT_VEC f32 m=48 n=1 k=5120: 1 x 31.24 us = 31.24 us (15.7321 GFLOPS/s)
Total time: 31.24 us.
----------------
Vulkan Timings:
MUL_MAT_VEC f32 m=48 n=1 k=5120: 1 x 31.2 us = 31.2 us (15.7523 GFLOPS/s)
Total time: 31.2 us.
----------------
Vulkan Timings:
MUL_MAT_VEC f32 m=48 n=1 k=5120: 1 x 31.24 us = 31.24 us (15.7321 GFLOPS/s)
Total time: 31.24 us.
----------------
Vulkan Timings:
MUL_MAT_VEC f32 m=48 n=1 k=5120: 1 x 31.2 us = 31.2 us (15.7523 GFLOPS/s)
Total time: 31.2 us.
----------------
Vulkan Timings:
MUL_MAT_VEC f32 m=48 n=1 k=5120: 1 x 31.2 us = 31.2 us (15.7523 GFLOPS/s)
Total time: 31.2 us.
----------------
Vulkan Timings:
MUL_MAT_VEC f32 m=48 n=1 k=5120: 1 x 31.2 us = 31.2 us (15.7523 GFLOPS/s)
Total time: 31.2 us.
----------------
Vulkan Timings:
MUL_MAT_VEC f32 m=48 n=1 k=5120: 1 x 31.2 us = 31.2 us (15.7523 GFLOPS/s)
Total time: 31.2 us.
----------------
Vulkan Timings:
MUL_MAT_VEC f32 m=48 n=1 k=5120: 1 x 31.2 us = 31.2 us (15.7523 GFLOPS/s)
Total time: 31.2 us.
----------------
Vulkan Timings:
MUL_MAT_VEC f32 m=48 n=1 k=5120: 1 x 31.2 us = 31.2 us (15.7523 GFLOPS/s)
Total time: 31.2 us.
----------------
Vulkan Timings:
MUL_MAT_VEC f32 m=48 n=1 k=5120: 1 x 31.2 us = 31.2 us (15.7523 GFLOPS/s)
Total time: 31.2 us.
----------------
Vulkan Timings:
MUL_MAT_VEC f32 m=48 n=1 k=5120: 1 x 31.2 us = 31.2 us (15.7523 GFLOPS/s)
Total time: 31.2 us.
----------------
Vulkan Timings:
MUL_MAT_VEC f32 m=48 n=1 k=5120: 1 x 31.2 us = 31.2 us (15.7523 GFLOPS/s)
Total time: 31.2 us.
----------------
Vulkan Timings:
MUL_MAT_VEC f32 m=48 n=1 k=5120: 1 x 30.88 us = 30.88 us (15.9155 GFLOPS/s)
Total time: 30.88 us.
----------------
Vulkan Timings:
MUL_MAT_VEC f32 m=48 n=1 k=5120: 1 x 31.24 us = 31.24 us (15.7321 GFLOPS/s)
Total time: 31.24 us.
----------------
Vulkan Timings:
MUL_MAT_VEC f32 m=48 n=1 k=5120: 1 x 31.24 us = 31.24 us (15.7321 GFLOPS/s)
Total time: 31.24 us.
----------------
Vulkan Timings:
MUL_MAT_VEC f32 m=48 n=1 k=5120: 1 x 31.2 us = 31.2 us (15.7523 GFLOPS/s)
Total time: 31.2 us.
----------------
Vulkan Timings:
MUL_MAT_VEC f32 m=48 n=1 k=5120: 1 x 31.16 us = 31.16 us (15.7725 GFLOPS/s)
Total time: 31.16 us.
----------------
Vulkan Timings:
MUL_MAT_VEC f32 m=48 n=1 k=5120: 1 x 31.2 us = 31.2 us (15.7523 GFLOPS/s)
Total time: 31.2 us.
----------------
Vulkan Timings:
MUL_MAT_VEC f32 m=48 n=1 k=5120: 1 x 31.2 us = 31.2 us (15.7523 GFLOPS/s)
Total time: 31.2 us.
----------------
Vulkan Timings:
MUL_MAT_VEC f32 m=48 n=1 k=5120: 1 x 31.2 us = 31.2 us (15.7523 GFLOPS/s)
Total time: 31.2 us.
----------------
Vulkan Timings:
MUL_MAT_VEC f32 m=48 n=1 k=5120: 1 x 31.12 us = 31.12 us (15.7928 GFLOPS/s)
Total time: 31.12 us.
----------------
Vulkan Timings:
MUL_MAT_VEC f32 m=48 n=1 k=5120: 1 x 31.16 us = 31.16 us (15.7725 GFLOPS/s)
Total time: 31.16 us.
----------------
Vulkan Timings:
MUL_MAT_VEC f32 m=48 n=1 k=5120: 1 x 31.16 us = 31.16 us (15.7725 GFLOPS/s)
Total time: 31.16 us.
----------------
Vulkan Timings:
MUL_MAT_VEC f32 m=48 n=1 k=5120: 1 x 31.24 us = 31.24 us (15.7321 GFLOPS/s)
Total time: 31.24 us.
----------------
Vulkan Timings:
MUL_MAT_VEC f32 m=48 n=1 k=5120: 1 x 31.24 us = 31.24 us (15.7321 GFLOPS/s)
Total time: 31.24 us.
----------------
Vulkan Timings:
MUL_MAT_VEC f32 m=48 n=1 k=5120: 1 x 31.16 us = 31.16 us (15.7725 GFLOPS/s)
Total time: 31.16 us.
----------------
Vulkan Timings:
MUL_MAT_VEC f32 m=48 n=1 k=5120: 1 x 31.2 us = 31.2 us (15.7523 GFLOPS/s)
Total time: 31.2 us.
----------------
Vulkan Timings:
MUL_MAT_VEC f32 m=48 n=1 k=5120: 1 x 31.2 us = 31.2 us (15.7523 GFLOPS/s)
Total time: 31.2 us.
----------------
Vulkan Timings:
MUL_MAT_VEC f32 m=48 n=1 k=5120: 1 x 31.24 us = 31.24 us (15.7321 GFLOPS/s)
Total time: 31.24 us.
----------------
Vulkan Timings:
MUL_MAT_VEC f32 m=48 n=1 k=5120: 1 x 31.2 us = 31.2 us (15.7523 GFLOPS/s)
Total time: 31.2 us.
----------------
Vulkan Timings:
MUL_MAT_VEC f32 m=48 n=1 k=5120: 1 x 31.16 us = 31.16 us (15.7725 GFLOPS/s)
Total time: 31.16 us.
----------------
Vulkan Timings:
MUL_MAT_VEC f32 m=48 n=1 k=5120: 1 x 31.2 us = 31.2 us (15.7523 GFLOPS/s)
Total time: 31.2 us.
----------------
Vulkan Timings:
MUL_MAT_VEC f32 m=48 n=1 k=5120: 1 x 31.2 us = 31.2 us (15.7523 GFLOPS/s)
Total time: 31.2 us.
----------------
Vulkan Timings:
MUL_MAT_VEC f32 m=48 n=1 k=5120: 1 x 31.16 us = 31.16 us (15.7725 GFLOPS/s)
Total time: 31.16 us.
----------------
Vulkan Timings:
MUL_MAT_VEC f32 m=48 n=1 k=5120: 1 x 31.16 us = 31.16 us (15.7725 GFLOPS/s)
Total time: 31.16 us.
----------------
Vulkan Timings:
MUL_MAT_VEC f32 m=48 n=1 k=5120: 1 x 31.16 us = 31.16 us (15.7725 GFLOPS/s)
Total time: 31.16 us.
----------------
Vulkan Timings:
MUL_MAT_VEC f32 m=48 n=1 k=5120: 1 x 31.16 us = 31.16 us (15.7725 GFLOPS/s)
Total time: 31.16 us.
----------------
Vulkan Timings:
MUL_MAT_VEC f32 m=48 n=1 k=5120: 1 x 31.16 us = 31.16 us (15.7725 GFLOPS/s)
Total time: 31.16 us.
----------------
Vulkan Timings:
MUL_MAT_VEC f32 m=48 n=1 k=5120: 1 x 31.16 us = 31.16 us (15.7725 GFLOPS/s)
Total time: 31.16 us.
----------------
Vulkan Timings:
MUL_MAT_VEC f32 m=48 n=1 k=5120: 1 x 31.12 us = 31.12 us (15.7928 GFLOPS/s)
Total time: 31.12 us.
----------------
Vulkan Timings:
MUL_MAT_VEC f32 m=48 n=1 k=5120: 1 x 31.16 us = 31.16 us (15.7725 GFLOPS/s)
Total time: 31.16 us.
----------------
Vulkan Timings:
MUL_MAT_VEC f32 m=48 n=1 k=5120: 1 x 31.16 us = 31.16 us (15.7725 GFLOPS/s)
Total time: 31.16 us.
----------------
Vulkan Timings:
MUL_MAT_VEC f32 m=48 n=1 k=5120: 1 x 31.2 us = 31.2 us (15.7523 GFLOPS/s)
Total time: 31.2 us.
----------------
Vulkan Timings:
MUL_MAT_VEC f32 m=48 n=1 k=5120: 1 x 31.2 us = 31.2 us (15.7523 GFLOPS/s)
Total time: 31.2 us.
----------------
Vulkan Timings:
MUL_MAT_VEC f32 m=48 n=1 k=5120: 1 x 31.2 us = 31.2 us (15.7523 GFLOPS/s)
Total time: 31.2 us.
----------------
Vulkan Timings:
MUL_MAT_VEC f32 m=48 n=1 k=5120: 1 x 31.16 us = 31.16 us (15.7725 GFLOPS/s)
Total time: 31.16 us.
----------------
Vulkan Timings:
MUL_MAT_VEC f32 m=48 n=1 k=5120: 1 x 31.16 us = 31.16 us (15.7725 GFLOPS/s)
Total time: 31.16 us.
----------------
Vulkan Timings:
MUL_MAT_VEC f32 m=48 n=1 k=5120: 1 x 31.16 us = 31.16 us (15.7725 GFLOPS/s)
Total time: 31.16 us.
----------------
Vulkan Timings:
MUL_MAT_VEC f32 m=48 n=1 k=5120: 1 x 31.16 us = 31.16 us (15.7725 GFLOPS/s)
Total time: 31.16 us.
----------------
Vulkan Timings:
MUL_MAT_VEC f32 m=48 n=1 k=5120: 1 x 31.2 us = 31.2 us (15.7523 GFLOPS/s)
Total time: 31.2 us.
----------------
Vulkan Timings:
MUL_MAT_VEC f32 m=48 n=1 k=5120: 1 x 31.16 us = 31.16 us (15.7725 GFLOPS/s)
Total time: 31.16 us.
----------------
Vulkan Timings:
MUL_MAT_VEC f32 m=48 n=1 k=5120: 1 x 31.2 us = 31.2 us (15.7523 GFLOPS/s)
Total time: 31.2 us.
----------------
Vulkan Timings:
MUL_MAT_VEC f32 m=48 n=1 k=5120: 1 x 31.16 us = 31.16 us (15.7725 GFLOPS/s)
Total time: 31.16 us.
----------------
Vulkan Timings:
MUL_MAT_VEC f32 m=48 n=1 k=5120: 1 x 31.16 us = 31.16 us (15.7725 GFLOPS/s)
Total time: 31.16 us.
----------------
Vulkan Timings:
MUL_MAT_VEC f32 m=48 n=1 k=5120: 1 x 31.16 us = 31.16 us (15.7725 GFLOPS/s)
Total time: 31.16 us.
----------------
Vulkan Timings:
MUL_MAT_VEC f32 m=48 n=1 k=5120: 1 x 31.16 us = 31.16 us (15.7725 GFLOPS/s)
Total time: 31.16 us.
----------------
Vulkan Timings:
MUL_MAT_VEC f32 m=48 n=1 k=5120: 1 x 31.16 us = 31.16 us (15.7725 GFLOPS/s)
Total time: 31.16 us.
----------------
Vulkan Timings:
MUL_MAT_VEC f32 m=48 n=1 k=5120: 1 x 31.16 us = 31.16 us (15.7725 GFLOPS/s)
Total time: 31.16 us.
----------------
Vulkan Timings:
MUL_MAT_VEC f32 m=48 n=1 k=5120: 1 x 31.2 us = 31.2 us (15.7523 GFLOPS/s)
Total time: 31.2 us.
----------------
Vulkan Timings:
MUL_MAT_VEC f32 m=48 n=1 k=5120: 1 x 31.44 us = 31.44 us (15.6321 GFLOPS/s)
Total time: 31.44 us.
----------------
Vulkan Timings:
MUL_MAT_VEC f32 m=48 n=1 k=5120: 1 x 31.16 us = 31.16 us (15.7725 GFLOPS/s)
Total time: 31.16 us.
----------------
Vulkan Timings:
MUL_MAT_VEC f32 m=48 n=1 k=5120: 1 x 31.16 us = 31.16 us (15.7725 GFLOPS/s)
Total time: 31.16 us.
----------------
Vulkan Timings:
MUL_MAT_VEC f32 m=48 n=1 k=5120: 1 x 31.16 us = 31.16 us (15.7725 GFLOPS/s)
Total time: 31.16 us.
----------------
Vulkan Timings:
MUL_MAT_VEC f32 m=48 n=1 k=5120: 1 x 31.16 us = 31.16 us (15.7725 GFLOPS/s)
Total time: 31.16 us.
----------------
Vulkan Timings:
MUL_MAT_VEC f32 m=48 n=1 k=5120: 1 x 31.92 us = 31.92 us (15.397 GFLOPS/s)
Total time: 31.92 us.
----------------
Vulkan Timings:
MUL_MAT_VEC f32 m=48 n=1 k=5120: 1 x 31.56 us = 31.56 us (15.5726 GFLOPS/s)
Total time: 31.56 us.
----------------
Vulkan Timings:
MUL_MAT_VEC f32 m=48 n=1 k=5120: 1 x 31.16 us = 31.16 us (15.7725 GFLOPS/s)
Total time: 31.16 us.
----------------
Vulkan Timings:
MUL_MAT_VEC f32 m=48 n=1 k=5120: 1 x 31.12 us = 31.12 us (15.7928 GFLOPS/s)
Total time: 31.12 us.
----------------
Vulkan Timings:
MUL_MAT_VEC f32 m=48 n=1 k=5120: 1 x 31.08 us = 31.08 us (15.8131 GFLOPS/s)
Total time: 31.08 us.
----------------
Vulkan Timings:
MUL_MAT_VEC f32 m=48 n=1 k=5120: 1 x 31.08 us = 31.08 us (15.8131 GFLOPS/s)
Total time: 31.08 us.
----------------
Vulkan Timings:
MUL_MAT_VEC f32 m=48 n=1 k=5120: 1 x 31.12 us = 31.12 us (15.7928 GFLOPS/s)
Total time: 31.12 us.
----------------
Vulkan Timings:
MUL_MAT_VEC f32 m=48 n=1 k=5120: 1 x 31.12 us = 31.12 us (15.7928 GFLOPS/s)
Total time: 31.12 us.
----------------
Vulkan Timings:
MUL_MAT_VEC f32 m=48 n=1 k=5120: 1 x 31.16 us = 31.16 us (15.7725 GFLOPS/s)
Total time: 31.16 us.
----------------
Vulkan Timings:
MUL_MAT_VEC f32 m=48 n=1 k=5120: 1 x 31.12 us = 31.12 us (15.7928 GFLOPS/s)
Total time: 31.12 us.
----------------
Vulkan Timings:
MUL_MAT_VEC f32 m=48 n=1 k=5120: 1 x 31.12 us = 31.12 us (15.7928 GFLOPS/s)
Total time: 31.12 us.
----------------
Vulkan Timings:
MUL_MAT_VEC f32 m=48 n=1 k=5120: 1 x 31.16 us = 31.16 us (15.7725 GFLOPS/s)
Total time: 31.16 us.
----------------
Vulkan Timings:
MUL_MAT_VEC f32 m=48 n=1 k=5120: 1 x 31.16 us = 31.16 us (15.7725 GFLOPS/s)
Total time: 31.16 us.
----------------
Vulkan Timings:
MUL_MAT_VEC f32 m=48 n=1 k=5120: 1 x 31.08 us = 31.08 us (15.8131 GFLOPS/s)
Total time: 31.08 us.
----------------
Vulkan Timings:
MUL_MAT_VEC f32 m=48 n=1 k=5120: 1 x 31.12 us = 31.12 us (15.7928 GFLOPS/s)
Total time: 31.12 us.
----------------
Vulkan Timings:
MUL_MAT_VEC f32 m=48 n=1 k=5120: 1 x 31.16 us = 31.16 us (15.7725 GFLOPS/s)
Total time: 31.16 us.
----------------
Vulkan Timings:
MUL_MAT_VEC f32 m=48 n=1 k=5120: 1 x 31.12 us = 31.12 us (15.7928 GFLOPS/s)
Total time: 31.12 us.
----------------
Vulkan Timings:
MUL_MAT_VEC f32 m=48 n=1 k=5120: 1 x 31.12 us = 31.12 us (15.7928 GFLOPS/s)
Total time: 31.12 us.
----------------
Vulkan Timings:
MUL_MAT_VEC f32 m=48 n=1 k=5120: 1 x 31.16 us = 31.16 us (15.7725 GFLOPS/s)
Total time: 31.16 us.
----------------
Vulkan Timings:
MUL_MAT_VEC f32 m=48 n=1 k=5120: 1 x 31.12 us = 31.12 us (15.7928 GFLOPS/s)
Total time: 31.12 us.
----------------
Vulkan Timings:
MUL_MAT_VEC f32 m=48 n=1 k=5120: 1 x 31.12 us = 31.12 us (15.7928 GFLOPS/s)
Total time: 31.12 us.
----------------
Vulkan Timings:
MUL_MAT_VEC f32 m=48 n=1 k=5120: 1 x 31.16 us = 31.16 us (15.7725 GFLOPS/s)
Total time: 31.16 us.
----------------
Vulkan Timings:
MUL_MAT_VEC f32 m=48 n=1 k=5120: 1 x 31.08 us = 31.08 us (15.8131 GFLOPS/s)
Total time: 31.08 us.
----------------
Vulkan Timings:
MUL_MAT_VEC f32 m=48 n=1 k=5120: 1 x 31.12 us = 31.12 us (15.7928 GFLOPS/s)
Total time: 31.12 us.
----------------
Vulkan Timings:
MUL_MAT_VEC f32 m=48 n=1 k=5120: 1 x 31.08 us = 31.08 us (15.8131 GFLOPS/s)
Total time: 31.08 us.
----------------
Vulkan Timings:
MUL_MAT_VEC f32 m=48 n=1 k=5120: 1 x 31.12 us = 31.12 us (15.7928 GFLOPS/s)
Total time: 31.12 us.
----------------
Vulkan Timings:
MUL_MAT_VEC f32 m=48 n=1 k=5120: 1 x 31.12 us = 31.12 us (15.7928 GFLOPS/s)
Total time: 31.12 us.
----------------
Vulkan Timings:
MUL_MAT_VEC f32 m=48 n=1 k=5120: 1 x 31.12 us = 31.12 us (15.7928 GFLOPS/s)
Total time: 31.12 us.
----------------
Vulkan Timings:
MUL_MAT_VEC f32 m=48 n=1 k=5120: 1 x 31.12 us = 31.12 us (15.7928 GFLOPS/s)
Total time: 31.12 us.
----------------
Vulkan Timings:
MUL_MAT_VEC f32 m=48 n=1 k=5120: 1 x 31.04 us = 31.04 us (15.8335 GFLOPS/s)
Total time: 31.04 us.
----------------
Vulkan Timings:
MUL_MAT_VEC f32 m=48 n=1 k=5120: 1 x 31.12 us = 31.12 us (15.7928 GFLOPS/s)
Total time: 31.12 us.
----------------
Vulkan Timings:
MUL_MAT_VEC f32 m=48 n=1 k=5120: 1 x 31.08 us = 31.08 us (15.8131 GFLOPS/s)
Total time: 31.08 us.
----------------
Vulkan Timings:
MUL_MAT_VEC f32 m=48 n=1 k=5120: 1 x 31.16 us = 31.16 us (15.7725 GFLOPS/s)
Total time: 31.16 us.
----------------
Vulkan Timings:
MUL_MAT_VEC f32 m=48 n=1 k=5120: 1 x 31.08 us = 31.08 us (15.8131 GFLOPS/s)
Total time: 31.08 us.
----------------
Vulkan Timings:
MUL_MAT_VEC f32 m=48 n=1 k=5120: 1 x 31.16 us = 31.16 us (15.7725 GFLOPS/s)
Total time: 31.16 us.
----------------
Vulkan Timings:
MUL_MAT_VEC f32 m=48 n=1 k=5120: 1 x 31.08 us = 31.08 us (15.8131 GFLOPS/s)
Total time: 31.08 us.
----------------
Vulkan Timings:
MUL_MAT_VEC f32 m=48 n=1 k=5120: 1 x 31.08 us = 31.08 us (15.8131 GFLOPS/s)
Total time: 31.08 us.
----------------
Vulkan Timings:
MUL_MAT_VEC f32 m=48 n=1 k=5120: 1 x 31.12 us = 31.12 us (15.7928 GFLOPS/s)
Total time: 31.12 us.
----------------
Vulkan Timings:
MUL_MAT_VEC f32 m=48 n=1 k=5120: 1 x 31.12 us = 31.12 us (15.7928 GFLOPS/s)
Total time: 31.12 us.
----------------
Vulkan Timings:
MUL_MAT_VEC f32 m=48 n=1 k=5120: 1 x 30.76 us = 30.76 us (15.9776 GFLOPS/s)
Total time: 30.76 us.
----------------
Vulkan Timings:
MUL_MAT_VEC f32 m=48 n=1 k=5120: 1 x 31.12 us = 31.12 us (15.7928 GFLOPS/s)
Total time: 31.12 us.
----------------
Vulkan Timings:
MUL_MAT_VEC f32 m=48 n=1 k=5120: 1 x 31.12 us = 31.12 us (15.7928 GFLOPS/s)
Total time: 31.12 us.
----------------
Vulkan Timings:
MUL_MAT_VEC f32 m=48 n=1 k=5120: 1 x 31.08 us = 31.08 us (15.8131 GFLOPS/s)
Total time: 31.08 us.
----------------
Vulkan Timings:
MUL_MAT_VEC f32 m=48 n=1 k=5120: 1 x 31.12 us = 31.12 us (15.7928 GFLOPS/s)
Total time: 31.12 us.
----------------
Vulkan Timings:
MUL_MAT_VEC f32 m=48 n=1 k=5120: 1 x 31.08 us = 31.08 us (15.8131 GFLOPS/s)
Total time: 31.08 us.
----------------
Vulkan Timings:
MUL_MAT_VEC f32 m=48 n=1 k=5120: 1 x 31.08 us = 31.08 us (15.8131 GFLOPS/s)
Total time: 31.08 us.
----------------
Vulkan Timings:
MUL_MAT_VEC f32 m=48 n=1 k=5120: 1 x 31 us = 31 us (15.8539 GFLOPS/s)
Total time: 31 us.
----------------
Vulkan Timings:
MUL_MAT_VEC f32 m=48 n=1 k=5120: 1 x 31.08 us = 31.08 us (15.8131 GFLOPS/s)
Total time: 31.08 us.
----------------
Vulkan Timings:
MUL_MAT_VEC f32 m=48 n=1 k=5120: 1 x 31.12 us = 31.12 us (15.7928 GFLOPS/s)
Total time: 31.12 us.
----------------
Vulkan Timings:
MUL_MAT_VEC f32 m=48 n=1 k=5120: 1 x 31.12 us = 31.12 us (15.7928 GFLOPS/s)
Total time: 31.12 us.
----------------
Vulkan Timings:
MUL_MAT_VEC f32 m=48 n=1 k=5120: 1 x 31.08 us = 31.08 us (15.8131 GFLOPS/s)
Total time: 31.08 us.
----------------
Vulkan Timings:
MUL_MAT_VEC f32 m=48 n=1 k=5120: 1 x 31.08 us = 31.08 us (15.8131 GFLOPS/s)
Total time: 31.08 us.
----------------
Vulkan Timings:
MUL_MAT_VEC f32 m=48 n=1 k=5120: 1 x 31.04 us = 31.04 us (15.8335 GFLOPS/s)
Total time: 31.04 us.
----------------
Vulkan Timings:
MUL_MAT_VEC f32 m=48 n=1 k=5120: 1 x 31.04 us = 31.04 us (15.8335 GFLOPS/s)
Total time: 31.04 us.
----------------
Vulkan Timings:
MUL_MAT_VEC f32 m=48 n=1 k=5120: 1 x 31.08 us = 31.08 us (15.8131 GFLOPS/s)
Total time: 31.08 us.
----------------
Vulkan Timings:
MUL_MAT_VEC f32 m=48 n=1 k=5120: 1 x 31.08 us = 31.08 us (15.8131 GFLOPS/s)
Total time: 31.08 us.
----------------
Vulkan Timings:
MUL_MAT_VEC f32 m=48 n=1 k=5120: 1 x 31.12 us = 31.12 us (15.7928 GFLOPS/s)
Total time: 31.12 us.
----------------
Vulkan Timings:
MUL_MAT_VEC f32 m=48 n=1 k=5120: 1 x 31.08 us = 31.08 us (15.8131 GFLOPS/s)
Total time: 31.08 us.
----------------
Vulkan Timings:
MUL_MAT_VEC f32 m=48 n=1 k=5120: 1 x 31.04 us = 31.04 us (15.8335 GFLOPS/s)
Total time: 31.04 us.
----------------
Vulkan Timings:
MUL_MAT_VEC f32 m=48 n=1 k=5120: 1 x 31.12 us = 31.12 us (15.7928 GFLOPS/s)
Total time: 31.12 us.
----------------
Vulkan Timings:
MUL_MAT_VEC f32 m=48 n=1 k=5120: 1 x 31.12 us = 31.12 us (15.7928 GFLOPS/s)
Total time: 31.12 us.
----------------
Vulkan Timings:
MUL_MAT_VEC f32 m=48 n=1 k=5120: 1 x 31.08 us = 31.08 us (15.8131 GFLOPS/s)
Total time: 31.08 us.
----------------
Vulkan Timings:
MUL_MAT_VEC f32 m=48 n=1 k=5120: 1 x 31.08 us = 31.08 us (15.8131 GFLOPS/s)
Total time: 31.08 us.
----------------
Vulkan Timings:
MUL_MAT_VEC f32 m=48 n=1 k=5120: 1 x 31.04 us = 31.04 us (15.8335 GFLOPS/s)
Total time: 31.04 us.
----------------
Vulkan Timings:
MUL_MAT_VEC f32 m=48 n=1 k=5120: 1 x 31.12 us = 31.12 us (15.7928 GFLOPS/s)
Total time: 31.12 us.
----------------
Vulkan Timings:
MUL_MAT_VEC f32 m=48 n=1 k=5120: 1 x 31.12 us = 31.12 us (15.7928 GFLOPS/s)
Total time: 31.12 us.
----------------
Vulkan Timings:
MUL_MAT_VEC f32 m=48 n=1 k=5120: 1 x 31.08 us = 31.08 us (15.8131 GFLOPS/s)
Total time: 31.08 us.
----------------
Vulkan Timings:
MUL_MAT_VEC f32 m=48 n=1 k=5120: 1 x 31 us = 31 us (15.8539 GFLOPS/s)
Total time: 31 us.
----------------
Vulkan Timings:
MUL_MAT_VEC f32 m=48 n=1 k=5120: 1 x 31.08 us = 31.08 us (15.8131 GFLOPS/s)
Total time: 31.08 us.
----------------
Vulkan Timings:
MUL_MAT_VEC f32 m=48 n=1 k=5120: 1 x 31.04 us = 31.04 us (15.8335 GFLOPS/s)
Total time: 31.04 us.
----------------
Vulkan Timings:
MUL_MAT_VEC f32 m=48 n=1 k=5120: 1 x 31.08 us = 31.08 us (15.8131 GFLOPS/s)
Total time: 31.08 us.
----------------
Vulkan Timings:
MUL_MAT_VEC f32 m=48 n=1 k=5120: 1 x 31.08 us = 31.08 us (15.8131 GFLOPS/s)
Total time: 31.08 us.
----------------
Vulkan Timings:
MUL_MAT_VEC f32 m=48 n=1 k=5120: 1 x 31.04 us = 31.04 us (15.8335 GFLOPS/s)
Total time: 31.04 us.
----------------
Vulkan Timings:
MUL_MAT_VEC f32 m=48 n=1 k=5120: 1 x 31.08 us = 31.08 us (15.8131 GFLOPS/s)
Total time: 31.08 us.
----------------
Vulkan Timings:
MUL_MAT_VEC f32 m=48 n=1 k=5120: 1 x 31.04 us = 31.04 us (15.8335 GFLOPS/s)
Total time: 31.04 us.
----------------
Vulkan Timings:
MUL_MAT_VEC f32 m=48 n=1 k=5120: 1 x 31.08 us = 31.08 us (15.8131 GFLOPS/s)
Total time: 31.08 us.
----------------
Vulkan Timings:
MUL_MAT_VEC f32 m=48 n=1 k=5120: 1 x 31.08 us = 31.08 us (15.8131 GFLOPS/s)
Total time: 31.08 us.
----------------
Vulkan Timings:
MUL_MAT_VEC f32 m=48 n=1 k=5120: 1 x 31.04 us = 31.04 us (15.8335 GFLOPS/s)
Total time: 31.04 us.
----------------
Vulkan Timings:
MUL_MAT_VEC f32 m=48 n=1 k=5120: 1 x 31.08 us = 31.08 us (15.8131 GFLOPS/s)
Total time: 31.08 us.
----------------
Vulkan Timings:
MUL_MAT_VEC f32 m=48 n=1 k=5120: 1 x 31.08 us = 31.08 us (15.8131 GFLOPS/s)
Total time: 31.08 us.
----------------
Vulkan Timings:
MUL_MAT_VEC f32 m=48 n=1 k=5120: 1 x 30.96 us = 30.96 us (15.8744 GFLOPS/s)
Total time: 30.96 us.
----------------
Vulkan Timings:
MUL_MAT_VEC f32 m=48 n=1 k=5120: 1 x 30.68 us = 30.68 us (16.0193 GFLOPS/s)
Total time: 30.68 us.
----------------
Vulkan Timings:
MUL_MAT_VEC f32 m=48 n=1 k=5120: 1 x 31 us = 31 us (15.8539 GFLOPS/s)
Total time: 31 us.
----------------
Vulkan Timings:
MUL_MAT_VEC f32 m=48 n=1 k=5120: 1 x 31.04 us = 31.04 us (15.8335 GFLOPS/s)
Total time: 31.04 us.
----------------
Vulkan Timings:
MUL_MAT_VEC f32 m=48 n=1 k=5120: 1 x 31.04 us = 31.04 us (15.8335 GFLOPS/s)
Total time: 31.04 us.
----------------
Vulkan Timings:
MUL_MAT_VEC f32 m=48 n=1 k=5120: 1 x 31.04 us = 31.04 us (15.8335 GFLOPS/s)
Total time: 31.04 us.
----------------
Vulkan Timings:
MUL_MAT_VEC f32 m=48 n=1 k=5120: 1 x 31.04 us = 31.04 us (15.8335 GFLOPS/s)
Total time: 31.04 us.
----------------
Vulkan Timings:
MUL_MAT_VEC f32 m=48 n=1 k=5120: 1 x 31.04 us = 31.04 us (15.8335 GFLOPS/s)
Total time: 31.04 us.
----------------
Vulkan Timings:
MUL_MAT_VEC f32 m=48 n=1 k=5120: 1 x 31.08 us = 31.08 us (15.8131 GFLOPS/s)
Total time: 31.08 us.
----------------
Vulkan Timings:
MUL_MAT_VEC f32 m=48 n=1 k=5120: 1 x 31.04 us = 31.04 us (15.8335 GFLOPS/s)
Total time: 31.04 us.
----------------
Vulkan Timings:
MUL_MAT_VEC f32 m=48 n=1 k=5120: 1 x 31.04 us = 31.04 us (15.8335 GFLOPS/s)
Total time: 31.04 us.
----------------
Vulkan Timings:
MUL_MAT_VEC f32 m=48 n=1 k=5120: 1 x 30.68 us = 30.68 us (16.0193 GFLOPS/s)
Total time: 30.68 us.
----------------
Vulkan Timings:
MUL_MAT_VEC f32 m=48 n=1 k=5120: 1 x 31.04 us = 31.04 us (15.8335 GFLOPS/s)
Total time: 31.04 us.
----------------
Vulkan Timings:
MUL_MAT_VEC f32 m=48 n=1 k=5120: 1 x 31 us = 31 us (15.8539 GFLOPS/s)
Total time: 31 us.
----------------
Vulkan Timings:
MUL_MAT_VEC f32 m=48 n=1 k=5120: 1 x 31.04 us = 31.04 us (15.8335 GFLOPS/s)
Total time: 31.04 us.
----------------
Vulkan Timings:
MUL_MAT_VEC f32 m=48 n=1 k=5120: 1 x 31.04 us = 31.04 us (15.8335 GFLOPS/s)
Total time: 31.04 us.
----------------
Vulkan Timings:
MUL_MAT_VEC f32 m=48 n=1 k=5120: 1 x 31.04 us = 31.04 us (15.8335 GFLOPS/s)
Total time: 31.04 us.
----------------
Vulkan Timings:
MUL_MAT_VEC f32 m=48 n=1 k=5120: 1 x 31.04 us = 31.04 us (15.8335 GFLOPS/s)
Total time: 31.04 us.
----------------
Vulkan Timings:
MUL_MAT_VEC f32 m=48 n=1 k=5120: 1 x 31.08 us = 31.08 us (15.8131 GFLOPS/s)
Total time: 31.08 us.
----------------
Vulkan Timings:
MUL_MAT_VEC f32 m=48 n=1 k=5120: 1 x 31.04 us = 31.04 us (15.8335 GFLOPS/s)
Total time: 31.04 us.
----------------
Vulkan Timings:
MUL_MAT_VEC f32 m=48 n=1 k=5120: 1 x 31 us = 31 us (15.8539 GFLOPS/s)
Total time: 31 us.
----------------
Vulkan Timings:
MUL_MAT_VEC f32 m=48 n=1 k=5120: 1 x 31.04 us = 31.04 us (15.8335 GFLOPS/s)
Total time: 31.04 us.
----------------
Vulkan Timings:
MUL_MAT_VEC f32 m=48 n=1 k=5120: 1 x 31.04 us = 31.04 us (15.8335 GFLOPS/s)
Total time: 31.04 us.
----------------
Vulkan Timings:
MUL_MAT_VEC f32 m=48 n=1 k=5120: 1 x 31.84 us = 31.84 us (15.4357 GFLOPS/s)
Total time: 31.84 us.
----------------
Vulkan Timings:
MUL_MAT_VEC f32 m=48 n=1 k=5120: 1 x 31.4 us = 31.4 us (15.652 GFLOPS/s)
Total time: 31.4 us.
----------------
Vulkan Timings:
MUL_MAT_VEC f32 m=48 n=1 k=5120: 1 x 31.04 us = 31.04 us (15.8335 GFLOPS/s)
Total time: 31.04 us.
----------------
Vulkan Timings:
MUL_MAT_VEC f32 m=48 n=1 k=5120: 1 x 31 us = 31 us (15.8539 GFLOPS/s)
Total time: 31 us.
----------------
Vulkan Timings:
MUL_MAT_VEC f32 m=48 n=1 k=5120: 1 x 31.04 us = 31.04 us (15.8335 GFLOPS/s)
Total time: 31.04 us.
----------------
Vulkan Timings:
MUL_MAT_VEC f32 m=48 n=1 k=5120: 1 x 31.04 us = 31.04 us (15.8335 GFLOPS/s)
Total time: 31.04 us.
----------------
Vulkan Timings:
MUL_MAT_VEC f32 m=48 n=1 k=5120: 1 x 31 us = 31 us (15.8539 GFLOPS/s)
Total time: 31 us.
----------------
Vulkan Timings:
MUL_MAT_VEC f32 m=48 n=1 k=5120: 1 x 30.96 us = 30.96 us (15.8744 GFLOPS/s)
Total time: 30.96 us.
----------------
Vulkan Timings:
MUL_MAT_VEC f32 m=48 n=1 k=5120: 1 x 31 us = 31 us (15.8539 GFLOPS/s)
Total time: 31 us.
----------------
Vulkan Timings:
MUL_MAT_VEC f32 m=48 n=1 k=5120: 1 x 31 us = 31 us (15.8539 GFLOPS/s)
Total time: 31 us.
----------------
Vulkan Timings:
MUL_MAT_VEC f32 m=48 n=1 k=5120: 1 x 31 us = 31 us (15.8539 GFLOPS/s)
Total time: 31 us.
----------------
Vulkan Timings:
MUL_MAT_VEC f32 m=48 n=1 k=5120: 1 x 30.96 us = 30.96 us (15.8744 GFLOPS/s)
Total time: 30.96 us.
----------------
Vulkan Timings:
MUL_MAT_VEC f32 m=48 n=1 k=5120: 1 x 31 us = 31 us (15.8539 GFLOPS/s)
Total time: 31 us.
----------------
Vulkan Timings:
MUL_MAT_VEC f32 m=48 n=1 k=5120: 1 x 31.04 us = 31.04 us (15.8335 GFLOPS/s)
Total time: 31.04 us.
----------------
Vulkan Timings:
MUL_MAT_VEC f32 m=48 n=1 k=5120: 1 x 31 us = 31 us (15.8539 GFLOPS/s)
Total time: 31 us.
----------------
Vulkan Timings:
MUL_MAT_VEC f32 m=48 n=1 k=5120: 1 x 31 us = 31 us (15.8539 GFLOPS/s)
Total time: 31 us.
----------------
Vulkan Timings:
MUL_MAT_VEC f32 m=48 n=1 k=5120: 1 x 31.04 us = 31.04 us (15.8335 GFLOPS/s)
Total time: 31.04 us.
----------------
Vulkan Timings:
MUL_MAT_VEC f32 m=48 n=1 k=5120: 1 x 31 us = 31 us (15.8539 GFLOPS/s)
Total time: 31 us.
----------------
Vulkan Timings:
MUL_MAT_VEC f32 m=48 n=1 k=5120: 1 x 30.68 us = 30.68 us (16.0193 GFLOPS/s)
Total time: 30.68 us.
----------------
Vulkan Timings:
MUL_MAT_VEC f32 m=48 n=1 k=5120: 1 x 30.96 us = 30.96 us (15.8744 GFLOPS/s)
Total time: 30.96 us.
----------------
Vulkan Timings:
MUL_MAT_VEC f32 m=48 n=1 k=5120: 1 x 31 us = 31 us (15.8539 GFLOPS/s)
Total time: 31 us.
----------------
Vulkan Timings:
MUL_MAT_VEC f32 m=48 n=1 k=5120: 1 x 31.04 us = 31.04 us (15.8335 GFLOPS/s)
Total time: 31.04 us.
----------------
Vulkan Timings:
MUL_MAT_VEC f32 m=48 n=1 k=5120: 1 x 31 us = 31 us (15.8539 GFLOPS/s)
Total time: 31 us.
----------------
Vulkan Timings:
MUL_MAT_VEC f32 m=48 n=1 k=5120: 1 x 31 us = 31 us (15.8539 GFLOPS/s)
Total time: 31 us.
----------------
Vulkan Timings:
MUL_MAT_VEC f32 m=48 n=1 k=5120: 1 x 31 us = 31 us (15.8539 GFLOPS/s)
Total time: 31 us.
----------------
Vulkan Timings:
MUL_MAT_VEC f32 m=48 n=1 k=5120: 1 x 31 us = 31 us (15.8539 GFLOPS/s)
Total time: 31 us.
----------------
Vulkan Timings:
MUL_MAT_VEC f32 m=48 n=1 k=5120: 1 x 31.04 us = 31.04 us (15.8335 GFLOPS/s)
Total time: 31.04 us.
----------------
Vulkan Timings:
MUL_MAT_VEC f32 m=48 n=1 k=5120: 1 x 31 us = 31 us (15.8539 GFLOPS/s)
Total time: 31 us.
----------------
Vulkan Timings:
MUL_MAT_VEC f32 m=48 n=1 k=5120: 1 x 31.04 us = 31.04 us (15.8335 GFLOPS/s)
Total time: 31.04 us.
----------------
Vulkan Timings:
MUL_MAT_VEC f32 m=48 n=1 k=5120: 1 x 31.04 us = 31.04 us (15.8335 GFLOPS/s)
Total time: 31.04 us.
----------------
Vulkan Timings:
MUL_MAT_VEC f32 m=48 n=1 k=5120: 1 x 31 us = 31 us (15.8539 GFLOPS/s)
Total time: 31 us.
----------------
Vulkan Timings:
MUL_MAT_VEC f32 m=48 n=1 k=5120: 1 x 31 us = 31 us (15.8539 GFLOPS/s)
Total time: 31 us.
----------------
Vulkan Timings:
MUL_MAT_VEC f32 m=48 n=1 k=5120: 1 x 31 us = 31 us (15.8539 GFLOPS/s)
Total time: 31 us.
----------------
Vulkan Timings:
MUL_MAT_VEC f32 m=48 n=1 k=5120: 1 x 31.04 us = 31.04 us (15.8335 GFLOPS/s)
Total time: 31.04 us.
----------------
Vulkan Timings:
MUL_MAT_VEC f32 m=48 n=1 k=5120: 1 x 31 us = 31 us (15.8539 GFLOPS/s)
Total time: 31 us.
----------------
Vulkan Timings:
MUL_MAT_VEC f32 m=48 n=1 k=5120: 1 x 30.96 us = 30.96 us (15.8744 GFLOPS/s)
Total time: 30.96 us.
----------------
Vulkan Timings:
MUL_MAT_VEC f32 m=48 n=1 k=5120: 1 x 31 us = 31 us (15.8539 GFLOPS/s)
Total time: 31 us.
----------------
Vulkan Timings:
MUL_MAT_VEC f32 m=48 n=1 k=5120: 1 x 31.04 us = 31.04 us (15.8335 GFLOPS/s)
Total time: 31.04 us.
----------------
Vulkan Timings:
MUL_MAT_VEC f32 m=48 n=1 k=5120: 1 x 31 us = 31 us (15.8539 GFLOPS/s)
Total time: 31 us.
----------------
Vulkan Timings:
MUL_MAT_VEC f32 m=48 n=1 k=5120: 1 x 31.04 us = 31.04 us (15.8335 GFLOPS/s)
Total time: 31.04 us.
----------------
Vulkan Timings:
MUL_MAT_VEC f32 m=48 n=1 k=5120: 1 x 31 us = 31 us (15.8539 GFLOPS/s)
Total time: 31 us.
----------------
Vulkan Timings:
MUL_MAT_VEC f32 m=48 n=1 k=5120: 1 x 30.96 us = 30.96 us (15.8744 GFLOPS/s)
Total time: 30.96 us.
----------------
Vulkan Timings:
MUL_MAT_VEC f32 m=48 n=1 k=5120: 1 x 31 us = 31 us (15.8539 GFLOPS/s)
Total time: 31 us.
----------------
Vulkan Timings:
MUL_MAT_VEC f32 m=48 n=1 k=5120: 1 x 31 us = 31 us (15.8539 GFLOPS/s)
Total time: 31 us.
----------------
Vulkan Timings:
MUL_MAT_VEC f32 m=48 n=1 k=5120: 1 x 30.96 us = 30.96 us (15.8744 GFLOPS/s)
Total time: 30.96 us.
----------------
Vulkan Timings:
MUL_MAT_VEC f32 m=48 n=1 k=5120: 1 x 31 us = 31 us (15.8539 GFLOPS/s)
Total time: 31 us.
----------------
Vulkan Timings:
MUL_MAT_VEC f32 m=48 n=1 k=5120: 1 x 30.96 us = 30.96 us (15.8744 GFLOPS/s)
Total time: 30.96 us.
----------------
Vulkan Timings:
MUL_MAT_VEC f32 m=48 n=1 k=5120: 1 x 30.96 us = 30.96 us (15.8744 GFLOPS/s)
Total time: 30.96 us.
----------------
Vulkan Timings:
MUL_MAT_VEC f32 m=48 n=1 k=5120: 1 x 31 us = 31 us (15.8539 GFLOPS/s)
Total time: 31 us.
----------------
Vulkan Timings:
MUL_MAT_VEC f32 m=48 n=1 k=5120: 1 x 31 us = 31 us (15.8539 GFLOPS/s)
Total time: 31 us.
----------------
Vulkan Timings:
MUL_MAT_VEC f32 m=48 n=1 k=5120: 1 x 30.96 us = 30.96 us (15.8744 GFLOPS/s)
Total time: 30.96 us.
----------------
Vulkan Timings:
MUL_MAT_VEC f32 m=48 n=1 k=5120: 1 x 30.92 us = 30.92 us (15.895 GFLOPS/s)
Total time: 30.92 us.
----------------
Vulkan Timings:
MUL_MAT_VEC f32 m=48 n=1 k=5120: 1 x 31 us = 31 us (15.8539 GFLOPS/s)
Total time: 31 us.
----------------
Vulkan Timings:
MUL_MAT_VEC f32 m=48 n=1 k=5120: 1 x 30.64 us = 30.64 us (16.0402 GFLOPS/s)
Total time: 30.64 us.
----------------
Vulkan Timings:
MUL_MAT_VEC f32 m=48 n=1 k=5120: 1 x 31 us = 31 us (15.8539 GFLOPS/s)
Total time: 31 us.
----------------
Vulkan Timings:
MUL_MAT_VEC f32 m=48 n=1 k=5120: 1 x 31 us = 31 us (15.8539 GFLOPS/s)
Total time: 31 us.
----------------
Vulkan Timings:
MUL_MAT_VEC f32 m=48 n=1 k=5120: 1 x 30.96 us = 30.96 us (15.8744 GFLOPS/s)
Total time: 30.96 us.
----------------
Vulkan Timings:
MUL_MAT_VEC f32 m=48 n=1 k=5120: 1 x 30.96 us = 30.96 us (15.8744 GFLOPS/s)
Total time: 30.96 us.
----------------
Vulkan Timings:
MUL_MAT_VEC f32 m=48 n=1 k=5120: 1 x 31 us = 31 us (15.8539 GFLOPS/s)
Total time: 31 us.
----------------
Vulkan Timings:
MUL_MAT_VEC f32 m=48 n=1 k=5120: 1 x 31 us = 31 us (15.8539 GFLOPS/s)
Total time: 31 us.
----------------
Vulkan Timings:
MUL_MAT_VEC f32 m=48 n=1 k=5120: 1 x 30.96 us = 30.96 us (15.8744 GFLOPS/s)
Total time: 30.96 us.
----------------
Vulkan Timings:
MUL_MAT_VEC f32 m=48 n=1 k=5120: 1 x 30.96 us = 30.96 us (15.8744 GFLOPS/s)
Total time: 30.96 us.
----------------
Vulkan Timings:
MUL_MAT_VEC f32 m=48 n=1 k=5120: 1 x 30.96 us = 30.96 us (15.8744 GFLOPS/s)
Total time: 30.96 us.
----------------
Vulkan Timings:
MUL_MAT_VEC f32 m=48 n=1 k=5120: 1 x 30.96 us = 30.96 us (15.8744 GFLOPS/s)
Total time: 30.96 us.
----------------
Vulkan Timings:
MUL_MAT_VEC f32 m=48 n=1 k=5120: 1 x 31 us = 31 us (15.8539 GFLOPS/s)
Total time: 31 us.
----------------
Vulkan Timings:
MUL_MAT_VEC f32 m=48 n=1 k=5120: 1 x 31 us = 31 us (15.8539 GFLOPS/s)
Total time: 31 us.
----------------
Vulkan Timings:
MUL_MAT_VEC f32 m=48 n=1 k=5120: 1 x 30.6 us = 30.6 us (16.0612 GFLOPS/s)
Total time: 30.6 us.
----------------
Vulkan Timings:
MUL_MAT_VEC f32 m=48 n=1 k=5120: 1 x 31 us = 31 us (15.8539 GFLOPS/s)
Total time: 31 us.
----------------
Vulkan Timings:
MUL_MAT_VEC f32 m=48 n=1 k=5120: 1 x 30.96 us = 30.96 us (15.8744 GFLOPS/s)
Total time: 30.96 us.
----------------
Vulkan Timings:
MUL_MAT_VEC f32 m=48 n=1 k=5120: 1 x 30.96 us = 30.96 us (15.8744 GFLOPS/s)
Total time: 30.96 us.
----------------
Vulkan Timings:
MUL_MAT_VEC f32 m=48 n=1 k=5120: 1 x 30.96 us = 30.96 us (15.8744 GFLOPS/s)
Total time: 30.96 us.
----------------
Vulkan Timings:
MUL_MAT_VEC f32 m=48 n=1 k=5120: 1 x 30.96 us = 30.96 us (15.8744 GFLOPS/s)
Total time: 30.96 us.
----------------
Vulkan Timings:
MUL_MAT_VEC f32 m=48 n=1 k=5120: 1 x 30.96 us = 30.96 us (15.8744 GFLOPS/s)
Total time: 30.96 us.
----------------
Vulkan Timings:
MUL_MAT_VEC f32 m=48 n=1 k=5120: 1 x 31 us = 31 us (15.8539 GFLOPS/s)
Total time: 31 us.
----------------
Vulkan Timings:
MUL_MAT_VEC f32 m=48 n=1 k=5120: 1 x 31 us = 31 us (15.8539 GFLOPS/s)
Total time: 31 us.
----------------
Vulkan Timings:
MUL_MAT_VEC f32 m=48 n=1 k=5120: 1 x 31 us = 31 us (15.8539 GFLOPS/s)
Total time: 31 us.
----------------
Vulkan Timings:
MUL_MAT_VEC f32 m=48 n=1 k=5120: 1 x 30.96 us = 30.96 us (15.8744 GFLOPS/s)
Total time: 30.96 us.
----------------
Vulkan Timings:
MUL_MAT_VEC f32 m=48 n=1 k=5120: 1 x 30.96 us = 30.96 us (15.8744 GFLOPS/s)
Total time: 30.96 us.
----------------
Vulkan Timings:
MUL_MAT_VEC f32 m=48 n=1 k=5120: 1 x 30.96 us = 30.96 us (15.8744 GFLOPS/s)
Total time: 30.96 us.
----------------
Vulkan Timings:
MUL_MAT_VEC f32 m=48 n=1 k=5120: 1 x 30.96 us = 30.96 us (15.8744 GFLOPS/s)
Total time: 30.96 us.
----------------
Vulkan Timings:
MUL_MAT_VEC f32 m=48 n=1 k=5120: 1 x 31 us = 31 us (15.8539 GFLOPS/s)
Total time: 31 us.
----------------
Vulkan Timings:
MUL_MAT_VEC f32 m=48 n=1 k=5120: 1 x 30.96 us = 30.96 us (15.8744 GFLOPS/s)
Total time: 30.96 us.
----------------
Vulkan Timings:
MUL_MAT_VEC f32 m=48 n=1 k=5120: 1 x 30.92 us = 30.92 us (15.895 GFLOPS/s)
Total time: 30.92 us.
----------------
Vulkan Timings:
MUL_MAT_VEC f32 m=48 n=1 k=5120: 1 x 31 us = 31 us (15.8539 GFLOPS/s)
Total time: 31 us.
----------------
Vulkan Timings:
MUL_MAT_VEC f32 m=48 n=1 k=5120: 1 x 30.92 us = 30.92 us (15.895 GFLOPS/s)
Total time: 30.92 us.
----------------
Vulkan Timings:
MUL_MAT_VEC f32 m=48 n=1 k=5120: 1 x 30.92 us = 30.92 us (15.895 GFLOPS/s)
Total time: 30.92 us.
----------------
Vulkan Timings:
MUL_MAT_VEC f32 m=48 n=1 k=5120: 1 x 30.96 us = 30.96 us (15.8744 GFLOPS/s)
Total time: 30.96 us.
----------------
Vulkan Timings:
MUL_MAT_VEC f32 m=48 n=1 k=5120: 1 x 30.92 us = 30.92 us (15.895 GFLOPS/s)
Total time: 30.92 us.
----------------
Vulkan Timings:
MUL_MAT_VEC f32 m=48 n=1 k=5120: 1 x 30.92 us = 30.92 us (15.895 GFLOPS/s)
Total time: 30.92 us.
----------------
Vulkan Timings:
MUL_MAT_VEC f32 m=48 n=1 k=5120: 1 x 30.92 us = 30.92 us (15.895 GFLOPS/s)
Total time: 30.92 us.
----------------
Vulkan Timings:
MUL_MAT_VEC f32 m=48 n=1 k=5120: 1 x 30.92 us = 30.92 us (15.895 GFLOPS/s)
Total time: 30.92 us.
----------------
Vulkan Timings:
MUL_MAT_VEC f32 m=48 n=1 k=5120: 1 x 30.96 us = 30.96 us (15.8744 GFLOPS/s)
Total time: 30.96 us.
----------------
Vulkan Timings:
MUL_MAT_VEC f32 m=48 n=1 k=5120: 1 x 30.92 us = 30.92 us (15.895 GFLOPS/s)
Total time: 30.92 us.
----------------
Vulkan Timings:
MUL_MAT_VEC f32 m=48 n=1 k=5120: 1 x 30.88 us = 30.88 us (15.9155 GFLOPS/s)
Total time: 30.88 us.
----------------
Vulkan Timings:
MUL_MAT_VEC f32 m=48 n=1 k=5120: 1 x 30.92 us = 30.92 us (15.895 GFLOPS/s)
Total time: 30.92 us.
----------------
Vulkan Timings:
MUL_MAT_VEC f32 m=48 n=1 k=5120: 1 x 30.92 us = 30.92 us (15.895 GFLOPS/s)
Total time: 30.92 us.
----------------
Vulkan Timings:
MUL_MAT_VEC f32 m=48 n=1 k=5120: 1 x 30.92 us = 30.92 us (15.895 GFLOPS/s)
Total time: 30.92 us.
----------------
Vulkan Timings:
MUL_MAT_VEC f32 m=48 n=1 k=5120: 1 x 30.92 us = 30.92 us (15.895 GFLOPS/s)
Total time: 30.92 us.
----------------
Vulkan Timings:
MUL_MAT_VEC f32 m=48 n=1 k=5120: 1 x 30.88 us = 30.88 us (15.9155 GFLOPS/s)
Total time: 30.88 us.
