ggml_vulkan: Found 1 Vulkan devices:
ggml_vulkan: 0 = AMD Radeon RX 7900 XTX (RADV NAVI31) (radv) | uma: 0 | fp16: dot2 | bf16: 0 | fp4: 0 | warp size: 64 | shared memory: 65536 | int dot: 1 | matrix cores: KHR_coopmat
oracle=0.24.0 commit=456172ec-dirty device=AMD Radeon RX 7900 XTX (RADV NAVI31) disable_mmvq=1
backend_allocation_bytes=2973696
----------------
Vulkan Timings:
MUL_MAT_VEC q4_0 m=1024 n=1 k=5120: 1 x 83.4 us = 83.4 us (125.716 GFLOPS/s)
Total time: 83.4 us.
----------------
Vulkan Timings:
MUL_MAT_VEC q4_0 m=1024 n=1 k=5120: 1 x 33.72 us = 33.72 us (310.935 GFLOPS/s)
Total time: 33.72 us.
----------------
Vulkan Timings:
MUL_MAT_VEC q4_0 m=1024 n=1 k=5120: 1 x 33.44 us = 33.44 us (313.539 GFLOPS/s)
Total time: 33.44 us.
----------------
Vulkan Timings:
MUL_MAT_VEC q4_0 m=1024 n=1 k=5120: 1 x 33.44 us = 33.44 us (313.539 GFLOPS/s)
Total time: 33.44 us.
----------------
Vulkan Timings:
MUL_MAT_VEC q4_0 m=1024 n=1 k=5120: 1 x 33.44 us = 33.44 us (313.539 GFLOPS/s)
Total time: 33.44 us.
----------------
Vulkan Timings:
MUL_MAT_VEC q4_0 m=1024 n=1 k=5120: 1 x 33.48 us = 33.48 us (313.164 GFLOPS/s)
Total time: 33.48 us.
----------------
Vulkan Timings:
MUL_MAT_VEC q4_0 m=1024 n=1 k=5120: 1 x 33.44 us = 33.44 us (313.539 GFLOPS/s)
Total time: 33.44 us.
----------------
Vulkan Timings:
MUL_MAT_VEC q4_0 m=1024 n=1 k=5120: 1 x 33.48 us = 33.48 us (313.164 GFLOPS/s)
Total time: 33.48 us.
----------------
Vulkan Timings:
MUL_MAT_VEC q4_0 m=1024 n=1 k=5120: 1 x 33.44 us = 33.44 us (313.539 GFLOPS/s)
Total time: 33.44 us.
----------------
Vulkan Timings:
MUL_MAT_VEC q4_0 m=1024 n=1 k=5120: 1 x 33.48 us = 33.48 us (313.164 GFLOPS/s)
Total time: 33.48 us.
----------------
Vulkan Timings:
MUL_MAT_VEC q4_0 m=1024 n=1 k=5120: 1 x 33.44 us = 33.44 us (313.539 GFLOPS/s)
Total time: 33.44 us.
----------------
Vulkan Timings:
MUL_MAT_VEC q4_0 m=1024 n=1 k=5120: 1 x 33.44 us = 33.44 us (313.539 GFLOPS/s)
Total time: 33.44 us.
----------------
Vulkan Timings:
MUL_MAT_VEC q4_0 m=1024 n=1 k=5120: 1 x 33.48 us = 33.48 us (313.164 GFLOPS/s)
Total time: 33.48 us.
----------------
Vulkan Timings:
MUL_MAT_VEC q4_0 m=1024 n=1 k=5120: 1 x 33.48 us = 33.48 us (313.164 GFLOPS/s)
Total time: 33.48 us.
----------------
Vulkan Timings:
MUL_MAT_VEC q4_0 m=1024 n=1 k=5120: 1 x 33.44 us = 33.44 us (313.539 GFLOPS/s)
Total time: 33.44 us.
----------------
Vulkan Timings:
MUL_MAT_VEC q4_0 m=1024 n=1 k=5120: 1 x 33.52 us = 33.52 us (312.79 GFLOPS/s)
Total time: 33.52 us.
----------------
Vulkan Timings:
MUL_MAT_VEC q4_0 m=1024 n=1 k=5120: 1 x 33.44 us = 33.44 us (313.539 GFLOPS/s)
Total time: 33.44 us.
----------------
Vulkan Timings:
MUL_MAT_VEC q4_0 m=1024 n=1 k=5120: 1 x 33.44 us = 33.44 us (313.539 GFLOPS/s)
Total time: 33.44 us.
----------------
Vulkan Timings:
MUL_MAT_VEC q4_0 m=1024 n=1 k=5120: 1 x 33.44 us = 33.44 us (313.539 GFLOPS/s)
Total time: 33.44 us.
----------------
Vulkan Timings:
MUL_MAT_VEC q4_0 m=1024 n=1 k=5120: 1 x 33.52 us = 33.52 us (312.79 GFLOPS/s)
Total time: 33.52 us.
----------------
Vulkan Timings:
MUL_MAT_VEC q4_0 m=1024 n=1 k=5120: 1 x 33.48 us = 33.48 us (313.164 GFLOPS/s)
Total time: 33.48 us.
----------------
Vulkan Timings:
MUL_MAT_VEC q4_0 m=1024 n=1 k=5120: 1 x 33.48 us = 33.48 us (313.164 GFLOPS/s)
Total time: 33.48 us.
----------------
Vulkan Timings:
MUL_MAT_VEC q4_0 m=1024 n=1 k=5120: 1 x 33.44 us = 33.44 us (313.539 GFLOPS/s)
Total time: 33.44 us.
----------------
Vulkan Timings:
MUL_MAT_VEC q4_0 m=1024 n=1 k=5120: 1 x 33.44 us = 33.44 us (313.539 GFLOPS/s)
Total time: 33.44 us.
----------------
Vulkan Timings:
MUL_MAT_VEC q4_0 m=1024 n=1 k=5120: 1 x 33.48 us = 33.48 us (313.164 GFLOPS/s)
Total time: 33.48 us.
----------------
Vulkan Timings:
MUL_MAT_VEC q4_0 m=1024 n=1 k=5120: 1 x 33.48 us = 33.48 us (313.164 GFLOPS/s)
Total time: 33.48 us.
----------------
Vulkan Timings:
MUL_MAT_VEC q4_0 m=1024 n=1 k=5120: 1 x 33.44 us = 33.44 us (313.539 GFLOPS/s)
Total time: 33.44 us.
----------------
Vulkan Timings:
MUL_MAT_VEC q4_0 m=1024 n=1 k=5120: 1 x 33.48 us = 33.48 us (313.164 GFLOPS/s)
Total time: 33.48 us.
----------------
Vulkan Timings:
MUL_MAT_VEC q4_0 m=1024 n=1 k=5120: 1 x 33.52 us = 33.52 us (312.79 GFLOPS/s)
Total time: 33.52 us.
----------------
Vulkan Timings:
MUL_MAT_VEC q4_0 m=1024 n=1 k=5120: 1 x 33.48 us = 33.48 us (313.164 GFLOPS/s)
Total time: 33.48 us.
----------------
Vulkan Timings:
MUL_MAT_VEC q4_0 m=1024 n=1 k=5120: 1 x 33.44 us = 33.44 us (313.539 GFLOPS/s)
Total time: 33.44 us.
----------------
Vulkan Timings:
MUL_MAT_VEC q4_0 m=1024 n=1 k=5120: 1 x 33.44 us = 33.44 us (313.539 GFLOPS/s)
Total time: 33.44 us.
----------------
Vulkan Timings:
MUL_MAT_VEC q4_0 m=1024 n=1 k=5120: 1 x 33.4 us = 33.4 us (313.914 GFLOPS/s)
Total time: 33.4 us.
----------------
Vulkan Timings:
MUL_MAT_VEC q4_0 m=1024 n=1 k=5120: 1 x 33.52 us = 33.52 us (312.79 GFLOPS/s)
Total time: 33.52 us.
----------------
Vulkan Timings:
MUL_MAT_VEC q4_0 m=1024 n=1 k=5120: 1 x 33.48 us = 33.48 us (313.164 GFLOPS/s)
Total time: 33.48 us.
----------------
Vulkan Timings:
MUL_MAT_VEC q4_0 m=1024 n=1 k=5120: 1 x 33.72 us = 33.72 us (310.935 GFLOPS/s)
Total time: 33.72 us.
----------------
Vulkan Timings:
MUL_MAT_VEC q4_0 m=1024 n=1 k=5120: 1 x 33.48 us = 33.48 us (313.164 GFLOPS/s)
Total time: 33.48 us.
----------------
Vulkan Timings:
MUL_MAT_VEC q4_0 m=1024 n=1 k=5120: 1 x 33.44 us = 33.44 us (313.539 GFLOPS/s)
Total time: 33.44 us.
----------------
Vulkan Timings:
MUL_MAT_VEC q4_0 m=1024 n=1 k=5120: 1 x 33.44 us = 33.44 us (313.539 GFLOPS/s)
Total time: 33.44 us.
----------------
Vulkan Timings:
MUL_MAT_VEC q4_0 m=1024 n=1 k=5120: 1 x 33.48 us = 33.48 us (313.164 GFLOPS/s)
Total time: 33.48 us.
----------------
Vulkan Timings:
MUL_MAT_VEC q4_0 m=1024 n=1 k=5120: 1 x 33.44 us = 33.44 us (313.539 GFLOPS/s)
Total time: 33.44 us.
----------------
Vulkan Timings:
MUL_MAT_VEC q4_0 m=1024 n=1 k=5120: 1 x 33.52 us = 33.52 us (312.79 GFLOPS/s)
Total time: 33.52 us.
----------------
Vulkan Timings:
MUL_MAT_VEC q4_0 m=1024 n=1 k=5120: 1 x 33.48 us = 33.48 us (313.164 GFLOPS/s)
Total time: 33.48 us.
----------------
Vulkan Timings:
MUL_MAT_VEC q4_0 m=1024 n=1 k=5120: 1 x 33.44 us = 33.44 us (313.539 GFLOPS/s)
Total time: 33.44 us.
----------------
Vulkan Timings:
MUL_MAT_VEC q4_0 m=1024 n=1 k=5120: 1 x 33.48 us = 33.48 us (313.164 GFLOPS/s)
Total time: 33.48 us.
----------------
Vulkan Timings:
MUL_MAT_VEC q4_0 m=1024 n=1 k=5120: 1 x 33.72 us = 33.72 us (310.935 GFLOPS/s)
Total time: 33.72 us.
----------------
Vulkan Timings:
MUL_MAT_VEC q4_0 m=1024 n=1 k=5120: 1 x 33.44 us = 33.44 us (313.539 GFLOPS/s)
Total time: 33.44 us.
----------------
Vulkan Timings:
MUL_MAT_VEC q4_0 m=1024 n=1 k=5120: 1 x 33.52 us = 33.52 us (312.79 GFLOPS/s)
Total time: 33.52 us.
----------------
Vulkan Timings:
MUL_MAT_VEC q4_0 m=1024 n=1 k=5120: 1 x 33.48 us = 33.48 us (313.164 GFLOPS/s)
Total time: 33.48 us.
----------------
Vulkan Timings:
MUL_MAT_VEC q4_0 m=1024 n=1 k=5120: 1 x 33.44 us = 33.44 us (313.539 GFLOPS/s)
Total time: 33.44 us.
----------------
Vulkan Timings:
MUL_MAT_VEC q4_0 m=1024 n=1 k=5120: 1 x 33.48 us = 33.48 us (313.164 GFLOPS/s)
Total time: 33.48 us.
----------------
Vulkan Timings:
MUL_MAT_VEC q4_0 m=1024 n=1 k=5120: 1 x 33.48 us = 33.48 us (313.164 GFLOPS/s)
Total time: 33.48 us.
----------------
Vulkan Timings:
MUL_MAT_VEC q4_0 m=1024 n=1 k=5120: 1 x 33.48 us = 33.48 us (313.164 GFLOPS/s)
Total time: 33.48 us.
----------------
Vulkan Timings:
MUL_MAT_VEC q4_0 m=1024 n=1 k=5120: 1 x 33.4 us = 33.4 us (313.914 GFLOPS/s)
Total time: 33.4 us.
----------------
Vulkan Timings:
MUL_MAT_VEC q4_0 m=1024 n=1 k=5120: 1 x 33.52 us = 33.52 us (312.79 GFLOPS/s)
Total time: 33.52 us.
----------------
Vulkan Timings:
MUL_MAT_VEC q4_0 m=1024 n=1 k=5120: 1 x 33.48 us = 33.48 us (313.164 GFLOPS/s)
Total time: 33.48 us.
----------------
Vulkan Timings:
MUL_MAT_VEC q4_0 m=1024 n=1 k=5120: 1 x 33.52 us = 33.52 us (312.79 GFLOPS/s)
Total time: 33.52 us.
----------------
Vulkan Timings:
MUL_MAT_VEC q4_0 m=1024 n=1 k=5120: 1 x 33.44 us = 33.44 us (313.539 GFLOPS/s)
Total time: 33.44 us.
----------------
Vulkan Timings:
MUL_MAT_VEC q4_0 m=1024 n=1 k=5120: 1 x 33.52 us = 33.52 us (312.79 GFLOPS/s)
Total time: 33.52 us.
----------------
Vulkan Timings:
MUL_MAT_VEC q4_0 m=1024 n=1 k=5120: 1 x 33.44 us = 33.44 us (313.539 GFLOPS/s)
Total time: 33.44 us.
----------------
Vulkan Timings:
MUL_MAT_VEC q4_0 m=1024 n=1 k=5120: 1 x 33.44 us = 33.44 us (313.539 GFLOPS/s)
Total time: 33.44 us.
----------------
Vulkan Timings:
MUL_MAT_VEC q4_0 m=1024 n=1 k=5120: 1 x 33.76 us = 33.76 us (310.567 GFLOPS/s)
Total time: 33.76 us.
----------------
Vulkan Timings:
MUL_MAT_VEC q4_0 m=1024 n=1 k=5120: 1 x 33.52 us = 33.52 us (312.79 GFLOPS/s)
Total time: 33.52 us.
----------------
Vulkan Timings:
MUL_MAT_VEC q4_0 m=1024 n=1 k=5120: 1 x 33.44 us = 33.44 us (313.539 GFLOPS/s)
Total time: 33.44 us.
----------------
Vulkan Timings:
MUL_MAT_VEC q4_0 m=1024 n=1 k=5120: 1 x 33.52 us = 33.52 us (312.79 GFLOPS/s)
Total time: 33.52 us.
----------------
Vulkan Timings:
MUL_MAT_VEC q4_0 m=1024 n=1 k=5120: 1 x 33.48 us = 33.48 us (313.164 GFLOPS/s)
Total time: 33.48 us.
----------------
Vulkan Timings:
MUL_MAT_VEC q4_0 m=1024 n=1 k=5120: 1 x 33.48 us = 33.48 us (313.164 GFLOPS/s)
Total time: 33.48 us.
----------------
Vulkan Timings:
MUL_MAT_VEC q4_0 m=1024 n=1 k=5120: 1 x 33.48 us = 33.48 us (313.164 GFLOPS/s)
Total time: 33.48 us.
----------------
Vulkan Timings:
MUL_MAT_VEC q4_0 m=1024 n=1 k=5120: 1 x 33.56 us = 33.56 us (312.418 GFLOPS/s)
Total time: 33.56 us.
----------------
Vulkan Timings:
MUL_MAT_VEC q4_0 m=1024 n=1 k=5120: 1 x 33.4 us = 33.4 us (313.914 GFLOPS/s)
Total time: 33.4 us.
----------------
Vulkan Timings:
MUL_MAT_VEC q4_0 m=1024 n=1 k=5120: 1 x 33.52 us = 33.52 us (312.79 GFLOPS/s)
Total time: 33.52 us.
----------------
Vulkan Timings:
MUL_MAT_VEC q4_0 m=1024 n=1 k=5120: 1 x 33.48 us = 33.48 us (313.164 GFLOPS/s)
Total time: 33.48 us.
----------------
Vulkan Timings:
MUL_MAT_VEC q4_0 m=1024 n=1 k=5120: 1 x 33.48 us = 33.48 us (313.164 GFLOPS/s)
Total time: 33.48 us.
----------------
Vulkan Timings:
MUL_MAT_VEC q4_0 m=1024 n=1 k=5120: 1 x 33.52 us = 33.52 us (312.79 GFLOPS/s)
Total time: 33.52 us.
----------------
Vulkan Timings:
MUL_MAT_VEC q4_0 m=1024 n=1 k=5120: 1 x 33.48 us = 33.48 us (313.164 GFLOPS/s)
Total time: 33.48 us.
----------------
Vulkan Timings:
MUL_MAT_VEC q4_0 m=1024 n=1 k=5120: 1 x 33.56 us = 33.56 us (312.418 GFLOPS/s)
Total time: 33.56 us.
----------------
Vulkan Timings:
MUL_MAT_VEC q4_0 m=1024 n=1 k=5120: 1 x 33.52 us = 33.52 us (312.79 GFLOPS/s)
Total time: 33.52 us.
----------------
Vulkan Timings:
MUL_MAT_VEC q4_0 m=1024 n=1 k=5120: 1 x 33.08 us = 33.08 us (316.951 GFLOPS/s)
Total time: 33.08 us.
----------------
Vulkan Timings:
MUL_MAT_VEC q4_0 m=1024 n=1 k=5120: 1 x 33.48 us = 33.48 us (313.164 GFLOPS/s)
Total time: 33.48 us.
----------------
Vulkan Timings:
MUL_MAT_VEC q4_0 m=1024 n=1 k=5120: 1 x 33.48 us = 33.48 us (313.164 GFLOPS/s)
Total time: 33.48 us.
----------------
Vulkan Timings:
MUL_MAT_VEC q4_0 m=1024 n=1 k=5120: 1 x 33.44 us = 33.44 us (313.539 GFLOPS/s)
Total time: 33.44 us.
----------------
Vulkan Timings:
MUL_MAT_VEC q4_0 m=1024 n=1 k=5120: 1 x 33.48 us = 33.48 us (313.164 GFLOPS/s)
Total time: 33.48 us.
----------------
Vulkan Timings:
MUL_MAT_VEC q4_0 m=1024 n=1 k=5120: 1 x 33.48 us = 33.48 us (313.164 GFLOPS/s)
Total time: 33.48 us.
----------------
Vulkan Timings:
MUL_MAT_VEC q4_0 m=1024 n=1 k=5120: 1 x 33.52 us = 33.52 us (312.79 GFLOPS/s)
Total time: 33.52 us.
----------------
Vulkan Timings:
MUL_MAT_VEC q4_0 m=1024 n=1 k=5120: 1 x 33.52 us = 33.52 us (312.79 GFLOPS/s)
Total time: 33.52 us.
----------------
Vulkan Timings:
MUL_MAT_VEC q4_0 m=1024 n=1 k=5120: 1 x 33.48 us = 33.48 us (313.164 GFLOPS/s)
Total time: 33.48 us.
----------------
Vulkan Timings:
MUL_MAT_VEC q4_0 m=1024 n=1 k=5120: 1 x 33.44 us = 33.44 us (313.539 GFLOPS/s)
Total time: 33.44 us.
----------------
Vulkan Timings:
MUL_MAT_VEC q4_0 m=1024 n=1 k=5120: 1 x 33.12 us = 33.12 us (316.568 GFLOPS/s)
Total time: 33.12 us.
----------------
Vulkan Timings:
MUL_MAT_VEC q4_0 m=1024 n=1 k=5120: 1 x 33.48 us = 33.48 us (313.164 GFLOPS/s)
Total time: 33.48 us.
----------------
Vulkan Timings:
MUL_MAT_VEC q4_0 m=1024 n=1 k=5120: 1 x 33.52 us = 33.52 us (312.79 GFLOPS/s)
Total time: 33.52 us.
----------------
Vulkan Timings:
MUL_MAT_VEC q4_0 m=1024 n=1 k=5120: 1 x 33.12 us = 33.12 us (316.568 GFLOPS/s)
Total time: 33.12 us.
----------------
Vulkan Timings:
MUL_MAT_VEC q4_0 m=1024 n=1 k=5120: 1 x 33.44 us = 33.44 us (313.539 GFLOPS/s)
Total time: 33.44 us.
----------------
Vulkan Timings:
MUL_MAT_VEC q4_0 m=1024 n=1 k=5120: 1 x 33.44 us = 33.44 us (313.539 GFLOPS/s)
Total time: 33.44 us.
----------------
Vulkan Timings:
MUL_MAT_VEC q4_0 m=1024 n=1 k=5120: 1 x 33.48 us = 33.48 us (313.164 GFLOPS/s)
Total time: 33.48 us.
----------------
Vulkan Timings:
MUL_MAT_VEC q4_0 m=1024 n=1 k=5120: 1 x 33.48 us = 33.48 us (313.164 GFLOPS/s)
Total time: 33.48 us.
----------------
Vulkan Timings:
MUL_MAT_VEC q4_0 m=1024 n=1 k=5120: 1 x 33.48 us = 33.48 us (313.164 GFLOPS/s)
Total time: 33.48 us.
----------------
Vulkan Timings:
MUL_MAT_VEC q4_0 m=1024 n=1 k=5120: 1 x 33.48 us = 33.48 us (313.164 GFLOPS/s)
Total time: 33.48 us.
----------------
Vulkan Timings:
MUL_MAT_VEC q4_0 m=1024 n=1 k=5120: 1 x 33.84 us = 33.84 us (309.833 GFLOPS/s)
Total time: 33.84 us.
----------------
Vulkan Timings:
MUL_MAT_VEC q4_0 m=1024 n=1 k=5120: 1 x 33.76 us = 33.76 us (310.567 GFLOPS/s)
Total time: 33.76 us.
----------------
Vulkan Timings:
MUL_MAT_VEC q4_0 m=1024 n=1 k=5120: 1 x 33.48 us = 33.48 us (313.164 GFLOPS/s)
Total time: 33.48 us.
----------------
Vulkan Timings:
MUL_MAT_VEC q4_0 m=1024 n=1 k=5120: 1 x 33.64 us = 33.64 us (311.675 GFLOPS/s)
Total time: 33.64 us.
----------------
Vulkan Timings:
MUL_MAT_VEC q4_0 m=1024 n=1 k=5120: 1 x 33.48 us = 33.48 us (313.164 GFLOPS/s)
Total time: 33.48 us.
----------------
Vulkan Timings:
MUL_MAT_VEC q4_0 m=1024 n=1 k=5120: 1 x 33.48 us = 33.48 us (313.164 GFLOPS/s)
Total time: 33.48 us.
----------------
Vulkan Timings:
MUL_MAT_VEC q4_0 m=1024 n=1 k=5120: 1 x 33.52 us = 33.52 us (312.79 GFLOPS/s)
Total time: 33.52 us.
----------------
Vulkan Timings:
MUL_MAT_VEC q4_0 m=1024 n=1 k=5120: 1 x 33.52 us = 33.52 us (312.79 GFLOPS/s)
Total time: 33.52 us.
----------------
Vulkan Timings:
MUL_MAT_VEC q4_0 m=1024 n=1 k=5120: 1 x 33.52 us = 33.52 us (312.79 GFLOPS/s)
Total time: 33.52 us.
----------------
Vulkan Timings:
MUL_MAT_VEC q4_0 m=1024 n=1 k=5120: 1 x 33.52 us = 33.52 us (312.79 GFLOPS/s)
Total time: 33.52 us.
----------------
Vulkan Timings:
MUL_MAT_VEC q4_0 m=1024 n=1 k=5120: 1 x 33.52 us = 33.52 us (312.79 GFLOPS/s)
Total time: 33.52 us.
----------------
Vulkan Timings:
MUL_MAT_VEC q4_0 m=1024 n=1 k=5120: 1 x 33.48 us = 33.48 us (313.164 GFLOPS/s)
Total time: 33.48 us.
----------------
Vulkan Timings:
MUL_MAT_VEC q4_0 m=1024 n=1 k=5120: 1 x 33.48 us = 33.48 us (313.164 GFLOPS/s)
Total time: 33.48 us.
----------------
Vulkan Timings:
MUL_MAT_VEC q4_0 m=1024 n=1 k=5120: 1 x 33.48 us = 33.48 us (313.164 GFLOPS/s)
Total time: 33.48 us.
----------------
Vulkan Timings:
MUL_MAT_VEC q4_0 m=1024 n=1 k=5120: 1 x 33.48 us = 33.48 us (313.164 GFLOPS/s)
Total time: 33.48 us.
----------------
Vulkan Timings:
MUL_MAT_VEC q4_0 m=1024 n=1 k=5120: 1 x 33.44 us = 33.44 us (313.539 GFLOPS/s)
Total time: 33.44 us.
----------------
Vulkan Timings:
MUL_MAT_VEC q4_0 m=1024 n=1 k=5120: 1 x 33.52 us = 33.52 us (312.79 GFLOPS/s)
Total time: 33.52 us.
----------------
Vulkan Timings:
MUL_MAT_VEC q4_0 m=1024 n=1 k=5120: 1 x 33.48 us = 33.48 us (313.164 GFLOPS/s)
Total time: 33.48 us.
----------------
Vulkan Timings:
MUL_MAT_VEC q4_0 m=1024 n=1 k=5120: 1 x 33.44 us = 33.44 us (313.539 GFLOPS/s)
Total time: 33.44 us.
----------------
Vulkan Timings:
MUL_MAT_VEC q4_0 m=1024 n=1 k=5120: 1 x 33.52 us = 33.52 us (312.79 GFLOPS/s)
Total time: 33.52 us.
----------------
Vulkan Timings:
MUL_MAT_VEC q4_0 m=1024 n=1 k=5120: 1 x 33.52 us = 33.52 us (312.79 GFLOPS/s)
Total time: 33.52 us.
----------------
Vulkan Timings:
MUL_MAT_VEC q4_0 m=1024 n=1 k=5120: 1 x 33.48 us = 33.48 us (313.164 GFLOPS/s)
Total time: 33.48 us.
----------------
Vulkan Timings:
MUL_MAT_VEC q4_0 m=1024 n=1 k=5120: 1 x 33.6 us = 33.6 us (312.046 GFLOPS/s)
Total time: 33.6 us.
----------------
Vulkan Timings:
MUL_MAT_VEC q4_0 m=1024 n=1 k=5120: 1 x 33.48 us = 33.48 us (313.164 GFLOPS/s)
Total time: 33.48 us.
----------------
Vulkan Timings:
MUL_MAT_VEC q4_0 m=1024 n=1 k=5120: 1 x 33.56 us = 33.56 us (312.418 GFLOPS/s)
Total time: 33.56 us.
----------------
Vulkan Timings:
MUL_MAT_VEC q4_0 m=1024 n=1 k=5120: 1 x 33.08 us = 33.08 us (316.951 GFLOPS/s)
Total time: 33.08 us.
----------------
Vulkan Timings:
MUL_MAT_VEC q4_0 m=1024 n=1 k=5120: 1 x 33.52 us = 33.52 us (312.79 GFLOPS/s)
Total time: 33.52 us.
----------------
Vulkan Timings:
MUL_MAT_VEC q4_0 m=1024 n=1 k=5120: 1 x 33.48 us = 33.48 us (313.164 GFLOPS/s)
Total time: 33.48 us.
----------------
Vulkan Timings:
MUL_MAT_VEC q4_0 m=1024 n=1 k=5120: 1 x 33.48 us = 33.48 us (313.164 GFLOPS/s)
Total time: 33.48 us.
----------------
Vulkan Timings:
MUL_MAT_VEC q4_0 m=1024 n=1 k=5120: 1 x 33.56 us = 33.56 us (312.418 GFLOPS/s)
Total time: 33.56 us.
----------------
Vulkan Timings:
MUL_MAT_VEC q4_0 m=1024 n=1 k=5120: 1 x 33.48 us = 33.48 us (313.164 GFLOPS/s)
Total time: 33.48 us.
----------------
Vulkan Timings:
MUL_MAT_VEC q4_0 m=1024 n=1 k=5120: 1 x 33.44 us = 33.44 us (313.539 GFLOPS/s)
Total time: 33.44 us.
----------------
Vulkan Timings:
MUL_MAT_VEC q4_0 m=1024 n=1 k=5120: 1 x 33.56 us = 33.56 us (312.418 GFLOPS/s)
Total time: 33.56 us.
----------------
Vulkan Timings:
MUL_MAT_VEC q4_0 m=1024 n=1 k=5120: 1 x 33.48 us = 33.48 us (313.164 GFLOPS/s)
Total time: 33.48 us.
----------------
Vulkan Timings:
MUL_MAT_VEC q4_0 m=1024 n=1 k=5120: 1 x 33.48 us = 33.48 us (313.164 GFLOPS/s)
Total time: 33.48 us.
----------------
Vulkan Timings:
MUL_MAT_VEC q4_0 m=1024 n=1 k=5120: 1 x 33.52 us = 33.52 us (312.79 GFLOPS/s)
Total time: 33.52 us.
----------------
Vulkan Timings:
MUL_MAT_VEC q4_0 m=1024 n=1 k=5120: 1 x 33.48 us = 33.48 us (313.164 GFLOPS/s)
Total time: 33.48 us.
----------------
Vulkan Timings:
MUL_MAT_VEC q4_0 m=1024 n=1 k=5120: 1 x 33.12 us = 33.12 us (316.568 GFLOPS/s)
Total time: 33.12 us.
----------------
Vulkan Timings:
MUL_MAT_VEC q4_0 m=1024 n=1 k=5120: 1 x 33.44 us = 33.44 us (313.539 GFLOPS/s)
Total time: 33.44 us.
----------------
Vulkan Timings:
MUL_MAT_VEC q4_0 m=1024 n=1 k=5120: 1 x 33.44 us = 33.44 us (313.539 GFLOPS/s)
Total time: 33.44 us.
----------------
Vulkan Timings:
MUL_MAT_VEC q4_0 m=1024 n=1 k=5120: 1 x 33.56 us = 33.56 us (312.418 GFLOPS/s)
Total time: 33.56 us.
----------------
Vulkan Timings:
MUL_MAT_VEC q4_0 m=1024 n=1 k=5120: 1 x 33.48 us = 33.48 us (313.164 GFLOPS/s)
Total time: 33.48 us.
----------------
Vulkan Timings:
MUL_MAT_VEC q4_0 m=1024 n=1 k=5120: 1 x 33.48 us = 33.48 us (313.164 GFLOPS/s)
Total time: 33.48 us.
----------------
Vulkan Timings:
MUL_MAT_VEC q4_0 m=1024 n=1 k=5120: 1 x 33.44 us = 33.44 us (313.539 GFLOPS/s)
Total time: 33.44 us.
----------------
Vulkan Timings:
MUL_MAT_VEC q4_0 m=1024 n=1 k=5120: 1 x 33.48 us = 33.48 us (313.164 GFLOPS/s)
Total time: 33.48 us.
----------------
Vulkan Timings:
MUL_MAT_VEC q4_0 m=1024 n=1 k=5120: 1 x 33.48 us = 33.48 us (313.164 GFLOPS/s)
Total time: 33.48 us.
----------------
Vulkan Timings:
MUL_MAT_VEC q4_0 m=1024 n=1 k=5120: 1 x 33.48 us = 33.48 us (313.164 GFLOPS/s)
Total time: 33.48 us.
----------------
Vulkan Timings:
MUL_MAT_VEC q4_0 m=1024 n=1 k=5120: 1 x 33.52 us = 33.52 us (312.79 GFLOPS/s)
Total time: 33.52 us.
----------------
Vulkan Timings:
MUL_MAT_VEC q4_0 m=1024 n=1 k=5120: 1 x 33.2 us = 33.2 us (315.805 GFLOPS/s)
Total time: 33.2 us.
----------------
Vulkan Timings:
MUL_MAT_VEC q4_0 m=1024 n=1 k=5120: 1 x 33.44 us = 33.44 us (313.539 GFLOPS/s)
Total time: 33.44 us.
----------------
Vulkan Timings:
MUL_MAT_VEC q4_0 m=1024 n=1 k=5120: 1 x 33.48 us = 33.48 us (313.164 GFLOPS/s)
Total time: 33.48 us.
----------------
Vulkan Timings:
MUL_MAT_VEC q4_0 m=1024 n=1 k=5120: 1 x 33.48 us = 33.48 us (313.164 GFLOPS/s)
Total time: 33.48 us.
----------------
Vulkan Timings:
MUL_MAT_VEC q4_0 m=1024 n=1 k=5120: 1 x 33.48 us = 33.48 us (313.164 GFLOPS/s)
Total time: 33.48 us.
----------------
Vulkan Timings:
MUL_MAT_VEC q4_0 m=1024 n=1 k=5120: 1 x 33.48 us = 33.48 us (313.164 GFLOPS/s)
Total time: 33.48 us.
----------------
Vulkan Timings:
MUL_MAT_VEC q4_0 m=1024 n=1 k=5120: 1 x 33.4 us = 33.4 us (313.914 GFLOPS/s)
Total time: 33.4 us.
----------------
Vulkan Timings:
MUL_MAT_VEC q4_0 m=1024 n=1 k=5120: 1 x 33.48 us = 33.48 us (313.164 GFLOPS/s)
Total time: 33.48 us.
----------------
Vulkan Timings:
MUL_MAT_VEC q4_0 m=1024 n=1 k=5120: 1 x 33.48 us = 33.48 us (313.164 GFLOPS/s)
Total time: 33.48 us.
----------------
Vulkan Timings:
MUL_MAT_VEC q4_0 m=1024 n=1 k=5120: 1 x 33.52 us = 33.52 us (312.79 GFLOPS/s)
Total time: 33.52 us.
----------------
Vulkan Timings:
MUL_MAT_VEC q4_0 m=1024 n=1 k=5120: 1 x 33.52 us = 33.52 us (312.79 GFLOPS/s)
Total time: 33.52 us.
----------------
Vulkan Timings:
MUL_MAT_VEC q4_0 m=1024 n=1 k=5120: 1 x 33.44 us = 33.44 us (313.539 GFLOPS/s)
Total time: 33.44 us.
----------------
Vulkan Timings:
MUL_MAT_VEC q4_0 m=1024 n=1 k=5120: 1 x 33.2 us = 33.2 us (315.805 GFLOPS/s)
Total time: 33.2 us.
----------------
Vulkan Timings:
MUL_MAT_VEC q4_0 m=1024 n=1 k=5120: 1 x 33.48 us = 33.48 us (313.164 GFLOPS/s)
Total time: 33.48 us.
----------------
Vulkan Timings:
MUL_MAT_VEC q4_0 m=1024 n=1 k=5120: 1 x 33.48 us = 33.48 us (313.164 GFLOPS/s)
Total time: 33.48 us.
----------------
Vulkan Timings:
MUL_MAT_VEC q4_0 m=1024 n=1 k=5120: 1 x 33.48 us = 33.48 us (313.164 GFLOPS/s)
Total time: 33.48 us.
----------------
Vulkan Timings:
MUL_MAT_VEC q4_0 m=1024 n=1 k=5120: 1 x 33.48 us = 33.48 us (313.164 GFLOPS/s)
Total time: 33.48 us.
----------------
Vulkan Timings:
MUL_MAT_VEC q4_0 m=1024 n=1 k=5120: 1 x 71.62 us = 71.62 us (146.394 GFLOPS/s)
Total time: 71.62 us.
----------------
Vulkan Timings:
MUL_MAT_VEC q4_0 m=1024 n=1 k=5120: 1 x 33.48 us = 33.48 us (313.164 GFLOPS/s)
Total time: 33.48 us.
----------------
Vulkan Timings:
MUL_MAT_VEC q4_0 m=1024 n=1 k=5120: 1 x 33.48 us = 33.48 us (313.164 GFLOPS/s)
Total time: 33.48 us.
----------------
Vulkan Timings:
MUL_MAT_VEC q4_0 m=1024 n=1 k=5120: 1 x 33.48 us = 33.48 us (313.164 GFLOPS/s)
Total time: 33.48 us.
----------------
Vulkan Timings:
MUL_MAT_VEC q4_0 m=1024 n=1 k=5120: 1 x 33.48 us = 33.48 us (313.164 GFLOPS/s)
Total time: 33.48 us.
----------------
Vulkan Timings:
MUL_MAT_VEC q4_0 m=1024 n=1 k=5120: 1 x 33.52 us = 33.52 us (312.79 GFLOPS/s)
Total time: 33.52 us.
----------------
Vulkan Timings:
MUL_MAT_VEC q4_0 m=1024 n=1 k=5120: 1 x 33.44 us = 33.44 us (313.539 GFLOPS/s)
Total time: 33.44 us.
----------------
Vulkan Timings:
MUL_MAT_VEC q4_0 m=1024 n=1 k=5120: 1 x 33.48 us = 33.48 us (313.164 GFLOPS/s)
Total time: 33.48 us.
----------------
Vulkan Timings:
MUL_MAT_VEC q4_0 m=1024 n=1 k=5120: 1 x 33.6 us = 33.6 us (312.046 GFLOPS/s)
Total time: 33.6 us.
----------------
Vulkan Timings:
MUL_MAT_VEC q4_0 m=1024 n=1 k=5120: 1 x 33.76 us = 33.76 us (310.567 GFLOPS/s)
Total time: 33.76 us.
----------------
Vulkan Timings:
MUL_MAT_VEC q4_0 m=1024 n=1 k=5120: 1 x 33.56 us = 33.56 us (312.418 GFLOPS/s)
Total time: 33.56 us.
----------------
Vulkan Timings:
MUL_MAT_VEC q4_0 m=1024 n=1 k=5120: 1 x 33.48 us = 33.48 us (313.164 GFLOPS/s)
Total time: 33.48 us.
----------------
Vulkan Timings:
MUL_MAT_VEC q4_0 m=1024 n=1 k=5120: 1 x 33.52 us = 33.52 us (312.79 GFLOPS/s)
Total time: 33.52 us.
----------------
Vulkan Timings:
MUL_MAT_VEC q4_0 m=1024 n=1 k=5120: 1 x 33.52 us = 33.52 us (312.79 GFLOPS/s)
Total time: 33.52 us.
----------------
Vulkan Timings:
MUL_MAT_VEC q4_0 m=1024 n=1 k=5120: 1 x 33.64 us = 33.64 us (311.675 GFLOPS/s)
Total time: 33.64 us.
----------------
Vulkan Timings:
MUL_MAT_VEC q4_0 m=1024 n=1 k=5120: 1 x 33.52 us = 33.52 us (312.79 GFLOPS/s)
Total time: 33.52 us.
----------------
Vulkan Timings:
MUL_MAT_VEC q4_0 m=1024 n=1 k=5120: 1 x 33.52 us = 33.52 us (312.79 GFLOPS/s)
Total time: 33.52 us.
----------------
Vulkan Timings:
MUL_MAT_VEC q4_0 m=1024 n=1 k=5120: 1 x 33.52 us = 33.52 us (312.79 GFLOPS/s)
Total time: 33.52 us.
----------------
Vulkan Timings:
MUL_MAT_VEC q4_0 m=1024 n=1 k=5120: 1 x 33.52 us = 33.52 us (312.79 GFLOPS/s)
Total time: 33.52 us.
----------------
Vulkan Timings:
MUL_MAT_VEC q4_0 m=1024 n=1 k=5120: 1 x 33.52 us = 33.52 us (312.79 GFLOPS/s)
Total time: 33.52 us.
----------------
Vulkan Timings:
MUL_MAT_VEC q4_0 m=1024 n=1 k=5120: 1 x 33.48 us = 33.48 us (313.164 GFLOPS/s)
Total time: 33.48 us.
----------------
Vulkan Timings:
MUL_MAT_VEC q4_0 m=1024 n=1 k=5120: 1 x 33.56 us = 33.56 us (312.418 GFLOPS/s)
Total time: 33.56 us.
----------------
Vulkan Timings:
MUL_MAT_VEC q4_0 m=1024 n=1 k=5120: 1 x 33.52 us = 33.52 us (312.79 GFLOPS/s)
Total time: 33.52 us.
----------------
Vulkan Timings:
MUL_MAT_VEC q4_0 m=1024 n=1 k=5120: 1 x 33.48 us = 33.48 us (313.164 GFLOPS/s)
Total time: 33.48 us.
----------------
Vulkan Timings:
MUL_MAT_VEC q4_0 m=1024 n=1 k=5120: 1 x 33.52 us = 33.52 us (312.79 GFLOPS/s)
Total time: 33.52 us.
----------------
Vulkan Timings:
MUL_MAT_VEC q4_0 m=1024 n=1 k=5120: 1 x 33.48 us = 33.48 us (313.164 GFLOPS/s)
Total time: 33.48 us.
----------------
Vulkan Timings:
MUL_MAT_VEC q4_0 m=1024 n=1 k=5120: 1 x 33.44 us = 33.44 us (313.539 GFLOPS/s)
Total time: 33.44 us.
----------------
Vulkan Timings:
MUL_MAT_VEC q4_0 m=1024 n=1 k=5120: 1 x 33.56 us = 33.56 us (312.418 GFLOPS/s)
Total time: 33.56 us.
----------------
Vulkan Timings:
MUL_MAT_VEC q4_0 m=1024 n=1 k=5120: 1 x 33.52 us = 33.52 us (312.79 GFLOPS/s)
Total time: 33.52 us.
----------------
Vulkan Timings:
MUL_MAT_VEC q4_0 m=1024 n=1 k=5120: 1 x 33.52 us = 33.52 us (312.79 GFLOPS/s)
Total time: 33.52 us.
----------------
Vulkan Timings:
MUL_MAT_VEC q4_0 m=1024 n=1 k=5120: 1 x 33.52 us = 33.52 us (312.79 GFLOPS/s)
Total time: 33.52 us.
----------------
Vulkan Timings:
MUL_MAT_VEC q4_0 m=1024 n=1 k=5120: 1 x 33.48 us = 33.48 us (313.164 GFLOPS/s)
Total time: 33.48 us.
----------------
Vulkan Timings:
MUL_MAT_VEC q4_0 m=1024 n=1 k=5120: 1 x 33.48 us = 33.48 us (313.164 GFLOPS/s)
Total time: 33.48 us.
----------------
Vulkan Timings:
MUL_MAT_VEC q4_0 m=1024 n=1 k=5120: 1 x 33.56 us = 33.56 us (312.418 GFLOPS/s)
Total time: 33.56 us.
----------------
Vulkan Timings:
MUL_MAT_VEC q4_0 m=1024 n=1 k=5120: 1 x 33.52 us = 33.52 us (312.79 GFLOPS/s)
Total time: 33.52 us.
----------------
Vulkan Timings:
MUL_MAT_VEC q4_0 m=1024 n=1 k=5120: 1 x 33.52 us = 33.52 us (312.79 GFLOPS/s)
Total time: 33.52 us.
----------------
Vulkan Timings:
MUL_MAT_VEC q4_0 m=1024 n=1 k=5120: 1 x 34.12 us = 34.12 us (307.29 GFLOPS/s)
Total time: 34.12 us.
----------------
Vulkan Timings:
MUL_MAT_VEC q4_0 m=1024 n=1 k=5120: 1 x 33.48 us = 33.48 us (313.164 GFLOPS/s)
Total time: 33.48 us.
----------------
Vulkan Timings:
MUL_MAT_VEC q4_0 m=1024 n=1 k=5120: 1 x 33.16 us = 33.16 us (316.186 GFLOPS/s)
Total time: 33.16 us.
----------------
Vulkan Timings:
MUL_MAT_VEC q4_0 m=1024 n=1 k=5120: 1 x 33.56 us = 33.56 us (312.418 GFLOPS/s)
Total time: 33.56 us.
----------------
Vulkan Timings:
MUL_MAT_VEC q4_0 m=1024 n=1 k=5120: 1 x 33.48 us = 33.48 us (313.164 GFLOPS/s)
Total time: 33.48 us.
----------------
Vulkan Timings:
MUL_MAT_VEC q4_0 m=1024 n=1 k=5120: 1 x 33.48 us = 33.48 us (313.164 GFLOPS/s)
Total time: 33.48 us.
----------------
Vulkan Timings:
MUL_MAT_VEC q4_0 m=1024 n=1 k=5120: 1 x 33.16 us = 33.16 us (316.186 GFLOPS/s)
Total time: 33.16 us.
----------------
Vulkan Timings:
MUL_MAT_VEC q4_0 m=1024 n=1 k=5120: 1 x 33.48 us = 33.48 us (313.164 GFLOPS/s)
Total time: 33.48 us.
----------------
Vulkan Timings:
MUL_MAT_VEC q4_0 m=1024 n=1 k=5120: 1 x 33.44 us = 33.44 us (313.539 GFLOPS/s)
Total time: 33.44 us.
----------------
Vulkan Timings:
MUL_MAT_VEC q4_0 m=1024 n=1 k=5120: 1 x 33.48 us = 33.48 us (313.164 GFLOPS/s)
Total time: 33.48 us.
----------------
Vulkan Timings:
MUL_MAT_VEC q4_0 m=1024 n=1 k=5120: 1 x 33.48 us = 33.48 us (313.164 GFLOPS/s)
Total time: 33.48 us.
----------------
Vulkan Timings:
MUL_MAT_VEC q4_0 m=1024 n=1 k=5120: 1 x 33.48 us = 33.48 us (313.164 GFLOPS/s)
Total time: 33.48 us.
----------------
Vulkan Timings:
MUL_MAT_VEC q4_0 m=1024 n=1 k=5120: 1 x 33.4 us = 33.4 us (313.914 GFLOPS/s)
Total time: 33.4 us.
----------------
Vulkan Timings:
MUL_MAT_VEC q4_0 m=1024 n=1 k=5120: 1 x 33.48 us = 33.48 us (313.164 GFLOPS/s)
Total time: 33.48 us.
----------------
Vulkan Timings:
MUL_MAT_VEC q4_0 m=1024 n=1 k=5120: 1 x 33.56 us = 33.56 us (312.418 GFLOPS/s)
Total time: 33.56 us.
----------------
Vulkan Timings:
MUL_MAT_VEC q4_0 m=1024 n=1 k=5120: 1 x 33.56 us = 33.56 us (312.418 GFLOPS/s)
Total time: 33.56 us.
----------------
Vulkan Timings:
MUL_MAT_VEC q4_0 m=1024 n=1 k=5120: 1 x 33.52 us = 33.52 us (312.79 GFLOPS/s)
Total time: 33.52 us.
----------------
Vulkan Timings:
MUL_MAT_VEC q4_0 m=1024 n=1 k=5120: 1 x 33.52 us = 33.52 us (312.79 GFLOPS/s)
Total time: 33.52 us.
----------------
Vulkan Timings:
MUL_MAT_VEC q4_0 m=1024 n=1 k=5120: 1 x 33.48 us = 33.48 us (313.164 GFLOPS/s)
Total time: 33.48 us.
----------------
Vulkan Timings:
MUL_MAT_VEC q4_0 m=1024 n=1 k=5120: 1 x 33.48 us = 33.48 us (313.164 GFLOPS/s)
Total time: 33.48 us.
----------------
Vulkan Timings:
MUL_MAT_VEC q4_0 m=1024 n=1 k=5120: 1 x 33.48 us = 33.48 us (313.164 GFLOPS/s)
Total time: 33.48 us.
----------------
Vulkan Timings:
MUL_MAT_VEC q4_0 m=1024 n=1 k=5120: 1 x 33.12 us = 33.12 us (316.568 GFLOPS/s)
Total time: 33.12 us.
----------------
Vulkan Timings:
MUL_MAT_VEC q4_0 m=1024 n=1 k=5120: 1 x 33.44 us = 33.44 us (313.539 GFLOPS/s)
Total time: 33.44 us.
----------------
Vulkan Timings:
MUL_MAT_VEC q4_0 m=1024 n=1 k=5120: 1 x 33.52 us = 33.52 us (312.79 GFLOPS/s)
Total time: 33.52 us.
----------------
Vulkan Timings:
MUL_MAT_VEC q4_0 m=1024 n=1 k=5120: 1 x 33.76 us = 33.76 us (310.567 GFLOPS/s)
Total time: 33.76 us.
----------------
Vulkan Timings:
MUL_MAT_VEC q4_0 m=1024 n=1 k=5120: 1 x 33.44 us = 33.44 us (313.539 GFLOPS/s)
Total time: 33.44 us.
----------------
Vulkan Timings:
MUL_MAT_VEC q4_0 m=1024 n=1 k=5120: 1 x 33.84 us = 33.84 us (309.833 GFLOPS/s)
Total time: 33.84 us.
----------------
Vulkan Timings:
MUL_MAT_VEC q4_0 m=1024 n=1 k=5120: 1 x 33.52 us = 33.52 us (312.79 GFLOPS/s)
Total time: 33.52 us.
----------------
Vulkan Timings:
MUL_MAT_VEC q4_0 m=1024 n=1 k=5120: 1 x 33.48 us = 33.48 us (313.164 GFLOPS/s)
Total time: 33.48 us.
----------------
Vulkan Timings:
MUL_MAT_VEC q4_0 m=1024 n=1 k=5120: 1 x 33.52 us = 33.52 us (312.79 GFLOPS/s)
Total time: 33.52 us.
----------------
Vulkan Timings:
MUL_MAT_VEC q4_0 m=1024 n=1 k=5120: 1 x 33.52 us = 33.52 us (312.79 GFLOPS/s)
Total time: 33.52 us.
----------------
Vulkan Timings:
MUL_MAT_VEC q4_0 m=1024 n=1 k=5120: 1 x 33.48 us = 33.48 us (313.164 GFLOPS/s)
Total time: 33.48 us.
----------------
Vulkan Timings:
MUL_MAT_VEC q4_0 m=1024 n=1 k=5120: 1 x 33.52 us = 33.52 us (312.79 GFLOPS/s)
Total time: 33.52 us.
----------------
Vulkan Timings:
MUL_MAT_VEC q4_0 m=1024 n=1 k=5120: 1 x 33.52 us = 33.52 us (312.79 GFLOPS/s)
Total time: 33.52 us.
----------------
Vulkan Timings:
MUL_MAT_VEC q4_0 m=1024 n=1 k=5120: 1 x 33.52 us = 33.52 us (312.79 GFLOPS/s)
Total time: 33.52 us.
----------------
Vulkan Timings:
MUL_MAT_VEC q4_0 m=1024 n=1 k=5120: 1 x 33.44 us = 33.44 us (313.539 GFLOPS/s)
Total time: 33.44 us.
----------------
Vulkan Timings:
MUL_MAT_VEC q4_0 m=1024 n=1 k=5120: 1 x 33.84 us = 33.84 us (309.833 GFLOPS/s)
Total time: 33.84 us.
----------------
Vulkan Timings:
MUL_MAT_VEC q4_0 m=1024 n=1 k=5120: 1 x 33.56 us = 33.56 us (312.418 GFLOPS/s)
Total time: 33.56 us.
----------------
Vulkan Timings:
MUL_MAT_VEC q4_0 m=1024 n=1 k=5120: 1 x 33.8 us = 33.8 us (310.199 GFLOPS/s)
Total time: 33.8 us.
----------------
Vulkan Timings:
MUL_MAT_VEC q4_0 m=1024 n=1 k=5120: 1 x 33.12 us = 33.12 us (316.568 GFLOPS/s)
Total time: 33.12 us.
----------------
Vulkan Timings:
MUL_MAT_VEC q4_0 m=1024 n=1 k=5120: 1 x 33.48 us = 33.48 us (313.164 GFLOPS/s)
Total time: 33.48 us.
----------------
Vulkan Timings:
MUL_MAT_VEC q4_0 m=1024 n=1 k=5120: 1 x 33.48 us = 33.48 us (313.164 GFLOPS/s)
Total time: 33.48 us.
----------------
Vulkan Timings:
MUL_MAT_VEC q4_0 m=1024 n=1 k=5120: 1 x 33.56 us = 33.56 us (312.418 GFLOPS/s)
Total time: 33.56 us.
----------------
Vulkan Timings:
MUL_MAT_VEC q4_0 m=1024 n=1 k=5120: 1 x 33.56 us = 33.56 us (312.418 GFLOPS/s)
Total time: 33.56 us.
----------------
Vulkan Timings:
MUL_MAT_VEC q4_0 m=1024 n=1 k=5120: 1 x 33.48 us = 33.48 us (313.164 GFLOPS/s)
Total time: 33.48 us.
----------------
Vulkan Timings:
MUL_MAT_VEC q4_0 m=1024 n=1 k=5120: 1 x 33.44 us = 33.44 us (313.539 GFLOPS/s)
Total time: 33.44 us.
----------------
Vulkan Timings:
MUL_MAT_VEC q4_0 m=1024 n=1 k=5120: 1 x 33.48 us = 33.48 us (313.164 GFLOPS/s)
Total time: 33.48 us.
----------------
Vulkan Timings:
MUL_MAT_VEC q4_0 m=1024 n=1 k=5120: 1 x 33.56 us = 33.56 us (312.418 GFLOPS/s)
Total time: 33.56 us.
----------------
Vulkan Timings:
MUL_MAT_VEC q4_0 m=1024 n=1 k=5120: 1 x 33.44 us = 33.44 us (313.539 GFLOPS/s)
Total time: 33.44 us.
----------------
Vulkan Timings:
MUL_MAT_VEC q4_0 m=1024 n=1 k=5120: 1 x 33.52 us = 33.52 us (312.79 GFLOPS/s)
Total time: 33.52 us.
----------------
Vulkan Timings:
MUL_MAT_VEC q4_0 m=1024 n=1 k=5120: 1 x 33.52 us = 33.52 us (312.79 GFLOPS/s)
Total time: 33.52 us.
----------------
Vulkan Timings:
MUL_MAT_VEC q4_0 m=1024 n=1 k=5120: 1 x 33.52 us = 33.52 us (312.79 GFLOPS/s)
Total time: 33.52 us.
----------------
Vulkan Timings:
MUL_MAT_VEC q4_0 m=1024 n=1 k=5120: 1 x 33.56 us = 33.56 us (312.418 GFLOPS/s)
Total time: 33.56 us.
----------------
Vulkan Timings:
MUL_MAT_VEC q4_0 m=1024 n=1 k=5120: 1 x 33.52 us = 33.52 us (312.79 GFLOPS/s)
Total time: 33.52 us.
----------------
Vulkan Timings:
MUL_MAT_VEC q4_0 m=1024 n=1 k=5120: 1 x 33.44 us = 33.44 us (313.539 GFLOPS/s)
Total time: 33.44 us.
----------------
Vulkan Timings:
MUL_MAT_VEC q4_0 m=1024 n=1 k=5120: 1 x 33.8 us = 33.8 us (310.199 GFLOPS/s)
Total time: 33.8 us.
----------------
Vulkan Timings:
MUL_MAT_VEC q4_0 m=1024 n=1 k=5120: 1 x 33.44 us = 33.44 us (313.539 GFLOPS/s)
Total time: 33.44 us.
----------------
Vulkan Timings:
MUL_MAT_VEC q4_0 m=1024 n=1 k=5120: 1 x 33.52 us = 33.52 us (312.79 GFLOPS/s)
Total time: 33.52 us.
----------------
Vulkan Timings:
MUL_MAT_VEC q4_0 m=1024 n=1 k=5120: 1 x 33.6 us = 33.6 us (312.046 GFLOPS/s)
Total time: 33.6 us.
----------------
Vulkan Timings:
MUL_MAT_VEC q4_0 m=1024 n=1 k=5120: 1 x 33.52 us = 33.52 us (312.79 GFLOPS/s)
Total time: 33.52 us.
----------------
Vulkan Timings:
MUL_MAT_VEC q4_0 m=1024 n=1 k=5120: 1 x 33.48 us = 33.48 us (313.164 GFLOPS/s)
Total time: 33.48 us.
----------------
Vulkan Timings:
MUL_MAT_VEC q4_0 m=1024 n=1 k=5120: 1 x 33.12 us = 33.12 us (316.568 GFLOPS/s)
Total time: 33.12 us.
----------------
Vulkan Timings:
MUL_MAT_VEC q4_0 m=1024 n=1 k=5120: 1 x 33.48 us = 33.48 us (313.164 GFLOPS/s)
Total time: 33.48 us.
----------------
Vulkan Timings:
MUL_MAT_VEC q4_0 m=1024 n=1 k=5120: 1 x 33.52 us = 33.52 us (312.79 GFLOPS/s)
Total time: 33.52 us.
----------------
Vulkan Timings:
MUL_MAT_VEC q4_0 m=1024 n=1 k=5120: 1 x 33.48 us = 33.48 us (313.164 GFLOPS/s)
Total time: 33.48 us.
----------------
Vulkan Timings:
MUL_MAT_VEC q4_0 m=1024 n=1 k=5120: 1 x 33.52 us = 33.52 us (312.79 GFLOPS/s)
Total time: 33.52 us.
----------------
Vulkan Timings:
MUL_MAT_VEC q4_0 m=1024 n=1 k=5120: 1 x 33.52 us = 33.52 us (312.79 GFLOPS/s)
Total time: 33.52 us.
----------------
Vulkan Timings:
MUL_MAT_VEC q4_0 m=1024 n=1 k=5120: 1 x 33.56 us = 33.56 us (312.418 GFLOPS/s)
Total time: 33.56 us.
----------------
Vulkan Timings:
MUL_MAT_VEC q4_0 m=1024 n=1 k=5120: 1 x 33.52 us = 33.52 us (312.79 GFLOPS/s)
Total time: 33.52 us.
----------------
Vulkan Timings:
MUL_MAT_VEC q4_0 m=1024 n=1 k=5120: 1 x 33.52 us = 33.52 us (312.79 GFLOPS/s)
Total time: 33.52 us.
----------------
Vulkan Timings:
MUL_MAT_VEC q4_0 m=1024 n=1 k=5120: 1 x 33.52 us = 33.52 us (312.79 GFLOPS/s)
Total time: 33.52 us.
----------------
Vulkan Timings:
MUL_MAT_VEC q4_0 m=1024 n=1 k=5120: 1 x 33.52 us = 33.52 us (312.79 GFLOPS/s)
Total time: 33.52 us.
----------------
Vulkan Timings:
MUL_MAT_VEC q4_0 m=1024 n=1 k=5120: 1 x 33.44 us = 33.44 us (313.539 GFLOPS/s)
Total time: 33.44 us.
----------------
Vulkan Timings:
MUL_MAT_VEC q4_0 m=1024 n=1 k=5120: 1 x 33.52 us = 33.52 us (312.79 GFLOPS/s)
Total time: 33.52 us.
----------------
Vulkan Timings:
MUL_MAT_VEC q4_0 m=1024 n=1 k=5120: 1 x 33.48 us = 33.48 us (313.164 GFLOPS/s)
Total time: 33.48 us.
----------------
Vulkan Timings:
MUL_MAT_VEC q4_0 m=1024 n=1 k=5120: 1 x 33.56 us = 33.56 us (312.418 GFLOPS/s)
Total time: 33.56 us.
----------------
Vulkan Timings:
MUL_MAT_VEC q4_0 m=1024 n=1 k=5120: 1 x 33.56 us = 33.56 us (312.418 GFLOPS/s)
Total time: 33.56 us.
----------------
Vulkan Timings:
MUL_MAT_VEC q4_0 m=1024 n=1 k=5120: 1 x 33.52 us = 33.52 us (312.79 GFLOPS/s)
Total time: 33.52 us.
----------------
Vulkan Timings:
MUL_MAT_VEC q4_0 m=1024 n=1 k=5120: 1 x 33.44 us = 33.44 us (313.539 GFLOPS/s)
Total time: 33.44 us.
----------------
Vulkan Timings:
MUL_MAT_VEC q4_0 m=1024 n=1 k=5120: 1 x 33.52 us = 33.52 us (312.79 GFLOPS/s)
Total time: 33.52 us.
----------------
Vulkan Timings:
MUL_MAT_VEC q4_0 m=1024 n=1 k=5120: 1 x 33.52 us = 33.52 us (312.79 GFLOPS/s)
Total time: 33.52 us.
----------------
Vulkan Timings:
MUL_MAT_VEC q4_0 m=1024 n=1 k=5120: 1 x 33.56 us = 33.56 us (312.418 GFLOPS/s)
Total time: 33.56 us.
----------------
Vulkan Timings:
MUL_MAT_VEC q4_0 m=1024 n=1 k=5120: 1 x 33.56 us = 33.56 us (312.418 GFLOPS/s)
Total time: 33.56 us.
----------------
Vulkan Timings:
MUL_MAT_VEC q4_0 m=1024 n=1 k=5120: 1 x 33.48 us = 33.48 us (313.164 GFLOPS/s)
Total time: 33.48 us.
----------------
Vulkan Timings:
MUL_MAT_VEC q4_0 m=1024 n=1 k=5120: 1 x 33.44 us = 33.44 us (313.539 GFLOPS/s)
Total time: 33.44 us.
----------------
Vulkan Timings:
MUL_MAT_VEC q4_0 m=1024 n=1 k=5120: 1 x 33.56 us = 33.56 us (312.418 GFLOPS/s)
Total time: 33.56 us.
----------------
Vulkan Timings:
MUL_MAT_VEC q4_0 m=1024 n=1 k=5120: 1 x 33.44 us = 33.44 us (313.539 GFLOPS/s)
Total time: 33.44 us.
----------------
Vulkan Timings:
MUL_MAT_VEC q4_0 m=1024 n=1 k=5120: 1 x 33.48 us = 33.48 us (313.164 GFLOPS/s)
Total time: 33.48 us.
----------------
Vulkan Timings:
MUL_MAT_VEC q4_0 m=1024 n=1 k=5120: 1 x 33.48 us = 33.48 us (313.164 GFLOPS/s)
Total time: 33.48 us.
----------------
Vulkan Timings:
MUL_MAT_VEC q4_0 m=1024 n=1 k=5120: 1 x 33.52 us = 33.52 us (312.79 GFLOPS/s)
Total time: 33.52 us.
----------------
Vulkan Timings:
MUL_MAT_VEC q4_0 m=1024 n=1 k=5120: 1 x 33.48 us = 33.48 us (313.164 GFLOPS/s)
Total time: 33.48 us.
----------------
Vulkan Timings:
MUL_MAT_VEC q4_0 m=1024 n=1 k=5120: 1 x 33.52 us = 33.52 us (312.79 GFLOPS/s)
Total time: 33.52 us.
----------------
Vulkan Timings:
MUL_MAT_VEC q4_0 m=1024 n=1 k=5120: 1 x 33.48 us = 33.48 us (313.164 GFLOPS/s)
Total time: 33.48 us.
----------------
Vulkan Timings:
MUL_MAT_VEC q4_0 m=1024 n=1 k=5120: 1 x 33.52 us = 33.52 us (312.79 GFLOPS/s)
Total time: 33.52 us.
----------------
Vulkan Timings:
MUL_MAT_VEC q4_0 m=1024 n=1 k=5120: 1 x 33.48 us = 33.48 us (313.164 GFLOPS/s)
Total time: 33.48 us.
----------------
Vulkan Timings:
MUL_MAT_VEC q4_0 m=1024 n=1 k=5120: 1 x 33.52 us = 33.52 us (312.79 GFLOPS/s)
Total time: 33.52 us.
----------------
Vulkan Timings:
MUL_MAT_VEC q4_0 m=1024 n=1 k=5120: 1 x 33.44 us = 33.44 us (313.539 GFLOPS/s)
Total time: 33.44 us.
----------------
Vulkan Timings:
MUL_MAT_VEC q4_0 m=1024 n=1 k=5120: 1 x 33.56 us = 33.56 us (312.418 GFLOPS/s)
Total time: 33.56 us.
----------------
Vulkan Timings:
MUL_MAT_VEC q4_0 m=1024 n=1 k=5120: 1 x 33.52 us = 33.52 us (312.79 GFLOPS/s)
Total time: 33.52 us.
----------------
Vulkan Timings:
MUL_MAT_VEC q4_0 m=1024 n=1 k=5120: 1 x 33.84 us = 33.84 us (309.833 GFLOPS/s)
Total time: 33.84 us.
----------------
Vulkan Timings:
MUL_MAT_VEC q4_0 m=1024 n=1 k=5120: 1 x 33.72 us = 33.72 us (310.935 GFLOPS/s)
Total time: 33.72 us.
----------------
Vulkan Timings:
MUL_MAT_VEC q4_0 m=1024 n=1 k=5120: 1 x 33.56 us = 33.56 us (312.418 GFLOPS/s)
Total time: 33.56 us.
----------------
Vulkan Timings:
MUL_MAT_VEC q4_0 m=1024 n=1 k=5120: 1 x 33.76 us = 33.76 us (310.567 GFLOPS/s)
Total time: 33.76 us.
----------------
Vulkan Timings:
MUL_MAT_VEC q4_0 m=1024 n=1 k=5120: 1 x 33.48 us = 33.48 us (313.164 GFLOPS/s)
Total time: 33.48 us.
----------------
Vulkan Timings:
MUL_MAT_VEC q4_0 m=1024 n=1 k=5120: 1 x 33.48 us = 33.48 us (313.164 GFLOPS/s)
Total time: 33.48 us.
----------------
Vulkan Timings:
MUL_MAT_VEC q4_0 m=1024 n=1 k=5120: 1 x 33.6 us = 33.6 us (312.046 GFLOPS/s)
Total time: 33.6 us.
----------------
Vulkan Timings:
MUL_MAT_VEC q4_0 m=1024 n=1 k=5120: 1 x 33.52 us = 33.52 us (312.79 GFLOPS/s)
Total time: 33.52 us.
----------------
Vulkan Timings:
MUL_MAT_VEC q4_0 m=1024 n=1 k=5120: 1 x 33.56 us = 33.56 us (312.418 GFLOPS/s)
Total time: 33.56 us.
----------------
Vulkan Timings:
MUL_MAT_VEC q4_0 m=1024 n=1 k=5120: 1 x 33.48 us = 33.48 us (313.164 GFLOPS/s)
Total time: 33.48 us.
----------------
Vulkan Timings:
MUL_MAT_VEC q4_0 m=1024 n=1 k=5120: 1 x 33.52 us = 33.52 us (312.79 GFLOPS/s)
Total time: 33.52 us.
----------------
Vulkan Timings:
MUL_MAT_VEC q4_0 m=1024 n=1 k=5120: 1 x 33.48 us = 33.48 us (313.164 GFLOPS/s)
Total time: 33.48 us.
----------------
Vulkan Timings:
MUL_MAT_VEC q4_0 m=1024 n=1 k=5120: 1 x 33.52 us = 33.52 us (312.79 GFLOPS/s)
Total time: 33.52 us.
----------------
Vulkan Timings:
MUL_MAT_VEC q4_0 m=1024 n=1 k=5120: 1 x 33.48 us = 33.48 us (313.164 GFLOPS/s)
Total time: 33.48 us.
----------------
Vulkan Timings:
MUL_MAT_VEC q4_0 m=1024 n=1 k=5120: 1 x 33.56 us = 33.56 us (312.418 GFLOPS/s)
Total time: 33.56 us.
----------------
Vulkan Timings:
MUL_MAT_VEC q4_0 m=1024 n=1 k=5120: 1 x 33.52 us = 33.52 us (312.79 GFLOPS/s)
Total time: 33.52 us.
----------------
Vulkan Timings:
MUL_MAT_VEC q4_0 m=1024 n=1 k=5120: 1 x 33.52 us = 33.52 us (312.79 GFLOPS/s)
Total time: 33.52 us.
----------------
Vulkan Timings:
MUL_MAT_VEC q4_0 m=1024 n=1 k=5120: 1 x 33.44 us = 33.44 us (313.539 GFLOPS/s)
Total time: 33.44 us.
----------------
Vulkan Timings:
MUL_MAT_VEC q4_0 m=1024 n=1 k=5120: 1 x 33.8 us = 33.8 us (310.199 GFLOPS/s)
Total time: 33.8 us.
----------------
Vulkan Timings:
MUL_MAT_VEC q4_0 m=1024 n=1 k=5120: 1 x 33.48 us = 33.48 us (313.164 GFLOPS/s)
Total time: 33.48 us.
----------------
Vulkan Timings:
MUL_MAT_VEC q4_0 m=1024 n=1 k=5120: 1 x 33.52 us = 33.52 us (312.79 GFLOPS/s)
Total time: 33.52 us.
----------------
Vulkan Timings:
MUL_MAT_VEC q4_0 m=1024 n=1 k=5120: 1 x 33.52 us = 33.52 us (312.79 GFLOPS/s)
Total time: 33.52 us.
----------------
Vulkan Timings:
MUL_MAT_VEC q4_0 m=1024 n=1 k=5120: 1 x 33.52 us = 33.52 us (312.79 GFLOPS/s)
Total time: 33.52 us.
----------------
Vulkan Timings:
MUL_MAT_VEC q4_0 m=1024 n=1 k=5120: 1 x 33.48 us = 33.48 us (313.164 GFLOPS/s)
Total time: 33.48 us.
----------------
Vulkan Timings:
MUL_MAT_VEC q4_0 m=1024 n=1 k=5120: 1 x 33.56 us = 33.56 us (312.418 GFLOPS/s)
Total time: 33.56 us.
----------------
Vulkan Timings:
MUL_MAT_VEC q4_0 m=1024 n=1 k=5120: 1 x 33.52 us = 33.52 us (312.79 GFLOPS/s)
Total time: 33.52 us.
----------------
Vulkan Timings:
MUL_MAT_VEC q4_0 m=1024 n=1 k=5120: 1 x 33.52 us = 33.52 us (312.79 GFLOPS/s)
Total time: 33.52 us.
----------------
Vulkan Timings:
MUL_MAT_VEC q4_0 m=1024 n=1 k=5120: 1 x 33.48 us = 33.48 us (313.164 GFLOPS/s)
Total time: 33.48 us.
----------------
Vulkan Timings:
MUL_MAT_VEC q4_0 m=1024 n=1 k=5120: 1 x 33.48 us = 33.48 us (313.164 GFLOPS/s)
Total time: 33.48 us.
----------------
Vulkan Timings:
MUL_MAT_VEC q4_0 m=1024 n=1 k=5120: 1 x 47.62 us = 47.62 us (220.175 GFLOPS/s)
Total time: 47.62 us.
----------------
Vulkan Timings:
MUL_MAT_VEC q4_0 m=1024 n=1 k=5120: 1 x 33.76 us = 33.76 us (310.567 GFLOPS/s)
Total time: 33.76 us.
----------------
Vulkan Timings:
MUL_MAT_VEC q4_0 m=1024 n=1 k=5120: 1 x 33.52 us = 33.52 us (312.79 GFLOPS/s)
Total time: 33.52 us.
----------------
Vulkan Timings:
MUL_MAT_VEC q4_0 m=1024 n=1 k=5120: 1 x 33.52 us = 33.52 us (312.79 GFLOPS/s)
Total time: 33.52 us.
----------------
Vulkan Timings:
MUL_MAT_VEC q4_0 m=1024 n=1 k=5120: 1 x 33.48 us = 33.48 us (313.164 GFLOPS/s)
Total time: 33.48 us.
----------------
Vulkan Timings:
MUL_MAT_VEC q4_0 m=1024 n=1 k=5120: 1 x 33.52 us = 33.52 us (312.79 GFLOPS/s)
Total time: 33.52 us.
----------------
Vulkan Timings:
MUL_MAT_VEC q4_0 m=1024 n=1 k=5120: 1 x 33.56 us = 33.56 us (312.418 GFLOPS/s)
Total time: 33.56 us.
----------------
Vulkan Timings:
MUL_MAT_VEC q4_0 m=1024 n=1 k=5120: 1 x 33.48 us = 33.48 us (313.164 GFLOPS/s)
Total time: 33.48 us.
----------------
Vulkan Timings:
MUL_MAT_VEC q4_0 m=1024 n=1 k=5120: 1 x 33.48 us = 33.48 us (313.164 GFLOPS/s)
Total time: 33.48 us.
----------------
Vulkan Timings:
MUL_MAT_VEC q4_0 m=1024 n=1 k=5120: 1 x 33.56 us = 33.56 us (312.418 GFLOPS/s)
Total time: 33.56 us.
----------------
Vulkan Timings:
MUL_MAT_VEC q4_0 m=1024 n=1 k=5120: 1 x 33.56 us = 33.56 us (312.418 GFLOPS/s)
Total time: 33.56 us.
----------------
Vulkan Timings:
MUL_MAT_VEC q4_0 m=1024 n=1 k=5120: 1 x 33.52 us = 33.52 us (312.79 GFLOPS/s)
Total time: 33.52 us.
----------------
Vulkan Timings:
MUL_MAT_VEC q4_0 m=1024 n=1 k=5120: 1 x 33.44 us = 33.44 us (313.539 GFLOPS/s)
Total time: 33.44 us.
----------------
Vulkan Timings:
MUL_MAT_VEC q4_0 m=1024 n=1 k=5120: 1 x 33.12 us = 33.12 us (316.568 GFLOPS/s)
Total time: 33.12 us.
----------------
Vulkan Timings:
MUL_MAT_VEC q4_0 m=1024 n=1 k=5120: 1 x 33.52 us = 33.52 us (312.79 GFLOPS/s)
Total time: 33.52 us.
----------------
Vulkan Timings:
MUL_MAT_VEC q4_0 m=1024 n=1 k=5120: 1 x 33.48 us = 33.48 us (313.164 GFLOPS/s)
Total time: 33.48 us.
----------------
Vulkan Timings:
MUL_MAT_VEC q4_0 m=1024 n=1 k=5120: 1 x 33.44 us = 33.44 us (313.539 GFLOPS/s)
Total time: 33.44 us.
----------------
Vulkan Timings:
MUL_MAT_VEC q4_0 m=1024 n=1 k=5120: 1 x 33.48 us = 33.48 us (313.164 GFLOPS/s)
Total time: 33.48 us.
----------------
Vulkan Timings:
MUL_MAT_VEC q4_0 m=1024 n=1 k=5120: 1 x 33.52 us = 33.52 us (312.79 GFLOPS/s)
Total time: 33.52 us.
----------------
Vulkan Timings:
MUL_MAT_VEC q4_0 m=1024 n=1 k=5120: 1 x 33.52 us = 33.52 us (312.79 GFLOPS/s)
Total time: 33.52 us.
----------------
Vulkan Timings:
MUL_MAT_VEC q4_0 m=1024 n=1 k=5120: 1 x 33.48 us = 33.48 us (313.164 GFLOPS/s)
Total time: 33.48 us.
----------------
Vulkan Timings:
MUL_MAT_VEC q4_0 m=1024 n=1 k=5120: 1 x 33.48 us = 33.48 us (313.164 GFLOPS/s)
Total time: 33.48 us.
----------------
Vulkan Timings:
MUL_MAT_VEC q4_0 m=1024 n=1 k=5120: 1 x 33.52 us = 33.52 us (312.79 GFLOPS/s)
Total time: 33.52 us.
----------------
Vulkan Timings:
MUL_MAT_VEC q4_0 m=1024 n=1 k=5120: 1 x 33.52 us = 33.52 us (312.79 GFLOPS/s)
Total time: 33.52 us.
----------------
Vulkan Timings:
MUL_MAT_VEC q4_0 m=1024 n=1 k=5120: 1 x 33.56 us = 33.56 us (312.418 GFLOPS/s)
Total time: 33.56 us.
----------------
Vulkan Timings:
MUL_MAT_VEC q4_0 m=1024 n=1 k=5120: 1 x 33.56 us = 33.56 us (312.418 GFLOPS/s)
Total time: 33.56 us.
----------------
Vulkan Timings:
MUL_MAT_VEC q4_0 m=1024 n=1 k=5120: 1 x 33.52 us = 33.52 us (312.79 GFLOPS/s)
Total time: 33.52 us.
----------------
Vulkan Timings:
MUL_MAT_VEC q4_0 m=1024 n=1 k=5120: 1 x 33.48 us = 33.48 us (313.164 GFLOPS/s)
Total time: 33.48 us.
----------------
Vulkan Timings:
MUL_MAT_VEC q4_0 m=1024 n=1 k=5120: 1 x 33.56 us = 33.56 us (312.418 GFLOPS/s)
Total time: 33.56 us.
----------------
Vulkan Timings:
MUL_MAT_VEC q4_0 m=1024 n=1 k=5120: 1 x 33.56 us = 33.56 us (312.418 GFLOPS/s)
Total time: 33.56 us.
----------------
Vulkan Timings:
MUL_MAT_VEC q4_0 m=1024 n=1 k=5120: 1 x 33.56 us = 33.56 us (312.418 GFLOPS/s)
Total time: 33.56 us.
----------------
Vulkan Timings:
MUL_MAT_VEC q4_0 m=1024 n=1 k=5120: 1 x 33.52 us = 33.52 us (312.79 GFLOPS/s)
Total time: 33.52 us.
----------------
Vulkan Timings:
MUL_MAT_VEC q4_0 m=1024 n=1 k=5120: 1 x 33.52 us = 33.52 us (312.79 GFLOPS/s)
Total time: 33.52 us.
----------------
Vulkan Timings:
MUL_MAT_VEC q4_0 m=1024 n=1 k=5120: 1 x 33.52 us = 33.52 us (312.79 GFLOPS/s)
Total time: 33.52 us.
----------------
Vulkan Timings:
MUL_MAT_VEC q4_0 m=1024 n=1 k=5120: 1 x 33.52 us = 33.52 us (312.79 GFLOPS/s)
Total time: 33.52 us.
----------------
Vulkan Timings:
MUL_MAT_VEC q4_0 m=1024 n=1 k=5120: 1 x 33.56 us = 33.56 us (312.418 GFLOPS/s)
Total time: 33.56 us.
----------------
Vulkan Timings:
MUL_MAT_VEC q4_0 m=1024 n=1 k=5120: 1 x 33.48 us = 33.48 us (313.164 GFLOPS/s)
Total time: 33.48 us.
----------------
Vulkan Timings:
MUL_MAT_VEC q4_0 m=1024 n=1 k=5120: 1 x 33.56 us = 33.56 us (312.418 GFLOPS/s)
Total time: 33.56 us.
----------------
Vulkan Timings:
MUL_MAT_VEC q4_0 m=1024 n=1 k=5120: 1 x 33.6 us = 33.6 us (312.046 GFLOPS/s)
Total time: 33.6 us.
----------------
Vulkan Timings:
MUL_MAT_VEC q4_0 m=1024 n=1 k=5120: 1 x 33.52 us = 33.52 us (312.79 GFLOPS/s)
Total time: 33.52 us.
----------------
Vulkan Timings:
MUL_MAT_VEC q4_0 m=1024 n=1 k=5120: 1 x 33.48 us = 33.48 us (313.164 GFLOPS/s)
Total time: 33.48 us.
----------------
Vulkan Timings:
MUL_MAT_VEC q4_0 m=1024 n=1 k=5120: 1 x 33.52 us = 33.52 us (312.79 GFLOPS/s)
Total time: 33.52 us.
----------------
Vulkan Timings:
MUL_MAT_VEC q4_0 m=1024 n=1 k=5120: 1 x 33.52 us = 33.52 us (312.79 GFLOPS/s)
Total time: 33.52 us.
----------------
Vulkan Timings:
MUL_MAT_VEC q4_0 m=1024 n=1 k=5120: 1 x 33.64 us = 33.64 us (311.675 GFLOPS/s)
Total time: 33.64 us.
----------------
Vulkan Timings:
MUL_MAT_VEC q4_0 m=1024 n=1 k=5120: 1 x 33.52 us = 33.52 us (312.79 GFLOPS/s)
Total time: 33.52 us.
----------------
Vulkan Timings:
MUL_MAT_VEC q4_0 m=1024 n=1 k=5120: 1 x 33.56 us = 33.56 us (312.418 GFLOPS/s)
Total time: 33.56 us.
----------------
Vulkan Timings:
MUL_MAT_VEC q4_0 m=1024 n=1 k=5120: 1 x 33.48 us = 33.48 us (313.164 GFLOPS/s)
Total time: 33.48 us.
----------------
Vulkan Timings:
MUL_MAT_VEC q4_0 m=1024 n=1 k=5120: 1 x 33.52 us = 33.52 us (312.79 GFLOPS/s)
Total time: 33.52 us.
----------------
Vulkan Timings:
MUL_MAT_VEC q4_0 m=1024 n=1 k=5120: 1 x 33.2 us = 33.2 us (315.805 GFLOPS/s)
Total time: 33.2 us.
----------------
Vulkan Timings:
MUL_MAT_VEC q4_0 m=1024 n=1 k=5120: 1 x 33.48 us = 33.48 us (313.164 GFLOPS/s)
Total time: 33.48 us.
----------------
Vulkan Timings:
MUL_MAT_VEC q4_0 m=1024 n=1 k=5120: 1 x 33.52 us = 33.52 us (312.79 GFLOPS/s)
Total time: 33.52 us.
----------------
Vulkan Timings:
MUL_MAT_VEC q4_0 m=1024 n=1 k=5120: 1 x 33.52 us = 33.52 us (312.79 GFLOPS/s)
Total time: 33.52 us.
----------------
Vulkan Timings:
MUL_MAT_VEC q4_0 m=1024 n=1 k=5120: 1 x 33.48 us = 33.48 us (313.164 GFLOPS/s)
Total time: 33.48 us.
----------------
Vulkan Timings:
MUL_MAT_VEC q4_0 m=1024 n=1 k=5120: 1 x 33.52 us = 33.52 us (312.79 GFLOPS/s)
Total time: 33.52 us.
----------------
Vulkan Timings:
MUL_MAT_VEC q4_0 m=1024 n=1 k=5120: 1 x 33.52 us = 33.52 us (312.79 GFLOPS/s)
Total time: 33.52 us.
----------------
Vulkan Timings:
MUL_MAT_VEC q4_0 m=1024 n=1 k=5120: 1 x 33.48 us = 33.48 us (313.164 GFLOPS/s)
Total time: 33.48 us.
----------------
Vulkan Timings:
MUL_MAT_VEC q4_0 m=1024 n=1 k=5120: 1 x 33.8 us = 33.8 us (310.199 GFLOPS/s)
Total time: 33.8 us.
----------------
Vulkan Timings:
MUL_MAT_VEC q4_0 m=1024 n=1 k=5120: 1 x 33.56 us = 33.56 us (312.418 GFLOPS/s)
Total time: 33.56 us.
----------------
Vulkan Timings:
MUL_MAT_VEC q4_0 m=1024 n=1 k=5120: 1 x 33.52 us = 33.52 us (312.79 GFLOPS/s)
Total time: 33.52 us.
----------------
Vulkan Timings:
MUL_MAT_VEC q4_0 m=1024 n=1 k=5120: 1 x 33.52 us = 33.52 us (312.79 GFLOPS/s)
Total time: 33.52 us.
----------------
Vulkan Timings:
MUL_MAT_VEC q4_0 m=1024 n=1 k=5120: 1 x 33.52 us = 33.52 us (312.79 GFLOPS/s)
Total time: 33.52 us.
----------------
Vulkan Timings:
MUL_MAT_VEC q4_0 m=1024 n=1 k=5120: 1 x 33.52 us = 33.52 us (312.79 GFLOPS/s)
Total time: 33.52 us.
----------------
Vulkan Timings:
MUL_MAT_VEC q4_0 m=1024 n=1 k=5120: 1 x 33.52 us = 33.52 us (312.79 GFLOPS/s)
Total time: 33.52 us.
----------------
Vulkan Timings:
MUL_MAT_VEC q4_0 m=1024 n=1 k=5120: 1 x 33.48 us = 33.48 us (313.164 GFLOPS/s)
Total time: 33.48 us.
----------------
Vulkan Timings:
MUL_MAT_VEC q4_0 m=1024 n=1 k=5120: 1 x 33.48 us = 33.48 us (313.164 GFLOPS/s)
Total time: 33.48 us.
----------------
Vulkan Timings:
MUL_MAT_VEC q4_0 m=1024 n=1 k=5120: 1 x 33.52 us = 33.52 us (312.79 GFLOPS/s)
Total time: 33.52 us.
----------------
Vulkan Timings:
MUL_MAT_VEC q4_0 m=1024 n=1 k=5120: 1 x 33.8 us = 33.8 us (310.199 GFLOPS/s)
Total time: 33.8 us.
----------------
Vulkan Timings:
MUL_MAT_VEC q4_0 m=1024 n=1 k=5120: 1 x 33.56 us = 33.56 us (312.418 GFLOPS/s)
Total time: 33.56 us.
----------------
Vulkan Timings:
MUL_MAT_VEC q4_0 m=1024 n=1 k=5120: 1 x 33.84 us = 33.84 us (309.833 GFLOPS/s)
Total time: 33.84 us.
----------------
Vulkan Timings:
MUL_MAT_VEC q4_0 m=1024 n=1 k=5120: 1 x 33.2 us = 33.2 us (315.805 GFLOPS/s)
Total time: 33.2 us.
----------------
Vulkan Timings:
MUL_MAT_VEC q4_0 m=1024 n=1 k=5120: 1 x 33.56 us = 33.56 us (312.418 GFLOPS/s)
Total time: 33.56 us.
----------------
Vulkan Timings:
MUL_MAT_VEC q4_0 m=1024 n=1 k=5120: 1 x 33.56 us = 33.56 us (312.418 GFLOPS/s)
Total time: 33.56 us.
----------------
Vulkan Timings:
MUL_MAT_VEC q4_0 m=1024 n=1 k=5120: 1 x 33.52 us = 33.52 us (312.79 GFLOPS/s)
Total time: 33.52 us.
----------------
Vulkan Timings:
MUL_MAT_VEC q4_0 m=1024 n=1 k=5120: 1 x 33.48 us = 33.48 us (313.164 GFLOPS/s)
Total time: 33.48 us.
----------------
Vulkan Timings:
MUL_MAT_VEC q4_0 m=1024 n=1 k=5120: 1 x 33.48 us = 33.48 us (313.164 GFLOPS/s)
Total time: 33.48 us.
----------------
Vulkan Timings:
MUL_MAT_VEC q4_0 m=1024 n=1 k=5120: 1 x 33.52 us = 33.52 us (312.79 GFLOPS/s)
Total time: 33.52 us.
----------------
Vulkan Timings:
MUL_MAT_VEC q4_0 m=1024 n=1 k=5120: 1 x 33.52 us = 33.52 us (312.79 GFLOPS/s)
Total time: 33.52 us.
----------------
Vulkan Timings:
MUL_MAT_VEC q4_0 m=1024 n=1 k=5120: 1 x 33.6 us = 33.6 us (312.046 GFLOPS/s)
Total time: 33.6 us.
----------------
Vulkan Timings:
MUL_MAT_VEC q4_0 m=1024 n=1 k=5120: 1 x 33.52 us = 33.52 us (312.79 GFLOPS/s)
Total time: 33.52 us.
----------------
Vulkan Timings:
MUL_MAT_VEC q4_0 m=1024 n=1 k=5120: 1 x 33.2 us = 33.2 us (315.805 GFLOPS/s)
Total time: 33.2 us.
----------------
Vulkan Timings:
MUL_MAT_VEC q4_0 m=1024 n=1 k=5120: 1 x 33.52 us = 33.52 us (312.79 GFLOPS/s)
Total time: 33.52 us.
----------------
Vulkan Timings:
MUL_MAT_VEC q4_0 m=1024 n=1 k=5120: 1 x 33.52 us = 33.52 us (312.79 GFLOPS/s)
Total time: 33.52 us.
----------------
Vulkan Timings:
MUL_MAT_VEC q4_0 m=1024 n=1 k=5120: 1 x 33.6 us = 33.6 us (312.046 GFLOPS/s)
Total time: 33.6 us.
----------------
Vulkan Timings:
MUL_MAT_VEC q4_0 m=1024 n=1 k=5120: 1 x 33.48 us = 33.48 us (313.164 GFLOPS/s)
Total time: 33.48 us.
----------------
Vulkan Timings:
MUL_MAT_VEC q4_0 m=1024 n=1 k=5120: 1 x 33.52 us = 33.52 us (312.79 GFLOPS/s)
Total time: 33.52 us.
----------------
Vulkan Timings:
MUL_MAT_VEC q4_0 m=1024 n=1 k=5120: 1 x 33.56 us = 33.56 us (312.418 GFLOPS/s)
Total time: 33.56 us.
----------------
Vulkan Timings:
MUL_MAT_VEC q4_0 m=1024 n=1 k=5120: 1 x 33.48 us = 33.48 us (313.164 GFLOPS/s)
Total time: 33.48 us.
----------------
Vulkan Timings:
MUL_MAT_VEC q4_0 m=1024 n=1 k=5120: 1 x 33.2 us = 33.2 us (315.805 GFLOPS/s)
Total time: 33.2 us.
----------------
Vulkan Timings:
MUL_MAT_VEC q4_0 m=1024 n=1 k=5120: 1 x 33.52 us = 33.52 us (312.79 GFLOPS/s)
Total time: 33.52 us.
----------------
Vulkan Timings:
MUL_MAT_VEC q4_0 m=1024 n=1 k=5120: 1 x 33.64 us = 33.64 us (311.675 GFLOPS/s)
Total time: 33.64 us.
----------------
Vulkan Timings:
MUL_MAT_VEC q4_0 m=1024 n=1 k=5120: 1 x 33.56 us = 33.56 us (312.418 GFLOPS/s)
Total time: 33.56 us.
----------------
Vulkan Timings:
MUL_MAT_VEC q4_0 m=1024 n=1 k=5120: 1 x 33.56 us = 33.56 us (312.418 GFLOPS/s)
Total time: 33.56 us.
----------------
Vulkan Timings:
MUL_MAT_VEC q4_0 m=1024 n=1 k=5120: 1 x 33.52 us = 33.52 us (312.79 GFLOPS/s)
Total time: 33.52 us.
----------------
Vulkan Timings:
MUL_MAT_VEC q4_0 m=1024 n=1 k=5120: 1 x 33.56 us = 33.56 us (312.418 GFLOPS/s)
Total time: 33.56 us.
----------------
Vulkan Timings:
MUL_MAT_VEC q4_0 m=1024 n=1 k=5120: 1 x 33.52 us = 33.52 us (312.79 GFLOPS/s)
Total time: 33.52 us.
----------------
Vulkan Timings:
MUL_MAT_VEC q4_0 m=1024 n=1 k=5120: 1 x 33.56 us = 33.56 us (312.418 GFLOPS/s)
Total time: 33.56 us.
----------------
Vulkan Timings:
MUL_MAT_VEC q4_0 m=1024 n=1 k=5120: 1 x 33.56 us = 33.56 us (312.418 GFLOPS/s)
Total time: 33.56 us.
----------------
Vulkan Timings:
MUL_MAT_VEC q4_0 m=1024 n=1 k=5120: 1 x 33.52 us = 33.52 us (312.79 GFLOPS/s)
Total time: 33.52 us.
----------------
Vulkan Timings:
MUL_MAT_VEC q4_0 m=1024 n=1 k=5120: 1 x 33.48 us = 33.48 us (313.164 GFLOPS/s)
Total time: 33.48 us.
----------------
Vulkan Timings:
MUL_MAT_VEC q4_0 m=1024 n=1 k=5120: 1 x 33.52 us = 33.52 us (312.79 GFLOPS/s)
Total time: 33.52 us.
----------------
Vulkan Timings:
MUL_MAT_VEC q4_0 m=1024 n=1 k=5120: 1 x 33.16 us = 33.16 us (316.186 GFLOPS/s)
Total time: 33.16 us.
----------------
Vulkan Timings:
MUL_MAT_VEC q4_0 m=1024 n=1 k=5120: 1 x 33.56 us = 33.56 us (312.418 GFLOPS/s)
Total time: 33.56 us.
----------------
Vulkan Timings:
MUL_MAT_VEC q4_0 m=1024 n=1 k=5120: 1 x 33.48 us = 33.48 us (313.164 GFLOPS/s)
Total time: 33.48 us.
----------------
Vulkan Timings:
MUL_MAT_VEC q4_0 m=1024 n=1 k=5120: 1 x 33.6 us = 33.6 us (312.046 GFLOPS/s)
Total time: 33.6 us.
----------------
Vulkan Timings:
MUL_MAT_VEC q4_0 m=1024 n=1 k=5120: 1 x 33.48 us = 33.48 us (313.164 GFLOPS/s)
Total time: 33.48 us.
----------------
Vulkan Timings:
MUL_MAT_VEC q4_0 m=1024 n=1 k=5120: 1 x 33.56 us = 33.56 us (312.418 GFLOPS/s)
Total time: 33.56 us.
----------------
Vulkan Timings:
MUL_MAT_VEC q4_0 m=1024 n=1 k=5120: 1 x 33.56 us = 33.56 us (312.418 GFLOPS/s)
Total time: 33.56 us.
----------------
Vulkan Timings:
MUL_MAT_VEC q4_0 m=1024 n=1 k=5120: 1 x 33.56 us = 33.56 us (312.418 GFLOPS/s)
Total time: 33.56 us.
----------------
Vulkan Timings:
MUL_MAT_VEC q4_0 m=1024 n=1 k=5120: 1 x 33.48 us = 33.48 us (313.164 GFLOPS/s)
Total time: 33.48 us.
----------------
Vulkan Timings:
MUL_MAT_VEC q4_0 m=1024 n=1 k=5120: 1 x 33.56 us = 33.56 us (312.418 GFLOPS/s)
Total time: 33.56 us.
----------------
Vulkan Timings:
MUL_MAT_VEC q4_0 m=1024 n=1 k=5120: 1 x 33.6 us = 33.6 us (312.046 GFLOPS/s)
Total time: 33.6 us.
----------------
Vulkan Timings:
MUL_MAT_VEC q4_0 m=1024 n=1 k=5120: 1 x 33.56 us = 33.56 us (312.418 GFLOPS/s)
Total time: 33.56 us.
----------------
Vulkan Timings:
MUL_MAT_VEC q4_0 m=1024 n=1 k=5120: 1 x 33.52 us = 33.52 us (312.79 GFLOPS/s)
Total time: 33.52 us.
----------------
Vulkan Timings:
MUL_MAT_VEC q4_0 m=1024 n=1 k=5120: 1 x 33.56 us = 33.56 us (312.418 GFLOPS/s)
Total time: 33.56 us.
----------------
Vulkan Timings:
MUL_MAT_VEC q4_0 m=1024 n=1 k=5120: 1 x 33.52 us = 33.52 us (312.79 GFLOPS/s)
Total time: 33.52 us.
----------------
Vulkan Timings:
MUL_MAT_VEC q4_0 m=1024 n=1 k=5120: 1 x 33.52 us = 33.52 us (312.79 GFLOPS/s)
Total time: 33.52 us.
----------------
Vulkan Timings:
MUL_MAT_VEC q4_0 m=1024 n=1 k=5120: 1 x 33.56 us = 33.56 us (312.418 GFLOPS/s)
Total time: 33.56 us.
----------------
Vulkan Timings:
MUL_MAT_VEC q4_0 m=1024 n=1 k=5120: 1 x 33.52 us = 33.52 us (312.79 GFLOPS/s)
Total time: 33.52 us.
----------------
Vulkan Timings:
MUL_MAT_VEC q4_0 m=1024 n=1 k=5120: 1 x 33.52 us = 33.52 us (312.79 GFLOPS/s)
Total time: 33.52 us.
----------------
Vulkan Timings:
MUL_MAT_VEC q4_0 m=1024 n=1 k=5120: 1 x 33.52 us = 33.52 us (312.79 GFLOPS/s)
Total time: 33.52 us.
----------------
Vulkan Timings:
MUL_MAT_VEC q4_0 m=1024 n=1 k=5120: 1 x 33.56 us = 33.56 us (312.418 GFLOPS/s)
Total time: 33.56 us.
----------------
Vulkan Timings:
MUL_MAT_VEC q4_0 m=1024 n=1 k=5120: 1 x 33.52 us = 33.52 us (312.79 GFLOPS/s)
Total time: 33.52 us.
----------------
Vulkan Timings:
MUL_MAT_VEC q4_0 m=1024 n=1 k=5120: 1 x 33.56 us = 33.56 us (312.418 GFLOPS/s)
Total time: 33.56 us.
----------------
Vulkan Timings:
MUL_MAT_VEC q4_0 m=1024 n=1 k=5120: 1 x 33.52 us = 33.52 us (312.79 GFLOPS/s)
Total time: 33.52 us.
----------------
Vulkan Timings:
MUL_MAT_VEC q4_0 m=1024 n=1 k=5120: 1 x 33.56 us = 33.56 us (312.418 GFLOPS/s)
Total time: 33.56 us.
----------------
Vulkan Timings:
MUL_MAT_VEC q4_0 m=1024 n=1 k=5120: 1 x 33.48 us = 33.48 us (313.164 GFLOPS/s)
Total time: 33.48 us.
