ggml_vulkan: Found 1 Vulkan devices:
ggml_vulkan: 0 = AMD Radeon RX 7900 XTX (RADV NAVI31) (radv) | uma: 0 | fp16: dot2 | bf16: 0 | fp4: 0 | warp size: 64 | shared memory: 65536 | int dot: 1 | matrix cores: KHR_coopmat
oracle=0.24.0 commit=456172ec-dirty device=AMD Radeon RX 7900 XTX (RADV NAVI31) disable_mmvq=1
backend_allocation_bytes=50225152
----------------
Vulkan Timings:
MUL_MAT_VEC q4_0 m=5120 n=1 k=17408: 1 x 118.48 us = 118.48 us (1504.5 GFLOPS/s)
Total time: 118.48 us.
----------------
Vulkan Timings:
MUL_MAT_VEC q4_0 m=5120 n=1 k=17408: 1 x 96.92 us = 96.92 us (1839.17 GFLOPS/s)
Total time: 96.92 us.
----------------
Vulkan Timings:
MUL_MAT_VEC q4_0 m=5120 n=1 k=17408: 1 x 96.48 us = 96.48 us (1847.56 GFLOPS/s)
Total time: 96.48 us.
----------------
Vulkan Timings:
MUL_MAT_VEC q4_0 m=5120 n=1 k=17408: 1 x 96.68 us = 96.68 us (1843.74 GFLOPS/s)
Total time: 96.68 us.
----------------
Vulkan Timings:
MUL_MAT_VEC q4_0 m=5120 n=1 k=17408: 1 x 96.52 us = 96.52 us (1846.8 GFLOPS/s)
Total time: 96.52 us.
----------------
Vulkan Timings:
MUL_MAT_VEC q4_0 m=5120 n=1 k=17408: 1 x 96.8 us = 96.8 us (1841.45 GFLOPS/s)
Total time: 96.8 us.
----------------
Vulkan Timings:
MUL_MAT_VEC q4_0 m=5120 n=1 k=17408: 1 x 96.64 us = 96.64 us (1844.5 GFLOPS/s)
Total time: 96.64 us.
----------------
Vulkan Timings:
MUL_MAT_VEC q4_0 m=5120 n=1 k=17408: 1 x 96.56 us = 96.56 us (1846.03 GFLOPS/s)
Total time: 96.56 us.
----------------
Vulkan Timings:
MUL_MAT_VEC q4_0 m=5120 n=1 k=17408: 1 x 96.44 us = 96.44 us (1848.33 GFLOPS/s)
Total time: 96.44 us.
----------------
Vulkan Timings:
MUL_MAT_VEC q4_0 m=5120 n=1 k=17408: 1 x 96.96 us = 96.96 us (1838.42 GFLOPS/s)
Total time: 96.96 us.
----------------
Vulkan Timings:
MUL_MAT_VEC q4_0 m=5120 n=1 k=17408: 1 x 96.6 us = 96.6 us (1845.27 GFLOPS/s)
Total time: 96.6 us.
----------------
Vulkan Timings:
MUL_MAT_VEC q4_0 m=5120 n=1 k=17408: 1 x 96.28 us = 96.28 us (1851.4 GFLOPS/s)
Total time: 96.28 us.
----------------
Vulkan Timings:
MUL_MAT_VEC q4_0 m=5120 n=1 k=17408: 1 x 96.52 us = 96.52 us (1846.8 GFLOPS/s)
Total time: 96.52 us.
----------------
Vulkan Timings:
MUL_MAT_VEC q4_0 m=5120 n=1 k=17408: 1 x 96.76 us = 96.76 us (1842.22 GFLOPS/s)
Total time: 96.76 us.
----------------
Vulkan Timings:
MUL_MAT_VEC q4_0 m=5120 n=1 k=17408: 1 x 96.72 us = 96.72 us (1842.98 GFLOPS/s)
Total time: 96.72 us.
----------------
Vulkan Timings:
MUL_MAT_VEC q4_0 m=5120 n=1 k=17408: 1 x 96.52 us = 96.52 us (1846.8 GFLOPS/s)
Total time: 96.52 us.
----------------
Vulkan Timings:
MUL_MAT_VEC q4_0 m=5120 n=1 k=17408: 1 x 96.48 us = 96.48 us (1847.56 GFLOPS/s)
Total time: 96.48 us.
----------------
Vulkan Timings:
MUL_MAT_VEC q4_0 m=5120 n=1 k=17408: 1 x 104.36 us = 104.36 us (1708.06 GFLOPS/s)
Total time: 104.36 us.
----------------
Vulkan Timings:
MUL_MAT_VEC q4_0 m=5120 n=1 k=17408: 1 x 97.44 us = 97.44 us (1829.36 GFLOPS/s)
Total time: 97.44 us.
----------------
Vulkan Timings:
MUL_MAT_VEC q4_0 m=5120 n=1 k=17408: 1 x 96.6 us = 96.6 us (1845.27 GFLOPS/s)
Total time: 96.6 us.
----------------
Vulkan Timings:
MUL_MAT_VEC q4_0 m=5120 n=1 k=17408: 1 x 96.6 us = 96.6 us (1845.27 GFLOPS/s)
Total time: 96.6 us.
----------------
Vulkan Timings:
MUL_MAT_VEC q4_0 m=5120 n=1 k=17408: 1 x 96.6 us = 96.6 us (1845.27 GFLOPS/s)
Total time: 96.6 us.
----------------
Vulkan Timings:
MUL_MAT_VEC q4_0 m=5120 n=1 k=17408: 1 x 96.68 us = 96.68 us (1843.74 GFLOPS/s)
Total time: 96.68 us.
----------------
Vulkan Timings:
MUL_MAT_VEC q4_0 m=5120 n=1 k=17408: 1 x 96.6 us = 96.6 us (1845.27 GFLOPS/s)
Total time: 96.6 us.
----------------
Vulkan Timings:
MUL_MAT_VEC q4_0 m=5120 n=1 k=17408: 1 x 96.84 us = 96.84 us (1840.69 GFLOPS/s)
Total time: 96.84 us.
----------------
Vulkan Timings:
MUL_MAT_VEC q4_0 m=5120 n=1 k=17408: 1 x 96.84 us = 96.84 us (1840.69 GFLOPS/s)
Total time: 96.84 us.
----------------
Vulkan Timings:
MUL_MAT_VEC q4_0 m=5120 n=1 k=17408: 1 x 96.84 us = 96.84 us (1840.69 GFLOPS/s)
Total time: 96.84 us.
----------------
Vulkan Timings:
MUL_MAT_VEC q4_0 m=5120 n=1 k=17408: 1 x 96.56 us = 96.56 us (1846.03 GFLOPS/s)
Total time: 96.56 us.
----------------
Vulkan Timings:
MUL_MAT_VEC q4_0 m=5120 n=1 k=17408: 1 x 96.72 us = 96.72 us (1842.98 GFLOPS/s)
Total time: 96.72 us.
----------------
Vulkan Timings:
MUL_MAT_VEC q4_0 m=5120 n=1 k=17408: 1 x 96.6 us = 96.6 us (1845.27 GFLOPS/s)
Total time: 96.6 us.
----------------
Vulkan Timings:
MUL_MAT_VEC q4_0 m=5120 n=1 k=17408: 1 x 96.88 us = 96.88 us (1839.93 GFLOPS/s)
Total time: 96.88 us.
----------------
Vulkan Timings:
MUL_MAT_VEC q4_0 m=5120 n=1 k=17408: 1 x 96.84 us = 96.84 us (1840.69 GFLOPS/s)
Total time: 96.84 us.
----------------
Vulkan Timings:
MUL_MAT_VEC q4_0 m=5120 n=1 k=17408: 1 x 96.48 us = 96.48 us (1847.56 GFLOPS/s)
Total time: 96.48 us.
----------------
Vulkan Timings:
MUL_MAT_VEC q4_0 m=5120 n=1 k=17408: 1 x 96.76 us = 96.76 us (1842.22 GFLOPS/s)
Total time: 96.76 us.
----------------
Vulkan Timings:
MUL_MAT_VEC q4_0 m=5120 n=1 k=17408: 1 x 96.88 us = 96.88 us (1839.93 GFLOPS/s)
Total time: 96.88 us.
----------------
Vulkan Timings:
MUL_MAT_VEC q4_0 m=5120 n=1 k=17408: 1 x 96.36 us = 96.36 us (1849.86 GFLOPS/s)
Total time: 96.36 us.
----------------
Vulkan Timings:
MUL_MAT_VEC q4_0 m=5120 n=1 k=17408: 1 x 96.76 us = 96.76 us (1842.22 GFLOPS/s)
Total time: 96.76 us.
----------------
Vulkan Timings:
MUL_MAT_VEC q4_0 m=5120 n=1 k=17408: 1 x 96.8 us = 96.8 us (1841.45 GFLOPS/s)
Total time: 96.8 us.
----------------
Vulkan Timings:
MUL_MAT_VEC q4_0 m=5120 n=1 k=17408: 1 x 96.68 us = 96.68 us (1843.74 GFLOPS/s)
Total time: 96.68 us.
----------------
Vulkan Timings:
MUL_MAT_VEC q4_0 m=5120 n=1 k=17408: 1 x 96.68 us = 96.68 us (1843.74 GFLOPS/s)
Total time: 96.68 us.
----------------
Vulkan Timings:
MUL_MAT_VEC q4_0 m=5120 n=1 k=17408: 1 x 96.68 us = 96.68 us (1843.74 GFLOPS/s)
Total time: 96.68 us.
----------------
Vulkan Timings:
MUL_MAT_VEC q4_0 m=5120 n=1 k=17408: 1 x 96.92 us = 96.92 us (1839.17 GFLOPS/s)
Total time: 96.92 us.
----------------
Vulkan Timings:
MUL_MAT_VEC q4_0 m=5120 n=1 k=17408: 1 x 96.72 us = 96.72 us (1842.98 GFLOPS/s)
Total time: 96.72 us.
----------------
Vulkan Timings:
MUL_MAT_VEC q4_0 m=5120 n=1 k=17408: 1 x 96.64 us = 96.64 us (1844.5 GFLOPS/s)
Total time: 96.64 us.
----------------
Vulkan Timings:
MUL_MAT_VEC q4_0 m=5120 n=1 k=17408: 1 x 96.68 us = 96.68 us (1843.74 GFLOPS/s)
Total time: 96.68 us.
----------------
Vulkan Timings:
MUL_MAT_VEC q4_0 m=5120 n=1 k=17408: 1 x 97.04 us = 97.04 us (1836.9 GFLOPS/s)
Total time: 97.04 us.
----------------
Vulkan Timings:
MUL_MAT_VEC q4_0 m=5120 n=1 k=17408: 1 x 96.64 us = 96.64 us (1844.5 GFLOPS/s)
Total time: 96.64 us.
----------------
Vulkan Timings:
MUL_MAT_VEC q4_0 m=5120 n=1 k=17408: 1 x 96.8 us = 96.8 us (1841.45 GFLOPS/s)
Total time: 96.8 us.
----------------
Vulkan Timings:
MUL_MAT_VEC q4_0 m=5120 n=1 k=17408: 1 x 97.04 us = 97.04 us (1836.9 GFLOPS/s)
Total time: 97.04 us.
----------------
Vulkan Timings:
MUL_MAT_VEC q4_0 m=5120 n=1 k=17408: 1 x 96.6 us = 96.6 us (1845.27 GFLOPS/s)
Total time: 96.6 us.
----------------
Vulkan Timings:
MUL_MAT_VEC q4_0 m=5120 n=1 k=17408: 1 x 96.68 us = 96.68 us (1843.74 GFLOPS/s)
Total time: 96.68 us.
----------------
Vulkan Timings:
MUL_MAT_VEC q4_0 m=5120 n=1 k=17408: 1 x 96.48 us = 96.48 us (1847.56 GFLOPS/s)
Total time: 96.48 us.
----------------
Vulkan Timings:
MUL_MAT_VEC q4_0 m=5120 n=1 k=17408: 1 x 96.6 us = 96.6 us (1845.27 GFLOPS/s)
Total time: 96.6 us.
----------------
Vulkan Timings:
MUL_MAT_VEC q4_0 m=5120 n=1 k=17408: 1 x 96.84 us = 96.84 us (1840.69 GFLOPS/s)
Total time: 96.84 us.
----------------
Vulkan Timings:
MUL_MAT_VEC q4_0 m=5120 n=1 k=17408: 1 x 96.84 us = 96.84 us (1840.69 GFLOPS/s)
Total time: 96.84 us.
----------------
Vulkan Timings:
MUL_MAT_VEC q4_0 m=5120 n=1 k=17408: 1 x 96.6 us = 96.6 us (1845.27 GFLOPS/s)
Total time: 96.6 us.
----------------
Vulkan Timings:
MUL_MAT_VEC q4_0 m=5120 n=1 k=17408: 1 x 96.64 us = 96.64 us (1844.5 GFLOPS/s)
Total time: 96.64 us.
----------------
Vulkan Timings:
MUL_MAT_VEC q4_0 m=5120 n=1 k=17408: 1 x 96.76 us = 96.76 us (1842.22 GFLOPS/s)
Total time: 96.76 us.
----------------
Vulkan Timings:
MUL_MAT_VEC q4_0 m=5120 n=1 k=17408: 1 x 96.76 us = 96.76 us (1842.22 GFLOPS/s)
Total time: 96.76 us.
----------------
Vulkan Timings:
MUL_MAT_VEC q4_0 m=5120 n=1 k=17408: 1 x 96.48 us = 96.48 us (1847.56 GFLOPS/s)
Total time: 96.48 us.
----------------
Vulkan Timings:
MUL_MAT_VEC q4_0 m=5120 n=1 k=17408: 1 x 96.68 us = 96.68 us (1843.74 GFLOPS/s)
Total time: 96.68 us.
----------------
Vulkan Timings:
MUL_MAT_VEC q4_0 m=5120 n=1 k=17408: 1 x 96.72 us = 96.72 us (1842.98 GFLOPS/s)
Total time: 96.72 us.
----------------
Vulkan Timings:
MUL_MAT_VEC q4_0 m=5120 n=1 k=17408: 1 x 96.68 us = 96.68 us (1843.74 GFLOPS/s)
Total time: 96.68 us.
----------------
Vulkan Timings:
MUL_MAT_VEC q4_0 m=5120 n=1 k=17408: 1 x 96.84 us = 96.84 us (1840.69 GFLOPS/s)
Total time: 96.84 us.
----------------
Vulkan Timings:
MUL_MAT_VEC q4_0 m=5120 n=1 k=17408: 1 x 96.72 us = 96.72 us (1842.98 GFLOPS/s)
Total time: 96.72 us.
----------------
Vulkan Timings:
MUL_MAT_VEC q4_0 m=5120 n=1 k=17408: 1 x 96.72 us = 96.72 us (1842.98 GFLOPS/s)
Total time: 96.72 us.
----------------
Vulkan Timings:
MUL_MAT_VEC q4_0 m=5120 n=1 k=17408: 1 x 96.96 us = 96.96 us (1838.42 GFLOPS/s)
Total time: 96.96 us.
----------------
Vulkan Timings:
MUL_MAT_VEC q4_0 m=5120 n=1 k=17408: 1 x 96.88 us = 96.88 us (1839.93 GFLOPS/s)
Total time: 96.88 us.
----------------
Vulkan Timings:
MUL_MAT_VEC q4_0 m=5120 n=1 k=17408: 1 x 96.84 us = 96.84 us (1840.69 GFLOPS/s)
Total time: 96.84 us.
----------------
Vulkan Timings:
MUL_MAT_VEC q4_0 m=5120 n=1 k=17408: 1 x 96.84 us = 96.84 us (1840.69 GFLOPS/s)
Total time: 96.84 us.
----------------
Vulkan Timings:
MUL_MAT_VEC q4_0 m=5120 n=1 k=17408: 1 x 96.56 us = 96.56 us (1846.03 GFLOPS/s)
Total time: 96.56 us.
----------------
Vulkan Timings:
MUL_MAT_VEC q4_0 m=5120 n=1 k=17408: 1 x 96.6 us = 96.6 us (1845.27 GFLOPS/s)
Total time: 96.6 us.
----------------
Vulkan Timings:
MUL_MAT_VEC q4_0 m=5120 n=1 k=17408: 1 x 97.52 us = 97.52 us (1827.86 GFLOPS/s)
Total time: 97.52 us.
----------------
Vulkan Timings:
MUL_MAT_VEC q4_0 m=5120 n=1 k=17408: 1 x 96.68 us = 96.68 us (1843.74 GFLOPS/s)
Total time: 96.68 us.
----------------
Vulkan Timings:
MUL_MAT_VEC q4_0 m=5120 n=1 k=17408: 1 x 96.6 us = 96.6 us (1845.27 GFLOPS/s)
Total time: 96.6 us.
----------------
Vulkan Timings:
MUL_MAT_VEC q4_0 m=5120 n=1 k=17408: 1 x 96.32 us = 96.32 us (1850.63 GFLOPS/s)
Total time: 96.32 us.
----------------
Vulkan Timings:
MUL_MAT_VEC q4_0 m=5120 n=1 k=17408: 1 x 96.76 us = 96.76 us (1842.22 GFLOPS/s)
Total time: 96.76 us.
----------------
Vulkan Timings:
MUL_MAT_VEC q4_0 m=5120 n=1 k=17408: 1 x 96.8 us = 96.8 us (1841.45 GFLOPS/s)
Total time: 96.8 us.
----------------
Vulkan Timings:
MUL_MAT_VEC q4_0 m=5120 n=1 k=17408: 1 x 96.68 us = 96.68 us (1843.74 GFLOPS/s)
Total time: 96.68 us.
----------------
Vulkan Timings:
MUL_MAT_VEC q4_0 m=5120 n=1 k=17408: 1 x 96.96 us = 96.96 us (1838.42 GFLOPS/s)
Total time: 96.96 us.
----------------
Vulkan Timings:
MUL_MAT_VEC q4_0 m=5120 n=1 k=17408: 1 x 96.8 us = 96.8 us (1841.45 GFLOPS/s)
Total time: 96.8 us.
----------------
Vulkan Timings:
MUL_MAT_VEC q4_0 m=5120 n=1 k=17408: 1 x 96.88 us = 96.88 us (1839.93 GFLOPS/s)
Total time: 96.88 us.
----------------
Vulkan Timings:
MUL_MAT_VEC q4_0 m=5120 n=1 k=17408: 1 x 97.04 us = 97.04 us (1836.9 GFLOPS/s)
Total time: 97.04 us.
----------------
Vulkan Timings:
MUL_MAT_VEC q4_0 m=5120 n=1 k=17408: 1 x 96.68 us = 96.68 us (1843.74 GFLOPS/s)
Total time: 96.68 us.
----------------
Vulkan Timings:
MUL_MAT_VEC q4_0 m=5120 n=1 k=17408: 1 x 96.76 us = 96.76 us (1842.22 GFLOPS/s)
Total time: 96.76 us.
----------------
Vulkan Timings:
MUL_MAT_VEC q4_0 m=5120 n=1 k=17408: 1 x 96.88 us = 96.88 us (1839.93 GFLOPS/s)
Total time: 96.88 us.
----------------
Vulkan Timings:
MUL_MAT_VEC q4_0 m=5120 n=1 k=17408: 1 x 96.64 us = 96.64 us (1844.5 GFLOPS/s)
Total time: 96.64 us.
----------------
Vulkan Timings:
MUL_MAT_VEC q4_0 m=5120 n=1 k=17408: 1 x 96.88 us = 96.88 us (1839.93 GFLOPS/s)
Total time: 96.88 us.
----------------
Vulkan Timings:
MUL_MAT_VEC q4_0 m=5120 n=1 k=17408: 1 x 96.36 us = 96.36 us (1849.86 GFLOPS/s)
Total time: 96.36 us.
----------------
Vulkan Timings:
MUL_MAT_VEC q4_0 m=5120 n=1 k=17408: 1 x 105.56 us = 105.56 us (1688.64 GFLOPS/s)
Total time: 105.56 us.
----------------
Vulkan Timings:
MUL_MAT_VEC q4_0 m=5120 n=1 k=17408: 1 x 96.88 us = 96.88 us (1839.93 GFLOPS/s)
Total time: 96.88 us.
----------------
Vulkan Timings:
MUL_MAT_VEC q4_0 m=5120 n=1 k=17408: 1 x 96.56 us = 96.56 us (1846.03 GFLOPS/s)
Total time: 96.56 us.
----------------
Vulkan Timings:
MUL_MAT_VEC q4_0 m=5120 n=1 k=17408: 1 x 96.72 us = 96.72 us (1842.98 GFLOPS/s)
Total time: 96.72 us.
----------------
Vulkan Timings:
MUL_MAT_VEC q4_0 m=5120 n=1 k=17408: 1 x 96.52 us = 96.52 us (1846.8 GFLOPS/s)
Total time: 96.52 us.
----------------
Vulkan Timings:
MUL_MAT_VEC q4_0 m=5120 n=1 k=17408: 1 x 96.64 us = 96.64 us (1844.5 GFLOPS/s)
Total time: 96.64 us.
----------------
Vulkan Timings:
MUL_MAT_VEC q4_0 m=5120 n=1 k=17408: 1 x 96.36 us = 96.36 us (1849.86 GFLOPS/s)
Total time: 96.36 us.
----------------
Vulkan Timings:
MUL_MAT_VEC q4_0 m=5120 n=1 k=17408: 1 x 96.72 us = 96.72 us (1842.98 GFLOPS/s)
Total time: 96.72 us.
----------------
Vulkan Timings:
MUL_MAT_VEC q4_0 m=5120 n=1 k=17408: 1 x 96.6 us = 96.6 us (1845.27 GFLOPS/s)
Total time: 96.6 us.
----------------
Vulkan Timings:
MUL_MAT_VEC q4_0 m=5120 n=1 k=17408: 1 x 96.56 us = 96.56 us (1846.03 GFLOPS/s)
Total time: 96.56 us.
----------------
Vulkan Timings:
MUL_MAT_VEC q4_0 m=5120 n=1 k=17408: 1 x 96.16 us = 96.16 us (1853.71 GFLOPS/s)
Total time: 96.16 us.
----------------
Vulkan Timings:
MUL_MAT_VEC q4_0 m=5120 n=1 k=17408: 1 x 96.56 us = 96.56 us (1846.03 GFLOPS/s)
Total time: 96.56 us.
----------------
Vulkan Timings:
MUL_MAT_VEC q4_0 m=5120 n=1 k=17408: 1 x 96.56 us = 96.56 us (1846.03 GFLOPS/s)
Total time: 96.56 us.
----------------
Vulkan Timings:
MUL_MAT_VEC q4_0 m=5120 n=1 k=17408: 1 x 96.76 us = 96.76 us (1842.22 GFLOPS/s)
Total time: 96.76 us.
----------------
Vulkan Timings:
MUL_MAT_VEC q4_0 m=5120 n=1 k=17408: 1 x 96.68 us = 96.68 us (1843.74 GFLOPS/s)
Total time: 96.68 us.
----------------
Vulkan Timings:
MUL_MAT_VEC q4_0 m=5120 n=1 k=17408: 1 x 96.6 us = 96.6 us (1845.27 GFLOPS/s)
Total time: 96.6 us.
----------------
Vulkan Timings:
MUL_MAT_VEC q4_0 m=5120 n=1 k=17408: 1 x 96.88 us = 96.88 us (1839.93 GFLOPS/s)
Total time: 96.88 us.
----------------
Vulkan Timings:
MUL_MAT_VEC q4_0 m=5120 n=1 k=17408: 1 x 97.04 us = 97.04 us (1836.9 GFLOPS/s)
Total time: 97.04 us.
----------------
Vulkan Timings:
MUL_MAT_VEC q4_0 m=5120 n=1 k=17408: 1 x 96.72 us = 96.72 us (1842.98 GFLOPS/s)
Total time: 96.72 us.
----------------
Vulkan Timings:
MUL_MAT_VEC q4_0 m=5120 n=1 k=17408: 1 x 96.6 us = 96.6 us (1845.27 GFLOPS/s)
Total time: 96.6 us.
----------------
Vulkan Timings:
MUL_MAT_VEC q4_0 m=5120 n=1 k=17408: 1 x 96.92 us = 96.92 us (1839.17 GFLOPS/s)
Total time: 96.92 us.
----------------
Vulkan Timings:
MUL_MAT_VEC q4_0 m=5120 n=1 k=17408: 1 x 96.68 us = 96.68 us (1843.74 GFLOPS/s)
Total time: 96.68 us.
----------------
Vulkan Timings:
MUL_MAT_VEC q4_0 m=5120 n=1 k=17408: 1 x 96.72 us = 96.72 us (1842.98 GFLOPS/s)
Total time: 96.72 us.
----------------
Vulkan Timings:
MUL_MAT_VEC q4_0 m=5120 n=1 k=17408: 1 x 96.92 us = 96.92 us (1839.17 GFLOPS/s)
Total time: 96.92 us.
----------------
Vulkan Timings:
MUL_MAT_VEC q4_0 m=5120 n=1 k=17408: 1 x 96.6 us = 96.6 us (1845.27 GFLOPS/s)
Total time: 96.6 us.
----------------
Vulkan Timings:
MUL_MAT_VEC q4_0 m=5120 n=1 k=17408: 1 x 96.84 us = 96.84 us (1840.69 GFLOPS/s)
Total time: 96.84 us.
----------------
Vulkan Timings:
MUL_MAT_VEC q4_0 m=5120 n=1 k=17408: 1 x 96.52 us = 96.52 us (1846.8 GFLOPS/s)
Total time: 96.52 us.
----------------
Vulkan Timings:
MUL_MAT_VEC q4_0 m=5120 n=1 k=17408: 1 x 96.56 us = 96.56 us (1846.03 GFLOPS/s)
Total time: 96.56 us.
----------------
Vulkan Timings:
MUL_MAT_VEC q4_0 m=5120 n=1 k=17408: 1 x 96.24 us = 96.24 us (1852.17 GFLOPS/s)
Total time: 96.24 us.
----------------
Vulkan Timings:
MUL_MAT_VEC q4_0 m=5120 n=1 k=17408: 1 x 96.6 us = 96.6 us (1845.27 GFLOPS/s)
Total time: 96.6 us.
----------------
Vulkan Timings:
MUL_MAT_VEC q4_0 m=5120 n=1 k=17408: 1 x 96.36 us = 96.36 us (1849.86 GFLOPS/s)
Total time: 96.36 us.
----------------
Vulkan Timings:
MUL_MAT_VEC q4_0 m=5120 n=1 k=17408: 1 x 96.56 us = 96.56 us (1846.03 GFLOPS/s)
Total time: 96.56 us.
----------------
Vulkan Timings:
MUL_MAT_VEC q4_0 m=5120 n=1 k=17408: 1 x 96.68 us = 96.68 us (1843.74 GFLOPS/s)
Total time: 96.68 us.
----------------
Vulkan Timings:
MUL_MAT_VEC q4_0 m=5120 n=1 k=17408: 1 x 96.68 us = 96.68 us (1843.74 GFLOPS/s)
Total time: 96.68 us.
----------------
Vulkan Timings:
MUL_MAT_VEC q4_0 m=5120 n=1 k=17408: 1 x 97.04 us = 97.04 us (1836.9 GFLOPS/s)
Total time: 97.04 us.
----------------
Vulkan Timings:
MUL_MAT_VEC q4_0 m=5120 n=1 k=17408: 1 x 96.76 us = 96.76 us (1842.22 GFLOPS/s)
Total time: 96.76 us.
----------------
Vulkan Timings:
MUL_MAT_VEC q4_0 m=5120 n=1 k=17408: 1 x 96.48 us = 96.48 us (1847.56 GFLOPS/s)
Total time: 96.48 us.
----------------
Vulkan Timings:
MUL_MAT_VEC q4_0 m=5120 n=1 k=17408: 1 x 96.72 us = 96.72 us (1842.98 GFLOPS/s)
Total time: 96.72 us.
----------------
Vulkan Timings:
MUL_MAT_VEC q4_0 m=5120 n=1 k=17408: 1 x 96.68 us = 96.68 us (1843.74 GFLOPS/s)
Total time: 96.68 us.
----------------
Vulkan Timings:
MUL_MAT_VEC q4_0 m=5120 n=1 k=17408: 1 x 96.76 us = 96.76 us (1842.22 GFLOPS/s)
Total time: 96.76 us.
----------------
Vulkan Timings:
MUL_MAT_VEC q4_0 m=5120 n=1 k=17408: 1 x 96.52 us = 96.52 us (1846.8 GFLOPS/s)
Total time: 96.52 us.
----------------
Vulkan Timings:
MUL_MAT_VEC q4_0 m=5120 n=1 k=17408: 1 x 96.68 us = 96.68 us (1843.74 GFLOPS/s)
Total time: 96.68 us.
----------------
Vulkan Timings:
MUL_MAT_VEC q4_0 m=5120 n=1 k=17408: 1 x 96.76 us = 96.76 us (1842.22 GFLOPS/s)
Total time: 96.76 us.
----------------
Vulkan Timings:
MUL_MAT_VEC q4_0 m=5120 n=1 k=17408: 1 x 96.72 us = 96.72 us (1842.98 GFLOPS/s)
Total time: 96.72 us.
----------------
Vulkan Timings:
MUL_MAT_VEC q4_0 m=5120 n=1 k=17408: 1 x 96.24 us = 96.24 us (1852.17 GFLOPS/s)
Total time: 96.24 us.
----------------
Vulkan Timings:
MUL_MAT_VEC q4_0 m=5120 n=1 k=17408: 1 x 96.68 us = 96.68 us (1843.74 GFLOPS/s)
Total time: 96.68 us.
----------------
Vulkan Timings:
MUL_MAT_VEC q4_0 m=5120 n=1 k=17408: 1 x 96.84 us = 96.84 us (1840.69 GFLOPS/s)
Total time: 96.84 us.
----------------
Vulkan Timings:
MUL_MAT_VEC q4_0 m=5120 n=1 k=17408: 1 x 96.76 us = 96.76 us (1842.22 GFLOPS/s)
Total time: 96.76 us.
----------------
Vulkan Timings:
MUL_MAT_VEC q4_0 m=5120 n=1 k=17408: 1 x 96.8 us = 96.8 us (1841.45 GFLOPS/s)
Total time: 96.8 us.
----------------
Vulkan Timings:
MUL_MAT_VEC q4_0 m=5120 n=1 k=17408: 1 x 96.52 us = 96.52 us (1846.8 GFLOPS/s)
Total time: 96.52 us.
----------------
Vulkan Timings:
MUL_MAT_VEC q4_0 m=5120 n=1 k=17408: 1 x 96.68 us = 96.68 us (1843.74 GFLOPS/s)
Total time: 96.68 us.
----------------
Vulkan Timings:
MUL_MAT_VEC q4_0 m=5120 n=1 k=17408: 1 x 96.64 us = 96.64 us (1844.5 GFLOPS/s)
Total time: 96.64 us.
----------------
Vulkan Timings:
MUL_MAT_VEC q4_0 m=5120 n=1 k=17408: 1 x 96.48 us = 96.48 us (1847.56 GFLOPS/s)
Total time: 96.48 us.
----------------
Vulkan Timings:
MUL_MAT_VEC q4_0 m=5120 n=1 k=17408: 1 x 96.88 us = 96.88 us (1839.93 GFLOPS/s)
Total time: 96.88 us.
----------------
Vulkan Timings:
MUL_MAT_VEC q4_0 m=5120 n=1 k=17408: 1 x 96.72 us = 96.72 us (1842.98 GFLOPS/s)
Total time: 96.72 us.
----------------
Vulkan Timings:
MUL_MAT_VEC q4_0 m=5120 n=1 k=17408: 1 x 96.56 us = 96.56 us (1846.03 GFLOPS/s)
Total time: 96.56 us.
----------------
Vulkan Timings:
MUL_MAT_VEC q4_0 m=5120 n=1 k=17408: 1 x 96.6 us = 96.6 us (1845.27 GFLOPS/s)
Total time: 96.6 us.
----------------
Vulkan Timings:
MUL_MAT_VEC q4_0 m=5120 n=1 k=17408: 1 x 96.8 us = 96.8 us (1841.45 GFLOPS/s)
Total time: 96.8 us.
----------------
Vulkan Timings:
MUL_MAT_VEC q4_0 m=5120 n=1 k=17408: 1 x 96.68 us = 96.68 us (1843.74 GFLOPS/s)
Total time: 96.68 us.
----------------
Vulkan Timings:
MUL_MAT_VEC q4_0 m=5120 n=1 k=17408: 1 x 96.24 us = 96.24 us (1852.17 GFLOPS/s)
Total time: 96.24 us.
----------------
Vulkan Timings:
MUL_MAT_VEC q4_0 m=5120 n=1 k=17408: 1 x 96.76 us = 96.76 us (1842.22 GFLOPS/s)
Total time: 96.76 us.
----------------
Vulkan Timings:
MUL_MAT_VEC q4_0 m=5120 n=1 k=17408: 1 x 96.84 us = 96.84 us (1840.69 GFLOPS/s)
Total time: 96.84 us.
----------------
Vulkan Timings:
MUL_MAT_VEC q4_0 m=5120 n=1 k=17408: 1 x 97.04 us = 97.04 us (1836.9 GFLOPS/s)
Total time: 97.04 us.
----------------
Vulkan Timings:
MUL_MAT_VEC q4_0 m=5120 n=1 k=17408: 1 x 96.68 us = 96.68 us (1843.74 GFLOPS/s)
Total time: 96.68 us.
----------------
Vulkan Timings:
MUL_MAT_VEC q4_0 m=5120 n=1 k=17408: 1 x 96.44 us = 96.44 us (1848.33 GFLOPS/s)
Total time: 96.44 us.
----------------
Vulkan Timings:
MUL_MAT_VEC q4_0 m=5120 n=1 k=17408: 1 x 96.64 us = 96.64 us (1844.5 GFLOPS/s)
Total time: 96.64 us.
----------------
Vulkan Timings:
MUL_MAT_VEC q4_0 m=5120 n=1 k=17408: 1 x 96.96 us = 96.96 us (1838.42 GFLOPS/s)
Total time: 96.96 us.
----------------
Vulkan Timings:
MUL_MAT_VEC q4_0 m=5120 n=1 k=17408: 1 x 96.72 us = 96.72 us (1842.98 GFLOPS/s)
Total time: 96.72 us.
----------------
Vulkan Timings:
MUL_MAT_VEC q4_0 m=5120 n=1 k=17408: 1 x 96.6 us = 96.6 us (1845.27 GFLOPS/s)
Total time: 96.6 us.
----------------
Vulkan Timings:
MUL_MAT_VEC q4_0 m=5120 n=1 k=17408: 1 x 96.72 us = 96.72 us (1842.98 GFLOPS/s)
Total time: 96.72 us.
----------------
Vulkan Timings:
MUL_MAT_VEC q4_0 m=5120 n=1 k=17408: 1 x 96.24 us = 96.24 us (1852.17 GFLOPS/s)
Total time: 96.24 us.
----------------
Vulkan Timings:
MUL_MAT_VEC q4_0 m=5120 n=1 k=17408: 1 x 96.68 us = 96.68 us (1843.74 GFLOPS/s)
Total time: 96.68 us.
----------------
Vulkan Timings:
MUL_MAT_VEC q4_0 m=5120 n=1 k=17408: 1 x 96.68 us = 96.68 us (1843.74 GFLOPS/s)
Total time: 96.68 us.
----------------
Vulkan Timings:
MUL_MAT_VEC q4_0 m=5120 n=1 k=17408: 1 x 99.84 us = 99.84 us (1785.38 GFLOPS/s)
Total time: 99.84 us.
----------------
Vulkan Timings:
MUL_MAT_VEC q4_0 m=5120 n=1 k=17408: 1 x 97.2 us = 97.2 us (1833.88 GFLOPS/s)
Total time: 97.2 us.
----------------
Vulkan Timings:
MUL_MAT_VEC q4_0 m=5120 n=1 k=17408: 1 x 96.52 us = 96.52 us (1846.8 GFLOPS/s)
Total time: 96.52 us.
----------------
Vulkan Timings:
MUL_MAT_VEC q4_0 m=5120 n=1 k=17408: 1 x 96.64 us = 96.64 us (1844.5 GFLOPS/s)
Total time: 96.64 us.
----------------
Vulkan Timings:
MUL_MAT_VEC q4_0 m=5120 n=1 k=17408: 1 x 96.76 us = 96.76 us (1842.22 GFLOPS/s)
Total time: 96.76 us.
----------------
Vulkan Timings:
MUL_MAT_VEC q4_0 m=5120 n=1 k=17408: 1 x 96.64 us = 96.64 us (1844.5 GFLOPS/s)
Total time: 96.64 us.
----------------
Vulkan Timings:
MUL_MAT_VEC q4_0 m=5120 n=1 k=17408: 1 x 96.44 us = 96.44 us (1848.33 GFLOPS/s)
Total time: 96.44 us.
----------------
Vulkan Timings:
MUL_MAT_VEC q4_0 m=5120 n=1 k=17408: 1 x 96.8 us = 96.8 us (1841.45 GFLOPS/s)
Total time: 96.8 us.
----------------
Vulkan Timings:
MUL_MAT_VEC q4_0 m=5120 n=1 k=17408: 1 x 96.64 us = 96.64 us (1844.5 GFLOPS/s)
Total time: 96.64 us.
----------------
Vulkan Timings:
MUL_MAT_VEC q4_0 m=5120 n=1 k=17408: 1 x 96.64 us = 96.64 us (1844.5 GFLOPS/s)
Total time: 96.64 us.
----------------
Vulkan Timings:
MUL_MAT_VEC q4_0 m=5120 n=1 k=17408: 1 x 96.6 us = 96.6 us (1845.27 GFLOPS/s)
Total time: 96.6 us.
----------------
Vulkan Timings:
MUL_MAT_VEC q4_0 m=5120 n=1 k=17408: 1 x 96.76 us = 96.76 us (1842.22 GFLOPS/s)
Total time: 96.76 us.
----------------
Vulkan Timings:
MUL_MAT_VEC q4_0 m=5120 n=1 k=17408: 1 x 96.8 us = 96.8 us (1841.45 GFLOPS/s)
Total time: 96.8 us.
----------------
Vulkan Timings:
MUL_MAT_VEC q4_0 m=5120 n=1 k=17408: 1 x 96.64 us = 96.64 us (1844.5 GFLOPS/s)
Total time: 96.64 us.
----------------
Vulkan Timings:
MUL_MAT_VEC q4_0 m=5120 n=1 k=17408: 1 x 96.88 us = 96.88 us (1839.93 GFLOPS/s)
Total time: 96.88 us.
----------------
Vulkan Timings:
MUL_MAT_VEC q4_0 m=5120 n=1 k=17408: 1 x 96.72 us = 96.72 us (1842.98 GFLOPS/s)
Total time: 96.72 us.
----------------
Vulkan Timings:
MUL_MAT_VEC q4_0 m=5120 n=1 k=17408: 1 x 96.76 us = 96.76 us (1842.22 GFLOPS/s)
Total time: 96.76 us.
----------------
Vulkan Timings:
MUL_MAT_VEC q4_0 m=5120 n=1 k=17408: 1 x 96.16 us = 96.16 us (1853.71 GFLOPS/s)
Total time: 96.16 us.
----------------
Vulkan Timings:
MUL_MAT_VEC q4_0 m=5120 n=1 k=17408: 1 x 96.64 us = 96.64 us (1844.5 GFLOPS/s)
Total time: 96.64 us.
----------------
Vulkan Timings:
MUL_MAT_VEC q4_0 m=5120 n=1 k=17408: 1 x 96.8 us = 96.8 us (1841.45 GFLOPS/s)
Total time: 96.8 us.
----------------
Vulkan Timings:
MUL_MAT_VEC q4_0 m=5120 n=1 k=17408: 1 x 96.36 us = 96.36 us (1849.86 GFLOPS/s)
Total time: 96.36 us.
----------------
Vulkan Timings:
MUL_MAT_VEC q4_0 m=5120 n=1 k=17408: 1 x 96.52 us = 96.52 us (1846.8 GFLOPS/s)
Total time: 96.52 us.
----------------
Vulkan Timings:
MUL_MAT_VEC q4_0 m=5120 n=1 k=17408: 1 x 96.68 us = 96.68 us (1843.74 GFLOPS/s)
Total time: 96.68 us.
----------------
Vulkan Timings:
MUL_MAT_VEC q4_0 m=5120 n=1 k=17408: 1 x 96.4 us = 96.4 us (1849.1 GFLOPS/s)
Total time: 96.4 us.
----------------
Vulkan Timings:
MUL_MAT_VEC q4_0 m=5120 n=1 k=17408: 1 x 96.6 us = 96.6 us (1845.27 GFLOPS/s)
Total time: 96.6 us.
----------------
Vulkan Timings:
MUL_MAT_VEC q4_0 m=5120 n=1 k=17408: 1 x 96.64 us = 96.64 us (1844.5 GFLOPS/s)
Total time: 96.64 us.
----------------
Vulkan Timings:
MUL_MAT_VEC q4_0 m=5120 n=1 k=17408: 1 x 96.64 us = 96.64 us (1844.5 GFLOPS/s)
Total time: 96.64 us.
----------------
Vulkan Timings:
MUL_MAT_VEC q4_0 m=5120 n=1 k=17408: 1 x 96.52 us = 96.52 us (1846.8 GFLOPS/s)
Total time: 96.52 us.
----------------
Vulkan Timings:
MUL_MAT_VEC q4_0 m=5120 n=1 k=17408: 1 x 97.16 us = 97.16 us (1834.63 GFLOPS/s)
Total time: 97.16 us.
----------------
Vulkan Timings:
MUL_MAT_VEC q4_0 m=5120 n=1 k=17408: 1 x 96.72 us = 96.72 us (1842.98 GFLOPS/s)
Total time: 96.72 us.
----------------
Vulkan Timings:
MUL_MAT_VEC q4_0 m=5120 n=1 k=17408: 1 x 96.6 us = 96.6 us (1845.27 GFLOPS/s)
Total time: 96.6 us.
----------------
Vulkan Timings:
MUL_MAT_VEC q4_0 m=5120 n=1 k=17408: 1 x 96.72 us = 96.72 us (1842.98 GFLOPS/s)
Total time: 96.72 us.
----------------
Vulkan Timings:
MUL_MAT_VEC q4_0 m=5120 n=1 k=17408: 1 x 96.72 us = 96.72 us (1842.98 GFLOPS/s)
Total time: 96.72 us.
----------------
Vulkan Timings:
MUL_MAT_VEC q4_0 m=5120 n=1 k=17408: 1 x 96.76 us = 96.76 us (1842.22 GFLOPS/s)
Total time: 96.76 us.
----------------
Vulkan Timings:
MUL_MAT_VEC q4_0 m=5120 n=1 k=17408: 1 x 96.8 us = 96.8 us (1841.45 GFLOPS/s)
Total time: 96.8 us.
----------------
Vulkan Timings:
MUL_MAT_VEC q4_0 m=5120 n=1 k=17408: 1 x 96.52 us = 96.52 us (1846.8 GFLOPS/s)
Total time: 96.52 us.
----------------
Vulkan Timings:
MUL_MAT_VEC q4_0 m=5120 n=1 k=17408: 1 x 96.6 us = 96.6 us (1845.27 GFLOPS/s)
Total time: 96.6 us.
----------------
Vulkan Timings:
MUL_MAT_VEC q4_0 m=5120 n=1 k=17408: 1 x 96.52 us = 96.52 us (1846.8 GFLOPS/s)
Total time: 96.52 us.
----------------
Vulkan Timings:
MUL_MAT_VEC q4_0 m=5120 n=1 k=17408: 1 x 96.72 us = 96.72 us (1842.98 GFLOPS/s)
Total time: 96.72 us.
----------------
Vulkan Timings:
MUL_MAT_VEC q4_0 m=5120 n=1 k=17408: 1 x 96.36 us = 96.36 us (1849.86 GFLOPS/s)
Total time: 96.36 us.
----------------
Vulkan Timings:
MUL_MAT_VEC q4_0 m=5120 n=1 k=17408: 1 x 96.84 us = 96.84 us (1840.69 GFLOPS/s)
Total time: 96.84 us.
----------------
Vulkan Timings:
MUL_MAT_VEC q4_0 m=5120 n=1 k=17408: 1 x 96.6 us = 96.6 us (1845.27 GFLOPS/s)
Total time: 96.6 us.
----------------
Vulkan Timings:
MUL_MAT_VEC q4_0 m=5120 n=1 k=17408: 1 x 96.44 us = 96.44 us (1848.33 GFLOPS/s)
Total time: 96.44 us.
----------------
Vulkan Timings:
MUL_MAT_VEC q4_0 m=5120 n=1 k=17408: 1 x 96.68 us = 96.68 us (1843.74 GFLOPS/s)
Total time: 96.68 us.
----------------
Vulkan Timings:
MUL_MAT_VEC q4_0 m=5120 n=1 k=17408: 1 x 96.64 us = 96.64 us (1844.5 GFLOPS/s)
Total time: 96.64 us.
----------------
Vulkan Timings:
MUL_MAT_VEC q4_0 m=5120 n=1 k=17408: 1 x 96.2 us = 96.2 us (1852.94 GFLOPS/s)
Total time: 96.2 us.
----------------
Vulkan Timings:
MUL_MAT_VEC q4_0 m=5120 n=1 k=17408: 1 x 96.68 us = 96.68 us (1843.74 GFLOPS/s)
Total time: 96.68 us.
----------------
Vulkan Timings:
MUL_MAT_VEC q4_0 m=5120 n=1 k=17408: 1 x 96.44 us = 96.44 us (1848.33 GFLOPS/s)
Total time: 96.44 us.
----------------
Vulkan Timings:
MUL_MAT_VEC q4_0 m=5120 n=1 k=17408: 1 x 97.84 us = 97.84 us (1821.88 GFLOPS/s)
Total time: 97.84 us.
----------------
Vulkan Timings:
MUL_MAT_VEC q4_0 m=5120 n=1 k=17408: 1 x 96.52 us = 96.52 us (1846.8 GFLOPS/s)
Total time: 96.52 us.
----------------
Vulkan Timings:
MUL_MAT_VEC q4_0 m=5120 n=1 k=17408: 1 x 96.68 us = 96.68 us (1843.74 GFLOPS/s)
Total time: 96.68 us.
----------------
Vulkan Timings:
MUL_MAT_VEC q4_0 m=5120 n=1 k=17408: 1 x 96.52 us = 96.52 us (1846.8 GFLOPS/s)
Total time: 96.52 us.
----------------
Vulkan Timings:
MUL_MAT_VEC q4_0 m=5120 n=1 k=17408: 1 x 96.68 us = 96.68 us (1843.74 GFLOPS/s)
Total time: 96.68 us.
----------------
Vulkan Timings:
MUL_MAT_VEC q4_0 m=5120 n=1 k=17408: 1 x 96.92 us = 96.92 us (1839.17 GFLOPS/s)
Total time: 96.92 us.
----------------
Vulkan Timings:
MUL_MAT_VEC q4_0 m=5120 n=1 k=17408: 1 x 96.84 us = 96.84 us (1840.69 GFLOPS/s)
Total time: 96.84 us.
----------------
Vulkan Timings:
MUL_MAT_VEC q4_0 m=5120 n=1 k=17408: 1 x 96.6 us = 96.6 us (1845.27 GFLOPS/s)
Total time: 96.6 us.
----------------
Vulkan Timings:
MUL_MAT_VEC q4_0 m=5120 n=1 k=17408: 1 x 96.68 us = 96.68 us (1843.74 GFLOPS/s)
Total time: 96.68 us.
----------------
Vulkan Timings:
MUL_MAT_VEC q4_0 m=5120 n=1 k=17408: 1 x 96.92 us = 96.92 us (1839.17 GFLOPS/s)
Total time: 96.92 us.
----------------
Vulkan Timings:
MUL_MAT_VEC q4_0 m=5120 n=1 k=17408: 1 x 96.64 us = 96.64 us (1844.5 GFLOPS/s)
Total time: 96.64 us.
----------------
Vulkan Timings:
MUL_MAT_VEC q4_0 m=5120 n=1 k=17408: 1 x 96.68 us = 96.68 us (1843.74 GFLOPS/s)
Total time: 96.68 us.
----------------
Vulkan Timings:
MUL_MAT_VEC q4_0 m=5120 n=1 k=17408: 1 x 96.6 us = 96.6 us (1845.27 GFLOPS/s)
Total time: 96.6 us.
----------------
Vulkan Timings:
MUL_MAT_VEC q4_0 m=5120 n=1 k=17408: 1 x 96.92 us = 96.92 us (1839.17 GFLOPS/s)
Total time: 96.92 us.
----------------
Vulkan Timings:
MUL_MAT_VEC q4_0 m=5120 n=1 k=17408: 1 x 96.92 us = 96.92 us (1839.17 GFLOPS/s)
Total time: 96.92 us.
----------------
Vulkan Timings:
MUL_MAT_VEC q4_0 m=5120 n=1 k=17408: 1 x 96.88 us = 96.88 us (1839.93 GFLOPS/s)
Total time: 96.88 us.
----------------
Vulkan Timings:
MUL_MAT_VEC q4_0 m=5120 n=1 k=17408: 1 x 96.92 us = 96.92 us (1839.17 GFLOPS/s)
Total time: 96.92 us.
----------------
Vulkan Timings:
MUL_MAT_VEC q4_0 m=5120 n=1 k=17408: 1 x 96.72 us = 96.72 us (1842.98 GFLOPS/s)
Total time: 96.72 us.
----------------
Vulkan Timings:
MUL_MAT_VEC q4_0 m=5120 n=1 k=17408: 1 x 96.48 us = 96.48 us (1847.56 GFLOPS/s)
Total time: 96.48 us.
----------------
Vulkan Timings:
MUL_MAT_VEC q4_0 m=5120 n=1 k=17408: 1 x 97.04 us = 97.04 us (1836.9 GFLOPS/s)
Total time: 97.04 us.
----------------
Vulkan Timings:
MUL_MAT_VEC q4_0 m=5120 n=1 k=17408: 1 x 96.68 us = 96.68 us (1843.74 GFLOPS/s)
Total time: 96.68 us.
----------------
Vulkan Timings:
MUL_MAT_VEC q4_0 m=5120 n=1 k=17408: 1 x 96.72 us = 96.72 us (1842.98 GFLOPS/s)
Total time: 96.72 us.
----------------
Vulkan Timings:
MUL_MAT_VEC q4_0 m=5120 n=1 k=17408: 1 x 96.84 us = 96.84 us (1840.69 GFLOPS/s)
Total time: 96.84 us.
----------------
Vulkan Timings:
MUL_MAT_VEC q4_0 m=5120 n=1 k=17408: 1 x 96.56 us = 96.56 us (1846.03 GFLOPS/s)
Total time: 96.56 us.
----------------
Vulkan Timings:
MUL_MAT_VEC q4_0 m=5120 n=1 k=17408: 1 x 100.88 us = 100.88 us (1766.98 GFLOPS/s)
Total time: 100.88 us.
----------------
Vulkan Timings:
MUL_MAT_VEC q4_0 m=5120 n=1 k=17408: 1 x 97.96 us = 97.96 us (1819.65 GFLOPS/s)
Total time: 97.96 us.
----------------
Vulkan Timings:
MUL_MAT_VEC q4_0 m=5120 n=1 k=17408: 1 x 96.56 us = 96.56 us (1846.03 GFLOPS/s)
Total time: 96.56 us.
----------------
Vulkan Timings:
MUL_MAT_VEC q4_0 m=5120 n=1 k=17408: 1 x 96.68 us = 96.68 us (1843.74 GFLOPS/s)
Total time: 96.68 us.
----------------
Vulkan Timings:
MUL_MAT_VEC q4_0 m=5120 n=1 k=17408: 1 x 96.72 us = 96.72 us (1842.98 GFLOPS/s)
Total time: 96.72 us.
----------------
Vulkan Timings:
MUL_MAT_VEC q4_0 m=5120 n=1 k=17408: 1 x 96.92 us = 96.92 us (1839.17 GFLOPS/s)
Total time: 96.92 us.
----------------
Vulkan Timings:
MUL_MAT_VEC q4_0 m=5120 n=1 k=17408: 1 x 96.76 us = 96.76 us (1842.22 GFLOPS/s)
Total time: 96.76 us.
----------------
Vulkan Timings:
MUL_MAT_VEC q4_0 m=5120 n=1 k=17408: 1 x 96.68 us = 96.68 us (1843.74 GFLOPS/s)
Total time: 96.68 us.
----------------
Vulkan Timings:
MUL_MAT_VEC q4_0 m=5120 n=1 k=17408: 1 x 96.92 us = 96.92 us (1839.17 GFLOPS/s)
Total time: 96.92 us.
----------------
Vulkan Timings:
MUL_MAT_VEC q4_0 m=5120 n=1 k=17408: 1 x 96.64 us = 96.64 us (1844.5 GFLOPS/s)
Total time: 96.64 us.
----------------
Vulkan Timings:
MUL_MAT_VEC q4_0 m=5120 n=1 k=17408: 1 x 96.64 us = 96.64 us (1844.5 GFLOPS/s)
Total time: 96.64 us.
----------------
Vulkan Timings:
MUL_MAT_VEC q4_0 m=5120 n=1 k=17408: 1 x 96.64 us = 96.64 us (1844.5 GFLOPS/s)
Total time: 96.64 us.
----------------
Vulkan Timings:
MUL_MAT_VEC q4_0 m=5120 n=1 k=17408: 1 x 96.84 us = 96.84 us (1840.69 GFLOPS/s)
Total time: 96.84 us.
----------------
Vulkan Timings:
MUL_MAT_VEC q4_0 m=5120 n=1 k=17408: 1 x 96.92 us = 96.92 us (1839.17 GFLOPS/s)
Total time: 96.92 us.
----------------
Vulkan Timings:
MUL_MAT_VEC q4_0 m=5120 n=1 k=17408: 1 x 96.92 us = 96.92 us (1839.17 GFLOPS/s)
Total time: 96.92 us.
----------------
Vulkan Timings:
MUL_MAT_VEC q4_0 m=5120 n=1 k=17408: 1 x 96.68 us = 96.68 us (1843.74 GFLOPS/s)
Total time: 96.68 us.
----------------
Vulkan Timings:
MUL_MAT_VEC q4_0 m=5120 n=1 k=17408: 1 x 96.84 us = 96.84 us (1840.69 GFLOPS/s)
Total time: 96.84 us.
----------------
Vulkan Timings:
MUL_MAT_VEC q4_0 m=5120 n=1 k=17408: 1 x 96.76 us = 96.76 us (1842.22 GFLOPS/s)
Total time: 96.76 us.
----------------
Vulkan Timings:
MUL_MAT_VEC q4_0 m=5120 n=1 k=17408: 1 x 96.72 us = 96.72 us (1842.98 GFLOPS/s)
Total time: 96.72 us.
----------------
Vulkan Timings:
MUL_MAT_VEC q4_0 m=5120 n=1 k=17408: 1 x 97 us = 97 us (1837.66 GFLOPS/s)
Total time: 97 us.
----------------
Vulkan Timings:
MUL_MAT_VEC q4_0 m=5120 n=1 k=17408: 1 x 96.96 us = 96.96 us (1838.42 GFLOPS/s)
Total time: 96.96 us.
----------------
Vulkan Timings:
MUL_MAT_VEC q4_0 m=5120 n=1 k=17408: 1 x 96.64 us = 96.64 us (1844.5 GFLOPS/s)
Total time: 96.64 us.
----------------
Vulkan Timings:
MUL_MAT_VEC q4_0 m=5120 n=1 k=17408: 1 x 96.96 us = 96.96 us (1838.42 GFLOPS/s)
Total time: 96.96 us.
----------------
Vulkan Timings:
MUL_MAT_VEC q4_0 m=5120 n=1 k=17408: 1 x 96.8 us = 96.8 us (1841.45 GFLOPS/s)
Total time: 96.8 us.
----------------
Vulkan Timings:
MUL_MAT_VEC q4_0 m=5120 n=1 k=17408: 1 x 96.88 us = 96.88 us (1839.93 GFLOPS/s)
Total time: 96.88 us.
----------------
Vulkan Timings:
MUL_MAT_VEC q4_0 m=5120 n=1 k=17408: 1 x 97 us = 97 us (1837.66 GFLOPS/s)
Total time: 97 us.
----------------
Vulkan Timings:
MUL_MAT_VEC q4_0 m=5120 n=1 k=17408: 1 x 96.24 us = 96.24 us (1852.17 GFLOPS/s)
Total time: 96.24 us.
----------------
Vulkan Timings:
MUL_MAT_VEC q4_0 m=5120 n=1 k=17408: 1 x 96.76 us = 96.76 us (1842.22 GFLOPS/s)
Total time: 96.76 us.
----------------
Vulkan Timings:
MUL_MAT_VEC q4_0 m=5120 n=1 k=17408: 1 x 96.76 us = 96.76 us (1842.22 GFLOPS/s)
Total time: 96.76 us.
----------------
Vulkan Timings:
MUL_MAT_VEC q4_0 m=5120 n=1 k=17408: 1 x 96.76 us = 96.76 us (1842.22 GFLOPS/s)
Total time: 96.76 us.
----------------
Vulkan Timings:
MUL_MAT_VEC q4_0 m=5120 n=1 k=17408: 1 x 96.92 us = 96.92 us (1839.17 GFLOPS/s)
Total time: 96.92 us.
----------------
Vulkan Timings:
MUL_MAT_VEC q4_0 m=5120 n=1 k=17408: 1 x 96.6 us = 96.6 us (1845.27 GFLOPS/s)
Total time: 96.6 us.
----------------
Vulkan Timings:
MUL_MAT_VEC q4_0 m=5120 n=1 k=17408: 1 x 96.76 us = 96.76 us (1842.22 GFLOPS/s)
Total time: 96.76 us.
----------------
Vulkan Timings:
MUL_MAT_VEC q4_0 m=5120 n=1 k=17408: 1 x 96.8 us = 96.8 us (1841.45 GFLOPS/s)
Total time: 96.8 us.
----------------
Vulkan Timings:
MUL_MAT_VEC q4_0 m=5120 n=1 k=17408: 1 x 96.68 us = 96.68 us (1843.74 GFLOPS/s)
Total time: 96.68 us.
----------------
Vulkan Timings:
MUL_MAT_VEC q4_0 m=5120 n=1 k=17408: 1 x 96.56 us = 96.56 us (1846.03 GFLOPS/s)
Total time: 96.56 us.
----------------
Vulkan Timings:
MUL_MAT_VEC q4_0 m=5120 n=1 k=17408: 1 x 96.72 us = 96.72 us (1842.98 GFLOPS/s)
Total time: 96.72 us.
----------------
Vulkan Timings:
MUL_MAT_VEC q4_0 m=5120 n=1 k=17408: 1 x 96.84 us = 96.84 us (1840.69 GFLOPS/s)
Total time: 96.84 us.
----------------
Vulkan Timings:
MUL_MAT_VEC q4_0 m=5120 n=1 k=17408: 1 x 96.84 us = 96.84 us (1840.69 GFLOPS/s)
Total time: 96.84 us.
----------------
Vulkan Timings:
MUL_MAT_VEC q4_0 m=5120 n=1 k=17408: 1 x 96.92 us = 96.92 us (1839.17 GFLOPS/s)
Total time: 96.92 us.
----------------
Vulkan Timings:
MUL_MAT_VEC q4_0 m=5120 n=1 k=17408: 1 x 96.96 us = 96.96 us (1838.42 GFLOPS/s)
Total time: 96.96 us.
----------------
Vulkan Timings:
MUL_MAT_VEC q4_0 m=5120 n=1 k=17408: 1 x 96.72 us = 96.72 us (1842.98 GFLOPS/s)
Total time: 96.72 us.
----------------
Vulkan Timings:
MUL_MAT_VEC q4_0 m=5120 n=1 k=17408: 1 x 96.6 us = 96.6 us (1845.27 GFLOPS/s)
Total time: 96.6 us.
----------------
Vulkan Timings:
MUL_MAT_VEC q4_0 m=5120 n=1 k=17408: 1 x 96.64 us = 96.64 us (1844.5 GFLOPS/s)
Total time: 96.64 us.
----------------
Vulkan Timings:
MUL_MAT_VEC q4_0 m=5120 n=1 k=17408: 1 x 96.76 us = 96.76 us (1842.22 GFLOPS/s)
Total time: 96.76 us.
----------------
Vulkan Timings:
MUL_MAT_VEC q4_0 m=5120 n=1 k=17408: 1 x 96.8 us = 96.8 us (1841.45 GFLOPS/s)
Total time: 96.8 us.
----------------
Vulkan Timings:
MUL_MAT_VEC q4_0 m=5120 n=1 k=17408: 1 x 97 us = 97 us (1837.66 GFLOPS/s)
Total time: 97 us.
----------------
Vulkan Timings:
MUL_MAT_VEC q4_0 m=5120 n=1 k=17408: 1 x 96.64 us = 96.64 us (1844.5 GFLOPS/s)
Total time: 96.64 us.
----------------
Vulkan Timings:
MUL_MAT_VEC q4_0 m=5120 n=1 k=17408: 1 x 96.72 us = 96.72 us (1842.98 GFLOPS/s)
Total time: 96.72 us.
----------------
Vulkan Timings:
MUL_MAT_VEC q4_0 m=5120 n=1 k=17408: 1 x 96.84 us = 96.84 us (1840.69 GFLOPS/s)
Total time: 96.84 us.
----------------
Vulkan Timings:
MUL_MAT_VEC q4_0 m=5120 n=1 k=17408: 1 x 96.8 us = 96.8 us (1841.45 GFLOPS/s)
Total time: 96.8 us.
----------------
Vulkan Timings:
MUL_MAT_VEC q4_0 m=5120 n=1 k=17408: 1 x 96.72 us = 96.72 us (1842.98 GFLOPS/s)
Total time: 96.72 us.
----------------
Vulkan Timings:
MUL_MAT_VEC q4_0 m=5120 n=1 k=17408: 1 x 96.68 us = 96.68 us (1843.74 GFLOPS/s)
Total time: 96.68 us.
----------------
Vulkan Timings:
MUL_MAT_VEC q4_0 m=5120 n=1 k=17408: 1 x 96.64 us = 96.64 us (1844.5 GFLOPS/s)
Total time: 96.64 us.
----------------
Vulkan Timings:
MUL_MAT_VEC q4_0 m=5120 n=1 k=17408: 1 x 96.88 us = 96.88 us (1839.93 GFLOPS/s)
Total time: 96.88 us.
----------------
Vulkan Timings:
MUL_MAT_VEC q4_0 m=5120 n=1 k=17408: 1 x 96.68 us = 96.68 us (1843.74 GFLOPS/s)
Total time: 96.68 us.
----------------
Vulkan Timings:
MUL_MAT_VEC q4_0 m=5120 n=1 k=17408: 1 x 96.64 us = 96.64 us (1844.5 GFLOPS/s)
Total time: 96.64 us.
----------------
Vulkan Timings:
MUL_MAT_VEC q4_0 m=5120 n=1 k=17408: 1 x 96.64 us = 96.64 us (1844.5 GFLOPS/s)
Total time: 96.64 us.
----------------
Vulkan Timings:
MUL_MAT_VEC q4_0 m=5120 n=1 k=17408: 1 x 96.96 us = 96.96 us (1838.42 GFLOPS/s)
Total time: 96.96 us.
----------------
Vulkan Timings:
MUL_MAT_VEC q4_0 m=5120 n=1 k=17408: 1 x 96.8 us = 96.8 us (1841.45 GFLOPS/s)
Total time: 96.8 us.
----------------
Vulkan Timings:
MUL_MAT_VEC q4_0 m=5120 n=1 k=17408: 1 x 96.96 us = 96.96 us (1838.42 GFLOPS/s)
Total time: 96.96 us.
----------------
Vulkan Timings:
MUL_MAT_VEC q4_0 m=5120 n=1 k=17408: 1 x 97.04 us = 97.04 us (1836.9 GFLOPS/s)
Total time: 97.04 us.
----------------
Vulkan Timings:
MUL_MAT_VEC q4_0 m=5120 n=1 k=17408: 1 x 96.88 us = 96.88 us (1839.93 GFLOPS/s)
Total time: 96.88 us.
----------------
Vulkan Timings:
MUL_MAT_VEC q4_0 m=5120 n=1 k=17408: 1 x 96.36 us = 96.36 us (1849.86 GFLOPS/s)
Total time: 96.36 us.
----------------
Vulkan Timings:
MUL_MAT_VEC q4_0 m=5120 n=1 k=17408: 1 x 96.76 us = 96.76 us (1842.22 GFLOPS/s)
Total time: 96.76 us.
----------------
Vulkan Timings:
MUL_MAT_VEC q4_0 m=5120 n=1 k=17408: 1 x 96.72 us = 96.72 us (1842.98 GFLOPS/s)
Total time: 96.72 us.
----------------
Vulkan Timings:
MUL_MAT_VEC q4_0 m=5120 n=1 k=17408: 1 x 96.56 us = 96.56 us (1846.03 GFLOPS/s)
Total time: 96.56 us.
----------------
Vulkan Timings:
MUL_MAT_VEC q4_0 m=5120 n=1 k=17408: 1 x 96.72 us = 96.72 us (1842.98 GFLOPS/s)
Total time: 96.72 us.
----------------
Vulkan Timings:
MUL_MAT_VEC q4_0 m=5120 n=1 k=17408: 1 x 96.32 us = 96.32 us (1850.63 GFLOPS/s)
Total time: 96.32 us.
----------------
Vulkan Timings:
MUL_MAT_VEC q4_0 m=5120 n=1 k=17408: 1 x 96.8 us = 96.8 us (1841.45 GFLOPS/s)
Total time: 96.8 us.
----------------
Vulkan Timings:
MUL_MAT_VEC q4_0 m=5120 n=1 k=17408: 1 x 96.76 us = 96.76 us (1842.22 GFLOPS/s)
Total time: 96.76 us.
----------------
Vulkan Timings:
MUL_MAT_VEC q4_0 m=5120 n=1 k=17408: 1 x 97 us = 97 us (1837.66 GFLOPS/s)
Total time: 97 us.
----------------
Vulkan Timings:
MUL_MAT_VEC q4_0 m=5120 n=1 k=17408: 1 x 100.04 us = 100.04 us (1781.82 GFLOPS/s)
Total time: 100.04 us.
----------------
Vulkan Timings:
MUL_MAT_VEC q4_0 m=5120 n=1 k=17408: 1 x 97.16 us = 97.16 us (1834.63 GFLOPS/s)
Total time: 97.16 us.
----------------
Vulkan Timings:
MUL_MAT_VEC q4_0 m=5120 n=1 k=17408: 1 x 96.76 us = 96.76 us (1842.22 GFLOPS/s)
Total time: 96.76 us.
----------------
Vulkan Timings:
MUL_MAT_VEC q4_0 m=5120 n=1 k=17408: 1 x 96.76 us = 96.76 us (1842.22 GFLOPS/s)
Total time: 96.76 us.
----------------
Vulkan Timings:
MUL_MAT_VEC q4_0 m=5120 n=1 k=17408: 1 x 96.72 us = 96.72 us (1842.98 GFLOPS/s)
Total time: 96.72 us.
----------------
Vulkan Timings:
MUL_MAT_VEC q4_0 m=5120 n=1 k=17408: 1 x 96.44 us = 96.44 us (1848.33 GFLOPS/s)
Total time: 96.44 us.
----------------
Vulkan Timings:
MUL_MAT_VEC q4_0 m=5120 n=1 k=17408: 1 x 96.96 us = 96.96 us (1838.42 GFLOPS/s)
Total time: 96.96 us.
----------------
Vulkan Timings:
MUL_MAT_VEC q4_0 m=5120 n=1 k=17408: 1 x 96.68 us = 96.68 us (1843.74 GFLOPS/s)
Total time: 96.68 us.
----------------
Vulkan Timings:
MUL_MAT_VEC q4_0 m=5120 n=1 k=17408: 1 x 97.04 us = 97.04 us (1836.9 GFLOPS/s)
Total time: 97.04 us.
----------------
Vulkan Timings:
MUL_MAT_VEC q4_0 m=5120 n=1 k=17408: 1 x 96.72 us = 96.72 us (1842.98 GFLOPS/s)
Total time: 96.72 us.
----------------
Vulkan Timings:
MUL_MAT_VEC q4_0 m=5120 n=1 k=17408: 1 x 96.76 us = 96.76 us (1842.22 GFLOPS/s)
Total time: 96.76 us.
----------------
Vulkan Timings:
MUL_MAT_VEC q4_0 m=5120 n=1 k=17408: 1 x 96.32 us = 96.32 us (1850.63 GFLOPS/s)
Total time: 96.32 us.
----------------
Vulkan Timings:
MUL_MAT_VEC q4_0 m=5120 n=1 k=17408: 1 x 96.68 us = 96.68 us (1843.74 GFLOPS/s)
Total time: 96.68 us.
----------------
Vulkan Timings:
MUL_MAT_VEC q4_0 m=5120 n=1 k=17408: 1 x 96.84 us = 96.84 us (1840.69 GFLOPS/s)
Total time: 96.84 us.
----------------
Vulkan Timings:
MUL_MAT_VEC q4_0 m=5120 n=1 k=17408: 1 x 96.84 us = 96.84 us (1840.69 GFLOPS/s)
Total time: 96.84 us.
----------------
Vulkan Timings:
MUL_MAT_VEC q4_0 m=5120 n=1 k=17408: 1 x 96.76 us = 96.76 us (1842.22 GFLOPS/s)
Total time: 96.76 us.
----------------
Vulkan Timings:
MUL_MAT_VEC q4_0 m=5120 n=1 k=17408: 1 x 96.56 us = 96.56 us (1846.03 GFLOPS/s)
Total time: 96.56 us.
----------------
Vulkan Timings:
MUL_MAT_VEC q4_0 m=5120 n=1 k=17408: 1 x 96.8 us = 96.8 us (1841.45 GFLOPS/s)
Total time: 96.8 us.
----------------
Vulkan Timings:
MUL_MAT_VEC q4_0 m=5120 n=1 k=17408: 1 x 96.92 us = 96.92 us (1839.17 GFLOPS/s)
Total time: 96.92 us.
----------------
Vulkan Timings:
MUL_MAT_VEC q4_0 m=5120 n=1 k=17408: 1 x 97 us = 97 us (1837.66 GFLOPS/s)
Total time: 97 us.
----------------
Vulkan Timings:
MUL_MAT_VEC q4_0 m=5120 n=1 k=17408: 1 x 97 us = 97 us (1837.66 GFLOPS/s)
Total time: 97 us.
----------------
Vulkan Timings:
MUL_MAT_VEC q4_0 m=5120 n=1 k=17408: 1 x 97.08 us = 97.08 us (1836.14 GFLOPS/s)
Total time: 97.08 us.
----------------
Vulkan Timings:
MUL_MAT_VEC q4_0 m=5120 n=1 k=17408: 1 x 96.64 us = 96.64 us (1844.5 GFLOPS/s)
Total time: 96.64 us.
----------------
Vulkan Timings:
MUL_MAT_VEC q4_0 m=5120 n=1 k=17408: 1 x 96.52 us = 96.52 us (1846.8 GFLOPS/s)
Total time: 96.52 us.
----------------
Vulkan Timings:
MUL_MAT_VEC q4_0 m=5120 n=1 k=17408: 1 x 96.76 us = 96.76 us (1842.22 GFLOPS/s)
Total time: 96.76 us.
----------------
Vulkan Timings:
MUL_MAT_VEC q4_0 m=5120 n=1 k=17408: 1 x 96.76 us = 96.76 us (1842.22 GFLOPS/s)
Total time: 96.76 us.
----------------
Vulkan Timings:
MUL_MAT_VEC q4_0 m=5120 n=1 k=17408: 1 x 96.68 us = 96.68 us (1843.74 GFLOPS/s)
Total time: 96.68 us.
----------------
Vulkan Timings:
MUL_MAT_VEC q4_0 m=5120 n=1 k=17408: 1 x 96.72 us = 96.72 us (1842.98 GFLOPS/s)
Total time: 96.72 us.
----------------
Vulkan Timings:
MUL_MAT_VEC q4_0 m=5120 n=1 k=17408: 1 x 96.68 us = 96.68 us (1843.74 GFLOPS/s)
Total time: 96.68 us.
----------------
Vulkan Timings:
MUL_MAT_VEC q4_0 m=5120 n=1 k=17408: 1 x 96.24 us = 96.24 us (1852.17 GFLOPS/s)
Total time: 96.24 us.
----------------
Vulkan Timings:
MUL_MAT_VEC q4_0 m=5120 n=1 k=17408: 1 x 96.92 us = 96.92 us (1839.17 GFLOPS/s)
Total time: 96.92 us.
----------------
Vulkan Timings:
MUL_MAT_VEC q4_0 m=5120 n=1 k=17408: 1 x 96.6 us = 96.6 us (1845.27 GFLOPS/s)
Total time: 96.6 us.
----------------
Vulkan Timings:
MUL_MAT_VEC q4_0 m=5120 n=1 k=17408: 1 x 96.56 us = 96.56 us (1846.03 GFLOPS/s)
Total time: 96.56 us.
----------------
Vulkan Timings:
MUL_MAT_VEC q4_0 m=5120 n=1 k=17408: 1 x 96.36 us = 96.36 us (1849.86 GFLOPS/s)
Total time: 96.36 us.
----------------
Vulkan Timings:
MUL_MAT_VEC q4_0 m=5120 n=1 k=17408: 1 x 96.48 us = 96.48 us (1847.56 GFLOPS/s)
Total time: 96.48 us.
----------------
Vulkan Timings:
MUL_MAT_VEC q4_0 m=5120 n=1 k=17408: 1 x 96.64 us = 96.64 us (1844.5 GFLOPS/s)
Total time: 96.64 us.
----------------
Vulkan Timings:
MUL_MAT_VEC q4_0 m=5120 n=1 k=17408: 1 x 96.8 us = 96.8 us (1841.45 GFLOPS/s)
Total time: 96.8 us.
----------------
Vulkan Timings:
MUL_MAT_VEC q4_0 m=5120 n=1 k=17408: 1 x 96.68 us = 96.68 us (1843.74 GFLOPS/s)
Total time: 96.68 us.
----------------
Vulkan Timings:
MUL_MAT_VEC q4_0 m=5120 n=1 k=17408: 1 x 96.68 us = 96.68 us (1843.74 GFLOPS/s)
Total time: 96.68 us.
----------------
Vulkan Timings:
MUL_MAT_VEC q4_0 m=5120 n=1 k=17408: 1 x 96.44 us = 96.44 us (1848.33 GFLOPS/s)
Total time: 96.44 us.
----------------
Vulkan Timings:
MUL_MAT_VEC q4_0 m=5120 n=1 k=17408: 1 x 96.6 us = 96.6 us (1845.27 GFLOPS/s)
Total time: 96.6 us.
----------------
Vulkan Timings:
MUL_MAT_VEC q4_0 m=5120 n=1 k=17408: 1 x 96.68 us = 96.68 us (1843.74 GFLOPS/s)
Total time: 96.68 us.
----------------
Vulkan Timings:
MUL_MAT_VEC q4_0 m=5120 n=1 k=17408: 1 x 97.52 us = 97.52 us (1827.86 GFLOPS/s)
Total time: 97.52 us.
----------------
Vulkan Timings:
MUL_MAT_VEC q4_0 m=5120 n=1 k=17408: 1 x 96.64 us = 96.64 us (1844.5 GFLOPS/s)
Total time: 96.64 us.
----------------
Vulkan Timings:
MUL_MAT_VEC q4_0 m=5120 n=1 k=17408: 1 x 96.8 us = 96.8 us (1841.45 GFLOPS/s)
Total time: 96.8 us.
----------------
Vulkan Timings:
MUL_MAT_VEC q4_0 m=5120 n=1 k=17408: 1 x 96.76 us = 96.76 us (1842.22 GFLOPS/s)
Total time: 96.76 us.
----------------
Vulkan Timings:
MUL_MAT_VEC q4_0 m=5120 n=1 k=17408: 1 x 96.8 us = 96.8 us (1841.45 GFLOPS/s)
Total time: 96.8 us.
----------------
Vulkan Timings:
MUL_MAT_VEC q4_0 m=5120 n=1 k=17408: 1 x 96.64 us = 96.64 us (1844.5 GFLOPS/s)
Total time: 96.64 us.
----------------
Vulkan Timings:
MUL_MAT_VEC q4_0 m=5120 n=1 k=17408: 1 x 96.72 us = 96.72 us (1842.98 GFLOPS/s)
Total time: 96.72 us.
----------------
Vulkan Timings:
MUL_MAT_VEC q4_0 m=5120 n=1 k=17408: 1 x 96.12 us = 96.12 us (1854.48 GFLOPS/s)
Total time: 96.12 us.
----------------
Vulkan Timings:
MUL_MAT_VEC q4_0 m=5120 n=1 k=17408: 1 x 96.48 us = 96.48 us (1847.56 GFLOPS/s)
Total time: 96.48 us.
----------------
Vulkan Timings:
MUL_MAT_VEC q4_0 m=5120 n=1 k=17408: 1 x 96.48 us = 96.48 us (1847.56 GFLOPS/s)
Total time: 96.48 us.
----------------
Vulkan Timings:
MUL_MAT_VEC q4_0 m=5120 n=1 k=17408: 1 x 96.6 us = 96.6 us (1845.27 GFLOPS/s)
Total time: 96.6 us.
----------------
Vulkan Timings:
MUL_MAT_VEC q4_0 m=5120 n=1 k=17408: 1 x 96.36 us = 96.36 us (1849.86 GFLOPS/s)
Total time: 96.36 us.
----------------
Vulkan Timings:
MUL_MAT_VEC q4_0 m=5120 n=1 k=17408: 1 x 96.72 us = 96.72 us (1842.98 GFLOPS/s)
Total time: 96.72 us.
----------------
Vulkan Timings:
MUL_MAT_VEC q4_0 m=5120 n=1 k=17408: 1 x 96.6 us = 96.6 us (1845.27 GFLOPS/s)
Total time: 96.6 us.
----------------
Vulkan Timings:
MUL_MAT_VEC q4_0 m=5120 n=1 k=17408: 1 x 96.64 us = 96.64 us (1844.5 GFLOPS/s)
Total time: 96.64 us.
----------------
Vulkan Timings:
MUL_MAT_VEC q4_0 m=5120 n=1 k=17408: 1 x 96.76 us = 96.76 us (1842.22 GFLOPS/s)
Total time: 96.76 us.
----------------
Vulkan Timings:
MUL_MAT_VEC q4_0 m=5120 n=1 k=17408: 1 x 96.76 us = 96.76 us (1842.22 GFLOPS/s)
Total time: 96.76 us.
----------------
Vulkan Timings:
MUL_MAT_VEC q4_0 m=5120 n=1 k=17408: 1 x 96.44 us = 96.44 us (1848.33 GFLOPS/s)
Total time: 96.44 us.
----------------
Vulkan Timings:
MUL_MAT_VEC q4_0 m=5120 n=1 k=17408: 1 x 96.48 us = 96.48 us (1847.56 GFLOPS/s)
Total time: 96.48 us.
----------------
Vulkan Timings:
MUL_MAT_VEC q4_0 m=5120 n=1 k=17408: 1 x 96.48 us = 96.48 us (1847.56 GFLOPS/s)
Total time: 96.48 us.
----------------
Vulkan Timings:
MUL_MAT_VEC q4_0 m=5120 n=1 k=17408: 1 x 96.08 us = 96.08 us (1855.25 GFLOPS/s)
Total time: 96.08 us.
----------------
Vulkan Timings:
MUL_MAT_VEC q4_0 m=5120 n=1 k=17408: 1 x 96.68 us = 96.68 us (1843.74 GFLOPS/s)
Total time: 96.68 us.
----------------
Vulkan Timings:
MUL_MAT_VEC q4_0 m=5120 n=1 k=17408: 1 x 96.68 us = 96.68 us (1843.74 GFLOPS/s)
Total time: 96.68 us.
----------------
Vulkan Timings:
MUL_MAT_VEC q4_0 m=5120 n=1 k=17408: 1 x 96.64 us = 96.64 us (1844.5 GFLOPS/s)
Total time: 96.64 us.
----------------
Vulkan Timings:
MUL_MAT_VEC q4_0 m=5120 n=1 k=17408: 1 x 96.92 us = 96.92 us (1839.17 GFLOPS/s)
Total time: 96.92 us.
----------------
Vulkan Timings:
MUL_MAT_VEC q4_0 m=5120 n=1 k=17408: 1 x 96.76 us = 96.76 us (1842.22 GFLOPS/s)
Total time: 96.76 us.
----------------
Vulkan Timings:
MUL_MAT_VEC q4_0 m=5120 n=1 k=17408: 1 x 96.76 us = 96.76 us (1842.22 GFLOPS/s)
Total time: 96.76 us.
----------------
Vulkan Timings:
MUL_MAT_VEC q4_0 m=5120 n=1 k=17408: 1 x 96.56 us = 96.56 us (1846.03 GFLOPS/s)
Total time: 96.56 us.
----------------
Vulkan Timings:
MUL_MAT_VEC q4_0 m=5120 n=1 k=17408: 1 x 96.4 us = 96.4 us (1849.1 GFLOPS/s)
Total time: 96.4 us.
----------------
Vulkan Timings:
MUL_MAT_VEC q4_0 m=5120 n=1 k=17408: 1 x 96.48 us = 96.48 us (1847.56 GFLOPS/s)
Total time: 96.48 us.
----------------
Vulkan Timings:
MUL_MAT_VEC q4_0 m=5120 n=1 k=17408: 1 x 110.88 us = 110.88 us (1607.62 GFLOPS/s)
Total time: 110.88 us.
----------------
Vulkan Timings:
MUL_MAT_VEC q4_0 m=5120 n=1 k=17408: 1 x 97.08 us = 97.08 us (1836.14 GFLOPS/s)
Total time: 97.08 us.
----------------
Vulkan Timings:
MUL_MAT_VEC q4_0 m=5120 n=1 k=17408: 1 x 96.24 us = 96.24 us (1852.17 GFLOPS/s)
Total time: 96.24 us.
----------------
Vulkan Timings:
MUL_MAT_VEC q4_0 m=5120 n=1 k=17408: 1 x 96.44 us = 96.44 us (1848.33 GFLOPS/s)
Total time: 96.44 us.
----------------
Vulkan Timings:
MUL_MAT_VEC q4_0 m=5120 n=1 k=17408: 1 x 96.68 us = 96.68 us (1843.74 GFLOPS/s)
Total time: 96.68 us.
----------------
Vulkan Timings:
MUL_MAT_VEC q4_0 m=5120 n=1 k=17408: 1 x 96.68 us = 96.68 us (1843.74 GFLOPS/s)
Total time: 96.68 us.
----------------
Vulkan Timings:
MUL_MAT_VEC q4_0 m=5120 n=1 k=17408: 1 x 96.84 us = 96.84 us (1840.69 GFLOPS/s)
Total time: 96.84 us.
----------------
Vulkan Timings:
MUL_MAT_VEC q4_0 m=5120 n=1 k=17408: 1 x 96.44 us = 96.44 us (1848.33 GFLOPS/s)
Total time: 96.44 us.
----------------
Vulkan Timings:
MUL_MAT_VEC q4_0 m=5120 n=1 k=17408: 1 x 96.88 us = 96.88 us (1839.93 GFLOPS/s)
Total time: 96.88 us.
----------------
Vulkan Timings:
MUL_MAT_VEC q4_0 m=5120 n=1 k=17408: 1 x 96.64 us = 96.64 us (1844.5 GFLOPS/s)
Total time: 96.64 us.
----------------
Vulkan Timings:
MUL_MAT_VEC q4_0 m=5120 n=1 k=17408: 1 x 96.6 us = 96.6 us (1845.27 GFLOPS/s)
Total time: 96.6 us.
----------------
Vulkan Timings:
MUL_MAT_VEC q4_0 m=5120 n=1 k=17408: 1 x 96.52 us = 96.52 us (1846.8 GFLOPS/s)
Total time: 96.52 us.
----------------
Vulkan Timings:
MUL_MAT_VEC q4_0 m=5120 n=1 k=17408: 1 x 96.8 us = 96.8 us (1841.45 GFLOPS/s)
Total time: 96.8 us.
----------------
Vulkan Timings:
MUL_MAT_VEC q4_0 m=5120 n=1 k=17408: 1 x 96.68 us = 96.68 us (1843.74 GFLOPS/s)
Total time: 96.68 us.
----------------
Vulkan Timings:
MUL_MAT_VEC q4_0 m=5120 n=1 k=17408: 1 x 96.84 us = 96.84 us (1840.69 GFLOPS/s)
Total time: 96.84 us.
----------------
Vulkan Timings:
MUL_MAT_VEC q4_0 m=5120 n=1 k=17408: 1 x 96.88 us = 96.88 us (1839.93 GFLOPS/s)
Total time: 96.88 us.
----------------
Vulkan Timings:
MUL_MAT_VEC q4_0 m=5120 n=1 k=17408: 1 x 96.56 us = 96.56 us (1846.03 GFLOPS/s)
Total time: 96.56 us.
----------------
Vulkan Timings:
MUL_MAT_VEC q4_0 m=5120 n=1 k=17408: 1 x 96.72 us = 96.72 us (1842.98 GFLOPS/s)
Total time: 96.72 us.
----------------
Vulkan Timings:
MUL_MAT_VEC q4_0 m=5120 n=1 k=17408: 1 x 96.52 us = 96.52 us (1846.8 GFLOPS/s)
Total time: 96.52 us.
----------------
Vulkan Timings:
MUL_MAT_VEC q4_0 m=5120 n=1 k=17408: 1 x 96.64 us = 96.64 us (1844.5 GFLOPS/s)
Total time: 96.64 us.
----------------
Vulkan Timings:
MUL_MAT_VEC q4_0 m=5120 n=1 k=17408: 1 x 96.8 us = 96.8 us (1841.45 GFLOPS/s)
Total time: 96.8 us.
----------------
Vulkan Timings:
MUL_MAT_VEC q4_0 m=5120 n=1 k=17408: 1 x 96.52 us = 96.52 us (1846.8 GFLOPS/s)
Total time: 96.52 us.
----------------
Vulkan Timings:
MUL_MAT_VEC q4_0 m=5120 n=1 k=17408: 1 x 96.6 us = 96.6 us (1845.27 GFLOPS/s)
Total time: 96.6 us.
----------------
Vulkan Timings:
MUL_MAT_VEC q4_0 m=5120 n=1 k=17408: 1 x 96.36 us = 96.36 us (1849.86 GFLOPS/s)
Total time: 96.36 us.
----------------
Vulkan Timings:
MUL_MAT_VEC q4_0 m=5120 n=1 k=17408: 1 x 96.64 us = 96.64 us (1844.5 GFLOPS/s)
Total time: 96.64 us.
----------------
Vulkan Timings:
MUL_MAT_VEC q4_0 m=5120 n=1 k=17408: 1 x 96.8 us = 96.8 us (1841.45 GFLOPS/s)
Total time: 96.8 us.
----------------
Vulkan Timings:
MUL_MAT_VEC q4_0 m=5120 n=1 k=17408: 1 x 96.28 us = 96.28 us (1851.4 GFLOPS/s)
Total time: 96.28 us.
----------------
Vulkan Timings:
MUL_MAT_VEC q4_0 m=5120 n=1 k=17408: 1 x 96.68 us = 96.68 us (1843.74 GFLOPS/s)
Total time: 96.68 us.
----------------
Vulkan Timings:
MUL_MAT_VEC q4_0 m=5120 n=1 k=17408: 1 x 96.96 us = 96.96 us (1838.42 GFLOPS/s)
Total time: 96.96 us.
----------------
Vulkan Timings:
MUL_MAT_VEC q4_0 m=5120 n=1 k=17408: 1 x 96.56 us = 96.56 us (1846.03 GFLOPS/s)
Total time: 96.56 us.
----------------
Vulkan Timings:
MUL_MAT_VEC q4_0 m=5120 n=1 k=17408: 1 x 96.76 us = 96.76 us (1842.22 GFLOPS/s)
Total time: 96.76 us.
----------------
Vulkan Timings:
MUL_MAT_VEC q4_0 m=5120 n=1 k=17408: 1 x 96.44 us = 96.44 us (1848.33 GFLOPS/s)
Total time: 96.44 us.
----------------
Vulkan Timings:
MUL_MAT_VEC q4_0 m=5120 n=1 k=17408: 1 x 96.68 us = 96.68 us (1843.74 GFLOPS/s)
Total time: 96.68 us.
----------------
Vulkan Timings:
MUL_MAT_VEC q4_0 m=5120 n=1 k=17408: 1 x 96.76 us = 96.76 us (1842.22 GFLOPS/s)
Total time: 96.76 us.
----------------
Vulkan Timings:
MUL_MAT_VEC q4_0 m=5120 n=1 k=17408: 1 x 96.6 us = 96.6 us (1845.27 GFLOPS/s)
Total time: 96.6 us.
----------------
Vulkan Timings:
MUL_MAT_VEC q4_0 m=5120 n=1 k=17408: 1 x 96.76 us = 96.76 us (1842.22 GFLOPS/s)
Total time: 96.76 us.
----------------
Vulkan Timings:
MUL_MAT_VEC q4_0 m=5120 n=1 k=17408: 1 x 96.88 us = 96.88 us (1839.93 GFLOPS/s)
Total time: 96.88 us.
----------------
Vulkan Timings:
MUL_MAT_VEC q4_0 m=5120 n=1 k=17408: 1 x 96.6 us = 96.6 us (1845.27 GFLOPS/s)
Total time: 96.6 us.
----------------
Vulkan Timings:
MUL_MAT_VEC q4_0 m=5120 n=1 k=17408: 1 x 96.52 us = 96.52 us (1846.8 GFLOPS/s)
Total time: 96.52 us.
----------------
Vulkan Timings:
MUL_MAT_VEC q4_0 m=5120 n=1 k=17408: 1 x 96.72 us = 96.72 us (1842.98 GFLOPS/s)
Total time: 96.72 us.
----------------
Vulkan Timings:
MUL_MAT_VEC q4_0 m=5120 n=1 k=17408: 1 x 96.8 us = 96.8 us (1841.45 GFLOPS/s)
Total time: 96.8 us.
----------------
Vulkan Timings:
MUL_MAT_VEC q4_0 m=5120 n=1 k=17408: 1 x 96.84 us = 96.84 us (1840.69 GFLOPS/s)
Total time: 96.84 us.
----------------
Vulkan Timings:
MUL_MAT_VEC q4_0 m=5120 n=1 k=17408: 1 x 96.6 us = 96.6 us (1845.27 GFLOPS/s)
Total time: 96.6 us.
----------------
Vulkan Timings:
MUL_MAT_VEC q4_0 m=5120 n=1 k=17408: 1 x 96.84 us = 96.84 us (1840.69 GFLOPS/s)
Total time: 96.84 us.
----------------
Vulkan Timings:
MUL_MAT_VEC q4_0 m=5120 n=1 k=17408: 1 x 96.76 us = 96.76 us (1842.22 GFLOPS/s)
Total time: 96.76 us.
----------------
Vulkan Timings:
MUL_MAT_VEC q4_0 m=5120 n=1 k=17408: 1 x 96.64 us = 96.64 us (1844.5 GFLOPS/s)
Total time: 96.64 us.
----------------
Vulkan Timings:
MUL_MAT_VEC q4_0 m=5120 n=1 k=17408: 1 x 96.52 us = 96.52 us (1846.8 GFLOPS/s)
Total time: 96.52 us.
----------------
Vulkan Timings:
MUL_MAT_VEC q4_0 m=5120 n=1 k=17408: 1 x 96.84 us = 96.84 us (1840.69 GFLOPS/s)
Total time: 96.84 us.
----------------
Vulkan Timings:
MUL_MAT_VEC q4_0 m=5120 n=1 k=17408: 1 x 96.72 us = 96.72 us (1842.98 GFLOPS/s)
Total time: 96.72 us.
----------------
Vulkan Timings:
MUL_MAT_VEC q4_0 m=5120 n=1 k=17408: 1 x 96.36 us = 96.36 us (1849.86 GFLOPS/s)
Total time: 96.36 us.
----------------
Vulkan Timings:
MUL_MAT_VEC q4_0 m=5120 n=1 k=17408: 1 x 96.44 us = 96.44 us (1848.33 GFLOPS/s)
Total time: 96.44 us.
----------------
Vulkan Timings:
MUL_MAT_VEC q4_0 m=5120 n=1 k=17408: 1 x 96.68 us = 96.68 us (1843.74 GFLOPS/s)
Total time: 96.68 us.
----------------
Vulkan Timings:
MUL_MAT_VEC q4_0 m=5120 n=1 k=17408: 1 x 96.64 us = 96.64 us (1844.5 GFLOPS/s)
Total time: 96.64 us.
----------------
Vulkan Timings:
MUL_MAT_VEC q4_0 m=5120 n=1 k=17408: 1 x 96.92 us = 96.92 us (1839.17 GFLOPS/s)
Total time: 96.92 us.
----------------
Vulkan Timings:
MUL_MAT_VEC q4_0 m=5120 n=1 k=17408: 1 x 96.8 us = 96.8 us (1841.45 GFLOPS/s)
Total time: 96.8 us.
----------------
Vulkan Timings:
MUL_MAT_VEC q4_0 m=5120 n=1 k=17408: 1 x 96.64 us = 96.64 us (1844.5 GFLOPS/s)
Total time: 96.64 us.
----------------
Vulkan Timings:
MUL_MAT_VEC q4_0 m=5120 n=1 k=17408: 1 x 96.64 us = 96.64 us (1844.5 GFLOPS/s)
Total time: 96.64 us.
----------------
Vulkan Timings:
MUL_MAT_VEC q4_0 m=5120 n=1 k=17408: 1 x 96.36 us = 96.36 us (1849.86 GFLOPS/s)
Total time: 96.36 us.
----------------
Vulkan Timings:
MUL_MAT_VEC q4_0 m=5120 n=1 k=17408: 1 x 96.72 us = 96.72 us (1842.98 GFLOPS/s)
Total time: 96.72 us.
----------------
Vulkan Timings:
MUL_MAT_VEC q4_0 m=5120 n=1 k=17408: 1 x 96.68 us = 96.68 us (1843.74 GFLOPS/s)
Total time: 96.68 us.
----------------
Vulkan Timings:
MUL_MAT_VEC q4_0 m=5120 n=1 k=17408: 1 x 96.92 us = 96.92 us (1839.17 GFLOPS/s)
Total time: 96.92 us.
----------------
Vulkan Timings:
MUL_MAT_VEC q4_0 m=5120 n=1 k=17408: 1 x 96.6 us = 96.6 us (1845.27 GFLOPS/s)
Total time: 96.6 us.
----------------
Vulkan Timings:
MUL_MAT_VEC q4_0 m=5120 n=1 k=17408: 1 x 96.72 us = 96.72 us (1842.98 GFLOPS/s)
Total time: 96.72 us.
----------------
Vulkan Timings:
MUL_MAT_VEC q4_0 m=5120 n=1 k=17408: 1 x 97 us = 97 us (1837.66 GFLOPS/s)
Total time: 97 us.
----------------
Vulkan Timings:
MUL_MAT_VEC q4_0 m=5120 n=1 k=17408: 1 x 96.8 us = 96.8 us (1841.45 GFLOPS/s)
Total time: 96.8 us.
----------------
Vulkan Timings:
MUL_MAT_VEC q4_0 m=5120 n=1 k=17408: 1 x 96.68 us = 96.68 us (1843.74 GFLOPS/s)
Total time: 96.68 us.
----------------
Vulkan Timings:
MUL_MAT_VEC q4_0 m=5120 n=1 k=17408: 1 x 96.8 us = 96.8 us (1841.45 GFLOPS/s)
Total time: 96.8 us.
----------------
Vulkan Timings:
MUL_MAT_VEC q4_0 m=5120 n=1 k=17408: 1 x 96.72 us = 96.72 us (1842.98 GFLOPS/s)
Total time: 96.72 us.
----------------
Vulkan Timings:
MUL_MAT_VEC q4_0 m=5120 n=1 k=17408: 1 x 96.32 us = 96.32 us (1850.63 GFLOPS/s)
Total time: 96.32 us.
----------------
Vulkan Timings:
MUL_MAT_VEC q4_0 m=5120 n=1 k=17408: 1 x 96.76 us = 96.76 us (1842.22 GFLOPS/s)
Total time: 96.76 us.
----------------
Vulkan Timings:
MUL_MAT_VEC q4_0 m=5120 n=1 k=17408: 1 x 96.68 us = 96.68 us (1843.74 GFLOPS/s)
Total time: 96.68 us.
----------------
Vulkan Timings:
MUL_MAT_VEC q4_0 m=5120 n=1 k=17408: 1 x 99.6 us = 99.6 us (1789.69 GFLOPS/s)
Total time: 99.6 us.
----------------
Vulkan Timings:
MUL_MAT_VEC q4_0 m=5120 n=1 k=17408: 1 x 97.72 us = 97.72 us (1824.12 GFLOPS/s)
Total time: 97.72 us.
----------------
Vulkan Timings:
MUL_MAT_VEC q4_0 m=5120 n=1 k=17408: 1 x 97.32 us = 97.32 us (1831.62 GFLOPS/s)
Total time: 97.32 us.
