ggml_vulkan: Found 1 Vulkan devices:
ggml_vulkan: 0 = AMD Radeon RX 7900 XTX (RADV NAVI31) (radv) | uma: 0 | fp16: dot2 | bf16: 0 | fp4: 0 | warp size: 64 | shared memory: 65536 | int dot: 1 | matrix cores: KHR_coopmat
oracle=0.24.0 commit=456172ec-dirty device=AMD Radeon RX 7900 XTX (RADV NAVI31) disable_mmvq=1
backend_allocation_bytes=50225152
----------------
Vulkan Timings:
MUL_MAT_VEC q4_0 m=17408 n=1 k=5120: 1 x 95.72 us = 95.72 us (1862.1 GFLOPS/s)
Total time: 95.72 us.
----------------
Vulkan Timings:
MUL_MAT_VEC q4_0 m=17408 n=1 k=5120: 1 x 90.96 us = 90.96 us (1959.55 GFLOPS/s)
Total time: 90.96 us.
----------------
Vulkan Timings:
MUL_MAT_VEC q4_0 m=17408 n=1 k=5120: 1 x 91.12 us = 91.12 us (1956.11 GFLOPS/s)
Total time: 91.12 us.
----------------
Vulkan Timings:
MUL_MAT_VEC q4_0 m=17408 n=1 k=5120: 1 x 91.12 us = 91.12 us (1956.11 GFLOPS/s)
Total time: 91.12 us.
----------------
Vulkan Timings:
MUL_MAT_VEC q4_0 m=17408 n=1 k=5120: 1 x 90.92 us = 90.92 us (1960.41 GFLOPS/s)
Total time: 90.92 us.
----------------
Vulkan Timings:
MUL_MAT_VEC q4_0 m=17408 n=1 k=5120: 1 x 91 us = 91 us (1958.69 GFLOPS/s)
Total time: 91 us.
----------------
Vulkan Timings:
MUL_MAT_VEC q4_0 m=17408 n=1 k=5120: 1 x 91.44 us = 91.44 us (1949.26 GFLOPS/s)
Total time: 91.44 us.
----------------
Vulkan Timings:
MUL_MAT_VEC q4_0 m=17408 n=1 k=5120: 1 x 91.04 us = 91.04 us (1957.83 GFLOPS/s)
Total time: 91.04 us.
----------------
Vulkan Timings:
MUL_MAT_VEC q4_0 m=17408 n=1 k=5120: 1 x 90.92 us = 90.92 us (1960.41 GFLOPS/s)
Total time: 90.92 us.
----------------
Vulkan Timings:
MUL_MAT_VEC q4_0 m=17408 n=1 k=5120: 1 x 91.08 us = 91.08 us (1956.97 GFLOPS/s)
Total time: 91.08 us.
----------------
Vulkan Timings:
MUL_MAT_VEC q4_0 m=17408 n=1 k=5120: 1 x 91.28 us = 91.28 us (1952.68 GFLOPS/s)
Total time: 91.28 us.
----------------
Vulkan Timings:
MUL_MAT_VEC q4_0 m=17408 n=1 k=5120: 1 x 91.08 us = 91.08 us (1956.97 GFLOPS/s)
Total time: 91.08 us.
----------------
Vulkan Timings:
MUL_MAT_VEC q4_0 m=17408 n=1 k=5120: 1 x 91.04 us = 91.04 us (1957.83 GFLOPS/s)
Total time: 91.04 us.
----------------
Vulkan Timings:
MUL_MAT_VEC q4_0 m=17408 n=1 k=5120: 1 x 91.04 us = 91.04 us (1957.83 GFLOPS/s)
Total time: 91.04 us.
----------------
Vulkan Timings:
MUL_MAT_VEC q4_0 m=17408 n=1 k=5120: 1 x 91.08 us = 91.08 us (1956.97 GFLOPS/s)
Total time: 91.08 us.
----------------
Vulkan Timings:
MUL_MAT_VEC q4_0 m=17408 n=1 k=5120: 1 x 93.6 us = 93.6 us (1904.28 GFLOPS/s)
Total time: 93.6 us.
----------------
Vulkan Timings:
MUL_MAT_VEC q4_0 m=17408 n=1 k=5120: 1 x 91.16 us = 91.16 us (1955.25 GFLOPS/s)
Total time: 91.16 us.
----------------
Vulkan Timings:
MUL_MAT_VEC q4_0 m=17408 n=1 k=5120: 1 x 92.76 us = 92.76 us (1921.52 GFLOPS/s)
Total time: 92.76 us.
----------------
Vulkan Timings:
MUL_MAT_VEC q4_0 m=17408 n=1 k=5120: 1 x 91.64 us = 91.64 us (1945.01 GFLOPS/s)
Total time: 91.64 us.
----------------
Vulkan Timings:
MUL_MAT_VEC q4_0 m=17408 n=1 k=5120: 1 x 91.08 us = 91.08 us (1956.97 GFLOPS/s)
Total time: 91.08 us.
----------------
Vulkan Timings:
MUL_MAT_VEC q4_0 m=17408 n=1 k=5120: 1 x 90.96 us = 90.96 us (1959.55 GFLOPS/s)
Total time: 90.96 us.
----------------
Vulkan Timings:
MUL_MAT_VEC q4_0 m=17408 n=1 k=5120: 1 x 91.04 us = 91.04 us (1957.83 GFLOPS/s)
Total time: 91.04 us.
----------------
Vulkan Timings:
MUL_MAT_VEC q4_0 m=17408 n=1 k=5120: 1 x 91 us = 91 us (1958.69 GFLOPS/s)
Total time: 91 us.
----------------
Vulkan Timings:
MUL_MAT_VEC q4_0 m=17408 n=1 k=5120: 1 x 90.96 us = 90.96 us (1959.55 GFLOPS/s)
Total time: 90.96 us.
----------------
Vulkan Timings:
MUL_MAT_VEC q4_0 m=17408 n=1 k=5120: 1 x 91.12 us = 91.12 us (1956.11 GFLOPS/s)
Total time: 91.12 us.
----------------
Vulkan Timings:
MUL_MAT_VEC q4_0 m=17408 n=1 k=5120: 1 x 91.04 us = 91.04 us (1957.83 GFLOPS/s)
Total time: 91.04 us.
----------------
Vulkan Timings:
MUL_MAT_VEC q4_0 m=17408 n=1 k=5120: 1 x 91.24 us = 91.24 us (1953.53 GFLOPS/s)
Total time: 91.24 us.
----------------
Vulkan Timings:
MUL_MAT_VEC q4_0 m=17408 n=1 k=5120: 1 x 91.2 us = 91.2 us (1954.39 GFLOPS/s)
Total time: 91.2 us.
----------------
Vulkan Timings:
MUL_MAT_VEC q4_0 m=17408 n=1 k=5120: 1 x 90.96 us = 90.96 us (1959.55 GFLOPS/s)
Total time: 90.96 us.
----------------
Vulkan Timings:
MUL_MAT_VEC q4_0 m=17408 n=1 k=5120: 1 x 90.72 us = 90.72 us (1964.73 GFLOPS/s)
Total time: 90.72 us.
----------------
Vulkan Timings:
MUL_MAT_VEC q4_0 m=17408 n=1 k=5120: 1 x 91.2 us = 91.2 us (1954.39 GFLOPS/s)
Total time: 91.2 us.
----------------
Vulkan Timings:
MUL_MAT_VEC q4_0 m=17408 n=1 k=5120: 1 x 91.24 us = 91.24 us (1953.53 GFLOPS/s)
Total time: 91.24 us.
----------------
Vulkan Timings:
MUL_MAT_VEC q4_0 m=17408 n=1 k=5120: 1 x 90.96 us = 90.96 us (1959.55 GFLOPS/s)
Total time: 90.96 us.
----------------
Vulkan Timings:
MUL_MAT_VEC q4_0 m=17408 n=1 k=5120: 1 x 91 us = 91 us (1958.69 GFLOPS/s)
Total time: 91 us.
----------------
Vulkan Timings:
MUL_MAT_VEC q4_0 m=17408 n=1 k=5120: 1 x 91.04 us = 91.04 us (1957.83 GFLOPS/s)
Total time: 91.04 us.
----------------
Vulkan Timings:
MUL_MAT_VEC q4_0 m=17408 n=1 k=5120: 1 x 91.12 us = 91.12 us (1956.11 GFLOPS/s)
Total time: 91.12 us.
----------------
Vulkan Timings:
MUL_MAT_VEC q4_0 m=17408 n=1 k=5120: 1 x 90.92 us = 90.92 us (1960.41 GFLOPS/s)
Total time: 90.92 us.
----------------
Vulkan Timings:
MUL_MAT_VEC q4_0 m=17408 n=1 k=5120: 1 x 90.84 us = 90.84 us (1962.14 GFLOPS/s)
Total time: 90.84 us.
----------------
Vulkan Timings:
MUL_MAT_VEC q4_0 m=17408 n=1 k=5120: 1 x 90.92 us = 90.92 us (1960.41 GFLOPS/s)
Total time: 90.92 us.
----------------
Vulkan Timings:
MUL_MAT_VEC q4_0 m=17408 n=1 k=5120: 1 x 91.04 us = 91.04 us (1957.83 GFLOPS/s)
Total time: 91.04 us.
----------------
Vulkan Timings:
MUL_MAT_VEC q4_0 m=17408 n=1 k=5120: 1 x 90.88 us = 90.88 us (1961.27 GFLOPS/s)
Total time: 90.88 us.
----------------
Vulkan Timings:
MUL_MAT_VEC q4_0 m=17408 n=1 k=5120: 1 x 91.28 us = 91.28 us (1952.68 GFLOPS/s)
Total time: 91.28 us.
----------------
Vulkan Timings:
MUL_MAT_VEC q4_0 m=17408 n=1 k=5120: 1 x 91 us = 91 us (1958.69 GFLOPS/s)
Total time: 91 us.
----------------
Vulkan Timings:
MUL_MAT_VEC q4_0 m=17408 n=1 k=5120: 1 x 91 us = 91 us (1958.69 GFLOPS/s)
Total time: 91 us.
----------------
Vulkan Timings:
MUL_MAT_VEC q4_0 m=17408 n=1 k=5120: 1 x 90.96 us = 90.96 us (1959.55 GFLOPS/s)
Total time: 90.96 us.
----------------
Vulkan Timings:
MUL_MAT_VEC q4_0 m=17408 n=1 k=5120: 1 x 90.76 us = 90.76 us (1963.87 GFLOPS/s)
Total time: 90.76 us.
----------------
Vulkan Timings:
MUL_MAT_VEC q4_0 m=17408 n=1 k=5120: 1 x 91 us = 91 us (1958.69 GFLOPS/s)
Total time: 91 us.
----------------
Vulkan Timings:
MUL_MAT_VEC q4_0 m=17408 n=1 k=5120: 1 x 91.32 us = 91.32 us (1951.82 GFLOPS/s)
Total time: 91.32 us.
----------------
Vulkan Timings:
MUL_MAT_VEC q4_0 m=17408 n=1 k=5120: 1 x 90.68 us = 90.68 us (1965.6 GFLOPS/s)
Total time: 90.68 us.
----------------
Vulkan Timings:
MUL_MAT_VEC q4_0 m=17408 n=1 k=5120: 1 x 91.24 us = 91.24 us (1953.53 GFLOPS/s)
Total time: 91.24 us.
----------------
Vulkan Timings:
MUL_MAT_VEC q4_0 m=17408 n=1 k=5120: 1 x 91.08 us = 91.08 us (1956.97 GFLOPS/s)
Total time: 91.08 us.
----------------
Vulkan Timings:
MUL_MAT_VEC q4_0 m=17408 n=1 k=5120: 1 x 91.4 us = 91.4 us (1950.12 GFLOPS/s)
Total time: 91.4 us.
----------------
Vulkan Timings:
MUL_MAT_VEC q4_0 m=17408 n=1 k=5120: 1 x 90.64 us = 90.64 us (1966.47 GFLOPS/s)
Total time: 90.64 us.
----------------
Vulkan Timings:
MUL_MAT_VEC q4_0 m=17408 n=1 k=5120: 1 x 91.12 us = 91.12 us (1956.11 GFLOPS/s)
Total time: 91.12 us.
----------------
Vulkan Timings:
MUL_MAT_VEC q4_0 m=17408 n=1 k=5120: 1 x 90.88 us = 90.88 us (1961.27 GFLOPS/s)
Total time: 90.88 us.
----------------
Vulkan Timings:
MUL_MAT_VEC q4_0 m=17408 n=1 k=5120: 1 x 91.48 us = 91.48 us (1948.41 GFLOPS/s)
Total time: 91.48 us.
----------------
Vulkan Timings:
MUL_MAT_VEC q4_0 m=17408 n=1 k=5120: 1 x 91.12 us = 91.12 us (1956.11 GFLOPS/s)
Total time: 91.12 us.
----------------
Vulkan Timings:
MUL_MAT_VEC q4_0 m=17408 n=1 k=5120: 1 x 91.2 us = 91.2 us (1954.39 GFLOPS/s)
Total time: 91.2 us.
----------------
Vulkan Timings:
MUL_MAT_VEC q4_0 m=17408 n=1 k=5120: 1 x 91.08 us = 91.08 us (1956.97 GFLOPS/s)
Total time: 91.08 us.
----------------
Vulkan Timings:
MUL_MAT_VEC q4_0 m=17408 n=1 k=5120: 1 x 91.08 us = 91.08 us (1956.97 GFLOPS/s)
Total time: 91.08 us.
----------------
Vulkan Timings:
MUL_MAT_VEC q4_0 m=17408 n=1 k=5120: 1 x 90.96 us = 90.96 us (1959.55 GFLOPS/s)
Total time: 90.96 us.
----------------
Vulkan Timings:
MUL_MAT_VEC q4_0 m=17408 n=1 k=5120: 1 x 91.08 us = 91.08 us (1956.97 GFLOPS/s)
Total time: 91.08 us.
----------------
Vulkan Timings:
MUL_MAT_VEC q4_0 m=17408 n=1 k=5120: 1 x 91.12 us = 91.12 us (1956.11 GFLOPS/s)
Total time: 91.12 us.
----------------
Vulkan Timings:
MUL_MAT_VEC q4_0 m=17408 n=1 k=5120: 1 x 91.08 us = 91.08 us (1956.97 GFLOPS/s)
Total time: 91.08 us.
----------------
Vulkan Timings:
MUL_MAT_VEC q4_0 m=17408 n=1 k=5120: 1 x 90.88 us = 90.88 us (1961.27 GFLOPS/s)
Total time: 90.88 us.
----------------
Vulkan Timings:
MUL_MAT_VEC q4_0 m=17408 n=1 k=5120: 1 x 91.16 us = 91.16 us (1955.25 GFLOPS/s)
Total time: 91.16 us.
----------------
Vulkan Timings:
MUL_MAT_VEC q4_0 m=17408 n=1 k=5120: 1 x 91.12 us = 91.12 us (1956.11 GFLOPS/s)
Total time: 91.12 us.
----------------
Vulkan Timings:
MUL_MAT_VEC q4_0 m=17408 n=1 k=5120: 1 x 91.36 us = 91.36 us (1950.97 GFLOPS/s)
Total time: 91.36 us.
----------------
Vulkan Timings:
MUL_MAT_VEC q4_0 m=17408 n=1 k=5120: 1 x 91.08 us = 91.08 us (1956.97 GFLOPS/s)
Total time: 91.08 us.
----------------
Vulkan Timings:
MUL_MAT_VEC q4_0 m=17408 n=1 k=5120: 1 x 91.2 us = 91.2 us (1954.39 GFLOPS/s)
Total time: 91.2 us.
----------------
Vulkan Timings:
MUL_MAT_VEC q4_0 m=17408 n=1 k=5120: 1 x 91.08 us = 91.08 us (1956.97 GFLOPS/s)
Total time: 91.08 us.
----------------
Vulkan Timings:
MUL_MAT_VEC q4_0 m=17408 n=1 k=5120: 1 x 90.72 us = 90.72 us (1964.73 GFLOPS/s)
Total time: 90.72 us.
----------------
Vulkan Timings:
MUL_MAT_VEC q4_0 m=17408 n=1 k=5120: 1 x 91.08 us = 91.08 us (1956.97 GFLOPS/s)
Total time: 91.08 us.
----------------
Vulkan Timings:
MUL_MAT_VEC q4_0 m=17408 n=1 k=5120: 1 x 90.96 us = 90.96 us (1959.55 GFLOPS/s)
Total time: 90.96 us.
----------------
Vulkan Timings:
MUL_MAT_VEC q4_0 m=17408 n=1 k=5120: 1 x 90.96 us = 90.96 us (1959.55 GFLOPS/s)
Total time: 90.96 us.
----------------
Vulkan Timings:
MUL_MAT_VEC q4_0 m=17408 n=1 k=5120: 1 x 91.08 us = 91.08 us (1956.97 GFLOPS/s)
Total time: 91.08 us.
----------------
Vulkan Timings:
MUL_MAT_VEC q4_0 m=17408 n=1 k=5120: 1 x 91.36 us = 91.36 us (1950.97 GFLOPS/s)
Total time: 91.36 us.
----------------
Vulkan Timings:
MUL_MAT_VEC q4_0 m=17408 n=1 k=5120: 1 x 91.24 us = 91.24 us (1953.53 GFLOPS/s)
Total time: 91.24 us.
----------------
Vulkan Timings:
MUL_MAT_VEC q4_0 m=17408 n=1 k=5120: 1 x 91.16 us = 91.16 us (1955.25 GFLOPS/s)
Total time: 91.16 us.
----------------
Vulkan Timings:
MUL_MAT_VEC q4_0 m=17408 n=1 k=5120: 1 x 91.32 us = 91.32 us (1951.82 GFLOPS/s)
Total time: 91.32 us.
----------------
Vulkan Timings:
MUL_MAT_VEC q4_0 m=17408 n=1 k=5120: 1 x 91.2 us = 91.2 us (1954.39 GFLOPS/s)
Total time: 91.2 us.
----------------
Vulkan Timings:
MUL_MAT_VEC q4_0 m=17408 n=1 k=5120: 1 x 90.56 us = 90.56 us (1968.2 GFLOPS/s)
Total time: 90.56 us.
----------------
Vulkan Timings:
MUL_MAT_VEC q4_0 m=17408 n=1 k=5120: 1 x 91 us = 91 us (1958.69 GFLOPS/s)
Total time: 91 us.
----------------
Vulkan Timings:
MUL_MAT_VEC q4_0 m=17408 n=1 k=5120: 1 x 90.96 us = 90.96 us (1959.55 GFLOPS/s)
Total time: 90.96 us.
----------------
Vulkan Timings:
MUL_MAT_VEC q4_0 m=17408 n=1 k=5120: 1 x 91 us = 91 us (1958.69 GFLOPS/s)
Total time: 91 us.
----------------
Vulkan Timings:
MUL_MAT_VEC q4_0 m=17408 n=1 k=5120: 1 x 91.04 us = 91.04 us (1957.83 GFLOPS/s)
Total time: 91.04 us.
----------------
Vulkan Timings:
MUL_MAT_VEC q4_0 m=17408 n=1 k=5120: 1 x 91.16 us = 91.16 us (1955.25 GFLOPS/s)
Total time: 91.16 us.
----------------
Vulkan Timings:
MUL_MAT_VEC q4_0 m=17408 n=1 k=5120: 1 x 91.12 us = 91.12 us (1956.11 GFLOPS/s)
Total time: 91.12 us.
----------------
Vulkan Timings:
MUL_MAT_VEC q4_0 m=17408 n=1 k=5120: 1 x 93.52 us = 93.52 us (1905.91 GFLOPS/s)
Total time: 93.52 us.
----------------
Vulkan Timings:
MUL_MAT_VEC q4_0 m=17408 n=1 k=5120: 1 x 91.08 us = 91.08 us (1956.97 GFLOPS/s)
Total time: 91.08 us.
----------------
Vulkan Timings:
MUL_MAT_VEC q4_0 m=17408 n=1 k=5120: 1 x 92.96 us = 92.96 us (1917.39 GFLOPS/s)
Total time: 92.96 us.
----------------
Vulkan Timings:
MUL_MAT_VEC q4_0 m=17408 n=1 k=5120: 1 x 91.6 us = 91.6 us (1945.86 GFLOPS/s)
Total time: 91.6 us.
----------------
Vulkan Timings:
MUL_MAT_VEC q4_0 m=17408 n=1 k=5120: 1 x 91.24 us = 91.24 us (1953.53 GFLOPS/s)
Total time: 91.24 us.
----------------
Vulkan Timings:
MUL_MAT_VEC q4_0 m=17408 n=1 k=5120: 1 x 91.2 us = 91.2 us (1954.39 GFLOPS/s)
Total time: 91.2 us.
----------------
Vulkan Timings:
MUL_MAT_VEC q4_0 m=17408 n=1 k=5120: 1 x 91.16 us = 91.16 us (1955.25 GFLOPS/s)
Total time: 91.16 us.
----------------
Vulkan Timings:
MUL_MAT_VEC q4_0 m=17408 n=1 k=5120: 1 x 90.96 us = 90.96 us (1959.55 GFLOPS/s)
Total time: 90.96 us.
----------------
Vulkan Timings:
MUL_MAT_VEC q4_0 m=17408 n=1 k=5120: 1 x 91.08 us = 91.08 us (1956.97 GFLOPS/s)
Total time: 91.08 us.
----------------
Vulkan Timings:
MUL_MAT_VEC q4_0 m=17408 n=1 k=5120: 1 x 91.16 us = 91.16 us (1955.25 GFLOPS/s)
Total time: 91.16 us.
----------------
Vulkan Timings:
MUL_MAT_VEC q4_0 m=17408 n=1 k=5120: 1 x 91.24 us = 91.24 us (1953.53 GFLOPS/s)
Total time: 91.24 us.
----------------
Vulkan Timings:
MUL_MAT_VEC q4_0 m=17408 n=1 k=5120: 1 x 91.04 us = 91.04 us (1957.83 GFLOPS/s)
Total time: 91.04 us.
----------------
Vulkan Timings:
MUL_MAT_VEC q4_0 m=17408 n=1 k=5120: 1 x 91 us = 91 us (1958.69 GFLOPS/s)
Total time: 91 us.
----------------
Vulkan Timings:
MUL_MAT_VEC q4_0 m=17408 n=1 k=5120: 1 x 91.24 us = 91.24 us (1953.53 GFLOPS/s)
Total time: 91.24 us.
----------------
Vulkan Timings:
MUL_MAT_VEC q4_0 m=17408 n=1 k=5120: 1 x 91.32 us = 91.32 us (1951.82 GFLOPS/s)
Total time: 91.32 us.
----------------
Vulkan Timings:
MUL_MAT_VEC q4_0 m=17408 n=1 k=5120: 1 x 90.96 us = 90.96 us (1959.55 GFLOPS/s)
Total time: 90.96 us.
----------------
Vulkan Timings:
MUL_MAT_VEC q4_0 m=17408 n=1 k=5120: 1 x 90.92 us = 90.92 us (1960.41 GFLOPS/s)
Total time: 90.92 us.
----------------
Vulkan Timings:
MUL_MAT_VEC q4_0 m=17408 n=1 k=5120: 1 x 91 us = 91 us (1958.69 GFLOPS/s)
Total time: 91 us.
----------------
Vulkan Timings:
MUL_MAT_VEC q4_0 m=17408 n=1 k=5120: 1 x 91.08 us = 91.08 us (1956.97 GFLOPS/s)
Total time: 91.08 us.
----------------
Vulkan Timings:
MUL_MAT_VEC q4_0 m=17408 n=1 k=5120: 1 x 91.2 us = 91.2 us (1954.39 GFLOPS/s)
Total time: 91.2 us.
----------------
Vulkan Timings:
MUL_MAT_VEC q4_0 m=17408 n=1 k=5120: 1 x 91 us = 91 us (1958.69 GFLOPS/s)
Total time: 91 us.
----------------
Vulkan Timings:
MUL_MAT_VEC q4_0 m=17408 n=1 k=5120: 1 x 91.04 us = 91.04 us (1957.83 GFLOPS/s)
Total time: 91.04 us.
----------------
Vulkan Timings:
MUL_MAT_VEC q4_0 m=17408 n=1 k=5120: 1 x 91.04 us = 91.04 us (1957.83 GFLOPS/s)
Total time: 91.04 us.
----------------
Vulkan Timings:
MUL_MAT_VEC q4_0 m=17408 n=1 k=5120: 1 x 91.16 us = 91.16 us (1955.25 GFLOPS/s)
Total time: 91.16 us.
----------------
Vulkan Timings:
MUL_MAT_VEC q4_0 m=17408 n=1 k=5120: 1 x 90.92 us = 90.92 us (1960.41 GFLOPS/s)
Total time: 90.92 us.
----------------
Vulkan Timings:
MUL_MAT_VEC q4_0 m=17408 n=1 k=5120: 1 x 91.44 us = 91.44 us (1949.26 GFLOPS/s)
Total time: 91.44 us.
----------------
Vulkan Timings:
MUL_MAT_VEC q4_0 m=17408 n=1 k=5120: 1 x 91.08 us = 91.08 us (1956.97 GFLOPS/s)
Total time: 91.08 us.
----------------
Vulkan Timings:
MUL_MAT_VEC q4_0 m=17408 n=1 k=5120: 1 x 91.44 us = 91.44 us (1949.26 GFLOPS/s)
Total time: 91.44 us.
----------------
Vulkan Timings:
MUL_MAT_VEC q4_0 m=17408 n=1 k=5120: 1 x 91.12 us = 91.12 us (1956.11 GFLOPS/s)
Total time: 91.12 us.
----------------
Vulkan Timings:
MUL_MAT_VEC q4_0 m=17408 n=1 k=5120: 1 x 91.2 us = 91.2 us (1954.39 GFLOPS/s)
Total time: 91.2 us.
----------------
Vulkan Timings:
MUL_MAT_VEC q4_0 m=17408 n=1 k=5120: 1 x 91.16 us = 91.16 us (1955.25 GFLOPS/s)
Total time: 91.16 us.
----------------
Vulkan Timings:
MUL_MAT_VEC q4_0 m=17408 n=1 k=5120: 1 x 91.28 us = 91.28 us (1952.68 GFLOPS/s)
Total time: 91.28 us.
----------------
Vulkan Timings:
MUL_MAT_VEC q4_0 m=17408 n=1 k=5120: 1 x 91.24 us = 91.24 us (1953.53 GFLOPS/s)
Total time: 91.24 us.
----------------
Vulkan Timings:
MUL_MAT_VEC q4_0 m=17408 n=1 k=5120: 1 x 91.52 us = 91.52 us (1947.56 GFLOPS/s)
Total time: 91.52 us.
----------------
Vulkan Timings:
MUL_MAT_VEC q4_0 m=17408 n=1 k=5120: 1 x 91.68 us = 91.68 us (1944.16 GFLOPS/s)
Total time: 91.68 us.
----------------
Vulkan Timings:
MUL_MAT_VEC q4_0 m=17408 n=1 k=5120: 1 x 90.92 us = 90.92 us (1960.41 GFLOPS/s)
Total time: 90.92 us.
----------------
Vulkan Timings:
MUL_MAT_VEC q4_0 m=17408 n=1 k=5120: 1 x 91.04 us = 91.04 us (1957.83 GFLOPS/s)
Total time: 91.04 us.
----------------
Vulkan Timings:
MUL_MAT_VEC q4_0 m=17408 n=1 k=5120: 1 x 91 us = 91 us (1958.69 GFLOPS/s)
Total time: 91 us.
----------------
Vulkan Timings:
MUL_MAT_VEC q4_0 m=17408 n=1 k=5120: 1 x 90.76 us = 90.76 us (1963.87 GFLOPS/s)
Total time: 90.76 us.
----------------
Vulkan Timings:
MUL_MAT_VEC q4_0 m=17408 n=1 k=5120: 1 x 91.76 us = 91.76 us (1942.46 GFLOPS/s)
Total time: 91.76 us.
----------------
Vulkan Timings:
MUL_MAT_VEC q4_0 m=17408 n=1 k=5120: 1 x 91 us = 91 us (1958.69 GFLOPS/s)
Total time: 91 us.
----------------
Vulkan Timings:
MUL_MAT_VEC q4_0 m=17408 n=1 k=5120: 1 x 91.08 us = 91.08 us (1956.97 GFLOPS/s)
Total time: 91.08 us.
----------------
Vulkan Timings:
MUL_MAT_VEC q4_0 m=17408 n=1 k=5120: 1 x 91.12 us = 91.12 us (1956.11 GFLOPS/s)
Total time: 91.12 us.
----------------
Vulkan Timings:
MUL_MAT_VEC q4_0 m=17408 n=1 k=5120: 1 x 91.28 us = 91.28 us (1952.68 GFLOPS/s)
Total time: 91.28 us.
----------------
Vulkan Timings:
MUL_MAT_VEC q4_0 m=17408 n=1 k=5120: 1 x 91.44 us = 91.44 us (1949.26 GFLOPS/s)
Total time: 91.44 us.
----------------
Vulkan Timings:
MUL_MAT_VEC q4_0 m=17408 n=1 k=5120: 1 x 90.76 us = 90.76 us (1963.87 GFLOPS/s)
Total time: 90.76 us.
----------------
Vulkan Timings:
MUL_MAT_VEC q4_0 m=17408 n=1 k=5120: 1 x 91.12 us = 91.12 us (1956.11 GFLOPS/s)
Total time: 91.12 us.
----------------
Vulkan Timings:
MUL_MAT_VEC q4_0 m=17408 n=1 k=5120: 1 x 91.32 us = 91.32 us (1951.82 GFLOPS/s)
Total time: 91.32 us.
----------------
Vulkan Timings:
MUL_MAT_VEC q4_0 m=17408 n=1 k=5120: 1 x 91.2 us = 91.2 us (1954.39 GFLOPS/s)
Total time: 91.2 us.
----------------
Vulkan Timings:
MUL_MAT_VEC q4_0 m=17408 n=1 k=5120: 1 x 91.32 us = 91.32 us (1951.82 GFLOPS/s)
Total time: 91.32 us.
----------------
Vulkan Timings:
MUL_MAT_VEC q4_0 m=17408 n=1 k=5120: 1 x 91.16 us = 91.16 us (1955.25 GFLOPS/s)
Total time: 91.16 us.
----------------
Vulkan Timings:
MUL_MAT_VEC q4_0 m=17408 n=1 k=5120: 1 x 91.16 us = 91.16 us (1955.25 GFLOPS/s)
Total time: 91.16 us.
----------------
Vulkan Timings:
MUL_MAT_VEC q4_0 m=17408 n=1 k=5120: 1 x 91 us = 91 us (1958.69 GFLOPS/s)
Total time: 91 us.
----------------
Vulkan Timings:
MUL_MAT_VEC q4_0 m=17408 n=1 k=5120: 1 x 90.84 us = 90.84 us (1962.14 GFLOPS/s)
Total time: 90.84 us.
----------------
Vulkan Timings:
MUL_MAT_VEC q4_0 m=17408 n=1 k=5120: 1 x 91.08 us = 91.08 us (1956.97 GFLOPS/s)
Total time: 91.08 us.
----------------
Vulkan Timings:
MUL_MAT_VEC q4_0 m=17408 n=1 k=5120: 1 x 91.2 us = 91.2 us (1954.39 GFLOPS/s)
Total time: 91.2 us.
----------------
Vulkan Timings:
MUL_MAT_VEC q4_0 m=17408 n=1 k=5120: 1 x 91.2 us = 91.2 us (1954.39 GFLOPS/s)
Total time: 91.2 us.
----------------
Vulkan Timings:
MUL_MAT_VEC q4_0 m=17408 n=1 k=5120: 1 x 91 us = 91 us (1958.69 GFLOPS/s)
Total time: 91 us.
----------------
Vulkan Timings:
MUL_MAT_VEC q4_0 m=17408 n=1 k=5120: 1 x 91.04 us = 91.04 us (1957.83 GFLOPS/s)
Total time: 91.04 us.
----------------
Vulkan Timings:
MUL_MAT_VEC q4_0 m=17408 n=1 k=5120: 1 x 91.16 us = 91.16 us (1955.25 GFLOPS/s)
Total time: 91.16 us.
----------------
Vulkan Timings:
MUL_MAT_VEC q4_0 m=17408 n=1 k=5120: 1 x 91.44 us = 91.44 us (1949.26 GFLOPS/s)
Total time: 91.44 us.
----------------
Vulkan Timings:
MUL_MAT_VEC q4_0 m=17408 n=1 k=5120: 1 x 91.28 us = 91.28 us (1952.68 GFLOPS/s)
Total time: 91.28 us.
----------------
Vulkan Timings:
MUL_MAT_VEC q4_0 m=17408 n=1 k=5120: 1 x 91.2 us = 91.2 us (1954.39 GFLOPS/s)
Total time: 91.2 us.
----------------
Vulkan Timings:
MUL_MAT_VEC q4_0 m=17408 n=1 k=5120: 1 x 91.12 us = 91.12 us (1956.11 GFLOPS/s)
Total time: 91.12 us.
----------------
Vulkan Timings:
MUL_MAT_VEC q4_0 m=17408 n=1 k=5120: 1 x 91 us = 91 us (1958.69 GFLOPS/s)
Total time: 91 us.
----------------
Vulkan Timings:
MUL_MAT_VEC q4_0 m=17408 n=1 k=5120: 1 x 91.16 us = 91.16 us (1955.25 GFLOPS/s)
Total time: 91.16 us.
----------------
Vulkan Timings:
MUL_MAT_VEC q4_0 m=17408 n=1 k=5120: 1 x 91.04 us = 91.04 us (1957.83 GFLOPS/s)
Total time: 91.04 us.
----------------
Vulkan Timings:
MUL_MAT_VEC q4_0 m=17408 n=1 k=5120: 1 x 91.36 us = 91.36 us (1950.97 GFLOPS/s)
Total time: 91.36 us.
----------------
Vulkan Timings:
MUL_MAT_VEC q4_0 m=17408 n=1 k=5120: 1 x 91.52 us = 91.52 us (1947.56 GFLOPS/s)
Total time: 91.52 us.
----------------
Vulkan Timings:
MUL_MAT_VEC q4_0 m=17408 n=1 k=5120: 1 x 91.08 us = 91.08 us (1956.97 GFLOPS/s)
Total time: 91.08 us.
----------------
Vulkan Timings:
MUL_MAT_VEC q4_0 m=17408 n=1 k=5120: 1 x 91.12 us = 91.12 us (1956.11 GFLOPS/s)
Total time: 91.12 us.
----------------
Vulkan Timings:
MUL_MAT_VEC q4_0 m=17408 n=1 k=5120: 1 x 91.2 us = 91.2 us (1954.39 GFLOPS/s)
Total time: 91.2 us.
----------------
Vulkan Timings:
MUL_MAT_VEC q4_0 m=17408 n=1 k=5120: 1 x 91.2 us = 91.2 us (1954.39 GFLOPS/s)
Total time: 91.2 us.
----------------
Vulkan Timings:
MUL_MAT_VEC q4_0 m=17408 n=1 k=5120: 1 x 91.12 us = 91.12 us (1956.11 GFLOPS/s)
Total time: 91.12 us.
----------------
Vulkan Timings:
MUL_MAT_VEC q4_0 m=17408 n=1 k=5120: 1 x 91.48 us = 91.48 us (1948.41 GFLOPS/s)
Total time: 91.48 us.
----------------
Vulkan Timings:
MUL_MAT_VEC q4_0 m=17408 n=1 k=5120: 1 x 91.36 us = 91.36 us (1950.97 GFLOPS/s)
Total time: 91.36 us.
----------------
Vulkan Timings:
MUL_MAT_VEC q4_0 m=17408 n=1 k=5120: 1 x 91.16 us = 91.16 us (1955.25 GFLOPS/s)
Total time: 91.16 us.
----------------
Vulkan Timings:
MUL_MAT_VEC q4_0 m=17408 n=1 k=5120: 1 x 91.08 us = 91.08 us (1956.97 GFLOPS/s)
Total time: 91.08 us.
----------------
Vulkan Timings:
MUL_MAT_VEC q4_0 m=17408 n=1 k=5120: 1 x 91.16 us = 91.16 us (1955.25 GFLOPS/s)
Total time: 91.16 us.
----------------
Vulkan Timings:
MUL_MAT_VEC q4_0 m=17408 n=1 k=5120: 1 x 91.04 us = 91.04 us (1957.83 GFLOPS/s)
Total time: 91.04 us.
----------------
Vulkan Timings:
MUL_MAT_VEC q4_0 m=17408 n=1 k=5120: 1 x 91.28 us = 91.28 us (1952.68 GFLOPS/s)
Total time: 91.28 us.
----------------
Vulkan Timings:
MUL_MAT_VEC q4_0 m=17408 n=1 k=5120: 1 x 91.32 us = 91.32 us (1951.82 GFLOPS/s)
Total time: 91.32 us.
----------------
Vulkan Timings:
MUL_MAT_VEC q4_0 m=17408 n=1 k=5120: 1 x 91.32 us = 91.32 us (1951.82 GFLOPS/s)
Total time: 91.32 us.
----------------
Vulkan Timings:
MUL_MAT_VEC q4_0 m=17408 n=1 k=5120: 1 x 90.88 us = 90.88 us (1961.27 GFLOPS/s)
Total time: 90.88 us.
----------------
Vulkan Timings:
MUL_MAT_VEC q4_0 m=17408 n=1 k=5120: 1 x 91.08 us = 91.08 us (1956.97 GFLOPS/s)
Total time: 91.08 us.
----------------
Vulkan Timings:
MUL_MAT_VEC q4_0 m=17408 n=1 k=5120: 1 x 91.32 us = 91.32 us (1951.82 GFLOPS/s)
Total time: 91.32 us.
----------------
Vulkan Timings:
MUL_MAT_VEC q4_0 m=17408 n=1 k=5120: 1 x 91.12 us = 91.12 us (1956.11 GFLOPS/s)
Total time: 91.12 us.
----------------
Vulkan Timings:
MUL_MAT_VEC q4_0 m=17408 n=1 k=5120: 1 x 91.32 us = 91.32 us (1951.82 GFLOPS/s)
Total time: 91.32 us.
----------------
Vulkan Timings:
MUL_MAT_VEC q4_0 m=17408 n=1 k=5120: 1 x 91.28 us = 91.28 us (1952.68 GFLOPS/s)
Total time: 91.28 us.
----------------
Vulkan Timings:
MUL_MAT_VEC q4_0 m=17408 n=1 k=5120: 1 x 91.2 us = 91.2 us (1954.39 GFLOPS/s)
Total time: 91.2 us.
----------------
Vulkan Timings:
MUL_MAT_VEC q4_0 m=17408 n=1 k=5120: 1 x 91.2 us = 91.2 us (1954.39 GFLOPS/s)
Total time: 91.2 us.
----------------
Vulkan Timings:
MUL_MAT_VEC q4_0 m=17408 n=1 k=5120: 1 x 91.32 us = 91.32 us (1951.82 GFLOPS/s)
Total time: 91.32 us.
----------------
Vulkan Timings:
MUL_MAT_VEC q4_0 m=17408 n=1 k=5120: 1 x 91.16 us = 91.16 us (1955.25 GFLOPS/s)
Total time: 91.16 us.
----------------
Vulkan Timings:
MUL_MAT_VEC q4_0 m=17408 n=1 k=5120: 1 x 91.2 us = 91.2 us (1954.39 GFLOPS/s)
Total time: 91.2 us.
----------------
Vulkan Timings:
MUL_MAT_VEC q4_0 m=17408 n=1 k=5120: 1 x 91.44 us = 91.44 us (1949.26 GFLOPS/s)
Total time: 91.44 us.
----------------
Vulkan Timings:
MUL_MAT_VEC q4_0 m=17408 n=1 k=5120: 1 x 91.04 us = 91.04 us (1957.83 GFLOPS/s)
Total time: 91.04 us.
----------------
Vulkan Timings:
MUL_MAT_VEC q4_0 m=17408 n=1 k=5120: 1 x 91.2 us = 91.2 us (1954.39 GFLOPS/s)
Total time: 91.2 us.
----------------
Vulkan Timings:
MUL_MAT_VEC q4_0 m=17408 n=1 k=5120: 1 x 91.12 us = 91.12 us (1956.11 GFLOPS/s)
Total time: 91.12 us.
----------------
Vulkan Timings:
MUL_MAT_VEC q4_0 m=17408 n=1 k=5120: 1 x 91 us = 91 us (1958.69 GFLOPS/s)
Total time: 91 us.
----------------
Vulkan Timings:
MUL_MAT_VEC q4_0 m=17408 n=1 k=5120: 1 x 91.4 us = 91.4 us (1950.12 GFLOPS/s)
Total time: 91.4 us.
----------------
Vulkan Timings:
MUL_MAT_VEC q4_0 m=17408 n=1 k=5120: 1 x 91.2 us = 91.2 us (1954.39 GFLOPS/s)
Total time: 91.2 us.
----------------
Vulkan Timings:
MUL_MAT_VEC q4_0 m=17408 n=1 k=5120: 1 x 90.96 us = 90.96 us (1959.55 GFLOPS/s)
Total time: 90.96 us.
----------------
Vulkan Timings:
MUL_MAT_VEC q4_0 m=17408 n=1 k=5120: 1 x 90.56 us = 90.56 us (1968.2 GFLOPS/s)
Total time: 90.56 us.
----------------
Vulkan Timings:
MUL_MAT_VEC q4_0 m=17408 n=1 k=5120: 1 x 91.12 us = 91.12 us (1956.11 GFLOPS/s)
Total time: 91.12 us.
----------------
Vulkan Timings:
MUL_MAT_VEC q4_0 m=17408 n=1 k=5120: 1 x 91.16 us = 91.16 us (1955.25 GFLOPS/s)
Total time: 91.16 us.
----------------
Vulkan Timings:
MUL_MAT_VEC q4_0 m=17408 n=1 k=5120: 1 x 91.2 us = 91.2 us (1954.39 GFLOPS/s)
Total time: 91.2 us.
----------------
Vulkan Timings:
MUL_MAT_VEC q4_0 m=17408 n=1 k=5120: 1 x 91.2 us = 91.2 us (1954.39 GFLOPS/s)
Total time: 91.2 us.
----------------
Vulkan Timings:
MUL_MAT_VEC q4_0 m=17408 n=1 k=5120: 1 x 90.68 us = 90.68 us (1965.6 GFLOPS/s)
Total time: 90.68 us.
----------------
Vulkan Timings:
MUL_MAT_VEC q4_0 m=17408 n=1 k=5120: 1 x 91 us = 91 us (1958.69 GFLOPS/s)
Total time: 91 us.
----------------
Vulkan Timings:
MUL_MAT_VEC q4_0 m=17408 n=1 k=5120: 1 x 91.04 us = 91.04 us (1957.83 GFLOPS/s)
Total time: 91.04 us.
----------------
Vulkan Timings:
MUL_MAT_VEC q4_0 m=17408 n=1 k=5120: 1 x 91 us = 91 us (1958.69 GFLOPS/s)
Total time: 91 us.
----------------
Vulkan Timings:
MUL_MAT_VEC q4_0 m=17408 n=1 k=5120: 1 x 91.08 us = 91.08 us (1956.97 GFLOPS/s)
Total time: 91.08 us.
----------------
Vulkan Timings:
MUL_MAT_VEC q4_0 m=17408 n=1 k=5120: 1 x 91.12 us = 91.12 us (1956.11 GFLOPS/s)
Total time: 91.12 us.
----------------
Vulkan Timings:
MUL_MAT_VEC q4_0 m=17408 n=1 k=5120: 1 x 91 us = 91 us (1958.69 GFLOPS/s)
Total time: 91 us.
----------------
Vulkan Timings:
MUL_MAT_VEC q4_0 m=17408 n=1 k=5120: 1 x 91.04 us = 91.04 us (1957.83 GFLOPS/s)
Total time: 91.04 us.
----------------
Vulkan Timings:
MUL_MAT_VEC q4_0 m=17408 n=1 k=5120: 1 x 91.08 us = 91.08 us (1956.97 GFLOPS/s)
Total time: 91.08 us.
----------------
Vulkan Timings:
MUL_MAT_VEC q4_0 m=17408 n=1 k=5120: 1 x 91.04 us = 91.04 us (1957.83 GFLOPS/s)
Total time: 91.04 us.
----------------
Vulkan Timings:
MUL_MAT_VEC q4_0 m=17408 n=1 k=5120: 1 x 91.12 us = 91.12 us (1956.11 GFLOPS/s)
Total time: 91.12 us.
----------------
Vulkan Timings:
MUL_MAT_VEC q4_0 m=17408 n=1 k=5120: 1 x 91.12 us = 91.12 us (1956.11 GFLOPS/s)
Total time: 91.12 us.
----------------
Vulkan Timings:
MUL_MAT_VEC q4_0 m=17408 n=1 k=5120: 1 x 91.24 us = 91.24 us (1953.53 GFLOPS/s)
Total time: 91.24 us.
----------------
Vulkan Timings:
MUL_MAT_VEC q4_0 m=17408 n=1 k=5120: 1 x 91.4 us = 91.4 us (1950.12 GFLOPS/s)
Total time: 91.4 us.
----------------
Vulkan Timings:
MUL_MAT_VEC q4_0 m=17408 n=1 k=5120: 1 x 91.12 us = 91.12 us (1956.11 GFLOPS/s)
Total time: 91.12 us.
----------------
Vulkan Timings:
MUL_MAT_VEC q4_0 m=17408 n=1 k=5120: 1 x 91.56 us = 91.56 us (1946.71 GFLOPS/s)
Total time: 91.56 us.
----------------
Vulkan Timings:
MUL_MAT_VEC q4_0 m=17408 n=1 k=5120: 1 x 91.12 us = 91.12 us (1956.11 GFLOPS/s)
Total time: 91.12 us.
----------------
Vulkan Timings:
MUL_MAT_VEC q4_0 m=17408 n=1 k=5120: 1 x 91.16 us = 91.16 us (1955.25 GFLOPS/s)
Total time: 91.16 us.
----------------
Vulkan Timings:
MUL_MAT_VEC q4_0 m=17408 n=1 k=5120: 1 x 91.16 us = 91.16 us (1955.25 GFLOPS/s)
Total time: 91.16 us.
----------------
Vulkan Timings:
MUL_MAT_VEC q4_0 m=17408 n=1 k=5120: 1 x 91.28 us = 91.28 us (1952.68 GFLOPS/s)
Total time: 91.28 us.
----------------
Vulkan Timings:
MUL_MAT_VEC q4_0 m=17408 n=1 k=5120: 1 x 91.08 us = 91.08 us (1956.97 GFLOPS/s)
Total time: 91.08 us.
----------------
Vulkan Timings:
MUL_MAT_VEC q4_0 m=17408 n=1 k=5120: 1 x 91.48 us = 91.48 us (1948.41 GFLOPS/s)
Total time: 91.48 us.
----------------
Vulkan Timings:
MUL_MAT_VEC q4_0 m=17408 n=1 k=5120: 1 x 91.2 us = 91.2 us (1954.39 GFLOPS/s)
Total time: 91.2 us.
----------------
Vulkan Timings:
MUL_MAT_VEC q4_0 m=17408 n=1 k=5120: 1 x 91.2 us = 91.2 us (1954.39 GFLOPS/s)
Total time: 91.2 us.
----------------
Vulkan Timings:
MUL_MAT_VEC q4_0 m=17408 n=1 k=5120: 1 x 91.04 us = 91.04 us (1957.83 GFLOPS/s)
Total time: 91.04 us.
----------------
Vulkan Timings:
MUL_MAT_VEC q4_0 m=17408 n=1 k=5120: 1 x 91.2 us = 91.2 us (1954.39 GFLOPS/s)
Total time: 91.2 us.
----------------
Vulkan Timings:
MUL_MAT_VEC q4_0 m=17408 n=1 k=5120: 1 x 91.16 us = 91.16 us (1955.25 GFLOPS/s)
Total time: 91.16 us.
----------------
Vulkan Timings:
MUL_MAT_VEC q4_0 m=17408 n=1 k=5120: 1 x 91.12 us = 91.12 us (1956.11 GFLOPS/s)
Total time: 91.12 us.
----------------
Vulkan Timings:
MUL_MAT_VEC q4_0 m=17408 n=1 k=5120: 1 x 91.56 us = 91.56 us (1946.71 GFLOPS/s)
Total time: 91.56 us.
----------------
Vulkan Timings:
MUL_MAT_VEC q4_0 m=17408 n=1 k=5120: 1 x 91.12 us = 91.12 us (1956.11 GFLOPS/s)
Total time: 91.12 us.
----------------
Vulkan Timings:
MUL_MAT_VEC q4_0 m=17408 n=1 k=5120: 1 x 91.28 us = 91.28 us (1952.68 GFLOPS/s)
Total time: 91.28 us.
----------------
Vulkan Timings:
MUL_MAT_VEC q4_0 m=17408 n=1 k=5120: 1 x 91.24 us = 91.24 us (1953.53 GFLOPS/s)
Total time: 91.24 us.
----------------
Vulkan Timings:
MUL_MAT_VEC q4_0 m=17408 n=1 k=5120: 1 x 90.76 us = 90.76 us (1963.87 GFLOPS/s)
Total time: 90.76 us.
----------------
Vulkan Timings:
MUL_MAT_VEC q4_0 m=17408 n=1 k=5120: 1 x 91.32 us = 91.32 us (1951.82 GFLOPS/s)
Total time: 91.32 us.
----------------
Vulkan Timings:
MUL_MAT_VEC q4_0 m=17408 n=1 k=5120: 1 x 91.28 us = 91.28 us (1952.68 GFLOPS/s)
Total time: 91.28 us.
----------------
Vulkan Timings:
MUL_MAT_VEC q4_0 m=17408 n=1 k=5120: 1 x 91.36 us = 91.36 us (1950.97 GFLOPS/s)
Total time: 91.36 us.
----------------
Vulkan Timings:
MUL_MAT_VEC q4_0 m=17408 n=1 k=5120: 1 x 91.16 us = 91.16 us (1955.25 GFLOPS/s)
Total time: 91.16 us.
----------------
Vulkan Timings:
MUL_MAT_VEC q4_0 m=17408 n=1 k=5120: 1 x 91.4 us = 91.4 us (1950.12 GFLOPS/s)
Total time: 91.4 us.
----------------
Vulkan Timings:
MUL_MAT_VEC q4_0 m=17408 n=1 k=5120: 1 x 90.84 us = 90.84 us (1962.14 GFLOPS/s)
Total time: 90.84 us.
----------------
Vulkan Timings:
MUL_MAT_VEC q4_0 m=17408 n=1 k=5120: 1 x 91.28 us = 91.28 us (1952.68 GFLOPS/s)
Total time: 91.28 us.
----------------
Vulkan Timings:
MUL_MAT_VEC q4_0 m=17408 n=1 k=5120: 1 x 93.72 us = 93.72 us (1901.84 GFLOPS/s)
Total time: 93.72 us.
----------------
Vulkan Timings:
MUL_MAT_VEC q4_0 m=17408 n=1 k=5120: 1 x 91.16 us = 91.16 us (1955.25 GFLOPS/s)
Total time: 91.16 us.
----------------
Vulkan Timings:
MUL_MAT_VEC q4_0 m=17408 n=1 k=5120: 1 x 92.8 us = 92.8 us (1920.7 GFLOPS/s)
Total time: 92.8 us.
----------------
Vulkan Timings:
MUL_MAT_VEC q4_0 m=17408 n=1 k=5120: 1 x 91.64 us = 91.64 us (1945.01 GFLOPS/s)
Total time: 91.64 us.
----------------
Vulkan Timings:
MUL_MAT_VEC q4_0 m=17408 n=1 k=5120: 1 x 91.08 us = 91.08 us (1956.97 GFLOPS/s)
Total time: 91.08 us.
----------------
Vulkan Timings:
MUL_MAT_VEC q4_0 m=17408 n=1 k=5120: 1 x 91.16 us = 91.16 us (1955.25 GFLOPS/s)
Total time: 91.16 us.
----------------
Vulkan Timings:
MUL_MAT_VEC q4_0 m=17408 n=1 k=5120: 1 x 91.28 us = 91.28 us (1952.68 GFLOPS/s)
Total time: 91.28 us.
----------------
Vulkan Timings:
MUL_MAT_VEC q4_0 m=17408 n=1 k=5120: 1 x 91.12 us = 91.12 us (1956.11 GFLOPS/s)
Total time: 91.12 us.
----------------
Vulkan Timings:
MUL_MAT_VEC q4_0 m=17408 n=1 k=5120: 1 x 91 us = 91 us (1958.69 GFLOPS/s)
Total time: 91 us.
----------------
Vulkan Timings:
MUL_MAT_VEC q4_0 m=17408 n=1 k=5120: 1 x 91.08 us = 91.08 us (1956.97 GFLOPS/s)
Total time: 91.08 us.
----------------
Vulkan Timings:
MUL_MAT_VEC q4_0 m=17408 n=1 k=5120: 1 x 91.48 us = 91.48 us (1948.41 GFLOPS/s)
Total time: 91.48 us.
----------------
Vulkan Timings:
MUL_MAT_VEC q4_0 m=17408 n=1 k=5120: 1 x 91.32 us = 91.32 us (1951.82 GFLOPS/s)
Total time: 91.32 us.
----------------
Vulkan Timings:
MUL_MAT_VEC q4_0 m=17408 n=1 k=5120: 1 x 91.12 us = 91.12 us (1956.11 GFLOPS/s)
Total time: 91.12 us.
----------------
Vulkan Timings:
MUL_MAT_VEC q4_0 m=17408 n=1 k=5120: 1 x 91.12 us = 91.12 us (1956.11 GFLOPS/s)
Total time: 91.12 us.
----------------
Vulkan Timings:
MUL_MAT_VEC q4_0 m=17408 n=1 k=5120: 1 x 91.2 us = 91.2 us (1954.39 GFLOPS/s)
Total time: 91.2 us.
----------------
Vulkan Timings:
MUL_MAT_VEC q4_0 m=17408 n=1 k=5120: 1 x 91.32 us = 91.32 us (1951.82 GFLOPS/s)
Total time: 91.32 us.
----------------
Vulkan Timings:
MUL_MAT_VEC q4_0 m=17408 n=1 k=5120: 1 x 91.32 us = 91.32 us (1951.82 GFLOPS/s)
Total time: 91.32 us.
----------------
Vulkan Timings:
MUL_MAT_VEC q4_0 m=17408 n=1 k=5120: 1 x 90.84 us = 90.84 us (1962.14 GFLOPS/s)
Total time: 90.84 us.
----------------
Vulkan Timings:
MUL_MAT_VEC q4_0 m=17408 n=1 k=5120: 1 x 91.2 us = 91.2 us (1954.39 GFLOPS/s)
Total time: 91.2 us.
----------------
Vulkan Timings:
MUL_MAT_VEC q4_0 m=17408 n=1 k=5120: 1 x 91.28 us = 91.28 us (1952.68 GFLOPS/s)
Total time: 91.28 us.
----------------
Vulkan Timings:
MUL_MAT_VEC q4_0 m=17408 n=1 k=5120: 1 x 91.16 us = 91.16 us (1955.25 GFLOPS/s)
Total time: 91.16 us.
----------------
Vulkan Timings:
MUL_MAT_VEC q4_0 m=17408 n=1 k=5120: 1 x 91.16 us = 91.16 us (1955.25 GFLOPS/s)
Total time: 91.16 us.
----------------
Vulkan Timings:
MUL_MAT_VEC q4_0 m=17408 n=1 k=5120: 1 x 91.2 us = 91.2 us (1954.39 GFLOPS/s)
Total time: 91.2 us.
----------------
Vulkan Timings:
MUL_MAT_VEC q4_0 m=17408 n=1 k=5120: 1 x 91.24 us = 91.24 us (1953.53 GFLOPS/s)
Total time: 91.24 us.
----------------
Vulkan Timings:
MUL_MAT_VEC q4_0 m=17408 n=1 k=5120: 1 x 91.2 us = 91.2 us (1954.39 GFLOPS/s)
Total time: 91.2 us.
----------------
Vulkan Timings:
MUL_MAT_VEC q4_0 m=17408 n=1 k=5120: 1 x 91.32 us = 91.32 us (1951.82 GFLOPS/s)
Total time: 91.32 us.
----------------
Vulkan Timings:
MUL_MAT_VEC q4_0 m=17408 n=1 k=5120: 1 x 91.44 us = 91.44 us (1949.26 GFLOPS/s)
Total time: 91.44 us.
----------------
Vulkan Timings:
MUL_MAT_VEC q4_0 m=17408 n=1 k=5120: 1 x 91.12 us = 91.12 us (1956.11 GFLOPS/s)
Total time: 91.12 us.
----------------
Vulkan Timings:
MUL_MAT_VEC q4_0 m=17408 n=1 k=5120: 1 x 91.68 us = 91.68 us (1944.16 GFLOPS/s)
Total time: 91.68 us.
----------------
Vulkan Timings:
MUL_MAT_VEC q4_0 m=17408 n=1 k=5120: 1 x 91.4 us = 91.4 us (1950.12 GFLOPS/s)
Total time: 91.4 us.
----------------
Vulkan Timings:
MUL_MAT_VEC q4_0 m=17408 n=1 k=5120: 1 x 91.32 us = 91.32 us (1951.82 GFLOPS/s)
Total time: 91.32 us.
----------------
Vulkan Timings:
MUL_MAT_VEC q4_0 m=17408 n=1 k=5120: 1 x 91.28 us = 91.28 us (1952.68 GFLOPS/s)
Total time: 91.28 us.
----------------
Vulkan Timings:
MUL_MAT_VEC q4_0 m=17408 n=1 k=5120: 1 x 91.32 us = 91.32 us (1951.82 GFLOPS/s)
Total time: 91.32 us.
----------------
Vulkan Timings:
MUL_MAT_VEC q4_0 m=17408 n=1 k=5120: 1 x 91.16 us = 91.16 us (1955.25 GFLOPS/s)
Total time: 91.16 us.
----------------
Vulkan Timings:
MUL_MAT_VEC q4_0 m=17408 n=1 k=5120: 1 x 91.2 us = 91.2 us (1954.39 GFLOPS/s)
Total time: 91.2 us.
----------------
Vulkan Timings:
MUL_MAT_VEC q4_0 m=17408 n=1 k=5120: 1 x 91.16 us = 91.16 us (1955.25 GFLOPS/s)
Total time: 91.16 us.
----------------
Vulkan Timings:
MUL_MAT_VEC q4_0 m=17408 n=1 k=5120: 1 x 91.2 us = 91.2 us (1954.39 GFLOPS/s)
Total time: 91.2 us.
----------------
Vulkan Timings:
MUL_MAT_VEC q4_0 m=17408 n=1 k=5120: 1 x 91.28 us = 91.28 us (1952.68 GFLOPS/s)
Total time: 91.28 us.
----------------
Vulkan Timings:
MUL_MAT_VEC q4_0 m=17408 n=1 k=5120: 1 x 91.04 us = 91.04 us (1957.83 GFLOPS/s)
Total time: 91.04 us.
----------------
Vulkan Timings:
MUL_MAT_VEC q4_0 m=17408 n=1 k=5120: 1 x 91.24 us = 91.24 us (1953.53 GFLOPS/s)
Total time: 91.24 us.
----------------
Vulkan Timings:
MUL_MAT_VEC q4_0 m=17408 n=1 k=5120: 1 x 91.16 us = 91.16 us (1955.25 GFLOPS/s)
Total time: 91.16 us.
----------------
Vulkan Timings:
MUL_MAT_VEC q4_0 m=17408 n=1 k=5120: 1 x 91.32 us = 91.32 us (1951.82 GFLOPS/s)
Total time: 91.32 us.
----------------
Vulkan Timings:
MUL_MAT_VEC q4_0 m=17408 n=1 k=5120: 1 x 91.16 us = 91.16 us (1955.25 GFLOPS/s)
Total time: 91.16 us.
----------------
Vulkan Timings:
MUL_MAT_VEC q4_0 m=17408 n=1 k=5120: 1 x 91.04 us = 91.04 us (1957.83 GFLOPS/s)
Total time: 91.04 us.
----------------
Vulkan Timings:
MUL_MAT_VEC q4_0 m=17408 n=1 k=5120: 1 x 91.2 us = 91.2 us (1954.39 GFLOPS/s)
Total time: 91.2 us.
----------------
Vulkan Timings:
MUL_MAT_VEC q4_0 m=17408 n=1 k=5120: 1 x 91.16 us = 91.16 us (1955.25 GFLOPS/s)
Total time: 91.16 us.
----------------
Vulkan Timings:
MUL_MAT_VEC q4_0 m=17408 n=1 k=5120: 1 x 91.04 us = 91.04 us (1957.83 GFLOPS/s)
Total time: 91.04 us.
----------------
Vulkan Timings:
MUL_MAT_VEC q4_0 m=17408 n=1 k=5120: 1 x 91.4 us = 91.4 us (1950.12 GFLOPS/s)
Total time: 91.4 us.
----------------
Vulkan Timings:
MUL_MAT_VEC q4_0 m=17408 n=1 k=5120: 1 x 90.96 us = 90.96 us (1959.55 GFLOPS/s)
Total time: 90.96 us.
----------------
Vulkan Timings:
MUL_MAT_VEC q4_0 m=17408 n=1 k=5120: 1 x 91.24 us = 91.24 us (1953.53 GFLOPS/s)
Total time: 91.24 us.
----------------
Vulkan Timings:
MUL_MAT_VEC q4_0 m=17408 n=1 k=5120: 1 x 91.16 us = 91.16 us (1955.25 GFLOPS/s)
Total time: 91.16 us.
----------------
Vulkan Timings:
MUL_MAT_VEC q4_0 m=17408 n=1 k=5120: 1 x 91.08 us = 91.08 us (1956.97 GFLOPS/s)
Total time: 91.08 us.
----------------
Vulkan Timings:
MUL_MAT_VEC q4_0 m=17408 n=1 k=5120: 1 x 91.32 us = 91.32 us (1951.82 GFLOPS/s)
Total time: 91.32 us.
----------------
Vulkan Timings:
MUL_MAT_VEC q4_0 m=17408 n=1 k=5120: 1 x 91.2 us = 91.2 us (1954.39 GFLOPS/s)
Total time: 91.2 us.
----------------
Vulkan Timings:
MUL_MAT_VEC q4_0 m=17408 n=1 k=5120: 1 x 91.08 us = 91.08 us (1956.97 GFLOPS/s)
Total time: 91.08 us.
----------------
Vulkan Timings:
MUL_MAT_VEC q4_0 m=17408 n=1 k=5120: 1 x 91.04 us = 91.04 us (1957.83 GFLOPS/s)
Total time: 91.04 us.
----------------
Vulkan Timings:
MUL_MAT_VEC q4_0 m=17408 n=1 k=5120: 1 x 91.24 us = 91.24 us (1953.53 GFLOPS/s)
Total time: 91.24 us.
----------------
Vulkan Timings:
MUL_MAT_VEC q4_0 m=17408 n=1 k=5120: 1 x 91.12 us = 91.12 us (1956.11 GFLOPS/s)
Total time: 91.12 us.
----------------
Vulkan Timings:
MUL_MAT_VEC q4_0 m=17408 n=1 k=5120: 1 x 91.56 us = 91.56 us (1946.71 GFLOPS/s)
Total time: 91.56 us.
----------------
Vulkan Timings:
MUL_MAT_VEC q4_0 m=17408 n=1 k=5120: 1 x 91.32 us = 91.32 us (1951.82 GFLOPS/s)
Total time: 91.32 us.
----------------
Vulkan Timings:
MUL_MAT_VEC q4_0 m=17408 n=1 k=5120: 1 x 91.4 us = 91.4 us (1950.12 GFLOPS/s)
Total time: 91.4 us.
----------------
Vulkan Timings:
MUL_MAT_VEC q4_0 m=17408 n=1 k=5120: 1 x 91.08 us = 91.08 us (1956.97 GFLOPS/s)
Total time: 91.08 us.
----------------
Vulkan Timings:
MUL_MAT_VEC q4_0 m=17408 n=1 k=5120: 1 x 91.2 us = 91.2 us (1954.39 GFLOPS/s)
Total time: 91.2 us.
----------------
Vulkan Timings:
MUL_MAT_VEC q4_0 m=17408 n=1 k=5120: 1 x 91.2 us = 91.2 us (1954.39 GFLOPS/s)
Total time: 91.2 us.
----------------
Vulkan Timings:
MUL_MAT_VEC q4_0 m=17408 n=1 k=5120: 1 x 90.72 us = 90.72 us (1964.73 GFLOPS/s)
Total time: 90.72 us.
----------------
Vulkan Timings:
MUL_MAT_VEC q4_0 m=17408 n=1 k=5120: 1 x 91.08 us = 91.08 us (1956.97 GFLOPS/s)
Total time: 91.08 us.
----------------
Vulkan Timings:
MUL_MAT_VEC q4_0 m=17408 n=1 k=5120: 1 x 91.28 us = 91.28 us (1952.68 GFLOPS/s)
Total time: 91.28 us.
----------------
Vulkan Timings:
MUL_MAT_VEC q4_0 m=17408 n=1 k=5120: 1 x 91.2 us = 91.2 us (1954.39 GFLOPS/s)
Total time: 91.2 us.
----------------
Vulkan Timings:
MUL_MAT_VEC q4_0 m=17408 n=1 k=5120: 1 x 90.88 us = 90.88 us (1961.27 GFLOPS/s)
Total time: 90.88 us.
----------------
Vulkan Timings:
MUL_MAT_VEC q4_0 m=17408 n=1 k=5120: 1 x 91.16 us = 91.16 us (1955.25 GFLOPS/s)
Total time: 91.16 us.
----------------
Vulkan Timings:
MUL_MAT_VEC q4_0 m=17408 n=1 k=5120: 1 x 91.32 us = 91.32 us (1951.82 GFLOPS/s)
Total time: 91.32 us.
----------------
Vulkan Timings:
MUL_MAT_VEC q4_0 m=17408 n=1 k=5120: 1 x 91.2 us = 91.2 us (1954.39 GFLOPS/s)
Total time: 91.2 us.
----------------
Vulkan Timings:
MUL_MAT_VEC q4_0 m=17408 n=1 k=5120: 1 x 91.24 us = 91.24 us (1953.53 GFLOPS/s)
Total time: 91.24 us.
----------------
Vulkan Timings:
MUL_MAT_VEC q4_0 m=17408 n=1 k=5120: 1 x 91 us = 91 us (1958.69 GFLOPS/s)
Total time: 91 us.
----------------
Vulkan Timings:
MUL_MAT_VEC q4_0 m=17408 n=1 k=5120: 1 x 91.08 us = 91.08 us (1956.97 GFLOPS/s)
Total time: 91.08 us.
----------------
Vulkan Timings:
MUL_MAT_VEC q4_0 m=17408 n=1 k=5120: 1 x 91.48 us = 91.48 us (1948.41 GFLOPS/s)
Total time: 91.48 us.
----------------
Vulkan Timings:
MUL_MAT_VEC q4_0 m=17408 n=1 k=5120: 1 x 91.12 us = 91.12 us (1956.11 GFLOPS/s)
Total time: 91.12 us.
----------------
Vulkan Timings:
MUL_MAT_VEC q4_0 m=17408 n=1 k=5120: 1 x 91.16 us = 91.16 us (1955.25 GFLOPS/s)
Total time: 91.16 us.
----------------
Vulkan Timings:
MUL_MAT_VEC q4_0 m=17408 n=1 k=5120: 1 x 91.24 us = 91.24 us (1953.53 GFLOPS/s)
Total time: 91.24 us.
----------------
Vulkan Timings:
MUL_MAT_VEC q4_0 m=17408 n=1 k=5120: 1 x 91.12 us = 91.12 us (1956.11 GFLOPS/s)
Total time: 91.12 us.
----------------
Vulkan Timings:
MUL_MAT_VEC q4_0 m=17408 n=1 k=5120: 1 x 91.08 us = 91.08 us (1956.97 GFLOPS/s)
Total time: 91.08 us.
----------------
Vulkan Timings:
MUL_MAT_VEC q4_0 m=17408 n=1 k=5120: 1 x 91.12 us = 91.12 us (1956.11 GFLOPS/s)
Total time: 91.12 us.
----------------
Vulkan Timings:
MUL_MAT_VEC q4_0 m=17408 n=1 k=5120: 1 x 91.52 us = 91.52 us (1947.56 GFLOPS/s)
Total time: 91.52 us.
----------------
Vulkan Timings:
MUL_MAT_VEC q4_0 m=17408 n=1 k=5120: 1 x 91.2 us = 91.2 us (1954.39 GFLOPS/s)
Total time: 91.2 us.
----------------
Vulkan Timings:
MUL_MAT_VEC q4_0 m=17408 n=1 k=5120: 1 x 91.32 us = 91.32 us (1951.82 GFLOPS/s)
Total time: 91.32 us.
----------------
Vulkan Timings:
MUL_MAT_VEC q4_0 m=17408 n=1 k=5120: 1 x 91.6 us = 91.6 us (1945.86 GFLOPS/s)
Total time: 91.6 us.
----------------
Vulkan Timings:
MUL_MAT_VEC q4_0 m=17408 n=1 k=5120: 1 x 91.16 us = 91.16 us (1955.25 GFLOPS/s)
Total time: 91.16 us.
----------------
Vulkan Timings:
MUL_MAT_VEC q4_0 m=17408 n=1 k=5120: 1 x 91.4 us = 91.4 us (1950.12 GFLOPS/s)
Total time: 91.4 us.
----------------
Vulkan Timings:
MUL_MAT_VEC q4_0 m=17408 n=1 k=5120: 1 x 91.4 us = 91.4 us (1950.12 GFLOPS/s)
Total time: 91.4 us.
----------------
Vulkan Timings:
MUL_MAT_VEC q4_0 m=17408 n=1 k=5120: 1 x 91.04 us = 91.04 us (1957.83 GFLOPS/s)
Total time: 91.04 us.
----------------
Vulkan Timings:
MUL_MAT_VEC q4_0 m=17408 n=1 k=5120: 1 x 91.28 us = 91.28 us (1952.68 GFLOPS/s)
Total time: 91.28 us.
----------------
Vulkan Timings:
MUL_MAT_VEC q4_0 m=17408 n=1 k=5120: 1 x 91.24 us = 91.24 us (1953.53 GFLOPS/s)
Total time: 91.24 us.
----------------
Vulkan Timings:
MUL_MAT_VEC q4_0 m=17408 n=1 k=5120: 1 x 91.32 us = 91.32 us (1951.82 GFLOPS/s)
Total time: 91.32 us.
----------------
Vulkan Timings:
MUL_MAT_VEC q4_0 m=17408 n=1 k=5120: 1 x 91.04 us = 91.04 us (1957.83 GFLOPS/s)
Total time: 91.04 us.
----------------
Vulkan Timings:
MUL_MAT_VEC q4_0 m=17408 n=1 k=5120: 1 x 91.2 us = 91.2 us (1954.39 GFLOPS/s)
Total time: 91.2 us.
----------------
Vulkan Timings:
MUL_MAT_VEC q4_0 m=17408 n=1 k=5120: 1 x 91.04 us = 91.04 us (1957.83 GFLOPS/s)
Total time: 91.04 us.
----------------
Vulkan Timings:
MUL_MAT_VEC q4_0 m=17408 n=1 k=5120: 1 x 91.32 us = 91.32 us (1951.82 GFLOPS/s)
Total time: 91.32 us.
----------------
Vulkan Timings:
MUL_MAT_VEC q4_0 m=17408 n=1 k=5120: 1 x 91 us = 91 us (1958.69 GFLOPS/s)
Total time: 91 us.
----------------
Vulkan Timings:
MUL_MAT_VEC q4_0 m=17408 n=1 k=5120: 1 x 91.12 us = 91.12 us (1956.11 GFLOPS/s)
Total time: 91.12 us.
----------------
Vulkan Timings:
MUL_MAT_VEC q4_0 m=17408 n=1 k=5120: 1 x 91.28 us = 91.28 us (1952.68 GFLOPS/s)
Total time: 91.28 us.
----------------
Vulkan Timings:
MUL_MAT_VEC q4_0 m=17408 n=1 k=5120: 1 x 91.04 us = 91.04 us (1957.83 GFLOPS/s)
Total time: 91.04 us.
----------------
Vulkan Timings:
MUL_MAT_VEC q4_0 m=17408 n=1 k=5120: 1 x 91.36 us = 91.36 us (1950.97 GFLOPS/s)
Total time: 91.36 us.
----------------
Vulkan Timings:
MUL_MAT_VEC q4_0 m=17408 n=1 k=5120: 1 x 91.04 us = 91.04 us (1957.83 GFLOPS/s)
Total time: 91.04 us.
----------------
Vulkan Timings:
MUL_MAT_VEC q4_0 m=17408 n=1 k=5120: 1 x 91.16 us = 91.16 us (1955.25 GFLOPS/s)
Total time: 91.16 us.
----------------
Vulkan Timings:
MUL_MAT_VEC q4_0 m=17408 n=1 k=5120: 1 x 91.12 us = 91.12 us (1956.11 GFLOPS/s)
Total time: 91.12 us.
----------------
Vulkan Timings:
MUL_MAT_VEC q4_0 m=17408 n=1 k=5120: 1 x 91.12 us = 91.12 us (1956.11 GFLOPS/s)
Total time: 91.12 us.
----------------
Vulkan Timings:
MUL_MAT_VEC q4_0 m=17408 n=1 k=5120: 1 x 91.68 us = 91.68 us (1944.16 GFLOPS/s)
Total time: 91.68 us.
----------------
Vulkan Timings:
MUL_MAT_VEC q4_0 m=17408 n=1 k=5120: 1 x 91.32 us = 91.32 us (1951.82 GFLOPS/s)
Total time: 91.32 us.
----------------
Vulkan Timings:
MUL_MAT_VEC q4_0 m=17408 n=1 k=5120: 1 x 91.2 us = 91.2 us (1954.39 GFLOPS/s)
Total time: 91.2 us.
----------------
Vulkan Timings:
MUL_MAT_VEC q4_0 m=17408 n=1 k=5120: 1 x 91.56 us = 91.56 us (1946.71 GFLOPS/s)
Total time: 91.56 us.
----------------
Vulkan Timings:
MUL_MAT_VEC q4_0 m=17408 n=1 k=5120: 1 x 91.08 us = 91.08 us (1956.97 GFLOPS/s)
Total time: 91.08 us.
----------------
Vulkan Timings:
MUL_MAT_VEC q4_0 m=17408 n=1 k=5120: 1 x 91.28 us = 91.28 us (1952.68 GFLOPS/s)
Total time: 91.28 us.
----------------
Vulkan Timings:
MUL_MAT_VEC q4_0 m=17408 n=1 k=5120: 1 x 91.04 us = 91.04 us (1957.83 GFLOPS/s)
Total time: 91.04 us.
----------------
Vulkan Timings:
MUL_MAT_VEC q4_0 m=17408 n=1 k=5120: 1 x 90.84 us = 90.84 us (1962.14 GFLOPS/s)
Total time: 90.84 us.
----------------
Vulkan Timings:
MUL_MAT_VEC q4_0 m=17408 n=1 k=5120: 1 x 91.28 us = 91.28 us (1952.68 GFLOPS/s)
Total time: 91.28 us.
----------------
Vulkan Timings:
MUL_MAT_VEC q4_0 m=17408 n=1 k=5120: 1 x 91.08 us = 91.08 us (1956.97 GFLOPS/s)
Total time: 91.08 us.
----------------
Vulkan Timings:
MUL_MAT_VEC q4_0 m=17408 n=1 k=5120: 1 x 91.4 us = 91.4 us (1950.12 GFLOPS/s)
Total time: 91.4 us.
----------------
Vulkan Timings:
MUL_MAT_VEC q4_0 m=17408 n=1 k=5120: 1 x 91.32 us = 91.32 us (1951.82 GFLOPS/s)
Total time: 91.32 us.
----------------
Vulkan Timings:
MUL_MAT_VEC q4_0 m=17408 n=1 k=5120: 1 x 91.2 us = 91.2 us (1954.39 GFLOPS/s)
Total time: 91.2 us.
----------------
Vulkan Timings:
MUL_MAT_VEC q4_0 m=17408 n=1 k=5120: 1 x 91.16 us = 91.16 us (1955.25 GFLOPS/s)
Total time: 91.16 us.
----------------
Vulkan Timings:
MUL_MAT_VEC q4_0 m=17408 n=1 k=5120: 1 x 91.28 us = 91.28 us (1952.68 GFLOPS/s)
Total time: 91.28 us.
----------------
Vulkan Timings:
MUL_MAT_VEC q4_0 m=17408 n=1 k=5120: 1 x 91.64 us = 91.64 us (1945.01 GFLOPS/s)
Total time: 91.64 us.
----------------
Vulkan Timings:
MUL_MAT_VEC q4_0 m=17408 n=1 k=5120: 1 x 91.28 us = 91.28 us (1952.68 GFLOPS/s)
Total time: 91.28 us.
----------------
Vulkan Timings:
MUL_MAT_VEC q4_0 m=17408 n=1 k=5120: 1 x 91.36 us = 91.36 us (1950.97 GFLOPS/s)
Total time: 91.36 us.
----------------
Vulkan Timings:
MUL_MAT_VEC q4_0 m=17408 n=1 k=5120: 1 x 91.32 us = 91.32 us (1951.82 GFLOPS/s)
Total time: 91.32 us.
----------------
Vulkan Timings:
MUL_MAT_VEC q4_0 m=17408 n=1 k=5120: 1 x 91.16 us = 91.16 us (1955.25 GFLOPS/s)
Total time: 91.16 us.
----------------
Vulkan Timings:
MUL_MAT_VEC q4_0 m=17408 n=1 k=5120: 1 x 91.28 us = 91.28 us (1952.68 GFLOPS/s)
Total time: 91.28 us.
----------------
Vulkan Timings:
MUL_MAT_VEC q4_0 m=17408 n=1 k=5120: 1 x 91.2 us = 91.2 us (1954.39 GFLOPS/s)
Total time: 91.2 us.
----------------
Vulkan Timings:
MUL_MAT_VEC q4_0 m=17408 n=1 k=5120: 1 x 91.24 us = 91.24 us (1953.53 GFLOPS/s)
Total time: 91.24 us.
----------------
Vulkan Timings:
MUL_MAT_VEC q4_0 m=17408 n=1 k=5120: 1 x 91.4 us = 91.4 us (1950.12 GFLOPS/s)
Total time: 91.4 us.
----------------
Vulkan Timings:
MUL_MAT_VEC q4_0 m=17408 n=1 k=5120: 1 x 91.12 us = 91.12 us (1956.11 GFLOPS/s)
Total time: 91.12 us.
----------------
Vulkan Timings:
MUL_MAT_VEC q4_0 m=17408 n=1 k=5120: 1 x 91.16 us = 91.16 us (1955.25 GFLOPS/s)
Total time: 91.16 us.
----------------
Vulkan Timings:
MUL_MAT_VEC q4_0 m=17408 n=1 k=5120: 1 x 91.32 us = 91.32 us (1951.82 GFLOPS/s)
Total time: 91.32 us.
----------------
Vulkan Timings:
MUL_MAT_VEC q4_0 m=17408 n=1 k=5120: 1 x 91.16 us = 91.16 us (1955.25 GFLOPS/s)
Total time: 91.16 us.
----------------
Vulkan Timings:
MUL_MAT_VEC q4_0 m=17408 n=1 k=5120: 1 x 91.44 us = 91.44 us (1949.26 GFLOPS/s)
Total time: 91.44 us.
----------------
Vulkan Timings:
MUL_MAT_VEC q4_0 m=17408 n=1 k=5120: 1 x 91.28 us = 91.28 us (1952.68 GFLOPS/s)
Total time: 91.28 us.
----------------
Vulkan Timings:
MUL_MAT_VEC q4_0 m=17408 n=1 k=5120: 1 x 90.72 us = 90.72 us (1964.73 GFLOPS/s)
Total time: 90.72 us.
----------------
Vulkan Timings:
MUL_MAT_VEC q4_0 m=17408 n=1 k=5120: 1 x 90.84 us = 90.84 us (1962.14 GFLOPS/s)
Total time: 90.84 us.
----------------
Vulkan Timings:
MUL_MAT_VEC q4_0 m=17408 n=1 k=5120: 1 x 91.2 us = 91.2 us (1954.39 GFLOPS/s)
Total time: 91.2 us.
----------------
Vulkan Timings:
MUL_MAT_VEC q4_0 m=17408 n=1 k=5120: 1 x 91.12 us = 91.12 us (1956.11 GFLOPS/s)
Total time: 91.12 us.
----------------
Vulkan Timings:
MUL_MAT_VEC q4_0 m=17408 n=1 k=5120: 1 x 91.24 us = 91.24 us (1953.53 GFLOPS/s)
Total time: 91.24 us.
----------------
Vulkan Timings:
MUL_MAT_VEC q4_0 m=17408 n=1 k=5120: 1 x 91.16 us = 91.16 us (1955.25 GFLOPS/s)
Total time: 91.16 us.
----------------
Vulkan Timings:
MUL_MAT_VEC q4_0 m=17408 n=1 k=5120: 1 x 92.48 us = 92.48 us (1927.34 GFLOPS/s)
Total time: 92.48 us.
----------------
Vulkan Timings:
MUL_MAT_VEC q4_0 m=17408 n=1 k=5120: 1 x 91.28 us = 91.28 us (1952.68 GFLOPS/s)
Total time: 91.28 us.
----------------
Vulkan Timings:
MUL_MAT_VEC q4_0 m=17408 n=1 k=5120: 1 x 91.08 us = 91.08 us (1956.97 GFLOPS/s)
Total time: 91.08 us.
----------------
Vulkan Timings:
MUL_MAT_VEC q4_0 m=17408 n=1 k=5120: 1 x 91.2 us = 91.2 us (1954.39 GFLOPS/s)
Total time: 91.2 us.
----------------
Vulkan Timings:
MUL_MAT_VEC q4_0 m=17408 n=1 k=5120: 1 x 91.24 us = 91.24 us (1953.53 GFLOPS/s)
Total time: 91.24 us.
----------------
Vulkan Timings:
MUL_MAT_VEC q4_0 m=17408 n=1 k=5120: 1 x 91.24 us = 91.24 us (1953.53 GFLOPS/s)
Total time: 91.24 us.
----------------
Vulkan Timings:
MUL_MAT_VEC q4_0 m=17408 n=1 k=5120: 1 x 92.64 us = 92.64 us (1924.01 GFLOPS/s)
Total time: 92.64 us.
----------------
Vulkan Timings:
MUL_MAT_VEC q4_0 m=17408 n=1 k=5120: 1 x 92.08 us = 92.08 us (1935.71 GFLOPS/s)
Total time: 92.08 us.
----------------
Vulkan Timings:
MUL_MAT_VEC q4_0 m=17408 n=1 k=5120: 1 x 91.36 us = 91.36 us (1950.97 GFLOPS/s)
Total time: 91.36 us.
----------------
Vulkan Timings:
MUL_MAT_VEC q4_0 m=17408 n=1 k=5120: 1 x 91.28 us = 91.28 us (1952.68 GFLOPS/s)
Total time: 91.28 us.
----------------
Vulkan Timings:
MUL_MAT_VEC q4_0 m=17408 n=1 k=5120: 1 x 91.24 us = 91.24 us (1953.53 GFLOPS/s)
Total time: 91.24 us.
----------------
Vulkan Timings:
MUL_MAT_VEC q4_0 m=17408 n=1 k=5120: 1 x 90.88 us = 90.88 us (1961.27 GFLOPS/s)
Total time: 90.88 us.
----------------
Vulkan Timings:
MUL_MAT_VEC q4_0 m=17408 n=1 k=5120: 1 x 91.4 us = 91.4 us (1950.12 GFLOPS/s)
Total time: 91.4 us.
----------------
Vulkan Timings:
MUL_MAT_VEC q4_0 m=17408 n=1 k=5120: 1 x 91.36 us = 91.36 us (1950.97 GFLOPS/s)
Total time: 91.36 us.
----------------
Vulkan Timings:
MUL_MAT_VEC q4_0 m=17408 n=1 k=5120: 1 x 91.56 us = 91.56 us (1946.71 GFLOPS/s)
Total time: 91.56 us.
----------------
Vulkan Timings:
MUL_MAT_VEC q4_0 m=17408 n=1 k=5120: 1 x 91.24 us = 91.24 us (1953.53 GFLOPS/s)
Total time: 91.24 us.
----------------
Vulkan Timings:
MUL_MAT_VEC q4_0 m=17408 n=1 k=5120: 1 x 91.56 us = 91.56 us (1946.71 GFLOPS/s)
Total time: 91.56 us.
----------------
Vulkan Timings:
MUL_MAT_VEC q4_0 m=17408 n=1 k=5120: 1 x 91.36 us = 91.36 us (1950.97 GFLOPS/s)
Total time: 91.36 us.
----------------
Vulkan Timings:
MUL_MAT_VEC q4_0 m=17408 n=1 k=5120: 1 x 91.24 us = 91.24 us (1953.53 GFLOPS/s)
Total time: 91.24 us.
----------------
Vulkan Timings:
MUL_MAT_VEC q4_0 m=17408 n=1 k=5120: 1 x 91.6 us = 91.6 us (1945.86 GFLOPS/s)
Total time: 91.6 us.
----------------
Vulkan Timings:
MUL_MAT_VEC q4_0 m=17408 n=1 k=5120: 1 x 91.16 us = 91.16 us (1955.25 GFLOPS/s)
Total time: 91.16 us.
----------------
Vulkan Timings:
MUL_MAT_VEC q4_0 m=17408 n=1 k=5120: 1 x 91.16 us = 91.16 us (1955.25 GFLOPS/s)
Total time: 91.16 us.
----------------
Vulkan Timings:
MUL_MAT_VEC q4_0 m=17408 n=1 k=5120: 1 x 91.2 us = 91.2 us (1954.39 GFLOPS/s)
Total time: 91.2 us.
----------------
Vulkan Timings:
MUL_MAT_VEC q4_0 m=17408 n=1 k=5120: 1 x 91.28 us = 91.28 us (1952.68 GFLOPS/s)
Total time: 91.28 us.
----------------
Vulkan Timings:
MUL_MAT_VEC q4_0 m=17408 n=1 k=5120: 1 x 91.52 us = 91.52 us (1947.56 GFLOPS/s)
Total time: 91.52 us.
----------------
Vulkan Timings:
MUL_MAT_VEC q4_0 m=17408 n=1 k=5120: 1 x 91.32 us = 91.32 us (1951.82 GFLOPS/s)
Total time: 91.32 us.
----------------
Vulkan Timings:
MUL_MAT_VEC q4_0 m=17408 n=1 k=5120: 1 x 91.4 us = 91.4 us (1950.12 GFLOPS/s)
Total time: 91.4 us.
----------------
Vulkan Timings:
MUL_MAT_VEC q4_0 m=17408 n=1 k=5120: 1 x 91.44 us = 91.44 us (1949.26 GFLOPS/s)
Total time: 91.44 us.
----------------
Vulkan Timings:
MUL_MAT_VEC q4_0 m=17408 n=1 k=5120: 1 x 91.28 us = 91.28 us (1952.68 GFLOPS/s)
Total time: 91.28 us.
----------------
Vulkan Timings:
MUL_MAT_VEC q4_0 m=17408 n=1 k=5120: 1 x 91.32 us = 91.32 us (1951.82 GFLOPS/s)
Total time: 91.32 us.
----------------
Vulkan Timings:
MUL_MAT_VEC q4_0 m=17408 n=1 k=5120: 1 x 91.6 us = 91.6 us (1945.86 GFLOPS/s)
Total time: 91.6 us.
----------------
Vulkan Timings:
MUL_MAT_VEC q4_0 m=17408 n=1 k=5120: 1 x 91.2 us = 91.2 us (1954.39 GFLOPS/s)
Total time: 91.2 us.
----------------
Vulkan Timings:
MUL_MAT_VEC q4_0 m=17408 n=1 k=5120: 1 x 91.32 us = 91.32 us (1951.82 GFLOPS/s)
Total time: 91.32 us.
----------------
Vulkan Timings:
MUL_MAT_VEC q4_0 m=17408 n=1 k=5120: 1 x 91.2 us = 91.2 us (1954.39 GFLOPS/s)
Total time: 91.2 us.
----------------
Vulkan Timings:
MUL_MAT_VEC q4_0 m=17408 n=1 k=5120: 1 x 91.24 us = 91.24 us (1953.53 GFLOPS/s)
Total time: 91.24 us.
----------------
Vulkan Timings:
MUL_MAT_VEC q4_0 m=17408 n=1 k=5120: 1 x 91.44 us = 91.44 us (1949.26 GFLOPS/s)
Total time: 91.44 us.
----------------
Vulkan Timings:
MUL_MAT_VEC q4_0 m=17408 n=1 k=5120: 1 x 91.16 us = 91.16 us (1955.25 GFLOPS/s)
Total time: 91.16 us.
----------------
Vulkan Timings:
MUL_MAT_VEC q4_0 m=17408 n=1 k=5120: 1 x 91.16 us = 91.16 us (1955.25 GFLOPS/s)
Total time: 91.16 us.
----------------
Vulkan Timings:
MUL_MAT_VEC q4_0 m=17408 n=1 k=5120: 1 x 91.24 us = 91.24 us (1953.53 GFLOPS/s)
Total time: 91.24 us.
----------------
Vulkan Timings:
MUL_MAT_VEC q4_0 m=17408 n=1 k=5120: 1 x 91.2 us = 91.2 us (1954.39 GFLOPS/s)
Total time: 91.2 us.
----------------
Vulkan Timings:
MUL_MAT_VEC q4_0 m=17408 n=1 k=5120: 1 x 91.2 us = 91.2 us (1954.39 GFLOPS/s)
Total time: 91.2 us.
----------------
Vulkan Timings:
MUL_MAT_VEC q4_0 m=17408 n=1 k=5120: 1 x 91.12 us = 91.12 us (1956.11 GFLOPS/s)
Total time: 91.12 us.
----------------
Vulkan Timings:
MUL_MAT_VEC q4_0 m=17408 n=1 k=5120: 1 x 91.2 us = 91.2 us (1954.39 GFLOPS/s)
Total time: 91.2 us.
----------------
Vulkan Timings:
MUL_MAT_VEC q4_0 m=17408 n=1 k=5120: 1 x 91.28 us = 91.28 us (1952.68 GFLOPS/s)
Total time: 91.28 us.
----------------
Vulkan Timings:
MUL_MAT_VEC q4_0 m=17408 n=1 k=5120: 1 x 91.44 us = 91.44 us (1949.26 GFLOPS/s)
Total time: 91.44 us.
----------------
Vulkan Timings:
MUL_MAT_VEC q4_0 m=17408 n=1 k=5120: 1 x 91.08 us = 91.08 us (1956.97 GFLOPS/s)
Total time: 91.08 us.
----------------
Vulkan Timings:
MUL_MAT_VEC q4_0 m=17408 n=1 k=5120: 1 x 91.08 us = 91.08 us (1956.97 GFLOPS/s)
Total time: 91.08 us.
----------------
Vulkan Timings:
MUL_MAT_VEC q4_0 m=17408 n=1 k=5120: 1 x 91.28 us = 91.28 us (1952.68 GFLOPS/s)
Total time: 91.28 us.
----------------
Vulkan Timings:
MUL_MAT_VEC q4_0 m=17408 n=1 k=5120: 1 x 91.12 us = 91.12 us (1956.11 GFLOPS/s)
Total time: 91.12 us.
----------------
Vulkan Timings:
MUL_MAT_VEC q4_0 m=17408 n=1 k=5120: 1 x 91.32 us = 91.32 us (1951.82 GFLOPS/s)
Total time: 91.32 us.
----------------
Vulkan Timings:
MUL_MAT_VEC q4_0 m=17408 n=1 k=5120: 1 x 90.96 us = 90.96 us (1959.55 GFLOPS/s)
Total time: 90.96 us.
----------------
Vulkan Timings:
MUL_MAT_VEC q4_0 m=17408 n=1 k=5120: 1 x 91.32 us = 91.32 us (1951.82 GFLOPS/s)
Total time: 91.32 us.
----------------
Vulkan Timings:
MUL_MAT_VEC q4_0 m=17408 n=1 k=5120: 1 x 91.16 us = 91.16 us (1955.25 GFLOPS/s)
Total time: 91.16 us.
----------------
Vulkan Timings:
MUL_MAT_VEC q4_0 m=17408 n=1 k=5120: 1 x 91.16 us = 91.16 us (1955.25 GFLOPS/s)
Total time: 91.16 us.
----------------
Vulkan Timings:
MUL_MAT_VEC q4_0 m=17408 n=1 k=5120: 1 x 91.28 us = 91.28 us (1952.68 GFLOPS/s)
Total time: 91.28 us.
----------------
Vulkan Timings:
MUL_MAT_VEC q4_0 m=17408 n=1 k=5120: 1 x 91.4 us = 91.4 us (1950.12 GFLOPS/s)
Total time: 91.4 us.
----------------
Vulkan Timings:
MUL_MAT_VEC q4_0 m=17408 n=1 k=5120: 1 x 90.84 us = 90.84 us (1962.14 GFLOPS/s)
Total time: 90.84 us.
----------------
Vulkan Timings:
MUL_MAT_VEC q4_0 m=17408 n=1 k=5120: 1 x 91.24 us = 91.24 us (1953.53 GFLOPS/s)
Total time: 91.24 us.
----------------
Vulkan Timings:
MUL_MAT_VEC q4_0 m=17408 n=1 k=5120: 1 x 91.84 us = 91.84 us (1940.77 GFLOPS/s)
Total time: 91.84 us.
----------------
Vulkan Timings:
MUL_MAT_VEC q4_0 m=17408 n=1 k=5120: 1 x 91.36 us = 91.36 us (1950.97 GFLOPS/s)
Total time: 91.36 us.
----------------
Vulkan Timings:
MUL_MAT_VEC q4_0 m=17408 n=1 k=5120: 1 x 91.2 us = 91.2 us (1954.39 GFLOPS/s)
Total time: 91.2 us.
----------------
Vulkan Timings:
MUL_MAT_VEC q4_0 m=17408 n=1 k=5120: 1 x 91.28 us = 91.28 us (1952.68 GFLOPS/s)
Total time: 91.28 us.
----------------
Vulkan Timings:
MUL_MAT_VEC q4_0 m=17408 n=1 k=5120: 1 x 91.28 us = 91.28 us (1952.68 GFLOPS/s)
Total time: 91.28 us.
----------------
Vulkan Timings:
MUL_MAT_VEC q4_0 m=17408 n=1 k=5120: 1 x 91.12 us = 91.12 us (1956.11 GFLOPS/s)
Total time: 91.12 us.
----------------
Vulkan Timings:
MUL_MAT_VEC q4_0 m=17408 n=1 k=5120: 1 x 90.84 us = 90.84 us (1962.14 GFLOPS/s)
Total time: 90.84 us.
----------------
Vulkan Timings:
MUL_MAT_VEC q4_0 m=17408 n=1 k=5120: 1 x 91.24 us = 91.24 us (1953.53 GFLOPS/s)
Total time: 91.24 us.
----------------
Vulkan Timings:
MUL_MAT_VEC q4_0 m=17408 n=1 k=5120: 1 x 91.16 us = 91.16 us (1955.25 GFLOPS/s)
Total time: 91.16 us.
----------------
Vulkan Timings:
MUL_MAT_VEC q4_0 m=17408 n=1 k=5120: 1 x 91.28 us = 91.28 us (1952.68 GFLOPS/s)
Total time: 91.28 us.
----------------
Vulkan Timings:
MUL_MAT_VEC q4_0 m=17408 n=1 k=5120: 1 x 91.12 us = 91.12 us (1956.11 GFLOPS/s)
Total time: 91.12 us.
----------------
Vulkan Timings:
MUL_MAT_VEC q4_0 m=17408 n=1 k=5120: 1 x 91.4 us = 91.4 us (1950.12 GFLOPS/s)
Total time: 91.4 us.
----------------
Vulkan Timings:
MUL_MAT_VEC q4_0 m=17408 n=1 k=5120: 1 x 91.12 us = 91.12 us (1956.11 GFLOPS/s)
Total time: 91.12 us.
----------------
Vulkan Timings:
MUL_MAT_VEC q4_0 m=17408 n=1 k=5120: 1 x 91.52 us = 91.52 us (1947.56 GFLOPS/s)
Total time: 91.52 us.
----------------
Vulkan Timings:
MUL_MAT_VEC q4_0 m=17408 n=1 k=5120: 1 x 91.28 us = 91.28 us (1952.68 GFLOPS/s)
Total time: 91.28 us.
----------------
Vulkan Timings:
MUL_MAT_VEC q4_0 m=17408 n=1 k=5120: 1 x 91.12 us = 91.12 us (1956.11 GFLOPS/s)
Total time: 91.12 us.
----------------
Vulkan Timings:
MUL_MAT_VEC q4_0 m=17408 n=1 k=5120: 1 x 91.36 us = 91.36 us (1950.97 GFLOPS/s)
Total time: 91.36 us.
