ggml_vulkan: Found 1 Vulkan devices:
ggml_vulkan: 0 = AMD Radeon RX 7900 XTX (RADV NAVI31) (radv) | uma: 0 | fp16: dot2 | bf16: 0 | fp4: 0 | warp size: 64 | shared memory: 65536 | int dot: 1 | matrix cores: KHR_coopmat
oracle=0.24.0 commit=456172ec-dirty device=AMD Radeon RX 7900 XTX (RADV NAVI31) disable_mmvq=1
backend_allocation_bytes=29552640
----------------
Vulkan Timings:
MUL_MAT_VEC q4_0 m=10240 n=1 k=5120: 1 x 65.16 us = 65.16 us (1609.08 GFLOPS/s)
Total time: 65.16 us.
----------------
Vulkan Timings:
MUL_MAT_VEC q4_0 m=10240 n=1 k=5120: 1 x 61.36 us = 61.36 us (1708.72 GFLOPS/s)
Total time: 61.36 us.
----------------
Vulkan Timings:
MUL_MAT_VEC q4_0 m=10240 n=1 k=5120: 1 x 60.44 us = 60.44 us (1734.73 GFLOPS/s)
Total time: 60.44 us.
----------------
Vulkan Timings:
MUL_MAT_VEC q4_0 m=10240 n=1 k=5120: 1 x 60.76 us = 60.76 us (1725.6 GFLOPS/s)
Total time: 60.76 us.
----------------
Vulkan Timings:
MUL_MAT_VEC q4_0 m=10240 n=1 k=5120: 1 x 60.8 us = 60.8 us (1724.46 GFLOPS/s)
Total time: 60.8 us.
----------------
Vulkan Timings:
MUL_MAT_VEC q4_0 m=10240 n=1 k=5120: 1 x 60.92 us = 60.92 us (1721.07 GFLOPS/s)
Total time: 60.92 us.
----------------
Vulkan Timings:
MUL_MAT_VEC q4_0 m=10240 n=1 k=5120: 1 x 60.8 us = 60.8 us (1724.46 GFLOPS/s)
Total time: 60.8 us.
----------------
Vulkan Timings:
MUL_MAT_VEC q4_0 m=10240 n=1 k=5120: 1 x 61.12 us = 61.12 us (1715.43 GFLOPS/s)
Total time: 61.12 us.
----------------
Vulkan Timings:
MUL_MAT_VEC q4_0 m=10240 n=1 k=5120: 1 x 60.84 us = 60.84 us (1723.33 GFLOPS/s)
Total time: 60.84 us.
----------------
Vulkan Timings:
MUL_MAT_VEC q4_0 m=10240 n=1 k=5120: 1 x 60.72 us = 60.72 us (1726.74 GFLOPS/s)
Total time: 60.72 us.
----------------
Vulkan Timings:
MUL_MAT_VEC q4_0 m=10240 n=1 k=5120: 1 x 61 us = 61 us (1718.81 GFLOPS/s)
Total time: 61 us.
----------------
Vulkan Timings:
MUL_MAT_VEC q4_0 m=10240 n=1 k=5120: 1 x 60.64 us = 60.64 us (1729.01 GFLOPS/s)
Total time: 60.64 us.
----------------
Vulkan Timings:
MUL_MAT_VEC q4_0 m=10240 n=1 k=5120: 1 x 60.72 us = 60.72 us (1726.74 GFLOPS/s)
Total time: 60.72 us.
----------------
Vulkan Timings:
MUL_MAT_VEC q4_0 m=10240 n=1 k=5120: 1 x 60.84 us = 60.84 us (1723.33 GFLOPS/s)
Total time: 60.84 us.
----------------
Vulkan Timings:
MUL_MAT_VEC q4_0 m=10240 n=1 k=5120: 1 x 60.88 us = 60.88 us (1722.2 GFLOPS/s)
Total time: 60.88 us.
----------------
Vulkan Timings:
MUL_MAT_VEC q4_0 m=10240 n=1 k=5120: 1 x 60.88 us = 60.88 us (1722.2 GFLOPS/s)
Total time: 60.88 us.
----------------
Vulkan Timings:
MUL_MAT_VEC q4_0 m=10240 n=1 k=5120: 1 x 60.52 us = 60.52 us (1732.44 GFLOPS/s)
Total time: 60.52 us.
----------------
Vulkan Timings:
MUL_MAT_VEC q4_0 m=10240 n=1 k=5120: 1 x 60.92 us = 60.92 us (1721.07 GFLOPS/s)
Total time: 60.92 us.
----------------
Vulkan Timings:
MUL_MAT_VEC q4_0 m=10240 n=1 k=5120: 1 x 60.6 us = 60.6 us (1730.15 GFLOPS/s)
Total time: 60.6 us.
----------------
Vulkan Timings:
MUL_MAT_VEC q4_0 m=10240 n=1 k=5120: 1 x 61.2 us = 61.2 us (1713.19 GFLOPS/s)
Total time: 61.2 us.
----------------
Vulkan Timings:
MUL_MAT_VEC q4_0 m=10240 n=1 k=5120: 1 x 60.8 us = 60.8 us (1724.46 GFLOPS/s)
Total time: 60.8 us.
----------------
Vulkan Timings:
MUL_MAT_VEC q4_0 m=10240 n=1 k=5120: 1 x 60.8 us = 60.8 us (1724.46 GFLOPS/s)
Total time: 60.8 us.
----------------
Vulkan Timings:
MUL_MAT_VEC q4_0 m=10240 n=1 k=5120: 1 x 60.76 us = 60.76 us (1725.6 GFLOPS/s)
Total time: 60.76 us.
----------------
Vulkan Timings:
MUL_MAT_VEC q4_0 m=10240 n=1 k=5120: 1 x 60.88 us = 60.88 us (1722.2 GFLOPS/s)
Total time: 60.88 us.
----------------
Vulkan Timings:
MUL_MAT_VEC q4_0 m=10240 n=1 k=5120: 1 x 60.96 us = 60.96 us (1719.94 GFLOPS/s)
Total time: 60.96 us.
----------------
Vulkan Timings:
MUL_MAT_VEC q4_0 m=10240 n=1 k=5120: 1 x 60.96 us = 60.96 us (1719.94 GFLOPS/s)
Total time: 60.96 us.
----------------
Vulkan Timings:
MUL_MAT_VEC q4_0 m=10240 n=1 k=5120: 1 x 60.84 us = 60.84 us (1723.33 GFLOPS/s)
Total time: 60.84 us.
----------------
Vulkan Timings:
MUL_MAT_VEC q4_0 m=10240 n=1 k=5120: 1 x 61 us = 61 us (1718.81 GFLOPS/s)
Total time: 61 us.
----------------
Vulkan Timings:
MUL_MAT_VEC q4_0 m=10240 n=1 k=5120: 1 x 60.76 us = 60.76 us (1725.6 GFLOPS/s)
Total time: 60.76 us.
----------------
Vulkan Timings:
MUL_MAT_VEC q4_0 m=10240 n=1 k=5120: 1 x 60.84 us = 60.84 us (1723.33 GFLOPS/s)
Total time: 60.84 us.
----------------
Vulkan Timings:
MUL_MAT_VEC q4_0 m=10240 n=1 k=5120: 1 x 60.92 us = 60.92 us (1721.07 GFLOPS/s)
Total time: 60.92 us.
----------------
Vulkan Timings:
MUL_MAT_VEC q4_0 m=10240 n=1 k=5120: 1 x 60.44 us = 60.44 us (1734.73 GFLOPS/s)
Total time: 60.44 us.
----------------
Vulkan Timings:
MUL_MAT_VEC q4_0 m=10240 n=1 k=5120: 1 x 60.92 us = 60.92 us (1721.07 GFLOPS/s)
Total time: 60.92 us.
----------------
Vulkan Timings:
MUL_MAT_VEC q4_0 m=10240 n=1 k=5120: 1 x 60.76 us = 60.76 us (1725.6 GFLOPS/s)
Total time: 60.76 us.
----------------
Vulkan Timings:
MUL_MAT_VEC q4_0 m=10240 n=1 k=5120: 1 x 60.84 us = 60.84 us (1723.33 GFLOPS/s)
Total time: 60.84 us.
----------------
Vulkan Timings:
MUL_MAT_VEC q4_0 m=10240 n=1 k=5120: 1 x 60.84 us = 60.84 us (1723.33 GFLOPS/s)
Total time: 60.84 us.
----------------
Vulkan Timings:
MUL_MAT_VEC q4_0 m=10240 n=1 k=5120: 1 x 60.8 us = 60.8 us (1724.46 GFLOPS/s)
Total time: 60.8 us.
----------------
Vulkan Timings:
MUL_MAT_VEC q4_0 m=10240 n=1 k=5120: 1 x 60.96 us = 60.96 us (1719.94 GFLOPS/s)
Total time: 60.96 us.
----------------
Vulkan Timings:
MUL_MAT_VEC q4_0 m=10240 n=1 k=5120: 1 x 60.88 us = 60.88 us (1722.2 GFLOPS/s)
Total time: 60.88 us.
----------------
Vulkan Timings:
MUL_MAT_VEC q4_0 m=10240 n=1 k=5120: 1 x 60.8 us = 60.8 us (1724.46 GFLOPS/s)
Total time: 60.8 us.
----------------
Vulkan Timings:
MUL_MAT_VEC q4_0 m=10240 n=1 k=5120: 1 x 60.92 us = 60.92 us (1721.07 GFLOPS/s)
Total time: 60.92 us.
----------------
Vulkan Timings:
MUL_MAT_VEC q4_0 m=10240 n=1 k=5120: 1 x 60.88 us = 60.88 us (1722.2 GFLOPS/s)
Total time: 60.88 us.
----------------
Vulkan Timings:
MUL_MAT_VEC q4_0 m=10240 n=1 k=5120: 1 x 61.04 us = 61.04 us (1717.68 GFLOPS/s)
Total time: 61.04 us.
----------------
Vulkan Timings:
MUL_MAT_VEC q4_0 m=10240 n=1 k=5120: 1 x 60.92 us = 60.92 us (1721.07 GFLOPS/s)
Total time: 60.92 us.
----------------
Vulkan Timings:
MUL_MAT_VEC q4_0 m=10240 n=1 k=5120: 1 x 60.4 us = 60.4 us (1735.88 GFLOPS/s)
Total time: 60.4 us.
----------------
Vulkan Timings:
MUL_MAT_VEC q4_0 m=10240 n=1 k=5120: 1 x 60.92 us = 60.92 us (1721.07 GFLOPS/s)
Total time: 60.92 us.
----------------
Vulkan Timings:
MUL_MAT_VEC q4_0 m=10240 n=1 k=5120: 1 x 60.84 us = 60.84 us (1723.33 GFLOPS/s)
Total time: 60.84 us.
----------------
Vulkan Timings:
MUL_MAT_VEC q4_0 m=10240 n=1 k=5120: 1 x 60.76 us = 60.76 us (1725.6 GFLOPS/s)
Total time: 60.76 us.
----------------
Vulkan Timings:
MUL_MAT_VEC q4_0 m=10240 n=1 k=5120: 1 x 60.92 us = 60.92 us (1721.07 GFLOPS/s)
Total time: 60.92 us.
----------------
Vulkan Timings:
MUL_MAT_VEC q4_0 m=10240 n=1 k=5120: 1 x 60.76 us = 60.76 us (1725.6 GFLOPS/s)
Total time: 60.76 us.
----------------
Vulkan Timings:
MUL_MAT_VEC q4_0 m=10240 n=1 k=5120: 1 x 61.12 us = 61.12 us (1715.43 GFLOPS/s)
Total time: 61.12 us.
----------------
Vulkan Timings:
MUL_MAT_VEC q4_0 m=10240 n=1 k=5120: 1 x 60.92 us = 60.92 us (1721.07 GFLOPS/s)
Total time: 60.92 us.
----------------
Vulkan Timings:
MUL_MAT_VEC q4_0 m=10240 n=1 k=5120: 1 x 60.84 us = 60.84 us (1723.33 GFLOPS/s)
Total time: 60.84 us.
----------------
Vulkan Timings:
MUL_MAT_VEC q4_0 m=10240 n=1 k=5120: 1 x 60.76 us = 60.76 us (1725.6 GFLOPS/s)
Total time: 60.76 us.
----------------
Vulkan Timings:
MUL_MAT_VEC q4_0 m=10240 n=1 k=5120: 1 x 60.88 us = 60.88 us (1722.2 GFLOPS/s)
Total time: 60.88 us.
----------------
Vulkan Timings:
MUL_MAT_VEC q4_0 m=10240 n=1 k=5120: 1 x 60.8 us = 60.8 us (1724.46 GFLOPS/s)
Total time: 60.8 us.
----------------
Vulkan Timings:
MUL_MAT_VEC q4_0 m=10240 n=1 k=5120: 1 x 60.8 us = 60.8 us (1724.46 GFLOPS/s)
Total time: 60.8 us.
----------------
Vulkan Timings:
MUL_MAT_VEC q4_0 m=10240 n=1 k=5120: 1 x 60.48 us = 60.48 us (1733.59 GFLOPS/s)
Total time: 60.48 us.
----------------
Vulkan Timings:
MUL_MAT_VEC q4_0 m=10240 n=1 k=5120: 1 x 60.8 us = 60.8 us (1724.46 GFLOPS/s)
Total time: 60.8 us.
----------------
Vulkan Timings:
MUL_MAT_VEC q4_0 m=10240 n=1 k=5120: 1 x 60.8 us = 60.8 us (1724.46 GFLOPS/s)
Total time: 60.8 us.
----------------
Vulkan Timings:
MUL_MAT_VEC q4_0 m=10240 n=1 k=5120: 1 x 60.88 us = 60.88 us (1722.2 GFLOPS/s)
Total time: 60.88 us.
----------------
Vulkan Timings:
MUL_MAT_VEC q4_0 m=10240 n=1 k=5120: 1 x 61.04 us = 61.04 us (1717.68 GFLOPS/s)
Total time: 61.04 us.
----------------
Vulkan Timings:
MUL_MAT_VEC q4_0 m=10240 n=1 k=5120: 1 x 60.88 us = 60.88 us (1722.2 GFLOPS/s)
Total time: 60.88 us.
----------------
Vulkan Timings:
MUL_MAT_VEC q4_0 m=10240 n=1 k=5120: 1 x 60.92 us = 60.92 us (1721.07 GFLOPS/s)
Total time: 60.92 us.
----------------
Vulkan Timings:
MUL_MAT_VEC q4_0 m=10240 n=1 k=5120: 1 x 60.88 us = 60.88 us (1722.2 GFLOPS/s)
Total time: 60.88 us.
----------------
Vulkan Timings:
MUL_MAT_VEC q4_0 m=10240 n=1 k=5120: 1 x 60.88 us = 60.88 us (1722.2 GFLOPS/s)
Total time: 60.88 us.
----------------
Vulkan Timings:
MUL_MAT_VEC q4_0 m=10240 n=1 k=5120: 1 x 60.92 us = 60.92 us (1721.07 GFLOPS/s)
Total time: 60.92 us.
----------------
Vulkan Timings:
MUL_MAT_VEC q4_0 m=10240 n=1 k=5120: 1 x 60.72 us = 60.72 us (1726.74 GFLOPS/s)
Total time: 60.72 us.
----------------
Vulkan Timings:
MUL_MAT_VEC q4_0 m=10240 n=1 k=5120: 1 x 60.8 us = 60.8 us (1724.46 GFLOPS/s)
Total time: 60.8 us.
----------------
Vulkan Timings:
MUL_MAT_VEC q4_0 m=10240 n=1 k=5120: 1 x 60.88 us = 60.88 us (1722.2 GFLOPS/s)
Total time: 60.88 us.
----------------
Vulkan Timings:
MUL_MAT_VEC q4_0 m=10240 n=1 k=5120: 1 x 60.76 us = 60.76 us (1725.6 GFLOPS/s)
Total time: 60.76 us.
----------------
Vulkan Timings:
MUL_MAT_VEC q4_0 m=10240 n=1 k=5120: 1 x 61.2 us = 61.2 us (1713.19 GFLOPS/s)
Total time: 61.2 us.
----------------
Vulkan Timings:
MUL_MAT_VEC q4_0 m=10240 n=1 k=5120: 1 x 60.76 us = 60.76 us (1725.6 GFLOPS/s)
Total time: 60.76 us.
----------------
Vulkan Timings:
MUL_MAT_VEC q4_0 m=10240 n=1 k=5120: 1 x 60.84 us = 60.84 us (1723.33 GFLOPS/s)
Total time: 60.84 us.
----------------
Vulkan Timings:
MUL_MAT_VEC q4_0 m=10240 n=1 k=5120: 1 x 60.88 us = 60.88 us (1722.2 GFLOPS/s)
Total time: 60.88 us.
----------------
Vulkan Timings:
MUL_MAT_VEC q4_0 m=10240 n=1 k=5120: 1 x 60.8 us = 60.8 us (1724.46 GFLOPS/s)
Total time: 60.8 us.
----------------
Vulkan Timings:
MUL_MAT_VEC q4_0 m=10240 n=1 k=5120: 1 x 60.88 us = 60.88 us (1722.2 GFLOPS/s)
Total time: 60.88 us.
----------------
Vulkan Timings:
MUL_MAT_VEC q4_0 m=10240 n=1 k=5120: 1 x 61.04 us = 61.04 us (1717.68 GFLOPS/s)
Total time: 61.04 us.
----------------
Vulkan Timings:
MUL_MAT_VEC q4_0 m=10240 n=1 k=5120: 1 x 60.84 us = 60.84 us (1723.33 GFLOPS/s)
Total time: 60.84 us.
----------------
Vulkan Timings:
MUL_MAT_VEC q4_0 m=10240 n=1 k=5120: 1 x 60.68 us = 60.68 us (1727.87 GFLOPS/s)
Total time: 60.68 us.
----------------
Vulkan Timings:
MUL_MAT_VEC q4_0 m=10240 n=1 k=5120: 1 x 60.92 us = 60.92 us (1721.07 GFLOPS/s)
Total time: 60.92 us.
----------------
Vulkan Timings:
MUL_MAT_VEC q4_0 m=10240 n=1 k=5120: 1 x 60.96 us = 60.96 us (1719.94 GFLOPS/s)
Total time: 60.96 us.
----------------
Vulkan Timings:
MUL_MAT_VEC q4_0 m=10240 n=1 k=5120: 1 x 60.88 us = 60.88 us (1722.2 GFLOPS/s)
Total time: 60.88 us.
----------------
Vulkan Timings:
MUL_MAT_VEC q4_0 m=10240 n=1 k=5120: 1 x 60.88 us = 60.88 us (1722.2 GFLOPS/s)
Total time: 60.88 us.
----------------
Vulkan Timings:
MUL_MAT_VEC q4_0 m=10240 n=1 k=5120: 1 x 60.96 us = 60.96 us (1719.94 GFLOPS/s)
Total time: 60.96 us.
----------------
Vulkan Timings:
MUL_MAT_VEC q4_0 m=10240 n=1 k=5120: 1 x 60.72 us = 60.72 us (1726.74 GFLOPS/s)
Total time: 60.72 us.
----------------
Vulkan Timings:
MUL_MAT_VEC q4_0 m=10240 n=1 k=5120: 1 x 60.96 us = 60.96 us (1719.94 GFLOPS/s)
Total time: 60.96 us.
----------------
Vulkan Timings:
MUL_MAT_VEC q4_0 m=10240 n=1 k=5120: 1 x 60.92 us = 60.92 us (1721.07 GFLOPS/s)
Total time: 60.92 us.
----------------
Vulkan Timings:
MUL_MAT_VEC q4_0 m=10240 n=1 k=5120: 1 x 60.88 us = 60.88 us (1722.2 GFLOPS/s)
Total time: 60.88 us.
----------------
Vulkan Timings:
MUL_MAT_VEC q4_0 m=10240 n=1 k=5120: 1 x 60.76 us = 60.76 us (1725.6 GFLOPS/s)
Total time: 60.76 us.
----------------
Vulkan Timings:
MUL_MAT_VEC q4_0 m=10240 n=1 k=5120: 1 x 63.2 us = 63.2 us (1658.98 GFLOPS/s)
Total time: 63.2 us.
----------------
Vulkan Timings:
MUL_MAT_VEC q4_0 m=10240 n=1 k=5120: 1 x 60.8 us = 60.8 us (1724.46 GFLOPS/s)
Total time: 60.8 us.
----------------
Vulkan Timings:
MUL_MAT_VEC q4_0 m=10240 n=1 k=5120: 1 x 61.44 us = 61.44 us (1706.5 GFLOPS/s)
Total time: 61.44 us.
----------------
Vulkan Timings:
MUL_MAT_VEC q4_0 m=10240 n=1 k=5120: 1 x 60.8 us = 60.8 us (1724.46 GFLOPS/s)
Total time: 60.8 us.
----------------
Vulkan Timings:
MUL_MAT_VEC q4_0 m=10240 n=1 k=5120: 1 x 60.92 us = 60.92 us (1721.07 GFLOPS/s)
Total time: 60.92 us.
----------------
Vulkan Timings:
MUL_MAT_VEC q4_0 m=10240 n=1 k=5120: 1 x 61.04 us = 61.04 us (1717.68 GFLOPS/s)
Total time: 61.04 us.
----------------
Vulkan Timings:
MUL_MAT_VEC q4_0 m=10240 n=1 k=5120: 1 x 61 us = 61 us (1718.81 GFLOPS/s)
Total time: 61 us.
----------------
Vulkan Timings:
MUL_MAT_VEC q4_0 m=10240 n=1 k=5120: 1 x 61.16 us = 61.16 us (1714.31 GFLOPS/s)
Total time: 61.16 us.
----------------
Vulkan Timings:
MUL_MAT_VEC q4_0 m=10240 n=1 k=5120: 1 x 61.28 us = 61.28 us (1710.96 GFLOPS/s)
Total time: 61.28 us.
----------------
Vulkan Timings:
MUL_MAT_VEC q4_0 m=10240 n=1 k=5120: 1 x 60.68 us = 60.68 us (1727.87 GFLOPS/s)
Total time: 60.68 us.
----------------
Vulkan Timings:
MUL_MAT_VEC q4_0 m=10240 n=1 k=5120: 1 x 60.92 us = 60.92 us (1721.07 GFLOPS/s)
Total time: 60.92 us.
----------------
Vulkan Timings:
MUL_MAT_VEC q4_0 m=10240 n=1 k=5120: 1 x 60.76 us = 60.76 us (1725.6 GFLOPS/s)
Total time: 60.76 us.
----------------
Vulkan Timings:
MUL_MAT_VEC q4_0 m=10240 n=1 k=5120: 1 x 60.76 us = 60.76 us (1725.6 GFLOPS/s)
Total time: 60.76 us.
----------------
Vulkan Timings:
MUL_MAT_VEC q4_0 m=10240 n=1 k=5120: 1 x 61.12 us = 61.12 us (1715.43 GFLOPS/s)
Total time: 61.12 us.
----------------
Vulkan Timings:
MUL_MAT_VEC q4_0 m=10240 n=1 k=5120: 1 x 60.52 us = 60.52 us (1732.44 GFLOPS/s)
Total time: 60.52 us.
----------------
Vulkan Timings:
MUL_MAT_VEC q4_0 m=10240 n=1 k=5120: 1 x 60.8 us = 60.8 us (1724.46 GFLOPS/s)
Total time: 60.8 us.
----------------
Vulkan Timings:
MUL_MAT_VEC q4_0 m=10240 n=1 k=5120: 1 x 60.92 us = 60.92 us (1721.07 GFLOPS/s)
Total time: 60.92 us.
----------------
Vulkan Timings:
MUL_MAT_VEC q4_0 m=10240 n=1 k=5120: 1 x 61.16 us = 61.16 us (1714.31 GFLOPS/s)
Total time: 61.16 us.
----------------
Vulkan Timings:
MUL_MAT_VEC q4_0 m=10240 n=1 k=5120: 1 x 61.04 us = 61.04 us (1717.68 GFLOPS/s)
Total time: 61.04 us.
----------------
Vulkan Timings:
MUL_MAT_VEC q4_0 m=10240 n=1 k=5120: 1 x 60.92 us = 60.92 us (1721.07 GFLOPS/s)
Total time: 60.92 us.
----------------
Vulkan Timings:
MUL_MAT_VEC q4_0 m=10240 n=1 k=5120: 1 x 60.92 us = 60.92 us (1721.07 GFLOPS/s)
Total time: 60.92 us.
----------------
Vulkan Timings:
MUL_MAT_VEC q4_0 m=10240 n=1 k=5120: 1 x 60.8 us = 60.8 us (1724.46 GFLOPS/s)
Total time: 60.8 us.
----------------
Vulkan Timings:
MUL_MAT_VEC q4_0 m=10240 n=1 k=5120: 1 x 60.96 us = 60.96 us (1719.94 GFLOPS/s)
Total time: 60.96 us.
----------------
Vulkan Timings:
MUL_MAT_VEC q4_0 m=10240 n=1 k=5120: 1 x 60.92 us = 60.92 us (1721.07 GFLOPS/s)
Total time: 60.92 us.
----------------
Vulkan Timings:
MUL_MAT_VEC q4_0 m=10240 n=1 k=5120: 1 x 60.84 us = 60.84 us (1723.33 GFLOPS/s)
Total time: 60.84 us.
----------------
Vulkan Timings:
MUL_MAT_VEC q4_0 m=10240 n=1 k=5120: 1 x 60.96 us = 60.96 us (1719.94 GFLOPS/s)
Total time: 60.96 us.
----------------
Vulkan Timings:
MUL_MAT_VEC q4_0 m=10240 n=1 k=5120: 1 x 61.08 us = 61.08 us (1716.56 GFLOPS/s)
Total time: 61.08 us.
----------------
Vulkan Timings:
MUL_MAT_VEC q4_0 m=10240 n=1 k=5120: 1 x 60.88 us = 60.88 us (1722.2 GFLOPS/s)
Total time: 60.88 us.
----------------
Vulkan Timings:
MUL_MAT_VEC q4_0 m=10240 n=1 k=5120: 1 x 60.76 us = 60.76 us (1725.6 GFLOPS/s)
Total time: 60.76 us.
----------------
Vulkan Timings:
MUL_MAT_VEC q4_0 m=10240 n=1 k=5120: 1 x 61 us = 61 us (1718.81 GFLOPS/s)
Total time: 61 us.
----------------
Vulkan Timings:
MUL_MAT_VEC q4_0 m=10240 n=1 k=5120: 1 x 60.92 us = 60.92 us (1721.07 GFLOPS/s)
Total time: 60.92 us.
----------------
Vulkan Timings:
MUL_MAT_VEC q4_0 m=10240 n=1 k=5120: 1 x 60.92 us = 60.92 us (1721.07 GFLOPS/s)
Total time: 60.92 us.
----------------
Vulkan Timings:
MUL_MAT_VEC q4_0 m=10240 n=1 k=5120: 1 x 60.84 us = 60.84 us (1723.33 GFLOPS/s)
Total time: 60.84 us.
----------------
Vulkan Timings:
MUL_MAT_VEC q4_0 m=10240 n=1 k=5120: 1 x 60.76 us = 60.76 us (1725.6 GFLOPS/s)
Total time: 60.76 us.
----------------
Vulkan Timings:
MUL_MAT_VEC q4_0 m=10240 n=1 k=5120: 1 x 60.8 us = 60.8 us (1724.46 GFLOPS/s)
Total time: 60.8 us.
----------------
Vulkan Timings:
MUL_MAT_VEC q4_0 m=10240 n=1 k=5120: 1 x 60.8 us = 60.8 us (1724.46 GFLOPS/s)
Total time: 60.8 us.
----------------
Vulkan Timings:
MUL_MAT_VEC q4_0 m=10240 n=1 k=5120: 1 x 60.76 us = 60.76 us (1725.6 GFLOPS/s)
Total time: 60.76 us.
----------------
Vulkan Timings:
MUL_MAT_VEC q4_0 m=10240 n=1 k=5120: 1 x 61.04 us = 61.04 us (1717.68 GFLOPS/s)
Total time: 61.04 us.
----------------
Vulkan Timings:
MUL_MAT_VEC q4_0 m=10240 n=1 k=5120: 1 x 60.92 us = 60.92 us (1721.07 GFLOPS/s)
Total time: 60.92 us.
----------------
Vulkan Timings:
MUL_MAT_VEC q4_0 m=10240 n=1 k=5120: 1 x 60.96 us = 60.96 us (1719.94 GFLOPS/s)
Total time: 60.96 us.
----------------
Vulkan Timings:
MUL_MAT_VEC q4_0 m=10240 n=1 k=5120: 1 x 61 us = 61 us (1718.81 GFLOPS/s)
Total time: 61 us.
----------------
Vulkan Timings:
MUL_MAT_VEC q4_0 m=10240 n=1 k=5120: 1 x 60.92 us = 60.92 us (1721.07 GFLOPS/s)
Total time: 60.92 us.
----------------
Vulkan Timings:
MUL_MAT_VEC q4_0 m=10240 n=1 k=5120: 1 x 61.04 us = 61.04 us (1717.68 GFLOPS/s)
Total time: 61.04 us.
----------------
Vulkan Timings:
MUL_MAT_VEC q4_0 m=10240 n=1 k=5120: 1 x 60.96 us = 60.96 us (1719.94 GFLOPS/s)
Total time: 60.96 us.
----------------
Vulkan Timings:
MUL_MAT_VEC q4_0 m=10240 n=1 k=5120: 1 x 60.92 us = 60.92 us (1721.07 GFLOPS/s)
Total time: 60.92 us.
----------------
Vulkan Timings:
MUL_MAT_VEC q4_0 m=10240 n=1 k=5120: 1 x 60.88 us = 60.88 us (1722.2 GFLOPS/s)
Total time: 60.88 us.
----------------
Vulkan Timings:
MUL_MAT_VEC q4_0 m=10240 n=1 k=5120: 1 x 61.04 us = 61.04 us (1717.68 GFLOPS/s)
Total time: 61.04 us.
----------------
Vulkan Timings:
MUL_MAT_VEC q4_0 m=10240 n=1 k=5120: 1 x 60.56 us = 60.56 us (1731.3 GFLOPS/s)
Total time: 60.56 us.
----------------
Vulkan Timings:
MUL_MAT_VEC q4_0 m=10240 n=1 k=5120: 1 x 60.8 us = 60.8 us (1724.46 GFLOPS/s)
Total time: 60.8 us.
----------------
Vulkan Timings:
MUL_MAT_VEC q4_0 m=10240 n=1 k=5120: 1 x 61 us = 61 us (1718.81 GFLOPS/s)
Total time: 61 us.
----------------
Vulkan Timings:
MUL_MAT_VEC q4_0 m=10240 n=1 k=5120: 1 x 60.88 us = 60.88 us (1722.2 GFLOPS/s)
Total time: 60.88 us.
----------------
Vulkan Timings:
MUL_MAT_VEC q4_0 m=10240 n=1 k=5120: 1 x 61.24 us = 61.24 us (1712.07 GFLOPS/s)
Total time: 61.24 us.
----------------
Vulkan Timings:
MUL_MAT_VEC q4_0 m=10240 n=1 k=5120: 1 x 60.96 us = 60.96 us (1719.94 GFLOPS/s)
Total time: 60.96 us.
----------------
Vulkan Timings:
MUL_MAT_VEC q4_0 m=10240 n=1 k=5120: 1 x 61.28 us = 61.28 us (1710.96 GFLOPS/s)
Total time: 61.28 us.
----------------
Vulkan Timings:
MUL_MAT_VEC q4_0 m=10240 n=1 k=5120: 1 x 60.84 us = 60.84 us (1723.33 GFLOPS/s)
Total time: 60.84 us.
----------------
Vulkan Timings:
MUL_MAT_VEC q4_0 m=10240 n=1 k=5120: 1 x 60.92 us = 60.92 us (1721.07 GFLOPS/s)
Total time: 60.92 us.
----------------
Vulkan Timings:
MUL_MAT_VEC q4_0 m=10240 n=1 k=5120: 1 x 60.8 us = 60.8 us (1724.46 GFLOPS/s)
Total time: 60.8 us.
----------------
Vulkan Timings:
MUL_MAT_VEC q4_0 m=10240 n=1 k=5120: 1 x 61.04 us = 61.04 us (1717.68 GFLOPS/s)
Total time: 61.04 us.
----------------
Vulkan Timings:
MUL_MAT_VEC q4_0 m=10240 n=1 k=5120: 1 x 61 us = 61 us (1718.81 GFLOPS/s)
Total time: 61 us.
----------------
Vulkan Timings:
MUL_MAT_VEC q4_0 m=10240 n=1 k=5120: 1 x 60.6 us = 60.6 us (1730.15 GFLOPS/s)
Total time: 60.6 us.
----------------
Vulkan Timings:
MUL_MAT_VEC q4_0 m=10240 n=1 k=5120: 1 x 60.84 us = 60.84 us (1723.33 GFLOPS/s)
Total time: 60.84 us.
----------------
Vulkan Timings:
MUL_MAT_VEC q4_0 m=10240 n=1 k=5120: 1 x 60.96 us = 60.96 us (1719.94 GFLOPS/s)
Total time: 60.96 us.
----------------
Vulkan Timings:
MUL_MAT_VEC q4_0 m=10240 n=1 k=5120: 1 x 60.96 us = 60.96 us (1719.94 GFLOPS/s)
Total time: 60.96 us.
----------------
Vulkan Timings:
MUL_MAT_VEC q4_0 m=10240 n=1 k=5120: 1 x 60.8 us = 60.8 us (1724.46 GFLOPS/s)
Total time: 60.8 us.
----------------
Vulkan Timings:
MUL_MAT_VEC q4_0 m=10240 n=1 k=5120: 1 x 61.08 us = 61.08 us (1716.56 GFLOPS/s)
Total time: 61.08 us.
----------------
Vulkan Timings:
MUL_MAT_VEC q4_0 m=10240 n=1 k=5120: 1 x 61.36 us = 61.36 us (1708.72 GFLOPS/s)
Total time: 61.36 us.
----------------
Vulkan Timings:
MUL_MAT_VEC q4_0 m=10240 n=1 k=5120: 1 x 60.96 us = 60.96 us (1719.94 GFLOPS/s)
Total time: 60.96 us.
----------------
Vulkan Timings:
MUL_MAT_VEC q4_0 m=10240 n=1 k=5120: 1 x 60.76 us = 60.76 us (1725.6 GFLOPS/s)
Total time: 60.76 us.
----------------
Vulkan Timings:
MUL_MAT_VEC q4_0 m=10240 n=1 k=5120: 1 x 61.08 us = 61.08 us (1716.56 GFLOPS/s)
Total time: 61.08 us.
----------------
Vulkan Timings:
MUL_MAT_VEC q4_0 m=10240 n=1 k=5120: 1 x 60.96 us = 60.96 us (1719.94 GFLOPS/s)
Total time: 60.96 us.
----------------
Vulkan Timings:
MUL_MAT_VEC q4_0 m=10240 n=1 k=5120: 1 x 60.8 us = 60.8 us (1724.46 GFLOPS/s)
Total time: 60.8 us.
----------------
Vulkan Timings:
MUL_MAT_VEC q4_0 m=10240 n=1 k=5120: 1 x 60.96 us = 60.96 us (1719.94 GFLOPS/s)
Total time: 60.96 us.
----------------
Vulkan Timings:
MUL_MAT_VEC q4_0 m=10240 n=1 k=5120: 1 x 60.88 us = 60.88 us (1722.2 GFLOPS/s)
Total time: 60.88 us.
----------------
Vulkan Timings:
MUL_MAT_VEC q4_0 m=10240 n=1 k=5120: 1 x 60.88 us = 60.88 us (1722.2 GFLOPS/s)
Total time: 60.88 us.
----------------
Vulkan Timings:
MUL_MAT_VEC q4_0 m=10240 n=1 k=5120: 1 x 60.92 us = 60.92 us (1721.07 GFLOPS/s)
Total time: 60.92 us.
----------------
Vulkan Timings:
MUL_MAT_VEC q4_0 m=10240 n=1 k=5120: 1 x 60.96 us = 60.96 us (1719.94 GFLOPS/s)
Total time: 60.96 us.
----------------
Vulkan Timings:
MUL_MAT_VEC q4_0 m=10240 n=1 k=5120: 1 x 61.08 us = 61.08 us (1716.56 GFLOPS/s)
Total time: 61.08 us.
----------------
Vulkan Timings:
MUL_MAT_VEC q4_0 m=10240 n=1 k=5120: 1 x 62.28 us = 62.28 us (1683.48 GFLOPS/s)
Total time: 62.28 us.
----------------
Vulkan Timings:
MUL_MAT_VEC q4_0 m=10240 n=1 k=5120: 1 x 61.04 us = 61.04 us (1717.68 GFLOPS/s)
Total time: 61.04 us.
----------------
Vulkan Timings:
MUL_MAT_VEC q4_0 m=10240 n=1 k=5120: 1 x 61 us = 61 us (1718.81 GFLOPS/s)
Total time: 61 us.
----------------
Vulkan Timings:
MUL_MAT_VEC q4_0 m=10240 n=1 k=5120: 1 x 60.92 us = 60.92 us (1721.07 GFLOPS/s)
Total time: 60.92 us.
----------------
Vulkan Timings:
MUL_MAT_VEC q4_0 m=10240 n=1 k=5120: 1 x 61 us = 61 us (1718.81 GFLOPS/s)
Total time: 61 us.
----------------
Vulkan Timings:
MUL_MAT_VEC q4_0 m=10240 n=1 k=5120: 1 x 61.24 us = 61.24 us (1712.07 GFLOPS/s)
Total time: 61.24 us.
----------------
Vulkan Timings:
MUL_MAT_VEC q4_0 m=10240 n=1 k=5120: 1 x 61.08 us = 61.08 us (1716.56 GFLOPS/s)
Total time: 61.08 us.
----------------
Vulkan Timings:
MUL_MAT_VEC q4_0 m=10240 n=1 k=5120: 1 x 61.52 us = 61.52 us (1704.28 GFLOPS/s)
Total time: 61.52 us.
----------------
Vulkan Timings:
MUL_MAT_VEC q4_0 m=10240 n=1 k=5120: 1 x 62.8 us = 62.8 us (1669.54 GFLOPS/s)
Total time: 62.8 us.
----------------
Vulkan Timings:
MUL_MAT_VEC q4_0 m=10240 n=1 k=5120: 1 x 61.24 us = 61.24 us (1712.07 GFLOPS/s)
Total time: 61.24 us.
----------------
Vulkan Timings:
MUL_MAT_VEC q4_0 m=10240 n=1 k=5120: 1 x 62.04 us = 62.04 us (1690 GFLOPS/s)
Total time: 62.04 us.
----------------
Vulkan Timings:
MUL_MAT_VEC q4_0 m=10240 n=1 k=5120: 1 x 61.36 us = 61.36 us (1708.72 GFLOPS/s)
Total time: 61.36 us.
----------------
Vulkan Timings:
MUL_MAT_VEC q4_0 m=10240 n=1 k=5120: 1 x 60.84 us = 60.84 us (1723.33 GFLOPS/s)
Total time: 60.84 us.
----------------
Vulkan Timings:
MUL_MAT_VEC q4_0 m=10240 n=1 k=5120: 1 x 60.64 us = 60.64 us (1729.01 GFLOPS/s)
Total time: 60.64 us.
----------------
Vulkan Timings:
MUL_MAT_VEC q4_0 m=10240 n=1 k=5120: 1 x 61 us = 61 us (1718.81 GFLOPS/s)
Total time: 61 us.
----------------
Vulkan Timings:
MUL_MAT_VEC q4_0 m=10240 n=1 k=5120: 1 x 60.84 us = 60.84 us (1723.33 GFLOPS/s)
Total time: 60.84 us.
----------------
Vulkan Timings:
MUL_MAT_VEC q4_0 m=10240 n=1 k=5120: 1 x 61.08 us = 61.08 us (1716.56 GFLOPS/s)
Total time: 61.08 us.
----------------
Vulkan Timings:
MUL_MAT_VEC q4_0 m=10240 n=1 k=5120: 1 x 60.96 us = 60.96 us (1719.94 GFLOPS/s)
Total time: 60.96 us.
----------------
Vulkan Timings:
MUL_MAT_VEC q4_0 m=10240 n=1 k=5120: 1 x 61.08 us = 61.08 us (1716.56 GFLOPS/s)
Total time: 61.08 us.
----------------
Vulkan Timings:
MUL_MAT_VEC q4_0 m=10240 n=1 k=5120: 1 x 61 us = 61 us (1718.81 GFLOPS/s)
Total time: 61 us.
----------------
Vulkan Timings:
MUL_MAT_VEC q4_0 m=10240 n=1 k=5120: 1 x 61.04 us = 61.04 us (1717.68 GFLOPS/s)
Total time: 61.04 us.
----------------
Vulkan Timings:
MUL_MAT_VEC q4_0 m=10240 n=1 k=5120: 1 x 60.92 us = 60.92 us (1721.07 GFLOPS/s)
Total time: 60.92 us.
----------------
Vulkan Timings:
MUL_MAT_VEC q4_0 m=10240 n=1 k=5120: 1 x 61 us = 61 us (1718.81 GFLOPS/s)
Total time: 61 us.
----------------
Vulkan Timings:
MUL_MAT_VEC q4_0 m=10240 n=1 k=5120: 1 x 60.88 us = 60.88 us (1722.2 GFLOPS/s)
Total time: 60.88 us.
----------------
Vulkan Timings:
MUL_MAT_VEC q4_0 m=10240 n=1 k=5120: 1 x 61.24 us = 61.24 us (1712.07 GFLOPS/s)
Total time: 61.24 us.
----------------
Vulkan Timings:
MUL_MAT_VEC q4_0 m=10240 n=1 k=5120: 1 x 60.52 us = 60.52 us (1732.44 GFLOPS/s)
Total time: 60.52 us.
----------------
Vulkan Timings:
MUL_MAT_VEC q4_0 m=10240 n=1 k=5120: 1 x 60.76 us = 60.76 us (1725.6 GFLOPS/s)
Total time: 60.76 us.
----------------
Vulkan Timings:
MUL_MAT_VEC q4_0 m=10240 n=1 k=5120: 1 x 60.76 us = 60.76 us (1725.6 GFLOPS/s)
Total time: 60.76 us.
----------------
Vulkan Timings:
MUL_MAT_VEC q4_0 m=10240 n=1 k=5120: 1 x 60.96 us = 60.96 us (1719.94 GFLOPS/s)
Total time: 60.96 us.
----------------
Vulkan Timings:
MUL_MAT_VEC q4_0 m=10240 n=1 k=5120: 1 x 60.92 us = 60.92 us (1721.07 GFLOPS/s)
Total time: 60.92 us.
----------------
Vulkan Timings:
MUL_MAT_VEC q4_0 m=10240 n=1 k=5120: 1 x 60.88 us = 60.88 us (1722.2 GFLOPS/s)
Total time: 60.88 us.
----------------
Vulkan Timings:
MUL_MAT_VEC q4_0 m=10240 n=1 k=5120: 1 x 60.8 us = 60.8 us (1724.46 GFLOPS/s)
Total time: 60.8 us.
----------------
Vulkan Timings:
MUL_MAT_VEC q4_0 m=10240 n=1 k=5120: 1 x 61 us = 61 us (1718.81 GFLOPS/s)
Total time: 61 us.
----------------
Vulkan Timings:
MUL_MAT_VEC q4_0 m=10240 n=1 k=5120: 1 x 60.96 us = 60.96 us (1719.94 GFLOPS/s)
Total time: 60.96 us.
----------------
Vulkan Timings:
MUL_MAT_VEC q4_0 m=10240 n=1 k=5120: 1 x 61 us = 61 us (1718.81 GFLOPS/s)
Total time: 61 us.
----------------
Vulkan Timings:
MUL_MAT_VEC q4_0 m=10240 n=1 k=5120: 1 x 60.84 us = 60.84 us (1723.33 GFLOPS/s)
Total time: 60.84 us.
----------------
Vulkan Timings:
MUL_MAT_VEC q4_0 m=10240 n=1 k=5120: 1 x 60.92 us = 60.92 us (1721.07 GFLOPS/s)
Total time: 60.92 us.
----------------
Vulkan Timings:
MUL_MAT_VEC q4_0 m=10240 n=1 k=5120: 1 x 60.88 us = 60.88 us (1722.2 GFLOPS/s)
Total time: 60.88 us.
----------------
Vulkan Timings:
MUL_MAT_VEC q4_0 m=10240 n=1 k=5120: 1 x 60.96 us = 60.96 us (1719.94 GFLOPS/s)
Total time: 60.96 us.
----------------
Vulkan Timings:
MUL_MAT_VEC q4_0 m=10240 n=1 k=5120: 1 x 61 us = 61 us (1718.81 GFLOPS/s)
Total time: 61 us.
----------------
Vulkan Timings:
MUL_MAT_VEC q4_0 m=10240 n=1 k=5120: 1 x 60.88 us = 60.88 us (1722.2 GFLOPS/s)
Total time: 60.88 us.
----------------
Vulkan Timings:
MUL_MAT_VEC q4_0 m=10240 n=1 k=5120: 1 x 60.8 us = 60.8 us (1724.46 GFLOPS/s)
Total time: 60.8 us.
----------------
Vulkan Timings:
MUL_MAT_VEC q4_0 m=10240 n=1 k=5120: 1 x 60.92 us = 60.92 us (1721.07 GFLOPS/s)
Total time: 60.92 us.
----------------
Vulkan Timings:
MUL_MAT_VEC q4_0 m=10240 n=1 k=5120: 1 x 61 us = 61 us (1718.81 GFLOPS/s)
Total time: 61 us.
----------------
Vulkan Timings:
MUL_MAT_VEC q4_0 m=10240 n=1 k=5120: 1 x 60.8 us = 60.8 us (1724.46 GFLOPS/s)
Total time: 60.8 us.
----------------
Vulkan Timings:
MUL_MAT_VEC q4_0 m=10240 n=1 k=5120: 1 x 60.84 us = 60.84 us (1723.33 GFLOPS/s)
Total time: 60.84 us.
----------------
Vulkan Timings:
MUL_MAT_VEC q4_0 m=10240 n=1 k=5120: 1 x 61.04 us = 61.04 us (1717.68 GFLOPS/s)
Total time: 61.04 us.
----------------
Vulkan Timings:
MUL_MAT_VEC q4_0 m=10240 n=1 k=5120: 1 x 61.04 us = 61.04 us (1717.68 GFLOPS/s)
Total time: 61.04 us.
----------------
Vulkan Timings:
MUL_MAT_VEC q4_0 m=10240 n=1 k=5120: 1 x 60.92 us = 60.92 us (1721.07 GFLOPS/s)
Total time: 60.92 us.
----------------
Vulkan Timings:
MUL_MAT_VEC q4_0 m=10240 n=1 k=5120: 1 x 61.24 us = 61.24 us (1712.07 GFLOPS/s)
Total time: 61.24 us.
----------------
Vulkan Timings:
MUL_MAT_VEC q4_0 m=10240 n=1 k=5120: 1 x 60.88 us = 60.88 us (1722.2 GFLOPS/s)
Total time: 60.88 us.
----------------
Vulkan Timings:
MUL_MAT_VEC q4_0 m=10240 n=1 k=5120: 1 x 61.12 us = 61.12 us (1715.43 GFLOPS/s)
Total time: 61.12 us.
----------------
Vulkan Timings:
MUL_MAT_VEC q4_0 m=10240 n=1 k=5120: 1 x 61 us = 61 us (1718.81 GFLOPS/s)
Total time: 61 us.
----------------
Vulkan Timings:
MUL_MAT_VEC q4_0 m=10240 n=1 k=5120: 1 x 61.04 us = 61.04 us (1717.68 GFLOPS/s)
Total time: 61.04 us.
----------------
Vulkan Timings:
MUL_MAT_VEC q4_0 m=10240 n=1 k=5120: 1 x 61.04 us = 61.04 us (1717.68 GFLOPS/s)
Total time: 61.04 us.
----------------
Vulkan Timings:
MUL_MAT_VEC q4_0 m=10240 n=1 k=5120: 1 x 60.88 us = 60.88 us (1722.2 GFLOPS/s)
Total time: 60.88 us.
----------------
Vulkan Timings:
MUL_MAT_VEC q4_0 m=10240 n=1 k=5120: 1 x 60.96 us = 60.96 us (1719.94 GFLOPS/s)
Total time: 60.96 us.
----------------
Vulkan Timings:
MUL_MAT_VEC q4_0 m=10240 n=1 k=5120: 1 x 60.92 us = 60.92 us (1721.07 GFLOPS/s)
Total time: 60.92 us.
----------------
Vulkan Timings:
MUL_MAT_VEC q4_0 m=10240 n=1 k=5120: 1 x 60.96 us = 60.96 us (1719.94 GFLOPS/s)
Total time: 60.96 us.
----------------
Vulkan Timings:
MUL_MAT_VEC q4_0 m=10240 n=1 k=5120: 1 x 60.96 us = 60.96 us (1719.94 GFLOPS/s)
Total time: 60.96 us.
----------------
Vulkan Timings:
MUL_MAT_VEC q4_0 m=10240 n=1 k=5120: 1 x 60.88 us = 60.88 us (1722.2 GFLOPS/s)
Total time: 60.88 us.
----------------
Vulkan Timings:
MUL_MAT_VEC q4_0 m=10240 n=1 k=5120: 1 x 61.08 us = 61.08 us (1716.56 GFLOPS/s)
Total time: 61.08 us.
----------------
Vulkan Timings:
MUL_MAT_VEC q4_0 m=10240 n=1 k=5120: 1 x 61.04 us = 61.04 us (1717.68 GFLOPS/s)
Total time: 61.04 us.
----------------
Vulkan Timings:
MUL_MAT_VEC q4_0 m=10240 n=1 k=5120: 1 x 60.84 us = 60.84 us (1723.33 GFLOPS/s)
Total time: 60.84 us.
----------------
Vulkan Timings:
MUL_MAT_VEC q4_0 m=10240 n=1 k=5120: 1 x 60.8 us = 60.8 us (1724.46 GFLOPS/s)
Total time: 60.8 us.
----------------
Vulkan Timings:
MUL_MAT_VEC q4_0 m=10240 n=1 k=5120: 1 x 60.84 us = 60.84 us (1723.33 GFLOPS/s)
Total time: 60.84 us.
----------------
Vulkan Timings:
MUL_MAT_VEC q4_0 m=10240 n=1 k=5120: 1 x 60.68 us = 60.68 us (1727.87 GFLOPS/s)
Total time: 60.68 us.
----------------
Vulkan Timings:
MUL_MAT_VEC q4_0 m=10240 n=1 k=5120: 1 x 61.16 us = 61.16 us (1714.31 GFLOPS/s)
Total time: 61.16 us.
----------------
Vulkan Timings:
MUL_MAT_VEC q4_0 m=10240 n=1 k=5120: 1 x 60.96 us = 60.96 us (1719.94 GFLOPS/s)
Total time: 60.96 us.
----------------
Vulkan Timings:
MUL_MAT_VEC q4_0 m=10240 n=1 k=5120: 1 x 60.96 us = 60.96 us (1719.94 GFLOPS/s)
Total time: 60.96 us.
----------------
Vulkan Timings:
MUL_MAT_VEC q4_0 m=10240 n=1 k=5120: 1 x 60.44 us = 60.44 us (1734.73 GFLOPS/s)
Total time: 60.44 us.
----------------
Vulkan Timings:
MUL_MAT_VEC q4_0 m=10240 n=1 k=5120: 1 x 60.88 us = 60.88 us (1722.2 GFLOPS/s)
Total time: 60.88 us.
----------------
Vulkan Timings:
MUL_MAT_VEC q4_0 m=10240 n=1 k=5120: 1 x 60.52 us = 60.52 us (1732.44 GFLOPS/s)
Total time: 60.52 us.
----------------
Vulkan Timings:
MUL_MAT_VEC q4_0 m=10240 n=1 k=5120: 1 x 61.44 us = 61.44 us (1706.5 GFLOPS/s)
Total time: 61.44 us.
----------------
Vulkan Timings:
MUL_MAT_VEC q4_0 m=10240 n=1 k=5120: 1 x 61.12 us = 61.12 us (1715.43 GFLOPS/s)
Total time: 61.12 us.
----------------
Vulkan Timings:
MUL_MAT_VEC q4_0 m=10240 n=1 k=5120: 1 x 61.08 us = 61.08 us (1716.56 GFLOPS/s)
Total time: 61.08 us.
----------------
Vulkan Timings:
MUL_MAT_VEC q4_0 m=10240 n=1 k=5120: 1 x 60.84 us = 60.84 us (1723.33 GFLOPS/s)
Total time: 60.84 us.
----------------
Vulkan Timings:
MUL_MAT_VEC q4_0 m=10240 n=1 k=5120: 1 x 61.16 us = 61.16 us (1714.31 GFLOPS/s)
Total time: 61.16 us.
----------------
Vulkan Timings:
MUL_MAT_VEC q4_0 m=10240 n=1 k=5120: 1 x 60.88 us = 60.88 us (1722.2 GFLOPS/s)
Total time: 60.88 us.
----------------
Vulkan Timings:
MUL_MAT_VEC q4_0 m=10240 n=1 k=5120: 1 x 61.08 us = 61.08 us (1716.56 GFLOPS/s)
Total time: 61.08 us.
----------------
Vulkan Timings:
MUL_MAT_VEC q4_0 m=10240 n=1 k=5120: 1 x 60.96 us = 60.96 us (1719.94 GFLOPS/s)
Total time: 60.96 us.
----------------
Vulkan Timings:
MUL_MAT_VEC q4_0 m=10240 n=1 k=5120: 1 x 61.04 us = 61.04 us (1717.68 GFLOPS/s)
Total time: 61.04 us.
----------------
Vulkan Timings:
MUL_MAT_VEC q4_0 m=10240 n=1 k=5120: 1 x 60.88 us = 60.88 us (1722.2 GFLOPS/s)
Total time: 60.88 us.
----------------
Vulkan Timings:
MUL_MAT_VEC q4_0 m=10240 n=1 k=5120: 1 x 61.12 us = 61.12 us (1715.43 GFLOPS/s)
Total time: 61.12 us.
----------------
Vulkan Timings:
MUL_MAT_VEC q4_0 m=10240 n=1 k=5120: 1 x 60.88 us = 60.88 us (1722.2 GFLOPS/s)
Total time: 60.88 us.
----------------
Vulkan Timings:
MUL_MAT_VEC q4_0 m=10240 n=1 k=5120: 1 x 61.12 us = 61.12 us (1715.43 GFLOPS/s)
Total time: 61.12 us.
----------------
Vulkan Timings:
MUL_MAT_VEC q4_0 m=10240 n=1 k=5120: 1 x 60.96 us = 60.96 us (1719.94 GFLOPS/s)
Total time: 60.96 us.
----------------
Vulkan Timings:
MUL_MAT_VEC q4_0 m=10240 n=1 k=5120: 1 x 60.92 us = 60.92 us (1721.07 GFLOPS/s)
Total time: 60.92 us.
----------------
Vulkan Timings:
MUL_MAT_VEC q4_0 m=10240 n=1 k=5120: 1 x 61.16 us = 61.16 us (1714.31 GFLOPS/s)
Total time: 61.16 us.
----------------
Vulkan Timings:
MUL_MAT_VEC q4_0 m=10240 n=1 k=5120: 1 x 61.2 us = 61.2 us (1713.19 GFLOPS/s)
Total time: 61.2 us.
----------------
Vulkan Timings:
MUL_MAT_VEC q4_0 m=10240 n=1 k=5120: 1 x 60.88 us = 60.88 us (1722.2 GFLOPS/s)
Total time: 60.88 us.
----------------
Vulkan Timings:
MUL_MAT_VEC q4_0 m=10240 n=1 k=5120: 1 x 61.24 us = 61.24 us (1712.07 GFLOPS/s)
Total time: 61.24 us.
----------------
Vulkan Timings:
MUL_MAT_VEC q4_0 m=10240 n=1 k=5120: 1 x 60.88 us = 60.88 us (1722.2 GFLOPS/s)
Total time: 60.88 us.
----------------
Vulkan Timings:
MUL_MAT_VEC q4_0 m=10240 n=1 k=5120: 1 x 62.64 us = 62.64 us (1673.81 GFLOPS/s)
Total time: 62.64 us.
----------------
Vulkan Timings:
MUL_MAT_VEC q4_0 m=10240 n=1 k=5120: 1 x 61.36 us = 61.36 us (1708.72 GFLOPS/s)
Total time: 61.36 us.
----------------
Vulkan Timings:
MUL_MAT_VEC q4_0 m=10240 n=1 k=5120: 1 x 61.12 us = 61.12 us (1715.43 GFLOPS/s)
Total time: 61.12 us.
----------------
Vulkan Timings:
MUL_MAT_VEC q4_0 m=10240 n=1 k=5120: 1 x 61.28 us = 61.28 us (1710.96 GFLOPS/s)
Total time: 61.28 us.
----------------
Vulkan Timings:
MUL_MAT_VEC q4_0 m=10240 n=1 k=5120: 1 x 60.76 us = 60.76 us (1725.6 GFLOPS/s)
Total time: 60.76 us.
----------------
Vulkan Timings:
MUL_MAT_VEC q4_0 m=10240 n=1 k=5120: 1 x 60.92 us = 60.92 us (1721.07 GFLOPS/s)
Total time: 60.92 us.
----------------
Vulkan Timings:
MUL_MAT_VEC q4_0 m=10240 n=1 k=5120: 1 x 60.84 us = 60.84 us (1723.33 GFLOPS/s)
Total time: 60.84 us.
----------------
Vulkan Timings:
MUL_MAT_VEC q4_0 m=10240 n=1 k=5120: 1 x 61 us = 61 us (1718.81 GFLOPS/s)
Total time: 61 us.
----------------
Vulkan Timings:
MUL_MAT_VEC q4_0 m=10240 n=1 k=5120: 1 x 62.32 us = 62.32 us (1682.4 GFLOPS/s)
Total time: 62.32 us.
----------------
Vulkan Timings:
MUL_MAT_VEC q4_0 m=10240 n=1 k=5120: 1 x 61.36 us = 61.36 us (1708.72 GFLOPS/s)
Total time: 61.36 us.
----------------
Vulkan Timings:
MUL_MAT_VEC q4_0 m=10240 n=1 k=5120: 1 x 60.92 us = 60.92 us (1721.07 GFLOPS/s)
Total time: 60.92 us.
----------------
Vulkan Timings:
MUL_MAT_VEC q4_0 m=10240 n=1 k=5120: 1 x 60.8 us = 60.8 us (1724.46 GFLOPS/s)
Total time: 60.8 us.
----------------
Vulkan Timings:
MUL_MAT_VEC q4_0 m=10240 n=1 k=5120: 1 x 60.8 us = 60.8 us (1724.46 GFLOPS/s)
Total time: 60.8 us.
----------------
Vulkan Timings:
MUL_MAT_VEC q4_0 m=10240 n=1 k=5120: 1 x 60.84 us = 60.84 us (1723.33 GFLOPS/s)
Total time: 60.84 us.
----------------
Vulkan Timings:
MUL_MAT_VEC q4_0 m=10240 n=1 k=5120: 1 x 61.24 us = 61.24 us (1712.07 GFLOPS/s)
Total time: 61.24 us.
----------------
Vulkan Timings:
MUL_MAT_VEC q4_0 m=10240 n=1 k=5120: 1 x 61.08 us = 61.08 us (1716.56 GFLOPS/s)
Total time: 61.08 us.
----------------
Vulkan Timings:
MUL_MAT_VEC q4_0 m=10240 n=1 k=5120: 1 x 61.04 us = 61.04 us (1717.68 GFLOPS/s)
Total time: 61.04 us.
----------------
Vulkan Timings:
MUL_MAT_VEC q4_0 m=10240 n=1 k=5120: 1 x 61.12 us = 61.12 us (1715.43 GFLOPS/s)
Total time: 61.12 us.
----------------
Vulkan Timings:
MUL_MAT_VEC q4_0 m=10240 n=1 k=5120: 1 x 60.96 us = 60.96 us (1719.94 GFLOPS/s)
Total time: 60.96 us.
----------------
Vulkan Timings:
MUL_MAT_VEC q4_0 m=10240 n=1 k=5120: 1 x 60.76 us = 60.76 us (1725.6 GFLOPS/s)
Total time: 60.76 us.
----------------
Vulkan Timings:
MUL_MAT_VEC q4_0 m=10240 n=1 k=5120: 1 x 60.88 us = 60.88 us (1722.2 GFLOPS/s)
Total time: 60.88 us.
----------------
Vulkan Timings:
MUL_MAT_VEC q4_0 m=10240 n=1 k=5120: 1 x 61.12 us = 61.12 us (1715.43 GFLOPS/s)
Total time: 61.12 us.
----------------
Vulkan Timings:
MUL_MAT_VEC q4_0 m=10240 n=1 k=5120: 1 x 60.88 us = 60.88 us (1722.2 GFLOPS/s)
Total time: 60.88 us.
----------------
Vulkan Timings:
MUL_MAT_VEC q4_0 m=10240 n=1 k=5120: 1 x 60.88 us = 60.88 us (1722.2 GFLOPS/s)
Total time: 60.88 us.
----------------
Vulkan Timings:
MUL_MAT_VEC q4_0 m=10240 n=1 k=5120: 1 x 61.08 us = 61.08 us (1716.56 GFLOPS/s)
Total time: 61.08 us.
----------------
Vulkan Timings:
MUL_MAT_VEC q4_0 m=10240 n=1 k=5120: 1 x 60.84 us = 60.84 us (1723.33 GFLOPS/s)
Total time: 60.84 us.
----------------
Vulkan Timings:
MUL_MAT_VEC q4_0 m=10240 n=1 k=5120: 1 x 60.92 us = 60.92 us (1721.07 GFLOPS/s)
Total time: 60.92 us.
----------------
Vulkan Timings:
MUL_MAT_VEC q4_0 m=10240 n=1 k=5120: 1 x 61.04 us = 61.04 us (1717.68 GFLOPS/s)
Total time: 61.04 us.
----------------
Vulkan Timings:
MUL_MAT_VEC q4_0 m=10240 n=1 k=5120: 1 x 60.92 us = 60.92 us (1721.07 GFLOPS/s)
Total time: 60.92 us.
----------------
Vulkan Timings:
MUL_MAT_VEC q4_0 m=10240 n=1 k=5120: 1 x 60.96 us = 60.96 us (1719.94 GFLOPS/s)
Total time: 60.96 us.
----------------
Vulkan Timings:
MUL_MAT_VEC q4_0 m=10240 n=1 k=5120: 1 x 61.12 us = 61.12 us (1715.43 GFLOPS/s)
Total time: 61.12 us.
----------------
Vulkan Timings:
MUL_MAT_VEC q4_0 m=10240 n=1 k=5120: 1 x 60.96 us = 60.96 us (1719.94 GFLOPS/s)
Total time: 60.96 us.
----------------
Vulkan Timings:
MUL_MAT_VEC q4_0 m=10240 n=1 k=5120: 1 x 60.92 us = 60.92 us (1721.07 GFLOPS/s)
Total time: 60.92 us.
----------------
Vulkan Timings:
MUL_MAT_VEC q4_0 m=10240 n=1 k=5120: 1 x 60.92 us = 60.92 us (1721.07 GFLOPS/s)
Total time: 60.92 us.
----------------
Vulkan Timings:
MUL_MAT_VEC q4_0 m=10240 n=1 k=5120: 1 x 61.08 us = 61.08 us (1716.56 GFLOPS/s)
Total time: 61.08 us.
----------------
Vulkan Timings:
MUL_MAT_VEC q4_0 m=10240 n=1 k=5120: 1 x 60.84 us = 60.84 us (1723.33 GFLOPS/s)
Total time: 60.84 us.
----------------
Vulkan Timings:
MUL_MAT_VEC q4_0 m=10240 n=1 k=5120: 1 x 61 us = 61 us (1718.81 GFLOPS/s)
Total time: 61 us.
----------------
Vulkan Timings:
MUL_MAT_VEC q4_0 m=10240 n=1 k=5120: 1 x 61 us = 61 us (1718.81 GFLOPS/s)
Total time: 61 us.
----------------
Vulkan Timings:
MUL_MAT_VEC q4_0 m=10240 n=1 k=5120: 1 x 60.96 us = 60.96 us (1719.94 GFLOPS/s)
Total time: 60.96 us.
----------------
Vulkan Timings:
MUL_MAT_VEC q4_0 m=10240 n=1 k=5120: 1 x 60.96 us = 60.96 us (1719.94 GFLOPS/s)
Total time: 60.96 us.
----------------
Vulkan Timings:
MUL_MAT_VEC q4_0 m=10240 n=1 k=5120: 1 x 60.84 us = 60.84 us (1723.33 GFLOPS/s)
Total time: 60.84 us.
----------------
Vulkan Timings:
MUL_MAT_VEC q4_0 m=10240 n=1 k=5120: 1 x 61.04 us = 61.04 us (1717.68 GFLOPS/s)
Total time: 61.04 us.
----------------
Vulkan Timings:
MUL_MAT_VEC q4_0 m=10240 n=1 k=5120: 1 x 61.08 us = 61.08 us (1716.56 GFLOPS/s)
Total time: 61.08 us.
----------------
Vulkan Timings:
MUL_MAT_VEC q4_0 m=10240 n=1 k=5120: 1 x 61 us = 61 us (1718.81 GFLOPS/s)
Total time: 61 us.
----------------
Vulkan Timings:
MUL_MAT_VEC q4_0 m=10240 n=1 k=5120: 1 x 61 us = 61 us (1718.81 GFLOPS/s)
Total time: 61 us.
----------------
Vulkan Timings:
MUL_MAT_VEC q4_0 m=10240 n=1 k=5120: 1 x 61.04 us = 61.04 us (1717.68 GFLOPS/s)
Total time: 61.04 us.
----------------
Vulkan Timings:
MUL_MAT_VEC q4_0 m=10240 n=1 k=5120: 1 x 60.96 us = 60.96 us (1719.94 GFLOPS/s)
Total time: 60.96 us.
----------------
Vulkan Timings:
MUL_MAT_VEC q4_0 m=10240 n=1 k=5120: 1 x 61.44 us = 61.44 us (1706.5 GFLOPS/s)
Total time: 61.44 us.
----------------
Vulkan Timings:
MUL_MAT_VEC q4_0 m=10240 n=1 k=5120: 1 x 60.96 us = 60.96 us (1719.94 GFLOPS/s)
Total time: 60.96 us.
----------------
Vulkan Timings:
MUL_MAT_VEC q4_0 m=10240 n=1 k=5120: 1 x 61.2 us = 61.2 us (1713.19 GFLOPS/s)
Total time: 61.2 us.
----------------
Vulkan Timings:
MUL_MAT_VEC q4_0 m=10240 n=1 k=5120: 1 x 60.88 us = 60.88 us (1722.2 GFLOPS/s)
Total time: 60.88 us.
----------------
Vulkan Timings:
MUL_MAT_VEC q4_0 m=10240 n=1 k=5120: 1 x 61.04 us = 61.04 us (1717.68 GFLOPS/s)
Total time: 61.04 us.
----------------
Vulkan Timings:
MUL_MAT_VEC q4_0 m=10240 n=1 k=5120: 1 x 60.8 us = 60.8 us (1724.46 GFLOPS/s)
Total time: 60.8 us.
----------------
Vulkan Timings:
MUL_MAT_VEC q4_0 m=10240 n=1 k=5120: 1 x 60.88 us = 60.88 us (1722.2 GFLOPS/s)
Total time: 60.88 us.
----------------
Vulkan Timings:
MUL_MAT_VEC q4_0 m=10240 n=1 k=5120: 1 x 61 us = 61 us (1718.81 GFLOPS/s)
Total time: 61 us.
----------------
Vulkan Timings:
MUL_MAT_VEC q4_0 m=10240 n=1 k=5120: 1 x 60.88 us = 60.88 us (1722.2 GFLOPS/s)
Total time: 60.88 us.
----------------
Vulkan Timings:
MUL_MAT_VEC q4_0 m=10240 n=1 k=5120: 1 x 61.12 us = 61.12 us (1715.43 GFLOPS/s)
Total time: 61.12 us.
----------------
Vulkan Timings:
MUL_MAT_VEC q4_0 m=10240 n=1 k=5120: 1 x 61.12 us = 61.12 us (1715.43 GFLOPS/s)
Total time: 61.12 us.
----------------
Vulkan Timings:
MUL_MAT_VEC q4_0 m=10240 n=1 k=5120: 1 x 61 us = 61 us (1718.81 GFLOPS/s)
Total time: 61 us.
----------------
Vulkan Timings:
MUL_MAT_VEC q4_0 m=10240 n=1 k=5120: 1 x 60.92 us = 60.92 us (1721.07 GFLOPS/s)
Total time: 60.92 us.
----------------
Vulkan Timings:
MUL_MAT_VEC q4_0 m=10240 n=1 k=5120: 1 x 61.04 us = 61.04 us (1717.68 GFLOPS/s)
Total time: 61.04 us.
----------------
Vulkan Timings:
MUL_MAT_VEC q4_0 m=10240 n=1 k=5120: 1 x 60.88 us = 60.88 us (1722.2 GFLOPS/s)
Total time: 60.88 us.
----------------
Vulkan Timings:
MUL_MAT_VEC q4_0 m=10240 n=1 k=5120: 1 x 60.96 us = 60.96 us (1719.94 GFLOPS/s)
Total time: 60.96 us.
----------------
Vulkan Timings:
MUL_MAT_VEC q4_0 m=10240 n=1 k=5120: 1 x 60.96 us = 60.96 us (1719.94 GFLOPS/s)
Total time: 60.96 us.
----------------
Vulkan Timings:
MUL_MAT_VEC q4_0 m=10240 n=1 k=5120: 1 x 61 us = 61 us (1718.81 GFLOPS/s)
Total time: 61 us.
----------------
Vulkan Timings:
MUL_MAT_VEC q4_0 m=10240 n=1 k=5120: 1 x 61.2 us = 61.2 us (1713.19 GFLOPS/s)
Total time: 61.2 us.
----------------
Vulkan Timings:
MUL_MAT_VEC q4_0 m=10240 n=1 k=5120: 1 x 60.88 us = 60.88 us (1722.2 GFLOPS/s)
Total time: 60.88 us.
----------------
Vulkan Timings:
MUL_MAT_VEC q4_0 m=10240 n=1 k=5120: 1 x 60.88 us = 60.88 us (1722.2 GFLOPS/s)
Total time: 60.88 us.
----------------
Vulkan Timings:
MUL_MAT_VEC q4_0 m=10240 n=1 k=5120: 1 x 61 us = 61 us (1718.81 GFLOPS/s)
Total time: 61 us.
----------------
Vulkan Timings:
MUL_MAT_VEC q4_0 m=10240 n=1 k=5120: 1 x 61.08 us = 61.08 us (1716.56 GFLOPS/s)
Total time: 61.08 us.
----------------
Vulkan Timings:
MUL_MAT_VEC q4_0 m=10240 n=1 k=5120: 1 x 61.2 us = 61.2 us (1713.19 GFLOPS/s)
Total time: 61.2 us.
----------------
Vulkan Timings:
MUL_MAT_VEC q4_0 m=10240 n=1 k=5120: 1 x 60.84 us = 60.84 us (1723.33 GFLOPS/s)
Total time: 60.84 us.
----------------
Vulkan Timings:
MUL_MAT_VEC q4_0 m=10240 n=1 k=5120: 1 x 60.92 us = 60.92 us (1721.07 GFLOPS/s)
Total time: 60.92 us.
----------------
Vulkan Timings:
MUL_MAT_VEC q4_0 m=10240 n=1 k=5120: 1 x 60.84 us = 60.84 us (1723.33 GFLOPS/s)
Total time: 60.84 us.
----------------
Vulkan Timings:
MUL_MAT_VEC q4_0 m=10240 n=1 k=5120: 1 x 61.08 us = 61.08 us (1716.56 GFLOPS/s)
Total time: 61.08 us.
----------------
Vulkan Timings:
MUL_MAT_VEC q4_0 m=10240 n=1 k=5120: 1 x 61 us = 61 us (1718.81 GFLOPS/s)
Total time: 61 us.
----------------
Vulkan Timings:
MUL_MAT_VEC q4_0 m=10240 n=1 k=5120: 1 x 61 us = 61 us (1718.81 GFLOPS/s)
Total time: 61 us.
----------------
Vulkan Timings:
MUL_MAT_VEC q4_0 m=10240 n=1 k=5120: 1 x 61.12 us = 61.12 us (1715.43 GFLOPS/s)
Total time: 61.12 us.
----------------
Vulkan Timings:
MUL_MAT_VEC q4_0 m=10240 n=1 k=5120: 1 x 61.16 us = 61.16 us (1714.31 GFLOPS/s)
Total time: 61.16 us.
----------------
Vulkan Timings:
MUL_MAT_VEC q4_0 m=10240 n=1 k=5120: 1 x 61.08 us = 61.08 us (1716.56 GFLOPS/s)
Total time: 61.08 us.
----------------
Vulkan Timings:
MUL_MAT_VEC q4_0 m=10240 n=1 k=5120: 1 x 60.88 us = 60.88 us (1722.2 GFLOPS/s)
Total time: 60.88 us.
----------------
Vulkan Timings:
MUL_MAT_VEC q4_0 m=10240 n=1 k=5120: 1 x 61.2 us = 61.2 us (1713.19 GFLOPS/s)
Total time: 61.2 us.
----------------
Vulkan Timings:
MUL_MAT_VEC q4_0 m=10240 n=1 k=5120: 1 x 60.96 us = 60.96 us (1719.94 GFLOPS/s)
Total time: 60.96 us.
----------------
Vulkan Timings:
MUL_MAT_VEC q4_0 m=10240 n=1 k=5120: 1 x 60.48 us = 60.48 us (1733.59 GFLOPS/s)
Total time: 60.48 us.
----------------
Vulkan Timings:
MUL_MAT_VEC q4_0 m=10240 n=1 k=5120: 1 x 62.4 us = 62.4 us (1680.25 GFLOPS/s)
Total time: 62.4 us.
----------------
Vulkan Timings:
MUL_MAT_VEC q4_0 m=10240 n=1 k=5120: 1 x 61.48 us = 61.48 us (1705.39 GFLOPS/s)
Total time: 61.48 us.
----------------
Vulkan Timings:
MUL_MAT_VEC q4_0 m=10240 n=1 k=5120: 1 x 60.92 us = 60.92 us (1721.07 GFLOPS/s)
Total time: 60.92 us.
----------------
Vulkan Timings:
MUL_MAT_VEC q4_0 m=10240 n=1 k=5120: 1 x 61 us = 61 us (1718.81 GFLOPS/s)
Total time: 61 us.
----------------
Vulkan Timings:
MUL_MAT_VEC q4_0 m=10240 n=1 k=5120: 1 x 60.96 us = 60.96 us (1719.94 GFLOPS/s)
Total time: 60.96 us.
----------------
Vulkan Timings:
MUL_MAT_VEC q4_0 m=10240 n=1 k=5120: 1 x 60.96 us = 60.96 us (1719.94 GFLOPS/s)
Total time: 60.96 us.
----------------
Vulkan Timings:
MUL_MAT_VEC q4_0 m=10240 n=1 k=5120: 1 x 60.88 us = 60.88 us (1722.2 GFLOPS/s)
Total time: 60.88 us.
----------------
Vulkan Timings:
MUL_MAT_VEC q4_0 m=10240 n=1 k=5120: 1 x 60.96 us = 60.96 us (1719.94 GFLOPS/s)
Total time: 60.96 us.
----------------
Vulkan Timings:
MUL_MAT_VEC q4_0 m=10240 n=1 k=5120: 1 x 61.04 us = 61.04 us (1717.68 GFLOPS/s)
Total time: 61.04 us.
----------------
Vulkan Timings:
MUL_MAT_VEC q4_0 m=10240 n=1 k=5120: 1 x 61.4 us = 61.4 us (1707.61 GFLOPS/s)
Total time: 61.4 us.
----------------
Vulkan Timings:
MUL_MAT_VEC q4_0 m=10240 n=1 k=5120: 1 x 60.96 us = 60.96 us (1719.94 GFLOPS/s)
Total time: 60.96 us.
----------------
Vulkan Timings:
MUL_MAT_VEC q4_0 m=10240 n=1 k=5120: 1 x 60.92 us = 60.92 us (1721.07 GFLOPS/s)
Total time: 60.92 us.
----------------
Vulkan Timings:
MUL_MAT_VEC q4_0 m=10240 n=1 k=5120: 1 x 60.88 us = 60.88 us (1722.2 GFLOPS/s)
Total time: 60.88 us.
----------------
Vulkan Timings:
MUL_MAT_VEC q4_0 m=10240 n=1 k=5120: 1 x 61.12 us = 61.12 us (1715.43 GFLOPS/s)
Total time: 61.12 us.
----------------
Vulkan Timings:
MUL_MAT_VEC q4_0 m=10240 n=1 k=5120: 1 x 60.92 us = 60.92 us (1721.07 GFLOPS/s)
Total time: 60.92 us.
----------------
Vulkan Timings:
MUL_MAT_VEC q4_0 m=10240 n=1 k=5120: 1 x 60.48 us = 60.48 us (1733.59 GFLOPS/s)
Total time: 60.48 us.
----------------
Vulkan Timings:
MUL_MAT_VEC q4_0 m=10240 n=1 k=5120: 1 x 60.88 us = 60.88 us (1722.2 GFLOPS/s)
Total time: 60.88 us.
----------------
Vulkan Timings:
MUL_MAT_VEC q4_0 m=10240 n=1 k=5120: 1 x 61 us = 61 us (1718.81 GFLOPS/s)
Total time: 61 us.
----------------
Vulkan Timings:
MUL_MAT_VEC q4_0 m=10240 n=1 k=5120: 1 x 60.96 us = 60.96 us (1719.94 GFLOPS/s)
Total time: 60.96 us.
----------------
Vulkan Timings:
MUL_MAT_VEC q4_0 m=10240 n=1 k=5120: 1 x 61 us = 61 us (1718.81 GFLOPS/s)
Total time: 61 us.
----------------
Vulkan Timings:
MUL_MAT_VEC q4_0 m=10240 n=1 k=5120: 1 x 61.28 us = 61.28 us (1710.96 GFLOPS/s)
Total time: 61.28 us.
----------------
Vulkan Timings:
MUL_MAT_VEC q4_0 m=10240 n=1 k=5120: 1 x 60.88 us = 60.88 us (1722.2 GFLOPS/s)
Total time: 60.88 us.
----------------
Vulkan Timings:
MUL_MAT_VEC q4_0 m=10240 n=1 k=5120: 1 x 60.92 us = 60.92 us (1721.07 GFLOPS/s)
Total time: 60.92 us.
----------------
Vulkan Timings:
MUL_MAT_VEC q4_0 m=10240 n=1 k=5120: 1 x 60.84 us = 60.84 us (1723.33 GFLOPS/s)
Total time: 60.84 us.
----------------
Vulkan Timings:
MUL_MAT_VEC q4_0 m=10240 n=1 k=5120: 1 x 61 us = 61 us (1718.81 GFLOPS/s)
Total time: 61 us.
----------------
Vulkan Timings:
MUL_MAT_VEC q4_0 m=10240 n=1 k=5120: 1 x 61.04 us = 61.04 us (1717.68 GFLOPS/s)
Total time: 61.04 us.
----------------
Vulkan Timings:
MUL_MAT_VEC q4_0 m=10240 n=1 k=5120: 1 x 61.12 us = 61.12 us (1715.43 GFLOPS/s)
Total time: 61.12 us.
----------------
Vulkan Timings:
MUL_MAT_VEC q4_0 m=10240 n=1 k=5120: 1 x 61.2 us = 61.2 us (1713.19 GFLOPS/s)
Total time: 61.2 us.
----------------
Vulkan Timings:
MUL_MAT_VEC q4_0 m=10240 n=1 k=5120: 1 x 60.88 us = 60.88 us (1722.2 GFLOPS/s)
Total time: 60.88 us.
----------------
Vulkan Timings:
MUL_MAT_VEC q4_0 m=10240 n=1 k=5120: 1 x 61 us = 61 us (1718.81 GFLOPS/s)
Total time: 61 us.
----------------
Vulkan Timings:
MUL_MAT_VEC q4_0 m=10240 n=1 k=5120: 1 x 60.92 us = 60.92 us (1721.07 GFLOPS/s)
Total time: 60.92 us.
----------------
Vulkan Timings:
MUL_MAT_VEC q4_0 m=10240 n=1 k=5120: 1 x 61.16 us = 61.16 us (1714.31 GFLOPS/s)
Total time: 61.16 us.
----------------
Vulkan Timings:
MUL_MAT_VEC q4_0 m=10240 n=1 k=5120: 1 x 61.24 us = 61.24 us (1712.07 GFLOPS/s)
Total time: 61.24 us.
----------------
Vulkan Timings:
MUL_MAT_VEC q4_0 m=10240 n=1 k=5120: 1 x 60.96 us = 60.96 us (1719.94 GFLOPS/s)
Total time: 60.96 us.
----------------
Vulkan Timings:
MUL_MAT_VEC q4_0 m=10240 n=1 k=5120: 1 x 60.92 us = 60.92 us (1721.07 GFLOPS/s)
Total time: 60.92 us.
----------------
Vulkan Timings:
MUL_MAT_VEC q4_0 m=10240 n=1 k=5120: 1 x 60.96 us = 60.96 us (1719.94 GFLOPS/s)
Total time: 60.96 us.
----------------
Vulkan Timings:
MUL_MAT_VEC q4_0 m=10240 n=1 k=5120: 1 x 60.8 us = 60.8 us (1724.46 GFLOPS/s)
Total time: 60.8 us.
----------------
Vulkan Timings:
MUL_MAT_VEC q4_0 m=10240 n=1 k=5120: 1 x 60.96 us = 60.96 us (1719.94 GFLOPS/s)
Total time: 60.96 us.
----------------
Vulkan Timings:
MUL_MAT_VEC q4_0 m=10240 n=1 k=5120: 1 x 61 us = 61 us (1718.81 GFLOPS/s)
Total time: 61 us.
----------------
Vulkan Timings:
MUL_MAT_VEC q4_0 m=10240 n=1 k=5120: 1 x 60.96 us = 60.96 us (1719.94 GFLOPS/s)
Total time: 60.96 us.
----------------
Vulkan Timings:
MUL_MAT_VEC q4_0 m=10240 n=1 k=5120: 1 x 61 us = 61 us (1718.81 GFLOPS/s)
Total time: 61 us.
----------------
Vulkan Timings:
MUL_MAT_VEC q4_0 m=10240 n=1 k=5120: 1 x 60.76 us = 60.76 us (1725.6 GFLOPS/s)
Total time: 60.76 us.
----------------
Vulkan Timings:
MUL_MAT_VEC q4_0 m=10240 n=1 k=5120: 1 x 60.88 us = 60.88 us (1722.2 GFLOPS/s)
Total time: 60.88 us.
----------------
Vulkan Timings:
MUL_MAT_VEC q4_0 m=10240 n=1 k=5120: 1 x 61.2 us = 61.2 us (1713.19 GFLOPS/s)
Total time: 61.2 us.
----------------
Vulkan Timings:
MUL_MAT_VEC q4_0 m=10240 n=1 k=5120: 1 x 60.92 us = 60.92 us (1721.07 GFLOPS/s)
Total time: 60.92 us.
----------------
Vulkan Timings:
MUL_MAT_VEC q4_0 m=10240 n=1 k=5120: 1 x 61.12 us = 61.12 us (1715.43 GFLOPS/s)
Total time: 61.12 us.
----------------
Vulkan Timings:
MUL_MAT_VEC q4_0 m=10240 n=1 k=5120: 1 x 61 us = 61 us (1718.81 GFLOPS/s)
Total time: 61 us.
----------------
Vulkan Timings:
MUL_MAT_VEC q4_0 m=10240 n=1 k=5120: 1 x 61.04 us = 61.04 us (1717.68 GFLOPS/s)
Total time: 61.04 us.
----------------
Vulkan Timings:
MUL_MAT_VEC q4_0 m=10240 n=1 k=5120: 1 x 60.96 us = 60.96 us (1719.94 GFLOPS/s)
Total time: 60.96 us.
----------------
Vulkan Timings:
MUL_MAT_VEC q4_0 m=10240 n=1 k=5120: 1 x 60.92 us = 60.92 us (1721.07 GFLOPS/s)
Total time: 60.92 us.
----------------
Vulkan Timings:
MUL_MAT_VEC q4_0 m=10240 n=1 k=5120: 1 x 61.32 us = 61.32 us (1709.84 GFLOPS/s)
Total time: 61.32 us.
----------------
Vulkan Timings:
MUL_MAT_VEC q4_0 m=10240 n=1 k=5120: 1 x 61 us = 61 us (1718.81 GFLOPS/s)
Total time: 61 us.
----------------
Vulkan Timings:
MUL_MAT_VEC q4_0 m=10240 n=1 k=5120: 1 x 61 us = 61 us (1718.81 GFLOPS/s)
Total time: 61 us.
----------------
Vulkan Timings:
MUL_MAT_VEC q4_0 m=10240 n=1 k=5120: 1 x 60.92 us = 60.92 us (1721.07 GFLOPS/s)
Total time: 60.92 us.
----------------
Vulkan Timings:
MUL_MAT_VEC q4_0 m=10240 n=1 k=5120: 1 x 61.2 us = 61.2 us (1713.19 GFLOPS/s)
Total time: 61.2 us.
----------------
Vulkan Timings:
MUL_MAT_VEC q4_0 m=10240 n=1 k=5120: 1 x 61.32 us = 61.32 us (1709.84 GFLOPS/s)
Total time: 61.32 us.
----------------
Vulkan Timings:
MUL_MAT_VEC q4_0 m=10240 n=1 k=5120: 1 x 60.88 us = 60.88 us (1722.2 GFLOPS/s)
Total time: 60.88 us.
----------------
Vulkan Timings:
MUL_MAT_VEC q4_0 m=10240 n=1 k=5120: 1 x 61 us = 61 us (1718.81 GFLOPS/s)
Total time: 61 us.
----------------
Vulkan Timings:
MUL_MAT_VEC q4_0 m=10240 n=1 k=5120: 1 x 61.08 us = 61.08 us (1716.56 GFLOPS/s)
Total time: 61.08 us.
----------------
Vulkan Timings:
MUL_MAT_VEC q4_0 m=10240 n=1 k=5120: 1 x 60.96 us = 60.96 us (1719.94 GFLOPS/s)
Total time: 60.96 us.
----------------
Vulkan Timings:
MUL_MAT_VEC q4_0 m=10240 n=1 k=5120: 1 x 60.92 us = 60.92 us (1721.07 GFLOPS/s)
Total time: 60.92 us.
----------------
Vulkan Timings:
MUL_MAT_VEC q4_0 m=10240 n=1 k=5120: 1 x 60.92 us = 60.92 us (1721.07 GFLOPS/s)
Total time: 60.92 us.
----------------
Vulkan Timings:
MUL_MAT_VEC q4_0 m=10240 n=1 k=5120: 1 x 60.96 us = 60.96 us (1719.94 GFLOPS/s)
Total time: 60.96 us.
----------------
Vulkan Timings:
MUL_MAT_VEC q4_0 m=10240 n=1 k=5120: 1 x 61.08 us = 61.08 us (1716.56 GFLOPS/s)
Total time: 61.08 us.
----------------
Vulkan Timings:
MUL_MAT_VEC q4_0 m=10240 n=1 k=5120: 1 x 61.16 us = 61.16 us (1714.31 GFLOPS/s)
Total time: 61.16 us.
----------------
Vulkan Timings:
MUL_MAT_VEC q4_0 m=10240 n=1 k=5120: 1 x 61 us = 61 us (1718.81 GFLOPS/s)
Total time: 61 us.
----------------
Vulkan Timings:
MUL_MAT_VEC q4_0 m=10240 n=1 k=5120: 1 x 61.04 us = 61.04 us (1717.68 GFLOPS/s)
Total time: 61.04 us.
----------------
Vulkan Timings:
MUL_MAT_VEC q4_0 m=10240 n=1 k=5120: 1 x 61.36 us = 61.36 us (1708.72 GFLOPS/s)
Total time: 61.36 us.
----------------
Vulkan Timings:
MUL_MAT_VEC q4_0 m=10240 n=1 k=5120: 1 x 60.92 us = 60.92 us (1721.07 GFLOPS/s)
Total time: 60.92 us.
----------------
Vulkan Timings:
MUL_MAT_VEC q4_0 m=10240 n=1 k=5120: 1 x 60.92 us = 60.92 us (1721.07 GFLOPS/s)
Total time: 60.92 us.
----------------
Vulkan Timings:
MUL_MAT_VEC q4_0 m=10240 n=1 k=5120: 1 x 61.08 us = 61.08 us (1716.56 GFLOPS/s)
Total time: 61.08 us.
----------------
Vulkan Timings:
MUL_MAT_VEC q4_0 m=10240 n=1 k=5120: 1 x 61.04 us = 61.04 us (1717.68 GFLOPS/s)
Total time: 61.04 us.
----------------
Vulkan Timings:
MUL_MAT_VEC q4_0 m=10240 n=1 k=5120: 1 x 60.84 us = 60.84 us (1723.33 GFLOPS/s)
Total time: 60.84 us.
----------------
Vulkan Timings:
MUL_MAT_VEC q4_0 m=10240 n=1 k=5120: 1 x 61.04 us = 61.04 us (1717.68 GFLOPS/s)
Total time: 61.04 us.
----------------
Vulkan Timings:
MUL_MAT_VEC q4_0 m=10240 n=1 k=5120: 1 x 61 us = 61 us (1718.81 GFLOPS/s)
Total time: 61 us.
----------------
Vulkan Timings:
MUL_MAT_VEC q4_0 m=10240 n=1 k=5120: 1 x 61.04 us = 61.04 us (1717.68 GFLOPS/s)
Total time: 61.04 us.
----------------
Vulkan Timings:
MUL_MAT_VEC q4_0 m=10240 n=1 k=5120: 1 x 60.88 us = 60.88 us (1722.2 GFLOPS/s)
Total time: 60.88 us.
----------------
Vulkan Timings:
MUL_MAT_VEC q4_0 m=10240 n=1 k=5120: 1 x 60.76 us = 60.76 us (1725.6 GFLOPS/s)
Total time: 60.76 us.
----------------
Vulkan Timings:
MUL_MAT_VEC q4_0 m=10240 n=1 k=5120: 1 x 61.24 us = 61.24 us (1712.07 GFLOPS/s)
Total time: 61.24 us.
----------------
Vulkan Timings:
MUL_MAT_VEC q4_0 m=10240 n=1 k=5120: 1 x 61.08 us = 61.08 us (1716.56 GFLOPS/s)
Total time: 61.08 us.
----------------
Vulkan Timings:
MUL_MAT_VEC q4_0 m=10240 n=1 k=5120: 1 x 60.92 us = 60.92 us (1721.07 GFLOPS/s)
Total time: 60.92 us.
----------------
Vulkan Timings:
MUL_MAT_VEC q4_0 m=10240 n=1 k=5120: 1 x 61 us = 61 us (1718.81 GFLOPS/s)
Total time: 61 us.
----------------
Vulkan Timings:
MUL_MAT_VEC q4_0 m=10240 n=1 k=5120: 1 x 60.92 us = 60.92 us (1721.07 GFLOPS/s)
Total time: 60.92 us.
----------------
Vulkan Timings:
MUL_MAT_VEC q4_0 m=10240 n=1 k=5120: 1 x 61.36 us = 61.36 us (1708.72 GFLOPS/s)
Total time: 61.36 us.
----------------
Vulkan Timings:
MUL_MAT_VEC q4_0 m=10240 n=1 k=5120: 1 x 62.64 us = 62.64 us (1673.81 GFLOPS/s)
Total time: 62.64 us.
----------------
Vulkan Timings:
MUL_MAT_VEC q4_0 m=10240 n=1 k=5120: 1 x 61.68 us = 61.68 us (1699.86 GFLOPS/s)
Total time: 61.68 us.
----------------
Vulkan Timings:
MUL_MAT_VEC q4_0 m=10240 n=1 k=5120: 1 x 62.28 us = 62.28 us (1683.48 GFLOPS/s)
Total time: 62.28 us.
----------------
Vulkan Timings:
MUL_MAT_VEC q4_0 m=10240 n=1 k=5120: 1 x 61.2 us = 61.2 us (1713.19 GFLOPS/s)
Total time: 61.2 us.
----------------
Vulkan Timings:
MUL_MAT_VEC q4_0 m=10240 n=1 k=5120: 1 x 60.88 us = 60.88 us (1722.2 GFLOPS/s)
Total time: 60.88 us.
----------------
Vulkan Timings:
MUL_MAT_VEC q4_0 m=10240 n=1 k=5120: 1 x 60.88 us = 60.88 us (1722.2 GFLOPS/s)
Total time: 60.88 us.
----------------
Vulkan Timings:
MUL_MAT_VEC q4_0 m=10240 n=1 k=5120: 1 x 60.96 us = 60.96 us (1719.94 GFLOPS/s)
Total time: 60.96 us.
----------------
Vulkan Timings:
MUL_MAT_VEC q4_0 m=10240 n=1 k=5120: 1 x 60.92 us = 60.92 us (1721.07 GFLOPS/s)
Total time: 60.92 us.
----------------
Vulkan Timings:
MUL_MAT_VEC q4_0 m=10240 n=1 k=5120: 1 x 61.16 us = 61.16 us (1714.31 GFLOPS/s)
Total time: 61.16 us.
----------------
Vulkan Timings:
MUL_MAT_VEC q4_0 m=10240 n=1 k=5120: 1 x 60.72 us = 60.72 us (1726.74 GFLOPS/s)
Total time: 60.72 us.
----------------
Vulkan Timings:
MUL_MAT_VEC q4_0 m=10240 n=1 k=5120: 1 x 61.28 us = 61.28 us (1710.96 GFLOPS/s)
Total time: 61.28 us.
----------------
Vulkan Timings:
MUL_MAT_VEC q4_0 m=10240 n=1 k=5120: 1 x 61 us = 61 us (1718.81 GFLOPS/s)
Total time: 61 us.
----------------
Vulkan Timings:
MUL_MAT_VEC q4_0 m=10240 n=1 k=5120: 1 x 61.04 us = 61.04 us (1717.68 GFLOPS/s)
Total time: 61.04 us.
----------------
Vulkan Timings:
MUL_MAT_VEC q4_0 m=10240 n=1 k=5120: 1 x 61.52 us = 61.52 us (1704.28 GFLOPS/s)
Total time: 61.52 us.
----------------
Vulkan Timings:
MUL_MAT_VEC q4_0 m=10240 n=1 k=5120: 1 x 60.92 us = 60.92 us (1721.07 GFLOPS/s)
Total time: 60.92 us.
----------------
Vulkan Timings:
MUL_MAT_VEC q4_0 m=10240 n=1 k=5120: 1 x 61.24 us = 61.24 us (1712.07 GFLOPS/s)
Total time: 61.24 us.
----------------
Vulkan Timings:
MUL_MAT_VEC q4_0 m=10240 n=1 k=5120: 1 x 61 us = 61 us (1718.81 GFLOPS/s)
Total time: 61 us.
----------------
Vulkan Timings:
MUL_MAT_VEC q4_0 m=10240 n=1 k=5120: 1 x 61.04 us = 61.04 us (1717.68 GFLOPS/s)
Total time: 61.04 us.
----------------
Vulkan Timings:
MUL_MAT_VEC q4_0 m=10240 n=1 k=5120: 1 x 60.88 us = 60.88 us (1722.2 GFLOPS/s)
Total time: 60.88 us.
----------------
Vulkan Timings:
MUL_MAT_VEC q4_0 m=10240 n=1 k=5120: 1 x 60.96 us = 60.96 us (1719.94 GFLOPS/s)
Total time: 60.96 us.
----------------
Vulkan Timings:
MUL_MAT_VEC q4_0 m=10240 n=1 k=5120: 1 x 61 us = 61 us (1718.81 GFLOPS/s)
Total time: 61 us.
----------------
Vulkan Timings:
MUL_MAT_VEC q4_0 m=10240 n=1 k=5120: 1 x 60.92 us = 60.92 us (1721.07 GFLOPS/s)
Total time: 60.92 us.
----------------
Vulkan Timings:
MUL_MAT_VEC q4_0 m=10240 n=1 k=5120: 1 x 61.08 us = 61.08 us (1716.56 GFLOPS/s)
Total time: 61.08 us.
----------------
Vulkan Timings:
MUL_MAT_VEC q4_0 m=10240 n=1 k=5120: 1 x 61.12 us = 61.12 us (1715.43 GFLOPS/s)
Total time: 61.12 us.
