ggml_vulkan: Found 1 Vulkan devices:
ggml_vulkan: 0 = AMD Radeon RX 7900 XTX (RADV NAVI31) (radv) | uma: 0 | fp16: dot2 | bf16: 0 | fp4: 0 | warp size: 64 | shared memory: 65536 | int dot: 1 | matrix cores: KHR_coopmat
oracle=0.24.0 commit=456172ec-dirty device=AMD Radeon RX 7900 XTX (RADV NAVI31) disable_mmvq=1
backend_allocation_bytes=21671936
----------------
Vulkan Timings:
MUL_MAT_VEC q5_K m=5120 n=1 k=6144: 1 x 72.92 us = 72.92 us (862.719 GFLOPS/s)
Total time: 72.92 us.
----------------
Vulkan Timings:
MUL_MAT_VEC q5_K m=5120 n=1 k=6144: 1 x 49.16 us = 49.16 us (1279.69 GFLOPS/s)
Total time: 49.16 us.
----------------
Vulkan Timings:
MUL_MAT_VEC q5_K m=5120 n=1 k=6144: 1 x 49.4 us = 49.4 us (1273.47 GFLOPS/s)
Total time: 49.4 us.
----------------
Vulkan Timings:
MUL_MAT_VEC q5_K m=5120 n=1 k=6144: 1 x 49.36 us = 49.36 us (1274.5 GFLOPS/s)
Total time: 49.36 us.
----------------
Vulkan Timings:
MUL_MAT_VEC q5_K m=5120 n=1 k=6144: 1 x 49.2 us = 49.2 us (1278.65 GFLOPS/s)
Total time: 49.2 us.
----------------
Vulkan Timings:
MUL_MAT_VEC q5_K m=5120 n=1 k=6144: 1 x 49.44 us = 49.44 us (1272.44 GFLOPS/s)
Total time: 49.44 us.
----------------
Vulkan Timings:
MUL_MAT_VEC q5_K m=5120 n=1 k=6144: 1 x 49.2 us = 49.2 us (1278.65 GFLOPS/s)
Total time: 49.2 us.
----------------
Vulkan Timings:
MUL_MAT_VEC q5_K m=5120 n=1 k=6144: 1 x 49.44 us = 49.44 us (1272.44 GFLOPS/s)
Total time: 49.44 us.
----------------
Vulkan Timings:
MUL_MAT_VEC q5_K m=5120 n=1 k=6144: 1 x 49.44 us = 49.44 us (1272.44 GFLOPS/s)
Total time: 49.44 us.
----------------
Vulkan Timings:
MUL_MAT_VEC q5_K m=5120 n=1 k=6144: 1 x 49.44 us = 49.44 us (1272.44 GFLOPS/s)
Total time: 49.44 us.
----------------
Vulkan Timings:
MUL_MAT_VEC q5_K m=5120 n=1 k=6144: 1 x 49.44 us = 49.44 us (1272.44 GFLOPS/s)
Total time: 49.44 us.
----------------
Vulkan Timings:
MUL_MAT_VEC q5_K m=5120 n=1 k=6144: 1 x 49.28 us = 49.28 us (1276.57 GFLOPS/s)
Total time: 49.28 us.
----------------
Vulkan Timings:
MUL_MAT_VEC q5_K m=5120 n=1 k=6144: 1 x 49.36 us = 49.36 us (1274.5 GFLOPS/s)
Total time: 49.36 us.
----------------
Vulkan Timings:
MUL_MAT_VEC q5_K m=5120 n=1 k=6144: 1 x 49.16 us = 49.16 us (1279.69 GFLOPS/s)
Total time: 49.16 us.
----------------
Vulkan Timings:
MUL_MAT_VEC q5_K m=5120 n=1 k=6144: 1 x 49.36 us = 49.36 us (1274.5 GFLOPS/s)
Total time: 49.36 us.
----------------
Vulkan Timings:
MUL_MAT_VEC q5_K m=5120 n=1 k=6144: 1 x 49.4 us = 49.4 us (1273.47 GFLOPS/s)
Total time: 49.4 us.
----------------
Vulkan Timings:
MUL_MAT_VEC q5_K m=5120 n=1 k=6144: 1 x 49.28 us = 49.28 us (1276.57 GFLOPS/s)
Total time: 49.28 us.
----------------
Vulkan Timings:
MUL_MAT_VEC q5_K m=5120 n=1 k=6144: 1 x 48.92 us = 48.92 us (1285.97 GFLOPS/s)
Total time: 48.92 us.
----------------
Vulkan Timings:
MUL_MAT_VEC q5_K m=5120 n=1 k=6144: 1 x 49.2 us = 49.2 us (1278.65 GFLOPS/s)
Total time: 49.2 us.
----------------
Vulkan Timings:
MUL_MAT_VEC q5_K m=5120 n=1 k=6144: 1 x 49.36 us = 49.36 us (1274.5 GFLOPS/s)
Total time: 49.36 us.
----------------
Vulkan Timings:
MUL_MAT_VEC q5_K m=5120 n=1 k=6144: 1 x 49.32 us = 49.32 us (1275.54 GFLOPS/s)
Total time: 49.32 us.
----------------
Vulkan Timings:
MUL_MAT_VEC q5_K m=5120 n=1 k=6144: 1 x 49.24 us = 49.24 us (1277.61 GFLOPS/s)
Total time: 49.24 us.
----------------
Vulkan Timings:
MUL_MAT_VEC q5_K m=5120 n=1 k=6144: 1 x 49.28 us = 49.28 us (1276.57 GFLOPS/s)
Total time: 49.28 us.
----------------
Vulkan Timings:
MUL_MAT_VEC q5_K m=5120 n=1 k=6144: 1 x 49.2 us = 49.2 us (1278.65 GFLOPS/s)
Total time: 49.2 us.
----------------
Vulkan Timings:
MUL_MAT_VEC q5_K m=5120 n=1 k=6144: 1 x 49.36 us = 49.36 us (1274.5 GFLOPS/s)
Total time: 49.36 us.
----------------
Vulkan Timings:
MUL_MAT_VEC q5_K m=5120 n=1 k=6144: 1 x 49.32 us = 49.32 us (1275.54 GFLOPS/s)
Total time: 49.32 us.
----------------
Vulkan Timings:
MUL_MAT_VEC q5_K m=5120 n=1 k=6144: 1 x 48.84 us = 48.84 us (1288.07 GFLOPS/s)
Total time: 48.84 us.
----------------
Vulkan Timings:
MUL_MAT_VEC q5_K m=5120 n=1 k=6144: 1 x 49.28 us = 49.28 us (1276.57 GFLOPS/s)
Total time: 49.28 us.
----------------
Vulkan Timings:
MUL_MAT_VEC q5_K m=5120 n=1 k=6144: 1 x 49.2 us = 49.2 us (1278.65 GFLOPS/s)
Total time: 49.2 us.
----------------
Vulkan Timings:
MUL_MAT_VEC q5_K m=5120 n=1 k=6144: 1 x 49.4 us = 49.4 us (1273.47 GFLOPS/s)
Total time: 49.4 us.
----------------
Vulkan Timings:
MUL_MAT_VEC q5_K m=5120 n=1 k=6144: 1 x 52.04 us = 52.04 us (1208.87 GFLOPS/s)
Total time: 52.04 us.
----------------
Vulkan Timings:
MUL_MAT_VEC q5_K m=5120 n=1 k=6144: 1 x 49.68 us = 49.68 us (1266.29 GFLOPS/s)
Total time: 49.68 us.
----------------
Vulkan Timings:
MUL_MAT_VEC q5_K m=5120 n=1 k=6144: 1 x 52.48 us = 52.48 us (1198.73 GFLOPS/s)
Total time: 52.48 us.
----------------
Vulkan Timings:
MUL_MAT_VEC q5_K m=5120 n=1 k=6144: 1 x 49.64 us = 49.64 us (1267.31 GFLOPS/s)
Total time: 49.64 us.
----------------
Vulkan Timings:
MUL_MAT_VEC q5_K m=5120 n=1 k=6144: 1 x 48.88 us = 48.88 us (1287.02 GFLOPS/s)
Total time: 48.88 us.
----------------
Vulkan Timings:
MUL_MAT_VEC q5_K m=5120 n=1 k=6144: 1 x 49.16 us = 49.16 us (1279.69 GFLOPS/s)
Total time: 49.16 us.
----------------
Vulkan Timings:
MUL_MAT_VEC q5_K m=5120 n=1 k=6144: 1 x 49.24 us = 49.24 us (1277.61 GFLOPS/s)
Total time: 49.24 us.
----------------
Vulkan Timings:
MUL_MAT_VEC q5_K m=5120 n=1 k=6144: 1 x 49.28 us = 49.28 us (1276.57 GFLOPS/s)
Total time: 49.28 us.
----------------
Vulkan Timings:
MUL_MAT_VEC q5_K m=5120 n=1 k=6144: 1 x 49.32 us = 49.32 us (1275.54 GFLOPS/s)
Total time: 49.32 us.
----------------
Vulkan Timings:
MUL_MAT_VEC q5_K m=5120 n=1 k=6144: 1 x 49.24 us = 49.24 us (1277.61 GFLOPS/s)
Total time: 49.24 us.
----------------
Vulkan Timings:
MUL_MAT_VEC q5_K m=5120 n=1 k=6144: 1 x 49.52 us = 49.52 us (1270.38 GFLOPS/s)
Total time: 49.52 us.
----------------
Vulkan Timings:
MUL_MAT_VEC q5_K m=5120 n=1 k=6144: 1 x 49.36 us = 49.36 us (1274.5 GFLOPS/s)
Total time: 49.36 us.
----------------
Vulkan Timings:
MUL_MAT_VEC q5_K m=5120 n=1 k=6144: 1 x 49.32 us = 49.32 us (1275.54 GFLOPS/s)
Total time: 49.32 us.
----------------
Vulkan Timings:
MUL_MAT_VEC q5_K m=5120 n=1 k=6144: 1 x 49.28 us = 49.28 us (1276.57 GFLOPS/s)
Total time: 49.28 us.
----------------
Vulkan Timings:
MUL_MAT_VEC q5_K m=5120 n=1 k=6144: 1 x 49.32 us = 49.32 us (1275.54 GFLOPS/s)
Total time: 49.32 us.
----------------
Vulkan Timings:
MUL_MAT_VEC q5_K m=5120 n=1 k=6144: 1 x 49.2 us = 49.2 us (1278.65 GFLOPS/s)
Total time: 49.2 us.
----------------
Vulkan Timings:
MUL_MAT_VEC q5_K m=5120 n=1 k=6144: 1 x 49.36 us = 49.36 us (1274.5 GFLOPS/s)
Total time: 49.36 us.
----------------
Vulkan Timings:
MUL_MAT_VEC q5_K m=5120 n=1 k=6144: 1 x 49.24 us = 49.24 us (1277.61 GFLOPS/s)
Total time: 49.24 us.
----------------
Vulkan Timings:
MUL_MAT_VEC q5_K m=5120 n=1 k=6144: 1 x 49.32 us = 49.32 us (1275.54 GFLOPS/s)
Total time: 49.32 us.
----------------
Vulkan Timings:
MUL_MAT_VEC q5_K m=5120 n=1 k=6144: 1 x 49.32 us = 49.32 us (1275.54 GFLOPS/s)
Total time: 49.32 us.
----------------
Vulkan Timings:
MUL_MAT_VEC q5_K m=5120 n=1 k=6144: 1 x 49.24 us = 49.24 us (1277.61 GFLOPS/s)
Total time: 49.24 us.
----------------
Vulkan Timings:
MUL_MAT_VEC q5_K m=5120 n=1 k=6144: 1 x 49.28 us = 49.28 us (1276.57 GFLOPS/s)
Total time: 49.28 us.
----------------
Vulkan Timings:
MUL_MAT_VEC q5_K m=5120 n=1 k=6144: 1 x 49.32 us = 49.32 us (1275.54 GFLOPS/s)
Total time: 49.32 us.
----------------
Vulkan Timings:
MUL_MAT_VEC q5_K m=5120 n=1 k=6144: 1 x 49.56 us = 49.56 us (1269.36 GFLOPS/s)
Total time: 49.56 us.
----------------
Vulkan Timings:
MUL_MAT_VEC q5_K m=5120 n=1 k=6144: 1 x 49.44 us = 49.44 us (1272.44 GFLOPS/s)
Total time: 49.44 us.
----------------
Vulkan Timings:
MUL_MAT_VEC q5_K m=5120 n=1 k=6144: 1 x 49.44 us = 49.44 us (1272.44 GFLOPS/s)
Total time: 49.44 us.
----------------
Vulkan Timings:
MUL_MAT_VEC q5_K m=5120 n=1 k=6144: 1 x 49.32 us = 49.32 us (1275.54 GFLOPS/s)
Total time: 49.32 us.
----------------
Vulkan Timings:
MUL_MAT_VEC q5_K m=5120 n=1 k=6144: 1 x 49.32 us = 49.32 us (1275.54 GFLOPS/s)
Total time: 49.32 us.
----------------
Vulkan Timings:
MUL_MAT_VEC q5_K m=5120 n=1 k=6144: 1 x 49.36 us = 49.36 us (1274.5 GFLOPS/s)
Total time: 49.36 us.
----------------
Vulkan Timings:
MUL_MAT_VEC q5_K m=5120 n=1 k=6144: 1 x 49.44 us = 49.44 us (1272.44 GFLOPS/s)
Total time: 49.44 us.
----------------
Vulkan Timings:
MUL_MAT_VEC q5_K m=5120 n=1 k=6144: 1 x 49.32 us = 49.32 us (1275.54 GFLOPS/s)
Total time: 49.32 us.
----------------
Vulkan Timings:
MUL_MAT_VEC q5_K m=5120 n=1 k=6144: 1 x 49.44 us = 49.44 us (1272.44 GFLOPS/s)
Total time: 49.44 us.
----------------
Vulkan Timings:
MUL_MAT_VEC q5_K m=5120 n=1 k=6144: 1 x 49.12 us = 49.12 us (1280.73 GFLOPS/s)
Total time: 49.12 us.
----------------
Vulkan Timings:
MUL_MAT_VEC q5_K m=5120 n=1 k=6144: 1 x 49.44 us = 49.44 us (1272.44 GFLOPS/s)
Total time: 49.44 us.
----------------
Vulkan Timings:
MUL_MAT_VEC q5_K m=5120 n=1 k=6144: 1 x 49.4 us = 49.4 us (1273.47 GFLOPS/s)
Total time: 49.4 us.
----------------
Vulkan Timings:
MUL_MAT_VEC q5_K m=5120 n=1 k=6144: 1 x 49.28 us = 49.28 us (1276.57 GFLOPS/s)
Total time: 49.28 us.
----------------
Vulkan Timings:
MUL_MAT_VEC q5_K m=5120 n=1 k=6144: 1 x 49.12 us = 49.12 us (1280.73 GFLOPS/s)
Total time: 49.12 us.
----------------
Vulkan Timings:
MUL_MAT_VEC q5_K m=5120 n=1 k=6144: 1 x 49.48 us = 49.48 us (1271.41 GFLOPS/s)
Total time: 49.48 us.
----------------
Vulkan Timings:
MUL_MAT_VEC q5_K m=5120 n=1 k=6144: 1 x 49.36 us = 49.36 us (1274.5 GFLOPS/s)
Total time: 49.36 us.
----------------
Vulkan Timings:
MUL_MAT_VEC q5_K m=5120 n=1 k=6144: 1 x 49.44 us = 49.44 us (1272.44 GFLOPS/s)
Total time: 49.44 us.
----------------
Vulkan Timings:
MUL_MAT_VEC q5_K m=5120 n=1 k=6144: 1 x 49.32 us = 49.32 us (1275.54 GFLOPS/s)
Total time: 49.32 us.
----------------
Vulkan Timings:
MUL_MAT_VEC q5_K m=5120 n=1 k=6144: 1 x 49.2 us = 49.2 us (1278.65 GFLOPS/s)
Total time: 49.2 us.
----------------
Vulkan Timings:
MUL_MAT_VEC q5_K m=5120 n=1 k=6144: 1 x 49 us = 49 us (1283.87 GFLOPS/s)
Total time: 49 us.
----------------
Vulkan Timings:
MUL_MAT_VEC q5_K m=5120 n=1 k=6144: 1 x 49.48 us = 49.48 us (1271.41 GFLOPS/s)
Total time: 49.48 us.
----------------
Vulkan Timings:
MUL_MAT_VEC q5_K m=5120 n=1 k=6144: 1 x 49.4 us = 49.4 us (1273.47 GFLOPS/s)
Total time: 49.4 us.
----------------
Vulkan Timings:
MUL_MAT_VEC q5_K m=5120 n=1 k=6144: 1 x 49.4 us = 49.4 us (1273.47 GFLOPS/s)
Total time: 49.4 us.
----------------
Vulkan Timings:
MUL_MAT_VEC q5_K m=5120 n=1 k=6144: 1 x 49.2 us = 49.2 us (1278.65 GFLOPS/s)
Total time: 49.2 us.
----------------
Vulkan Timings:
MUL_MAT_VEC q5_K m=5120 n=1 k=6144: 1 x 49.44 us = 49.44 us (1272.44 GFLOPS/s)
Total time: 49.44 us.
----------------
Vulkan Timings:
MUL_MAT_VEC q5_K m=5120 n=1 k=6144: 1 x 49.16 us = 49.16 us (1279.69 GFLOPS/s)
Total time: 49.16 us.
----------------
Vulkan Timings:
MUL_MAT_VEC q5_K m=5120 n=1 k=6144: 1 x 49.28 us = 49.28 us (1276.57 GFLOPS/s)
Total time: 49.28 us.
----------------
Vulkan Timings:
MUL_MAT_VEC q5_K m=5120 n=1 k=6144: 1 x 49.32 us = 49.32 us (1275.54 GFLOPS/s)
Total time: 49.32 us.
----------------
Vulkan Timings:
MUL_MAT_VEC q5_K m=5120 n=1 k=6144: 1 x 49.24 us = 49.24 us (1277.61 GFLOPS/s)
Total time: 49.24 us.
----------------
Vulkan Timings:
MUL_MAT_VEC q5_K m=5120 n=1 k=6144: 1 x 49.2 us = 49.2 us (1278.65 GFLOPS/s)
Total time: 49.2 us.
----------------
Vulkan Timings:
MUL_MAT_VEC q5_K m=5120 n=1 k=6144: 1 x 49.44 us = 49.44 us (1272.44 GFLOPS/s)
Total time: 49.44 us.
----------------
Vulkan Timings:
MUL_MAT_VEC q5_K m=5120 n=1 k=6144: 1 x 49.36 us = 49.36 us (1274.5 GFLOPS/s)
Total time: 49.36 us.
----------------
Vulkan Timings:
MUL_MAT_VEC q5_K m=5120 n=1 k=6144: 1 x 49.28 us = 49.28 us (1276.57 GFLOPS/s)
Total time: 49.28 us.
----------------
Vulkan Timings:
MUL_MAT_VEC q5_K m=5120 n=1 k=6144: 1 x 49.4 us = 49.4 us (1273.47 GFLOPS/s)
Total time: 49.4 us.
----------------
Vulkan Timings:
MUL_MAT_VEC q5_K m=5120 n=1 k=6144: 1 x 49.2 us = 49.2 us (1278.65 GFLOPS/s)
Total time: 49.2 us.
----------------
Vulkan Timings:
MUL_MAT_VEC q5_K m=5120 n=1 k=6144: 1 x 48.92 us = 48.92 us (1285.97 GFLOPS/s)
Total time: 48.92 us.
----------------
Vulkan Timings:
MUL_MAT_VEC q5_K m=5120 n=1 k=6144: 1 x 49.32 us = 49.32 us (1275.54 GFLOPS/s)
Total time: 49.32 us.
----------------
Vulkan Timings:
MUL_MAT_VEC q5_K m=5120 n=1 k=6144: 1 x 49.28 us = 49.28 us (1276.57 GFLOPS/s)
Total time: 49.28 us.
----------------
Vulkan Timings:
MUL_MAT_VEC q5_K m=5120 n=1 k=6144: 1 x 49.36 us = 49.36 us (1274.5 GFLOPS/s)
Total time: 49.36 us.
----------------
Vulkan Timings:
MUL_MAT_VEC q5_K m=5120 n=1 k=6144: 1 x 49.32 us = 49.32 us (1275.54 GFLOPS/s)
Total time: 49.32 us.
----------------
Vulkan Timings:
MUL_MAT_VEC q5_K m=5120 n=1 k=6144: 1 x 49.32 us = 49.32 us (1275.54 GFLOPS/s)
Total time: 49.32 us.
----------------
Vulkan Timings:
MUL_MAT_VEC q5_K m=5120 n=1 k=6144: 1 x 49.28 us = 49.28 us (1276.57 GFLOPS/s)
Total time: 49.28 us.
----------------
Vulkan Timings:
MUL_MAT_VEC q5_K m=5120 n=1 k=6144: 1 x 49.36 us = 49.36 us (1274.5 GFLOPS/s)
Total time: 49.36 us.
----------------
Vulkan Timings:
MUL_MAT_VEC q5_K m=5120 n=1 k=6144: 1 x 49.08 us = 49.08 us (1281.77 GFLOPS/s)
Total time: 49.08 us.
----------------
Vulkan Timings:
MUL_MAT_VEC q5_K m=5120 n=1 k=6144: 1 x 49.24 us = 49.24 us (1277.61 GFLOPS/s)
Total time: 49.24 us.
----------------
Vulkan Timings:
MUL_MAT_VEC q5_K m=5120 n=1 k=6144: 1 x 49.32 us = 49.32 us (1275.54 GFLOPS/s)
Total time: 49.32 us.
----------------
Vulkan Timings:
MUL_MAT_VEC q5_K m=5120 n=1 k=6144: 1 x 49.32 us = 49.32 us (1275.54 GFLOPS/s)
Total time: 49.32 us.
----------------
Vulkan Timings:
MUL_MAT_VEC q5_K m=5120 n=1 k=6144: 1 x 49.28 us = 49.28 us (1276.57 GFLOPS/s)
Total time: 49.28 us.
----------------
Vulkan Timings:
MUL_MAT_VEC q5_K m=5120 n=1 k=6144: 1 x 49.28 us = 49.28 us (1276.57 GFLOPS/s)
Total time: 49.28 us.
----------------
Vulkan Timings:
MUL_MAT_VEC q5_K m=5120 n=1 k=6144: 1 x 49.28 us = 49.28 us (1276.57 GFLOPS/s)
Total time: 49.28 us.
----------------
Vulkan Timings:
MUL_MAT_VEC q5_K m=5120 n=1 k=6144: 1 x 49.4 us = 49.4 us (1273.47 GFLOPS/s)
Total time: 49.4 us.
----------------
Vulkan Timings:
MUL_MAT_VEC q5_K m=5120 n=1 k=6144: 1 x 49.36 us = 49.36 us (1274.5 GFLOPS/s)
Total time: 49.36 us.
----------------
Vulkan Timings:
MUL_MAT_VEC q5_K m=5120 n=1 k=6144: 1 x 49.48 us = 49.48 us (1271.41 GFLOPS/s)
Total time: 49.48 us.
----------------
Vulkan Timings:
MUL_MAT_VEC q5_K m=5120 n=1 k=6144: 1 x 49.4 us = 49.4 us (1273.47 GFLOPS/s)
Total time: 49.4 us.
----------------
Vulkan Timings:
MUL_MAT_VEC q5_K m=5120 n=1 k=6144: 1 x 49.2 us = 49.2 us (1278.65 GFLOPS/s)
Total time: 49.2 us.
----------------
Vulkan Timings:
MUL_MAT_VEC q5_K m=5120 n=1 k=6144: 1 x 49.32 us = 49.32 us (1275.54 GFLOPS/s)
Total time: 49.32 us.
----------------
Vulkan Timings:
MUL_MAT_VEC q5_K m=5120 n=1 k=6144: 1 x 49.4 us = 49.4 us (1273.47 GFLOPS/s)
Total time: 49.4 us.
----------------
Vulkan Timings:
MUL_MAT_VEC q5_K m=5120 n=1 k=6144: 1 x 49.36 us = 49.36 us (1274.5 GFLOPS/s)
Total time: 49.36 us.
----------------
Vulkan Timings:
MUL_MAT_VEC q5_K m=5120 n=1 k=6144: 1 x 49.24 us = 49.24 us (1277.61 GFLOPS/s)
Total time: 49.24 us.
----------------
Vulkan Timings:
MUL_MAT_VEC q5_K m=5120 n=1 k=6144: 1 x 49.4 us = 49.4 us (1273.47 GFLOPS/s)
Total time: 49.4 us.
----------------
Vulkan Timings:
MUL_MAT_VEC q5_K m=5120 n=1 k=6144: 1 x 49.44 us = 49.44 us (1272.44 GFLOPS/s)
Total time: 49.44 us.
----------------
Vulkan Timings:
MUL_MAT_VEC q5_K m=5120 n=1 k=6144: 1 x 49.28 us = 49.28 us (1276.57 GFLOPS/s)
Total time: 49.28 us.
----------------
Vulkan Timings:
MUL_MAT_VEC q5_K m=5120 n=1 k=6144: 1 x 49.28 us = 49.28 us (1276.57 GFLOPS/s)
Total time: 49.28 us.
----------------
Vulkan Timings:
MUL_MAT_VEC q5_K m=5120 n=1 k=6144: 1 x 49 us = 49 us (1283.87 GFLOPS/s)
Total time: 49 us.
----------------
Vulkan Timings:
MUL_MAT_VEC q5_K m=5120 n=1 k=6144: 1 x 49.32 us = 49.32 us (1275.54 GFLOPS/s)
Total time: 49.32 us.
----------------
Vulkan Timings:
MUL_MAT_VEC q5_K m=5120 n=1 k=6144: 1 x 49.4 us = 49.4 us (1273.47 GFLOPS/s)
Total time: 49.4 us.
----------------
Vulkan Timings:
MUL_MAT_VEC q5_K m=5120 n=1 k=6144: 1 x 49.28 us = 49.28 us (1276.57 GFLOPS/s)
Total time: 49.28 us.
----------------
Vulkan Timings:
MUL_MAT_VEC q5_K m=5120 n=1 k=6144: 1 x 49.44 us = 49.44 us (1272.44 GFLOPS/s)
Total time: 49.44 us.
----------------
Vulkan Timings:
MUL_MAT_VEC q5_K m=5120 n=1 k=6144: 1 x 52.08 us = 52.08 us (1207.94 GFLOPS/s)
Total time: 52.08 us.
----------------
Vulkan Timings:
MUL_MAT_VEC q5_K m=5120 n=1 k=6144: 1 x 49.4 us = 49.4 us (1273.47 GFLOPS/s)
Total time: 49.4 us.
----------------
Vulkan Timings:
MUL_MAT_VEC q5_K m=5120 n=1 k=6144: 1 x 49.44 us = 49.44 us (1272.44 GFLOPS/s)
Total time: 49.44 us.
----------------
Vulkan Timings:
MUL_MAT_VEC q5_K m=5120 n=1 k=6144: 1 x 48.92 us = 48.92 us (1285.97 GFLOPS/s)
Total time: 48.92 us.
----------------
Vulkan Timings:
MUL_MAT_VEC q5_K m=5120 n=1 k=6144: 1 x 49.32 us = 49.32 us (1275.54 GFLOPS/s)
Total time: 49.32 us.
----------------
Vulkan Timings:
MUL_MAT_VEC q5_K m=5120 n=1 k=6144: 1 x 49.28 us = 49.28 us (1276.57 GFLOPS/s)
Total time: 49.28 us.
----------------
Vulkan Timings:
MUL_MAT_VEC q5_K m=5120 n=1 k=6144: 1 x 49.24 us = 49.24 us (1277.61 GFLOPS/s)
Total time: 49.24 us.
----------------
Vulkan Timings:
MUL_MAT_VEC q5_K m=5120 n=1 k=6144: 1 x 49.36 us = 49.36 us (1274.5 GFLOPS/s)
Total time: 49.36 us.
----------------
Vulkan Timings:
MUL_MAT_VEC q5_K m=5120 n=1 k=6144: 1 x 49.2 us = 49.2 us (1278.65 GFLOPS/s)
Total time: 49.2 us.
----------------
Vulkan Timings:
MUL_MAT_VEC q5_K m=5120 n=1 k=6144: 1 x 49.32 us = 49.32 us (1275.54 GFLOPS/s)
Total time: 49.32 us.
----------------
Vulkan Timings:
MUL_MAT_VEC q5_K m=5120 n=1 k=6144: 1 x 49.32 us = 49.32 us (1275.54 GFLOPS/s)
Total time: 49.32 us.
----------------
Vulkan Timings:
MUL_MAT_VEC q5_K m=5120 n=1 k=6144: 1 x 49.2 us = 49.2 us (1278.65 GFLOPS/s)
Total time: 49.2 us.
----------------
Vulkan Timings:
MUL_MAT_VEC q5_K m=5120 n=1 k=6144: 1 x 49.48 us = 49.48 us (1271.41 GFLOPS/s)
Total time: 49.48 us.
----------------
Vulkan Timings:
MUL_MAT_VEC q5_K m=5120 n=1 k=6144: 1 x 49.36 us = 49.36 us (1274.5 GFLOPS/s)
Total time: 49.36 us.
----------------
Vulkan Timings:
MUL_MAT_VEC q5_K m=5120 n=1 k=6144: 1 x 49.4 us = 49.4 us (1273.47 GFLOPS/s)
Total time: 49.4 us.
----------------
Vulkan Timings:
MUL_MAT_VEC q5_K m=5120 n=1 k=6144: 1 x 49.36 us = 49.36 us (1274.5 GFLOPS/s)
Total time: 49.36 us.
----------------
Vulkan Timings:
MUL_MAT_VEC q5_K m=5120 n=1 k=6144: 1 x 49.36 us = 49.36 us (1274.5 GFLOPS/s)
Total time: 49.36 us.
----------------
Vulkan Timings:
MUL_MAT_VEC q5_K m=5120 n=1 k=6144: 1 x 49.24 us = 49.24 us (1277.61 GFLOPS/s)
Total time: 49.24 us.
----------------
Vulkan Timings:
MUL_MAT_VEC q5_K m=5120 n=1 k=6144: 1 x 49.28 us = 49.28 us (1276.57 GFLOPS/s)
Total time: 49.28 us.
----------------
Vulkan Timings:
MUL_MAT_VEC q5_K m=5120 n=1 k=6144: 1 x 49.4 us = 49.4 us (1273.47 GFLOPS/s)
Total time: 49.4 us.
----------------
Vulkan Timings:
MUL_MAT_VEC q5_K m=5120 n=1 k=6144: 1 x 49.24 us = 49.24 us (1277.61 GFLOPS/s)
Total time: 49.24 us.
----------------
Vulkan Timings:
MUL_MAT_VEC q5_K m=5120 n=1 k=6144: 1 x 49.48 us = 49.48 us (1271.41 GFLOPS/s)
Total time: 49.48 us.
----------------
Vulkan Timings:
MUL_MAT_VEC q5_K m=5120 n=1 k=6144: 1 x 49.32 us = 49.32 us (1275.54 GFLOPS/s)
Total time: 49.32 us.
----------------
Vulkan Timings:
MUL_MAT_VEC q5_K m=5120 n=1 k=6144: 1 x 49.2 us = 49.2 us (1278.65 GFLOPS/s)
Total time: 49.2 us.
----------------
Vulkan Timings:
MUL_MAT_VEC q5_K m=5120 n=1 k=6144: 1 x 49.4 us = 49.4 us (1273.47 GFLOPS/s)
Total time: 49.4 us.
----------------
Vulkan Timings:
MUL_MAT_VEC q5_K m=5120 n=1 k=6144: 1 x 49.28 us = 49.28 us (1276.57 GFLOPS/s)
Total time: 49.28 us.
----------------
Vulkan Timings:
MUL_MAT_VEC q5_K m=5120 n=1 k=6144: 1 x 49.36 us = 49.36 us (1274.5 GFLOPS/s)
Total time: 49.36 us.
----------------
Vulkan Timings:
MUL_MAT_VEC q5_K m=5120 n=1 k=6144: 1 x 49.2 us = 49.2 us (1278.65 GFLOPS/s)
Total time: 49.2 us.
----------------
Vulkan Timings:
MUL_MAT_VEC q5_K m=5120 n=1 k=6144: 1 x 49.36 us = 49.36 us (1274.5 GFLOPS/s)
Total time: 49.36 us.
----------------
Vulkan Timings:
MUL_MAT_VEC q5_K m=5120 n=1 k=6144: 1 x 49.52 us = 49.52 us (1270.38 GFLOPS/s)
Total time: 49.52 us.
----------------
Vulkan Timings:
MUL_MAT_VEC q5_K m=5120 n=1 k=6144: 1 x 49.4 us = 49.4 us (1273.47 GFLOPS/s)
Total time: 49.4 us.
----------------
Vulkan Timings:
MUL_MAT_VEC q5_K m=5120 n=1 k=6144: 1 x 49.36 us = 49.36 us (1274.5 GFLOPS/s)
Total time: 49.36 us.
----------------
Vulkan Timings:
MUL_MAT_VEC q5_K m=5120 n=1 k=6144: 1 x 49.12 us = 49.12 us (1280.73 GFLOPS/s)
Total time: 49.12 us.
----------------
Vulkan Timings:
MUL_MAT_VEC q5_K m=5120 n=1 k=6144: 1 x 49.04 us = 49.04 us (1282.82 GFLOPS/s)
Total time: 49.04 us.
----------------
Vulkan Timings:
MUL_MAT_VEC q5_K m=5120 n=1 k=6144: 1 x 49.6 us = 49.6 us (1268.34 GFLOPS/s)
Total time: 49.6 us.
----------------
Vulkan Timings:
MUL_MAT_VEC q5_K m=5120 n=1 k=6144: 1 x 49.48 us = 49.48 us (1271.41 GFLOPS/s)
Total time: 49.48 us.
----------------
Vulkan Timings:
MUL_MAT_VEC q5_K m=5120 n=1 k=6144: 1 x 49.36 us = 49.36 us (1274.5 GFLOPS/s)
Total time: 49.36 us.
----------------
Vulkan Timings:
MUL_MAT_VEC q5_K m=5120 n=1 k=6144: 1 x 49.24 us = 49.24 us (1277.61 GFLOPS/s)
Total time: 49.24 us.
----------------
Vulkan Timings:
MUL_MAT_VEC q5_K m=5120 n=1 k=6144: 1 x 49.16 us = 49.16 us (1279.69 GFLOPS/s)
Total time: 49.16 us.
----------------
Vulkan Timings:
MUL_MAT_VEC q5_K m=5120 n=1 k=6144: 1 x 49.48 us = 49.48 us (1271.41 GFLOPS/s)
Total time: 49.48 us.
----------------
Vulkan Timings:
MUL_MAT_VEC q5_K m=5120 n=1 k=6144: 1 x 49.32 us = 49.32 us (1275.54 GFLOPS/s)
Total time: 49.32 us.
----------------
Vulkan Timings:
MUL_MAT_VEC q5_K m=5120 n=1 k=6144: 1 x 49.44 us = 49.44 us (1272.44 GFLOPS/s)
Total time: 49.44 us.
----------------
Vulkan Timings:
MUL_MAT_VEC q5_K m=5120 n=1 k=6144: 1 x 49.4 us = 49.4 us (1273.47 GFLOPS/s)
Total time: 49.4 us.
----------------
Vulkan Timings:
MUL_MAT_VEC q5_K m=5120 n=1 k=6144: 1 x 49.32 us = 49.32 us (1275.54 GFLOPS/s)
Total time: 49.32 us.
----------------
Vulkan Timings:
MUL_MAT_VEC q5_K m=5120 n=1 k=6144: 1 x 49.08 us = 49.08 us (1281.77 GFLOPS/s)
Total time: 49.08 us.
----------------
Vulkan Timings:
MUL_MAT_VEC q5_K m=5120 n=1 k=6144: 1 x 49.4 us = 49.4 us (1273.47 GFLOPS/s)
Total time: 49.4 us.
----------------
Vulkan Timings:
MUL_MAT_VEC q5_K m=5120 n=1 k=6144: 1 x 49.32 us = 49.32 us (1275.54 GFLOPS/s)
Total time: 49.32 us.
----------------
Vulkan Timings:
MUL_MAT_VEC q5_K m=5120 n=1 k=6144: 1 x 49.48 us = 49.48 us (1271.41 GFLOPS/s)
Total time: 49.48 us.
----------------
Vulkan Timings:
MUL_MAT_VEC q5_K m=5120 n=1 k=6144: 1 x 49.28 us = 49.28 us (1276.57 GFLOPS/s)
Total time: 49.28 us.
----------------
Vulkan Timings:
MUL_MAT_VEC q5_K m=5120 n=1 k=6144: 1 x 49.36 us = 49.36 us (1274.5 GFLOPS/s)
Total time: 49.36 us.
----------------
Vulkan Timings:
MUL_MAT_VEC q5_K m=5120 n=1 k=6144: 1 x 49.52 us = 49.52 us (1270.38 GFLOPS/s)
Total time: 49.52 us.
----------------
Vulkan Timings:
MUL_MAT_VEC q5_K m=5120 n=1 k=6144: 1 x 49.68 us = 49.68 us (1266.29 GFLOPS/s)
Total time: 49.68 us.
----------------
Vulkan Timings:
MUL_MAT_VEC q5_K m=5120 n=1 k=6144: 1 x 49.36 us = 49.36 us (1274.5 GFLOPS/s)
Total time: 49.36 us.
----------------
Vulkan Timings:
MUL_MAT_VEC q5_K m=5120 n=1 k=6144: 1 x 49.4 us = 49.4 us (1273.47 GFLOPS/s)
Total time: 49.4 us.
----------------
Vulkan Timings:
MUL_MAT_VEC q5_K m=5120 n=1 k=6144: 1 x 49.32 us = 49.32 us (1275.54 GFLOPS/s)
Total time: 49.32 us.
----------------
Vulkan Timings:
MUL_MAT_VEC q5_K m=5120 n=1 k=6144: 1 x 49.48 us = 49.48 us (1271.41 GFLOPS/s)
Total time: 49.48 us.
----------------
Vulkan Timings:
MUL_MAT_VEC q5_K m=5120 n=1 k=6144: 1 x 49.32 us = 49.32 us (1275.54 GFLOPS/s)
Total time: 49.32 us.
----------------
Vulkan Timings:
MUL_MAT_VEC q5_K m=5120 n=1 k=6144: 1 x 49.32 us = 49.32 us (1275.54 GFLOPS/s)
Total time: 49.32 us.
----------------
Vulkan Timings:
MUL_MAT_VEC q5_K m=5120 n=1 k=6144: 1 x 49.4 us = 49.4 us (1273.47 GFLOPS/s)
Total time: 49.4 us.
----------------
Vulkan Timings:
MUL_MAT_VEC q5_K m=5120 n=1 k=6144: 1 x 49.32 us = 49.32 us (1275.54 GFLOPS/s)
Total time: 49.32 us.
----------------
Vulkan Timings:
MUL_MAT_VEC q5_K m=5120 n=1 k=6144: 1 x 49.32 us = 49.32 us (1275.54 GFLOPS/s)
Total time: 49.32 us.
----------------
Vulkan Timings:
MUL_MAT_VEC q5_K m=5120 n=1 k=6144: 1 x 49.28 us = 49.28 us (1276.57 GFLOPS/s)
Total time: 49.28 us.
----------------
Vulkan Timings:
MUL_MAT_VEC q5_K m=5120 n=1 k=6144: 1 x 49.44 us = 49.44 us (1272.44 GFLOPS/s)
Total time: 49.44 us.
----------------
Vulkan Timings:
MUL_MAT_VEC q5_K m=5120 n=1 k=6144: 1 x 49.4 us = 49.4 us (1273.47 GFLOPS/s)
Total time: 49.4 us.
----------------
Vulkan Timings:
MUL_MAT_VEC q5_K m=5120 n=1 k=6144: 1 x 49.44 us = 49.44 us (1272.44 GFLOPS/s)
Total time: 49.44 us.
----------------
Vulkan Timings:
MUL_MAT_VEC q5_K m=5120 n=1 k=6144: 1 x 49.28 us = 49.28 us (1276.57 GFLOPS/s)
Total time: 49.28 us.
----------------
Vulkan Timings:
MUL_MAT_VEC q5_K m=5120 n=1 k=6144: 1 x 49.32 us = 49.32 us (1275.54 GFLOPS/s)
Total time: 49.32 us.
----------------
Vulkan Timings:
MUL_MAT_VEC q5_K m=5120 n=1 k=6144: 1 x 49.08 us = 49.08 us (1281.77 GFLOPS/s)
Total time: 49.08 us.
----------------
Vulkan Timings:
MUL_MAT_VEC q5_K m=5120 n=1 k=6144: 1 x 49.28 us = 49.28 us (1276.57 GFLOPS/s)
Total time: 49.28 us.
----------------
Vulkan Timings:
MUL_MAT_VEC q5_K m=5120 n=1 k=6144: 1 x 50.28 us = 50.28 us (1251.18 GFLOPS/s)
Total time: 50.28 us.
----------------
Vulkan Timings:
MUL_MAT_VEC q5_K m=5120 n=1 k=6144: 1 x 49.44 us = 49.44 us (1272.44 GFLOPS/s)
Total time: 49.44 us.
----------------
Vulkan Timings:
MUL_MAT_VEC q5_K m=5120 n=1 k=6144: 1 x 49.72 us = 49.72 us (1265.27 GFLOPS/s)
Total time: 49.72 us.
----------------
Vulkan Timings:
MUL_MAT_VEC q5_K m=5120 n=1 k=6144: 1 x 49.36 us = 49.36 us (1274.5 GFLOPS/s)
Total time: 49.36 us.
----------------
Vulkan Timings:
MUL_MAT_VEC q5_K m=5120 n=1 k=6144: 1 x 49.56 us = 49.56 us (1269.36 GFLOPS/s)
Total time: 49.56 us.
----------------
Vulkan Timings:
MUL_MAT_VEC q5_K m=5120 n=1 k=6144: 1 x 49.28 us = 49.28 us (1276.57 GFLOPS/s)
Total time: 49.28 us.
----------------
Vulkan Timings:
MUL_MAT_VEC q5_K m=5120 n=1 k=6144: 1 x 49.52 us = 49.52 us (1270.38 GFLOPS/s)
Total time: 49.52 us.
----------------
Vulkan Timings:
MUL_MAT_VEC q5_K m=5120 n=1 k=6144: 1 x 49.32 us = 49.32 us (1275.54 GFLOPS/s)
Total time: 49.32 us.
----------------
Vulkan Timings:
MUL_MAT_VEC q5_K m=5120 n=1 k=6144: 1 x 49.32 us = 49.32 us (1275.54 GFLOPS/s)
Total time: 49.32 us.
----------------
Vulkan Timings:
MUL_MAT_VEC q5_K m=5120 n=1 k=6144: 1 x 49.44 us = 49.44 us (1272.44 GFLOPS/s)
Total time: 49.44 us.
----------------
Vulkan Timings:
MUL_MAT_VEC q5_K m=5120 n=1 k=6144: 1 x 49.4 us = 49.4 us (1273.47 GFLOPS/s)
Total time: 49.4 us.
----------------
Vulkan Timings:
MUL_MAT_VEC q5_K m=5120 n=1 k=6144: 1 x 49.08 us = 49.08 us (1281.77 GFLOPS/s)
Total time: 49.08 us.
----------------
Vulkan Timings:
MUL_MAT_VEC q5_K m=5120 n=1 k=6144: 1 x 49.28 us = 49.28 us (1276.57 GFLOPS/s)
Total time: 49.28 us.
----------------
Vulkan Timings:
MUL_MAT_VEC q5_K m=5120 n=1 k=6144: 1 x 49.56 us = 49.56 us (1269.36 GFLOPS/s)
Total time: 49.56 us.
----------------
Vulkan Timings:
MUL_MAT_VEC q5_K m=5120 n=1 k=6144: 1 x 49.32 us = 49.32 us (1275.54 GFLOPS/s)
Total time: 49.32 us.
----------------
Vulkan Timings:
MUL_MAT_VEC q5_K m=5120 n=1 k=6144: 1 x 49.24 us = 49.24 us (1277.61 GFLOPS/s)
Total time: 49.24 us.
----------------
Vulkan Timings:
MUL_MAT_VEC q5_K m=5120 n=1 k=6144: 1 x 49.4 us = 49.4 us (1273.47 GFLOPS/s)
Total time: 49.4 us.
----------------
Vulkan Timings:
MUL_MAT_VEC q5_K m=5120 n=1 k=6144: 1 x 49.48 us = 49.48 us (1271.41 GFLOPS/s)
Total time: 49.48 us.
----------------
Vulkan Timings:
MUL_MAT_VEC q5_K m=5120 n=1 k=6144: 1 x 49.4 us = 49.4 us (1273.47 GFLOPS/s)
Total time: 49.4 us.
----------------
Vulkan Timings:
MUL_MAT_VEC q5_K m=5120 n=1 k=6144: 1 x 49.44 us = 49.44 us (1272.44 GFLOPS/s)
Total time: 49.44 us.
----------------
Vulkan Timings:
MUL_MAT_VEC q5_K m=5120 n=1 k=6144: 1 x 49.36 us = 49.36 us (1274.5 GFLOPS/s)
Total time: 49.36 us.
----------------
Vulkan Timings:
MUL_MAT_VEC q5_K m=5120 n=1 k=6144: 1 x 49.44 us = 49.44 us (1272.44 GFLOPS/s)
Total time: 49.44 us.
----------------
Vulkan Timings:
MUL_MAT_VEC q5_K m=5120 n=1 k=6144: 1 x 49.44 us = 49.44 us (1272.44 GFLOPS/s)
Total time: 49.44 us.
----------------
Vulkan Timings:
MUL_MAT_VEC q5_K m=5120 n=1 k=6144: 1 x 49.36 us = 49.36 us (1274.5 GFLOPS/s)
Total time: 49.36 us.
----------------
Vulkan Timings:
MUL_MAT_VEC q5_K m=5120 n=1 k=6144: 1 x 52 us = 52 us (1209.8 GFLOPS/s)
Total time: 52 us.
----------------
Vulkan Timings:
MUL_MAT_VEC q5_K m=5120 n=1 k=6144: 1 x 49.8 us = 49.8 us (1263.24 GFLOPS/s)
Total time: 49.8 us.
----------------
Vulkan Timings:
MUL_MAT_VEC q5_K m=5120 n=1 k=6144: 1 x 49.56 us = 49.56 us (1269.36 GFLOPS/s)
Total time: 49.56 us.
----------------
Vulkan Timings:
MUL_MAT_VEC q5_K m=5120 n=1 k=6144: 1 x 49.2 us = 49.2 us (1278.65 GFLOPS/s)
Total time: 49.2 us.
----------------
Vulkan Timings:
MUL_MAT_VEC q5_K m=5120 n=1 k=6144: 1 x 49.4 us = 49.4 us (1273.47 GFLOPS/s)
Total time: 49.4 us.
----------------
Vulkan Timings:
MUL_MAT_VEC q5_K m=5120 n=1 k=6144: 1 x 49.4 us = 49.4 us (1273.47 GFLOPS/s)
Total time: 49.4 us.
----------------
Vulkan Timings:
MUL_MAT_VEC q5_K m=5120 n=1 k=6144: 1 x 49.32 us = 49.32 us (1275.54 GFLOPS/s)
Total time: 49.32 us.
----------------
Vulkan Timings:
MUL_MAT_VEC q5_K m=5120 n=1 k=6144: 1 x 49.32 us = 49.32 us (1275.54 GFLOPS/s)
Total time: 49.32 us.
----------------
Vulkan Timings:
MUL_MAT_VEC q5_K m=5120 n=1 k=6144: 1 x 49.12 us = 49.12 us (1280.73 GFLOPS/s)
Total time: 49.12 us.
----------------
Vulkan Timings:
MUL_MAT_VEC q5_K m=5120 n=1 k=6144: 1 x 49.36 us = 49.36 us (1274.5 GFLOPS/s)
Total time: 49.36 us.
----------------
Vulkan Timings:
MUL_MAT_VEC q5_K m=5120 n=1 k=6144: 1 x 49 us = 49 us (1283.87 GFLOPS/s)
Total time: 49 us.
----------------
Vulkan Timings:
MUL_MAT_VEC q5_K m=5120 n=1 k=6144: 1 x 49.44 us = 49.44 us (1272.44 GFLOPS/s)
Total time: 49.44 us.
----------------
Vulkan Timings:
MUL_MAT_VEC q5_K m=5120 n=1 k=6144: 1 x 49.44 us = 49.44 us (1272.44 GFLOPS/s)
Total time: 49.44 us.
----------------
Vulkan Timings:
MUL_MAT_VEC q5_K m=5120 n=1 k=6144: 1 x 49.4 us = 49.4 us (1273.47 GFLOPS/s)
Total time: 49.4 us.
----------------
Vulkan Timings:
MUL_MAT_VEC q5_K m=5120 n=1 k=6144: 1 x 49 us = 49 us (1283.87 GFLOPS/s)
Total time: 49 us.
----------------
Vulkan Timings:
MUL_MAT_VEC q5_K m=5120 n=1 k=6144: 1 x 49.52 us = 49.52 us (1270.38 GFLOPS/s)
Total time: 49.52 us.
----------------
Vulkan Timings:
MUL_MAT_VEC q5_K m=5120 n=1 k=6144: 1 x 49.28 us = 49.28 us (1276.57 GFLOPS/s)
Total time: 49.28 us.
----------------
Vulkan Timings:
MUL_MAT_VEC q5_K m=5120 n=1 k=6144: 1 x 49.6 us = 49.6 us (1268.34 GFLOPS/s)
Total time: 49.6 us.
----------------
Vulkan Timings:
MUL_MAT_VEC q5_K m=5120 n=1 k=6144: 1 x 49.44 us = 49.44 us (1272.44 GFLOPS/s)
Total time: 49.44 us.
----------------
Vulkan Timings:
MUL_MAT_VEC q5_K m=5120 n=1 k=6144: 1 x 49.44 us = 49.44 us (1272.44 GFLOPS/s)
Total time: 49.44 us.
----------------
Vulkan Timings:
MUL_MAT_VEC q5_K m=5120 n=1 k=6144: 1 x 49.08 us = 49.08 us (1281.77 GFLOPS/s)
Total time: 49.08 us.
----------------
Vulkan Timings:
MUL_MAT_VEC q5_K m=5120 n=1 k=6144: 1 x 49.36 us = 49.36 us (1274.5 GFLOPS/s)
Total time: 49.36 us.
----------------
Vulkan Timings:
MUL_MAT_VEC q5_K m=5120 n=1 k=6144: 1 x 49.4 us = 49.4 us (1273.47 GFLOPS/s)
Total time: 49.4 us.
----------------
Vulkan Timings:
MUL_MAT_VEC q5_K m=5120 n=1 k=6144: 1 x 49.36 us = 49.36 us (1274.5 GFLOPS/s)
Total time: 49.36 us.
----------------
Vulkan Timings:
MUL_MAT_VEC q5_K m=5120 n=1 k=6144: 1 x 49.4 us = 49.4 us (1273.47 GFLOPS/s)
Total time: 49.4 us.
----------------
Vulkan Timings:
MUL_MAT_VEC q5_K m=5120 n=1 k=6144: 1 x 49.36 us = 49.36 us (1274.5 GFLOPS/s)
Total time: 49.36 us.
----------------
Vulkan Timings:
MUL_MAT_VEC q5_K m=5120 n=1 k=6144: 1 x 49.36 us = 49.36 us (1274.5 GFLOPS/s)
Total time: 49.36 us.
----------------
Vulkan Timings:
MUL_MAT_VEC q5_K m=5120 n=1 k=6144: 1 x 49.28 us = 49.28 us (1276.57 GFLOPS/s)
Total time: 49.28 us.
----------------
Vulkan Timings:
MUL_MAT_VEC q5_K m=5120 n=1 k=6144: 1 x 49.24 us = 49.24 us (1277.61 GFLOPS/s)
Total time: 49.24 us.
----------------
Vulkan Timings:
MUL_MAT_VEC q5_K m=5120 n=1 k=6144: 1 x 49.4 us = 49.4 us (1273.47 GFLOPS/s)
Total time: 49.4 us.
----------------
Vulkan Timings:
MUL_MAT_VEC q5_K m=5120 n=1 k=6144: 1 x 49.32 us = 49.32 us (1275.54 GFLOPS/s)
Total time: 49.32 us.
----------------
Vulkan Timings:
MUL_MAT_VEC q5_K m=5120 n=1 k=6144: 1 x 49.28 us = 49.28 us (1276.57 GFLOPS/s)
Total time: 49.28 us.
----------------
Vulkan Timings:
MUL_MAT_VEC q5_K m=5120 n=1 k=6144: 1 x 49.28 us = 49.28 us (1276.57 GFLOPS/s)
Total time: 49.28 us.
----------------
Vulkan Timings:
MUL_MAT_VEC q5_K m=5120 n=1 k=6144: 1 x 49.36 us = 49.36 us (1274.5 GFLOPS/s)
Total time: 49.36 us.
----------------
Vulkan Timings:
MUL_MAT_VEC q5_K m=5120 n=1 k=6144: 1 x 49.4 us = 49.4 us (1273.47 GFLOPS/s)
Total time: 49.4 us.
----------------
Vulkan Timings:
MUL_MAT_VEC q5_K m=5120 n=1 k=6144: 1 x 49.28 us = 49.28 us (1276.57 GFLOPS/s)
Total time: 49.28 us.
----------------
Vulkan Timings:
MUL_MAT_VEC q5_K m=5120 n=1 k=6144: 1 x 49.4 us = 49.4 us (1273.47 GFLOPS/s)
Total time: 49.4 us.
----------------
Vulkan Timings:
MUL_MAT_VEC q5_K m=5120 n=1 k=6144: 1 x 49.28 us = 49.28 us (1276.57 GFLOPS/s)
Total time: 49.28 us.
----------------
Vulkan Timings:
MUL_MAT_VEC q5_K m=5120 n=1 k=6144: 1 x 49.36 us = 49.36 us (1274.5 GFLOPS/s)
Total time: 49.36 us.
----------------
Vulkan Timings:
MUL_MAT_VEC q5_K m=5120 n=1 k=6144: 1 x 49.56 us = 49.56 us (1269.36 GFLOPS/s)
Total time: 49.56 us.
----------------
Vulkan Timings:
MUL_MAT_VEC q5_K m=5120 n=1 k=6144: 1 x 49.4 us = 49.4 us (1273.47 GFLOPS/s)
Total time: 49.4 us.
----------------
Vulkan Timings:
MUL_MAT_VEC q5_K m=5120 n=1 k=6144: 1 x 49.4 us = 49.4 us (1273.47 GFLOPS/s)
Total time: 49.4 us.
----------------
Vulkan Timings:
MUL_MAT_VEC q5_K m=5120 n=1 k=6144: 1 x 49.52 us = 49.52 us (1270.38 GFLOPS/s)
Total time: 49.52 us.
----------------
Vulkan Timings:
MUL_MAT_VEC q5_K m=5120 n=1 k=6144: 1 x 49.32 us = 49.32 us (1275.54 GFLOPS/s)
Total time: 49.32 us.
----------------
Vulkan Timings:
MUL_MAT_VEC q5_K m=5120 n=1 k=6144: 1 x 49.4 us = 49.4 us (1273.47 GFLOPS/s)
Total time: 49.4 us.
----------------
Vulkan Timings:
MUL_MAT_VEC q5_K m=5120 n=1 k=6144: 1 x 49.52 us = 49.52 us (1270.38 GFLOPS/s)
Total time: 49.52 us.
----------------
Vulkan Timings:
MUL_MAT_VEC q5_K m=5120 n=1 k=6144: 1 x 49.48 us = 49.48 us (1271.41 GFLOPS/s)
Total time: 49.48 us.
----------------
Vulkan Timings:
MUL_MAT_VEC q5_K m=5120 n=1 k=6144: 1 x 49.4 us = 49.4 us (1273.47 GFLOPS/s)
Total time: 49.4 us.
----------------
Vulkan Timings:
MUL_MAT_VEC q5_K m=5120 n=1 k=6144: 1 x 49.56 us = 49.56 us (1269.36 GFLOPS/s)
Total time: 49.56 us.
----------------
Vulkan Timings:
MUL_MAT_VEC q5_K m=5120 n=1 k=6144: 1 x 49.44 us = 49.44 us (1272.44 GFLOPS/s)
Total time: 49.44 us.
----------------
Vulkan Timings:
MUL_MAT_VEC q5_K m=5120 n=1 k=6144: 1 x 49.36 us = 49.36 us (1274.5 GFLOPS/s)
Total time: 49.36 us.
----------------
Vulkan Timings:
MUL_MAT_VEC q5_K m=5120 n=1 k=6144: 1 x 49.28 us = 49.28 us (1276.57 GFLOPS/s)
Total time: 49.28 us.
----------------
Vulkan Timings:
MUL_MAT_VEC q5_K m=5120 n=1 k=6144: 1 x 49.52 us = 49.52 us (1270.38 GFLOPS/s)
Total time: 49.52 us.
----------------
Vulkan Timings:
MUL_MAT_VEC q5_K m=5120 n=1 k=6144: 1 x 49.28 us = 49.28 us (1276.57 GFLOPS/s)
Total time: 49.28 us.
----------------
Vulkan Timings:
MUL_MAT_VEC q5_K m=5120 n=1 k=6144: 1 x 49.4 us = 49.4 us (1273.47 GFLOPS/s)
Total time: 49.4 us.
----------------
Vulkan Timings:
MUL_MAT_VEC q5_K m=5120 n=1 k=6144: 1 x 49.44 us = 49.44 us (1272.44 GFLOPS/s)
Total time: 49.44 us.
----------------
Vulkan Timings:
MUL_MAT_VEC q5_K m=5120 n=1 k=6144: 1 x 49.2 us = 49.2 us (1278.65 GFLOPS/s)
Total time: 49.2 us.
----------------
Vulkan Timings:
MUL_MAT_VEC q5_K m=5120 n=1 k=6144: 1 x 49.4 us = 49.4 us (1273.47 GFLOPS/s)
Total time: 49.4 us.
----------------
Vulkan Timings:
MUL_MAT_VEC q5_K m=5120 n=1 k=6144: 1 x 49.4 us = 49.4 us (1273.47 GFLOPS/s)
Total time: 49.4 us.
----------------
Vulkan Timings:
MUL_MAT_VEC q5_K m=5120 n=1 k=6144: 1 x 49.48 us = 49.48 us (1271.41 GFLOPS/s)
Total time: 49.48 us.
----------------
Vulkan Timings:
MUL_MAT_VEC q5_K m=5120 n=1 k=6144: 1 x 49.2 us = 49.2 us (1278.65 GFLOPS/s)
Total time: 49.2 us.
----------------
Vulkan Timings:
MUL_MAT_VEC q5_K m=5120 n=1 k=6144: 1 x 48.92 us = 48.92 us (1285.97 GFLOPS/s)
Total time: 48.92 us.
----------------
Vulkan Timings:
MUL_MAT_VEC q5_K m=5120 n=1 k=6144: 1 x 49.4 us = 49.4 us (1273.47 GFLOPS/s)
Total time: 49.4 us.
----------------
Vulkan Timings:
MUL_MAT_VEC q5_K m=5120 n=1 k=6144: 1 x 49.28 us = 49.28 us (1276.57 GFLOPS/s)
Total time: 49.28 us.
----------------
Vulkan Timings:
MUL_MAT_VEC q5_K m=5120 n=1 k=6144: 1 x 49.36 us = 49.36 us (1274.5 GFLOPS/s)
Total time: 49.36 us.
----------------
Vulkan Timings:
MUL_MAT_VEC q5_K m=5120 n=1 k=6144: 1 x 49.36 us = 49.36 us (1274.5 GFLOPS/s)
Total time: 49.36 us.
----------------
Vulkan Timings:
MUL_MAT_VEC q5_K m=5120 n=1 k=6144: 1 x 49.44 us = 49.44 us (1272.44 GFLOPS/s)
Total time: 49.44 us.
----------------
Vulkan Timings:
MUL_MAT_VEC q5_K m=5120 n=1 k=6144: 1 x 49.16 us = 49.16 us (1279.69 GFLOPS/s)
Total time: 49.16 us.
----------------
Vulkan Timings:
MUL_MAT_VEC q5_K m=5120 n=1 k=6144: 1 x 49.24 us = 49.24 us (1277.61 GFLOPS/s)
Total time: 49.24 us.
----------------
Vulkan Timings:
MUL_MAT_VEC q5_K m=5120 n=1 k=6144: 1 x 53.12 us = 53.12 us (1184.29 GFLOPS/s)
Total time: 53.12 us.
----------------
Vulkan Timings:
MUL_MAT_VEC q5_K m=5120 n=1 k=6144: 1 x 49.28 us = 49.28 us (1276.57 GFLOPS/s)
Total time: 49.28 us.
----------------
Vulkan Timings:
MUL_MAT_VEC q5_K m=5120 n=1 k=6144: 1 x 49.36 us = 49.36 us (1274.5 GFLOPS/s)
Total time: 49.36 us.
----------------
Vulkan Timings:
MUL_MAT_VEC q5_K m=5120 n=1 k=6144: 1 x 49.04 us = 49.04 us (1282.82 GFLOPS/s)
Total time: 49.04 us.
----------------
Vulkan Timings:
MUL_MAT_VEC q5_K m=5120 n=1 k=6144: 1 x 49.32 us = 49.32 us (1275.54 GFLOPS/s)
Total time: 49.32 us.
----------------
Vulkan Timings:
MUL_MAT_VEC q5_K m=5120 n=1 k=6144: 1 x 48.92 us = 48.92 us (1285.97 GFLOPS/s)
Total time: 48.92 us.
----------------
Vulkan Timings:
MUL_MAT_VEC q5_K m=5120 n=1 k=6144: 1 x 49.48 us = 49.48 us (1271.41 GFLOPS/s)
Total time: 49.48 us.
----------------
Vulkan Timings:
MUL_MAT_VEC q5_K m=5120 n=1 k=6144: 1 x 49.44 us = 49.44 us (1272.44 GFLOPS/s)
Total time: 49.44 us.
----------------
Vulkan Timings:
MUL_MAT_VEC q5_K m=5120 n=1 k=6144: 1 x 49.32 us = 49.32 us (1275.54 GFLOPS/s)
Total time: 49.32 us.
----------------
Vulkan Timings:
MUL_MAT_VEC q5_K m=5120 n=1 k=6144: 1 x 49.24 us = 49.24 us (1277.61 GFLOPS/s)
Total time: 49.24 us.
----------------
Vulkan Timings:
MUL_MAT_VEC q5_K m=5120 n=1 k=6144: 1 x 49.4 us = 49.4 us (1273.47 GFLOPS/s)
Total time: 49.4 us.
----------------
Vulkan Timings:
MUL_MAT_VEC q5_K m=5120 n=1 k=6144: 1 x 49.52 us = 49.52 us (1270.38 GFLOPS/s)
Total time: 49.52 us.
----------------
Vulkan Timings:
MUL_MAT_VEC q5_K m=5120 n=1 k=6144: 1 x 49.32 us = 49.32 us (1275.54 GFLOPS/s)
Total time: 49.32 us.
----------------
Vulkan Timings:
MUL_MAT_VEC q5_K m=5120 n=1 k=6144: 1 x 49.36 us = 49.36 us (1274.5 GFLOPS/s)
Total time: 49.36 us.
----------------
Vulkan Timings:
MUL_MAT_VEC q5_K m=5120 n=1 k=6144: 1 x 49.28 us = 49.28 us (1276.57 GFLOPS/s)
Total time: 49.28 us.
----------------
Vulkan Timings:
MUL_MAT_VEC q5_K m=5120 n=1 k=6144: 1 x 49.4 us = 49.4 us (1273.47 GFLOPS/s)
Total time: 49.4 us.
----------------
Vulkan Timings:
MUL_MAT_VEC q5_K m=5120 n=1 k=6144: 1 x 50.36 us = 50.36 us (1249.19 GFLOPS/s)
Total time: 50.36 us.
----------------
Vulkan Timings:
MUL_MAT_VEC q5_K m=5120 n=1 k=6144: 1 x 49.28 us = 49.28 us (1276.57 GFLOPS/s)
Total time: 49.28 us.
----------------
Vulkan Timings:
MUL_MAT_VEC q5_K m=5120 n=1 k=6144: 1 x 49.36 us = 49.36 us (1274.5 GFLOPS/s)
Total time: 49.36 us.
----------------
Vulkan Timings:
MUL_MAT_VEC q5_K m=5120 n=1 k=6144: 1 x 49.36 us = 49.36 us (1274.5 GFLOPS/s)
Total time: 49.36 us.
----------------
Vulkan Timings:
MUL_MAT_VEC q5_K m=5120 n=1 k=6144: 1 x 49.32 us = 49.32 us (1275.54 GFLOPS/s)
Total time: 49.32 us.
----------------
Vulkan Timings:
MUL_MAT_VEC q5_K m=5120 n=1 k=6144: 1 x 49.48 us = 49.48 us (1271.41 GFLOPS/s)
Total time: 49.48 us.
----------------
Vulkan Timings:
MUL_MAT_VEC q5_K m=5120 n=1 k=6144: 1 x 49.6 us = 49.6 us (1268.34 GFLOPS/s)
Total time: 49.6 us.
----------------
Vulkan Timings:
MUL_MAT_VEC q5_K m=5120 n=1 k=6144: 1 x 52.24 us = 52.24 us (1204.24 GFLOPS/s)
Total time: 52.24 us.
----------------
Vulkan Timings:
MUL_MAT_VEC q5_K m=5120 n=1 k=6144: 1 x 49.76 us = 49.76 us (1264.26 GFLOPS/s)
Total time: 49.76 us.
----------------
Vulkan Timings:
MUL_MAT_VEC q5_K m=5120 n=1 k=6144: 1 x 52.08 us = 52.08 us (1207.94 GFLOPS/s)
Total time: 52.08 us.
----------------
Vulkan Timings:
MUL_MAT_VEC q5_K m=5120 n=1 k=6144: 1 x 49.76 us = 49.76 us (1264.26 GFLOPS/s)
Total time: 49.76 us.
----------------
Vulkan Timings:
MUL_MAT_VEC q5_K m=5120 n=1 k=6144: 1 x 49.56 us = 49.56 us (1269.36 GFLOPS/s)
Total time: 49.56 us.
----------------
Vulkan Timings:
MUL_MAT_VEC q5_K m=5120 n=1 k=6144: 1 x 49.32 us = 49.32 us (1275.54 GFLOPS/s)
Total time: 49.32 us.
----------------
Vulkan Timings:
MUL_MAT_VEC q5_K m=5120 n=1 k=6144: 1 x 49.4 us = 49.4 us (1273.47 GFLOPS/s)
Total time: 49.4 us.
----------------
Vulkan Timings:
MUL_MAT_VEC q5_K m=5120 n=1 k=6144: 1 x 49.08 us = 49.08 us (1281.77 GFLOPS/s)
Total time: 49.08 us.
----------------
Vulkan Timings:
MUL_MAT_VEC q5_K m=5120 n=1 k=6144: 1 x 49.44 us = 49.44 us (1272.44 GFLOPS/s)
Total time: 49.44 us.
----------------
Vulkan Timings:
MUL_MAT_VEC q5_K m=5120 n=1 k=6144: 1 x 49.48 us = 49.48 us (1271.41 GFLOPS/s)
Total time: 49.48 us.
----------------
Vulkan Timings:
MUL_MAT_VEC q5_K m=5120 n=1 k=6144: 1 x 49.48 us = 49.48 us (1271.41 GFLOPS/s)
Total time: 49.48 us.
----------------
Vulkan Timings:
MUL_MAT_VEC q5_K m=5120 n=1 k=6144: 1 x 49.32 us = 49.32 us (1275.54 GFLOPS/s)
Total time: 49.32 us.
----------------
Vulkan Timings:
MUL_MAT_VEC q5_K m=5120 n=1 k=6144: 1 x 49.44 us = 49.44 us (1272.44 GFLOPS/s)
Total time: 49.44 us.
----------------
Vulkan Timings:
MUL_MAT_VEC q5_K m=5120 n=1 k=6144: 1 x 49.44 us = 49.44 us (1272.44 GFLOPS/s)
Total time: 49.44 us.
----------------
Vulkan Timings:
MUL_MAT_VEC q5_K m=5120 n=1 k=6144: 1 x 49.36 us = 49.36 us (1274.5 GFLOPS/s)
Total time: 49.36 us.
----------------
Vulkan Timings:
MUL_MAT_VEC q5_K m=5120 n=1 k=6144: 1 x 49.32 us = 49.32 us (1275.54 GFLOPS/s)
Total time: 49.32 us.
----------------
Vulkan Timings:
MUL_MAT_VEC q5_K m=5120 n=1 k=6144: 1 x 49.24 us = 49.24 us (1277.61 GFLOPS/s)
Total time: 49.24 us.
----------------
Vulkan Timings:
MUL_MAT_VEC q5_K m=5120 n=1 k=6144: 1 x 49.28 us = 49.28 us (1276.57 GFLOPS/s)
Total time: 49.28 us.
----------------
Vulkan Timings:
MUL_MAT_VEC q5_K m=5120 n=1 k=6144: 1 x 49.4 us = 49.4 us (1273.47 GFLOPS/s)
Total time: 49.4 us.
----------------
Vulkan Timings:
MUL_MAT_VEC q5_K m=5120 n=1 k=6144: 1 x 49.36 us = 49.36 us (1274.5 GFLOPS/s)
Total time: 49.36 us.
----------------
Vulkan Timings:
MUL_MAT_VEC q5_K m=5120 n=1 k=6144: 1 x 49.28 us = 49.28 us (1276.57 GFLOPS/s)
Total time: 49.28 us.
----------------
Vulkan Timings:
MUL_MAT_VEC q5_K m=5120 n=1 k=6144: 1 x 49.32 us = 49.32 us (1275.54 GFLOPS/s)
Total time: 49.32 us.
----------------
Vulkan Timings:
MUL_MAT_VEC q5_K m=5120 n=1 k=6144: 1 x 49.36 us = 49.36 us (1274.5 GFLOPS/s)
Total time: 49.36 us.
----------------
Vulkan Timings:
MUL_MAT_VEC q5_K m=5120 n=1 k=6144: 1 x 49.4 us = 49.4 us (1273.47 GFLOPS/s)
Total time: 49.4 us.
----------------
Vulkan Timings:
MUL_MAT_VEC q5_K m=5120 n=1 k=6144: 1 x 49.36 us = 49.36 us (1274.5 GFLOPS/s)
Total time: 49.36 us.
----------------
Vulkan Timings:
MUL_MAT_VEC q5_K m=5120 n=1 k=6144: 1 x 49.28 us = 49.28 us (1276.57 GFLOPS/s)
Total time: 49.28 us.
----------------
Vulkan Timings:
MUL_MAT_VEC q5_K m=5120 n=1 k=6144: 1 x 49.4 us = 49.4 us (1273.47 GFLOPS/s)
Total time: 49.4 us.
----------------
Vulkan Timings:
MUL_MAT_VEC q5_K m=5120 n=1 k=6144: 1 x 49.36 us = 49.36 us (1274.5 GFLOPS/s)
Total time: 49.36 us.
----------------
Vulkan Timings:
MUL_MAT_VEC q5_K m=5120 n=1 k=6144: 1 x 49.4 us = 49.4 us (1273.47 GFLOPS/s)
Total time: 49.4 us.
----------------
Vulkan Timings:
MUL_MAT_VEC q5_K m=5120 n=1 k=6144: 1 x 49.32 us = 49.32 us (1275.54 GFLOPS/s)
Total time: 49.32 us.
----------------
Vulkan Timings:
MUL_MAT_VEC q5_K m=5120 n=1 k=6144: 1 x 49.48 us = 49.48 us (1271.41 GFLOPS/s)
Total time: 49.48 us.
----------------
Vulkan Timings:
MUL_MAT_VEC q5_K m=5120 n=1 k=6144: 1 x 49.32 us = 49.32 us (1275.54 GFLOPS/s)
Total time: 49.32 us.
----------------
Vulkan Timings:
MUL_MAT_VEC q5_K m=5120 n=1 k=6144: 1 x 49.36 us = 49.36 us (1274.5 GFLOPS/s)
Total time: 49.36 us.
----------------
Vulkan Timings:
MUL_MAT_VEC q5_K m=5120 n=1 k=6144: 1 x 49.28 us = 49.28 us (1276.57 GFLOPS/s)
Total time: 49.28 us.
----------------
Vulkan Timings:
MUL_MAT_VEC q5_K m=5120 n=1 k=6144: 1 x 49.4 us = 49.4 us (1273.47 GFLOPS/s)
Total time: 49.4 us.
----------------
Vulkan Timings:
MUL_MAT_VEC q5_K m=5120 n=1 k=6144: 1 x 49.36 us = 49.36 us (1274.5 GFLOPS/s)
Total time: 49.36 us.
----------------
Vulkan Timings:
MUL_MAT_VEC q5_K m=5120 n=1 k=6144: 1 x 49.52 us = 49.52 us (1270.38 GFLOPS/s)
Total time: 49.52 us.
----------------
Vulkan Timings:
MUL_MAT_VEC q5_K m=5120 n=1 k=6144: 1 x 49.64 us = 49.64 us (1267.31 GFLOPS/s)
Total time: 49.64 us.
----------------
Vulkan Timings:
MUL_MAT_VEC q5_K m=5120 n=1 k=6144: 1 x 49.36 us = 49.36 us (1274.5 GFLOPS/s)
Total time: 49.36 us.
----------------
Vulkan Timings:
MUL_MAT_VEC q5_K m=5120 n=1 k=6144: 1 x 49.44 us = 49.44 us (1272.44 GFLOPS/s)
Total time: 49.44 us.
----------------
Vulkan Timings:
MUL_MAT_VEC q5_K m=5120 n=1 k=6144: 1 x 49.48 us = 49.48 us (1271.41 GFLOPS/s)
Total time: 49.48 us.
----------------
Vulkan Timings:
MUL_MAT_VEC q5_K m=5120 n=1 k=6144: 1 x 49.4 us = 49.4 us (1273.47 GFLOPS/s)
Total time: 49.4 us.
----------------
Vulkan Timings:
MUL_MAT_VEC q5_K m=5120 n=1 k=6144: 1 x 49.28 us = 49.28 us (1276.57 GFLOPS/s)
Total time: 49.28 us.
----------------
Vulkan Timings:
MUL_MAT_VEC q5_K m=5120 n=1 k=6144: 1 x 49.36 us = 49.36 us (1274.5 GFLOPS/s)
Total time: 49.36 us.
----------------
Vulkan Timings:
MUL_MAT_VEC q5_K m=5120 n=1 k=6144: 1 x 49.04 us = 49.04 us (1282.82 GFLOPS/s)
Total time: 49.04 us.
----------------
Vulkan Timings:
MUL_MAT_VEC q5_K m=5120 n=1 k=6144: 1 x 49.56 us = 49.56 us (1269.36 GFLOPS/s)
Total time: 49.56 us.
----------------
Vulkan Timings:
MUL_MAT_VEC q5_K m=5120 n=1 k=6144: 1 x 49.48 us = 49.48 us (1271.41 GFLOPS/s)
Total time: 49.48 us.
----------------
Vulkan Timings:
MUL_MAT_VEC q5_K m=5120 n=1 k=6144: 1 x 49.4 us = 49.4 us (1273.47 GFLOPS/s)
Total time: 49.4 us.
----------------
Vulkan Timings:
MUL_MAT_VEC q5_K m=5120 n=1 k=6144: 1 x 49.68 us = 49.68 us (1266.29 GFLOPS/s)
Total time: 49.68 us.
----------------
Vulkan Timings:
MUL_MAT_VEC q5_K m=5120 n=1 k=6144: 1 x 49.24 us = 49.24 us (1277.61 GFLOPS/s)
Total time: 49.24 us.
----------------
Vulkan Timings:
MUL_MAT_VEC q5_K m=5120 n=1 k=6144: 1 x 49.4 us = 49.4 us (1273.47 GFLOPS/s)
Total time: 49.4 us.
----------------
Vulkan Timings:
MUL_MAT_VEC q5_K m=5120 n=1 k=6144: 1 x 50.32 us = 50.32 us (1250.19 GFLOPS/s)
Total time: 50.32 us.
----------------
Vulkan Timings:
MUL_MAT_VEC q5_K m=5120 n=1 k=6144: 1 x 49.08 us = 49.08 us (1281.77 GFLOPS/s)
Total time: 49.08 us.
----------------
Vulkan Timings:
MUL_MAT_VEC q5_K m=5120 n=1 k=6144: 1 x 49.4 us = 49.4 us (1273.47 GFLOPS/s)
Total time: 49.4 us.
----------------
Vulkan Timings:
MUL_MAT_VEC q5_K m=5120 n=1 k=6144: 1 x 49.36 us = 49.36 us (1274.5 GFLOPS/s)
Total time: 49.36 us.
----------------
Vulkan Timings:
MUL_MAT_VEC q5_K m=5120 n=1 k=6144: 1 x 49.4 us = 49.4 us (1273.47 GFLOPS/s)
Total time: 49.4 us.
----------------
Vulkan Timings:
MUL_MAT_VEC q5_K m=5120 n=1 k=6144: 1 x 49.36 us = 49.36 us (1274.5 GFLOPS/s)
Total time: 49.36 us.
----------------
Vulkan Timings:
MUL_MAT_VEC q5_K m=5120 n=1 k=6144: 1 x 49.48 us = 49.48 us (1271.41 GFLOPS/s)
Total time: 49.48 us.
----------------
Vulkan Timings:
MUL_MAT_VEC q5_K m=5120 n=1 k=6144: 1 x 49.52 us = 49.52 us (1270.38 GFLOPS/s)
Total time: 49.52 us.
----------------
Vulkan Timings:
MUL_MAT_VEC q5_K m=5120 n=1 k=6144: 1 x 49.4 us = 49.4 us (1273.47 GFLOPS/s)
Total time: 49.4 us.
----------------
Vulkan Timings:
MUL_MAT_VEC q5_K m=5120 n=1 k=6144: 1 x 48.92 us = 48.92 us (1285.97 GFLOPS/s)
Total time: 48.92 us.
----------------
Vulkan Timings:
MUL_MAT_VEC q5_K m=5120 n=1 k=6144: 1 x 49.52 us = 49.52 us (1270.38 GFLOPS/s)
Total time: 49.52 us.
----------------
Vulkan Timings:
MUL_MAT_VEC q5_K m=5120 n=1 k=6144: 1 x 49.36 us = 49.36 us (1274.5 GFLOPS/s)
Total time: 49.36 us.
----------------
Vulkan Timings:
MUL_MAT_VEC q5_K m=5120 n=1 k=6144: 1 x 49.52 us = 49.52 us (1270.38 GFLOPS/s)
Total time: 49.52 us.
----------------
Vulkan Timings:
MUL_MAT_VEC q5_K m=5120 n=1 k=6144: 1 x 49.24 us = 49.24 us (1277.61 GFLOPS/s)
Total time: 49.24 us.
----------------
Vulkan Timings:
MUL_MAT_VEC q5_K m=5120 n=1 k=6144: 1 x 49.16 us = 49.16 us (1279.69 GFLOPS/s)
Total time: 49.16 us.
----------------
Vulkan Timings:
MUL_MAT_VEC q5_K m=5120 n=1 k=6144: 1 x 49.28 us = 49.28 us (1276.57 GFLOPS/s)
Total time: 49.28 us.
----------------
Vulkan Timings:
MUL_MAT_VEC q5_K m=5120 n=1 k=6144: 1 x 49.44 us = 49.44 us (1272.44 GFLOPS/s)
Total time: 49.44 us.
----------------
Vulkan Timings:
MUL_MAT_VEC q5_K m=5120 n=1 k=6144: 1 x 49.36 us = 49.36 us (1274.5 GFLOPS/s)
Total time: 49.36 us.
----------------
Vulkan Timings:
MUL_MAT_VEC q5_K m=5120 n=1 k=6144: 1 x 49.36 us = 49.36 us (1274.5 GFLOPS/s)
Total time: 49.36 us.
----------------
Vulkan Timings:
MUL_MAT_VEC q5_K m=5120 n=1 k=6144: 1 x 48.96 us = 48.96 us (1284.92 GFLOPS/s)
Total time: 48.96 us.
----------------
Vulkan Timings:
MUL_MAT_VEC q5_K m=5120 n=1 k=6144: 1 x 49.24 us = 49.24 us (1277.61 GFLOPS/s)
Total time: 49.24 us.
----------------
Vulkan Timings:
MUL_MAT_VEC q5_K m=5120 n=1 k=6144: 1 x 49.28 us = 49.28 us (1276.57 GFLOPS/s)
Total time: 49.28 us.
----------------
Vulkan Timings:
MUL_MAT_VEC q5_K m=5120 n=1 k=6144: 1 x 49.28 us = 49.28 us (1276.57 GFLOPS/s)
Total time: 49.28 us.
----------------
Vulkan Timings:
MUL_MAT_VEC q5_K m=5120 n=1 k=6144: 1 x 49.24 us = 49.24 us (1277.61 GFLOPS/s)
Total time: 49.24 us.
----------------
Vulkan Timings:
MUL_MAT_VEC q5_K m=5120 n=1 k=6144: 1 x 49.4 us = 49.4 us (1273.47 GFLOPS/s)
Total time: 49.4 us.
----------------
Vulkan Timings:
MUL_MAT_VEC q5_K m=5120 n=1 k=6144: 1 x 49.52 us = 49.52 us (1270.38 GFLOPS/s)
Total time: 49.52 us.
----------------
Vulkan Timings:
MUL_MAT_VEC q5_K m=5120 n=1 k=6144: 1 x 49.36 us = 49.36 us (1274.5 GFLOPS/s)
Total time: 49.36 us.
----------------
Vulkan Timings:
MUL_MAT_VEC q5_K m=5120 n=1 k=6144: 1 x 49.48 us = 49.48 us (1271.41 GFLOPS/s)
Total time: 49.48 us.
----------------
Vulkan Timings:
MUL_MAT_VEC q5_K m=5120 n=1 k=6144: 1 x 49.44 us = 49.44 us (1272.44 GFLOPS/s)
Total time: 49.44 us.
----------------
Vulkan Timings:
MUL_MAT_VEC q5_K m=5120 n=1 k=6144: 1 x 49.4 us = 49.4 us (1273.47 GFLOPS/s)
Total time: 49.4 us.
----------------
Vulkan Timings:
MUL_MAT_VEC q5_K m=5120 n=1 k=6144: 1 x 49.36 us = 49.36 us (1274.5 GFLOPS/s)
Total time: 49.36 us.
----------------
Vulkan Timings:
MUL_MAT_VEC q5_K m=5120 n=1 k=6144: 1 x 49.48 us = 49.48 us (1271.41 GFLOPS/s)
Total time: 49.48 us.
----------------
Vulkan Timings:
MUL_MAT_VEC q5_K m=5120 n=1 k=6144: 1 x 49.32 us = 49.32 us (1275.54 GFLOPS/s)
Total time: 49.32 us.
----------------
Vulkan Timings:
MUL_MAT_VEC q5_K m=5120 n=1 k=6144: 1 x 49.6 us = 49.6 us (1268.34 GFLOPS/s)
Total time: 49.6 us.
----------------
Vulkan Timings:
MUL_MAT_VEC q5_K m=5120 n=1 k=6144: 1 x 49.56 us = 49.56 us (1269.36 GFLOPS/s)
Total time: 49.56 us.
----------------
Vulkan Timings:
MUL_MAT_VEC q5_K m=5120 n=1 k=6144: 1 x 49.32 us = 49.32 us (1275.54 GFLOPS/s)
Total time: 49.32 us.
----------------
Vulkan Timings:
MUL_MAT_VEC q5_K m=5120 n=1 k=6144: 1 x 49.36 us = 49.36 us (1274.5 GFLOPS/s)
Total time: 49.36 us.
----------------
Vulkan Timings:
MUL_MAT_VEC q5_K m=5120 n=1 k=6144: 1 x 49.24 us = 49.24 us (1277.61 GFLOPS/s)
Total time: 49.24 us.
----------------
Vulkan Timings:
MUL_MAT_VEC q5_K m=5120 n=1 k=6144: 1 x 49.44 us = 49.44 us (1272.44 GFLOPS/s)
Total time: 49.44 us.
----------------
Vulkan Timings:
MUL_MAT_VEC q5_K m=5120 n=1 k=6144: 1 x 49.36 us = 49.36 us (1274.5 GFLOPS/s)
Total time: 49.36 us.
----------------
Vulkan Timings:
MUL_MAT_VEC q5_K m=5120 n=1 k=6144: 1 x 49 us = 49 us (1283.87 GFLOPS/s)
Total time: 49 us.
----------------
Vulkan Timings:
MUL_MAT_VEC q5_K m=5120 n=1 k=6144: 1 x 49.36 us = 49.36 us (1274.5 GFLOPS/s)
Total time: 49.36 us.
----------------
Vulkan Timings:
MUL_MAT_VEC q5_K m=5120 n=1 k=6144: 1 x 49.32 us = 49.32 us (1275.54 GFLOPS/s)
Total time: 49.32 us.
----------------
Vulkan Timings:
MUL_MAT_VEC q5_K m=5120 n=1 k=6144: 1 x 49.24 us = 49.24 us (1277.61 GFLOPS/s)
Total time: 49.24 us.
----------------
Vulkan Timings:
MUL_MAT_VEC q5_K m=5120 n=1 k=6144: 1 x 49.36 us = 49.36 us (1274.5 GFLOPS/s)
Total time: 49.36 us.
----------------
Vulkan Timings:
MUL_MAT_VEC q5_K m=5120 n=1 k=6144: 1 x 49.28 us = 49.28 us (1276.57 GFLOPS/s)
Total time: 49.28 us.
----------------
Vulkan Timings:
MUL_MAT_VEC q5_K m=5120 n=1 k=6144: 1 x 49.52 us = 49.52 us (1270.38 GFLOPS/s)
Total time: 49.52 us.
----------------
Vulkan Timings:
MUL_MAT_VEC q5_K m=5120 n=1 k=6144: 1 x 49.36 us = 49.36 us (1274.5 GFLOPS/s)
Total time: 49.36 us.
----------------
Vulkan Timings:
MUL_MAT_VEC q5_K m=5120 n=1 k=6144: 1 x 49 us = 49 us (1283.87 GFLOPS/s)
Total time: 49 us.
----------------
Vulkan Timings:
MUL_MAT_VEC q5_K m=5120 n=1 k=6144: 1 x 49.48 us = 49.48 us (1271.41 GFLOPS/s)
Total time: 49.48 us.
----------------
Vulkan Timings:
MUL_MAT_VEC q5_K m=5120 n=1 k=6144: 1 x 49.4 us = 49.4 us (1273.47 GFLOPS/s)
Total time: 49.4 us.
----------------
Vulkan Timings:
MUL_MAT_VEC q5_K m=5120 n=1 k=6144: 1 x 49.4 us = 49.4 us (1273.47 GFLOPS/s)
Total time: 49.4 us.
----------------
Vulkan Timings:
MUL_MAT_VEC q5_K m=5120 n=1 k=6144: 1 x 49.52 us = 49.52 us (1270.38 GFLOPS/s)
Total time: 49.52 us.
----------------
Vulkan Timings:
MUL_MAT_VEC q5_K m=5120 n=1 k=6144: 1 x 49.56 us = 49.56 us (1269.36 GFLOPS/s)
Total time: 49.56 us.
----------------
Vulkan Timings:
MUL_MAT_VEC q5_K m=5120 n=1 k=6144: 1 x 49.52 us = 49.52 us (1270.38 GFLOPS/s)
Total time: 49.52 us.
----------------
Vulkan Timings:
MUL_MAT_VEC q5_K m=5120 n=1 k=6144: 1 x 49.48 us = 49.48 us (1271.41 GFLOPS/s)
Total time: 49.48 us.
----------------
Vulkan Timings:
MUL_MAT_VEC q5_K m=5120 n=1 k=6144: 1 x 49.52 us = 49.52 us (1270.38 GFLOPS/s)
Total time: 49.52 us.
----------------
Vulkan Timings:
MUL_MAT_VEC q5_K m=5120 n=1 k=6144: 1 x 49.4 us = 49.4 us (1273.47 GFLOPS/s)
Total time: 49.4 us.
----------------
Vulkan Timings:
MUL_MAT_VEC q5_K m=5120 n=1 k=6144: 1 x 49.6 us = 49.6 us (1268.34 GFLOPS/s)
Total time: 49.6 us.
----------------
Vulkan Timings:
MUL_MAT_VEC q5_K m=5120 n=1 k=6144: 1 x 49.36 us = 49.36 us (1274.5 GFLOPS/s)
Total time: 49.36 us.
----------------
Vulkan Timings:
MUL_MAT_VEC q5_K m=5120 n=1 k=6144: 1 x 49.32 us = 49.32 us (1275.54 GFLOPS/s)
Total time: 49.32 us.
----------------
Vulkan Timings:
MUL_MAT_VEC q5_K m=5120 n=1 k=6144: 1 x 49.36 us = 49.36 us (1274.5 GFLOPS/s)
Total time: 49.36 us.
----------------
Vulkan Timings:
MUL_MAT_VEC q5_K m=5120 n=1 k=6144: 1 x 49.28 us = 49.28 us (1276.57 GFLOPS/s)
Total time: 49.28 us.
----------------
Vulkan Timings:
MUL_MAT_VEC q5_K m=5120 n=1 k=6144: 1 x 49.48 us = 49.48 us (1271.41 GFLOPS/s)
Total time: 49.48 us.
----------------
Vulkan Timings:
MUL_MAT_VEC q5_K m=5120 n=1 k=6144: 1 x 49.44 us = 49.44 us (1272.44 GFLOPS/s)
Total time: 49.44 us.
----------------
Vulkan Timings:
MUL_MAT_VEC q5_K m=5120 n=1 k=6144: 1 x 49.32 us = 49.32 us (1275.54 GFLOPS/s)
Total time: 49.32 us.
----------------
Vulkan Timings:
MUL_MAT_VEC q5_K m=5120 n=1 k=6144: 1 x 49.24 us = 49.24 us (1277.61 GFLOPS/s)
Total time: 49.24 us.
----------------
Vulkan Timings:
MUL_MAT_VEC q5_K m=5120 n=1 k=6144: 1 x 49.44 us = 49.44 us (1272.44 GFLOPS/s)
Total time: 49.44 us.
----------------
Vulkan Timings:
MUL_MAT_VEC q5_K m=5120 n=1 k=6144: 1 x 49.44 us = 49.44 us (1272.44 GFLOPS/s)
Total time: 49.44 us.
----------------
Vulkan Timings:
MUL_MAT_VEC q5_K m=5120 n=1 k=6144: 1 x 49.36 us = 49.36 us (1274.5 GFLOPS/s)
Total time: 49.36 us.
----------------
Vulkan Timings:
MUL_MAT_VEC q5_K m=5120 n=1 k=6144: 1 x 49.64 us = 49.64 us (1267.31 GFLOPS/s)
Total time: 49.64 us.
----------------
Vulkan Timings:
MUL_MAT_VEC q5_K m=5120 n=1 k=6144: 1 x 49.04 us = 49.04 us (1282.82 GFLOPS/s)
Total time: 49.04 us.
----------------
Vulkan Timings:
MUL_MAT_VEC q5_K m=5120 n=1 k=6144: 1 x 49.52 us = 49.52 us (1270.38 GFLOPS/s)
Total time: 49.52 us.
----------------
Vulkan Timings:
MUL_MAT_VEC q5_K m=5120 n=1 k=6144: 1 x 49.24 us = 49.24 us (1277.61 GFLOPS/s)
Total time: 49.24 us.
----------------
Vulkan Timings:
MUL_MAT_VEC q5_K m=5120 n=1 k=6144: 1 x 49.28 us = 49.28 us (1276.57 GFLOPS/s)
Total time: 49.28 us.
----------------
Vulkan Timings:
MUL_MAT_VEC q5_K m=5120 n=1 k=6144: 1 x 49.28 us = 49.28 us (1276.57 GFLOPS/s)
Total time: 49.28 us.
----------------
Vulkan Timings:
MUL_MAT_VEC q5_K m=5120 n=1 k=6144: 1 x 49.36 us = 49.36 us (1274.5 GFLOPS/s)
Total time: 49.36 us.
----------------
Vulkan Timings:
MUL_MAT_VEC q5_K m=5120 n=1 k=6144: 1 x 49.4 us = 49.4 us (1273.47 GFLOPS/s)
Total time: 49.4 us.
----------------
Vulkan Timings:
MUL_MAT_VEC q5_K m=5120 n=1 k=6144: 1 x 49.4 us = 49.4 us (1273.47 GFLOPS/s)
Total time: 49.4 us.
----------------
Vulkan Timings:
MUL_MAT_VEC q5_K m=5120 n=1 k=6144: 1 x 49.52 us = 49.52 us (1270.38 GFLOPS/s)
Total time: 49.52 us.
----------------
Vulkan Timings:
MUL_MAT_VEC q5_K m=5120 n=1 k=6144: 1 x 49.6 us = 49.6 us (1268.34 GFLOPS/s)
Total time: 49.6 us.
----------------
Vulkan Timings:
MUL_MAT_VEC q5_K m=5120 n=1 k=6144: 1 x 49.36 us = 49.36 us (1274.5 GFLOPS/s)
Total time: 49.36 us.
----------------
Vulkan Timings:
MUL_MAT_VEC q5_K m=5120 n=1 k=6144: 1 x 49.2 us = 49.2 us (1278.65 GFLOPS/s)
Total time: 49.2 us.
----------------
Vulkan Timings:
MUL_MAT_VEC q5_K m=5120 n=1 k=6144: 1 x 49.44 us = 49.44 us (1272.44 GFLOPS/s)
Total time: 49.44 us.
----------------
Vulkan Timings:
MUL_MAT_VEC q5_K m=5120 n=1 k=6144: 1 x 49.32 us = 49.32 us (1275.54 GFLOPS/s)
Total time: 49.32 us.
----------------
Vulkan Timings:
MUL_MAT_VEC q5_K m=5120 n=1 k=6144: 1 x 49.28 us = 49.28 us (1276.57 GFLOPS/s)
Total time: 49.28 us.
----------------
Vulkan Timings:
MUL_MAT_VEC q5_K m=5120 n=1 k=6144: 1 x 49.52 us = 49.52 us (1270.38 GFLOPS/s)
Total time: 49.52 us.
----------------
Vulkan Timings:
MUL_MAT_VEC q5_K m=5120 n=1 k=6144: 1 x 49.36 us = 49.36 us (1274.5 GFLOPS/s)
Total time: 49.36 us.
----------------
Vulkan Timings:
MUL_MAT_VEC q5_K m=5120 n=1 k=6144: 1 x 49.48 us = 49.48 us (1271.41 GFLOPS/s)
Total time: 49.48 us.
----------------
Vulkan Timings:
MUL_MAT_VEC q5_K m=5120 n=1 k=6144: 1 x 49.44 us = 49.44 us (1272.44 GFLOPS/s)
Total time: 49.44 us.
----------------
Vulkan Timings:
MUL_MAT_VEC q5_K m=5120 n=1 k=6144: 1 x 49.36 us = 49.36 us (1274.5 GFLOPS/s)
Total time: 49.36 us.
----------------
Vulkan Timings:
MUL_MAT_VEC q5_K m=5120 n=1 k=6144: 1 x 49.44 us = 49.44 us (1272.44 GFLOPS/s)
Total time: 49.44 us.
----------------
Vulkan Timings:
MUL_MAT_VEC q5_K m=5120 n=1 k=6144: 1 x 49.28 us = 49.28 us (1276.57 GFLOPS/s)
Total time: 49.28 us.
----------------
Vulkan Timings:
MUL_MAT_VEC q5_K m=5120 n=1 k=6144: 1 x 49.4 us = 49.4 us (1273.47 GFLOPS/s)
Total time: 49.4 us.
----------------
Vulkan Timings:
MUL_MAT_VEC q5_K m=5120 n=1 k=6144: 1 x 49.4 us = 49.4 us (1273.47 GFLOPS/s)
Total time: 49.4 us.
