WARNING: Build option --compilation_mode has changed, discarding analysis cache (this can be expensive, see https://bazel.build/advanced/performance/iteration-speed).
DEBUG: /home/USER/.cache/bazel/_bazel_USER/100872e8ae7632816cc29185b66cbaf5/external/rules_python+/python/private/py_executable.bzl:1595:14: 
======================================================================
WARNING: Target @@//tools:py is using implicit __init__.py creation.
  This diabolic behavior is deprecated and will be disabled by default in a
  future release.
  See https://github.com/bazel-contrib/rules_python/issues/2945

  Ensure all __init__.py files are explicitly created and
  added to the srcs or deps of your targets.

  Disable implicit creation for your module in MODULE.bazel:

    rules_python_config = use_extension("@rules_python//python/extensions:config.bzl", "config")
    rules_python_config.explicit_init_py(default = True)

  Or for a specific target by setting:

    legacy_create_init = 0

  Or globally with the following Bazel flag:

    --incompatible_default_to_explicit_init_py
======================================================================
{
  "source": {
    "rows": [
      {
        "prefix": 257,
        "state_bytes": 182059008,
        "exact_state": true,
        "exact_vocab_rows": 4,
        "elapsed_ns": 2090177194,
        "capture_ns": 173010982,
        "restore_ns": 199081014,
        "disk_write_ns": 250435159,
        "disk": true,
        "independent_rows": 2,
        "device_starts": 864,
        "device_pending_polls": 1524,
        "max_poll_ns": 1327807,
        "source": true,
        "source_cpu_quanta": 306,
        "source_gpu_quanta": 42
      },
      {
        "prefix": 257,
        "state_bytes": 182059008,
        "exact_state": true,
        "exact_vocab_rows": 4,
        "elapsed_ns": 1931098478,
        "capture_ns": 83395765,
        "restore_ns": 187589802,
        "disk_write_ns": 237331400,
        "disk": true,
        "independent_rows": 2,
        "device_starts": 864,
        "device_pending_polls": 1484,
        "max_poll_ns": 1458916,
        "source": true,
        "source_cpu_quanta": 306,
        "source_gpu_quanta": 42
      },
      {
        "prefix": 257,
        "state_bytes": 182059008,
        "exact_state": true,
        "exact_vocab_rows": 4,
        "elapsed_ns": 2069376439,
        "capture_ns": 168208275,
        "restore_ns": 202695731,
        "disk_write_ns": 243959461,
        "disk": true,
        "independent_rows": 2,
        "device_starts": 864,
        "device_pending_polls": 1526,
        "max_poll_ns": 1541241,
        "source": true,
        "source_cpu_quanta": 306,
        "source_gpu_quanta": 42
      },
      {
        "prefix": 257,
        "state_bytes": 182059008,
        "exact_state": true,
        "exact_vocab_rows": 4,
        "elapsed_ns": 2148384442,
        "capture_ns": 173209352,
        "restore_ns": 206114660,
        "disk_write_ns": 270651330,
        "disk": true,
        "independent_rows": 2,
        "device_starts": 864,
        "device_pending_polls": 1548,
        "max_poll_ns": 2202455,
        "source": true,
        "source_cpu_quanta": 306,
        "source_gpu_quanta": 42
      },
      {
        "prefix": 257,
        "state_bytes": 182059008,
        "exact_state": true,
        "exact_vocab_rows": 4,
        "elapsed_ns": 2068655201,
        "capture_ns": 181340173,
        "restore_ns": 193077548,
        "disk_write_ns": 239190908,
        "disk": true,
        "independent_rows": 2,
        "device_starts": 865,
        "device_pending_polls": 1538,
        "max_poll_ns": 1529479,
        "source": true,
        "source_cpu_quanta": 306,
        "source_gpu_quanta": 42
      },
      {
        "prefix": 257,
        "state_bytes": 182059008,
        "exact_state": true,
        "exact_vocab_rows": 4,
        "elapsed_ns": 2631014849,
        "capture_ns": 199761886,
        "restore_ns": 275183003,
        "disk_write_ns": 356776530,
        "disk": true,
        "independent_rows": 2,
        "device_starts": 864,
        "device_pending_polls": 1573,
        "max_poll_ns": 3019162,
        "source": true,
        "source_cpu_quanta": 306,
        "source_gpu_quanta": 42
      },
      {
        "prefix": 80000,
        "state_bytes": 5399773184,
        "exact_state": true,
        "exact_vocab_rows": 4,
        "elapsed_ns": 165524837652,
        "capture_ns": 4924800894,
        "restore_ns": 6519097662,
        "disk_write_ns": 8041004942,
        "disk": true,
        "independent_rows": 2,
        "device_starts": 25746,
        "device_pending_polls": 75991,
        "max_poll_ns": 4717190,
        "source": true,
        "source_cpu_quanta": 305,
        "source_gpu_quanta": 9995
      }
    ],
    "short_trials_after_first_warmup": {
      "capture_ns": {
        "mean_ms": 161.18309019999998,
        "sample_sd_ms": 45.10954341519929
      },
      "disk_write_ns": {
        "mean_ms": 269.5819258,
        "sample_sd_ms": 50.557550639497094
      },
      "restore_ns": {
        "mean_ms": 212.9321488,
        "sample_sd_ms": 35.57692709398456
      },
      "max_poll_ns": {
        "mean_ms": 1.9502506000000002,
        "sample_sd_ms": 0.669314186657731
      }
    }
  },
  "paused": {
    "rows": [
      {
        "prefix": 257,
        "state_bytes": 182059008,
        "exact_state": true,
        "exact_vocab_rows": 4,
        "elapsed_ns": 2014995528,
        "capture_ns": 190874597,
        "restore_ns": 222287290,
        "disk_write_ns": 375985980,
        "disk": true,
        "independent_rows": 2,
        "device_starts": 692,
        "device_pending_polls": 1974,
        "max_poll_ns": 2616329,
        "source": false,
        "source_cpu_quanta": 0,
        "source_gpu_quanta": 0
      },
      {
        "prefix": 80000,
        "state_bytes": 5399773184,
        "exact_state": true,
        "exact_vocab_rows": 4,
        "elapsed_ns": 167429645965,
        "capture_ns": 7257051712,
        "restore_ns": 7361773102,
        "disk_write_ns": 10411060959,
        "disk": true,
        "independent_rows": 2,
        "device_starts": 20594,
        "device_pending_polls": 67938,
        "max_poll_ns": 5038459,
        "source": false,
        "source_cpu_quanta": 0,
        "source_gpu_quanta": 0
      }
    ]
  },
  "limitations": [
    "Component adapter tests, not HTTP serving.",
    "Long-prefix values are single samples, no variance claim.",
    "Source and paused paths include different interleaving/checkpoint work.",
    "device_starts includes CPU-only source acknowledgments, not just GPU submissions."
  ]
}
