["/usr/bin/glslc", "--target-env=vulkan1.1", "-O", "/home/USER/projects/zerv/tests/fixtures/gpu/affine.comp", "-o", "/home/USER/projects/zerv/third_party/vulkan/dispatch-core-replay/affine.spv"]
["/usr/bin/spirv-val", "--target-env", "vulkan1.1", "/home/USER/projects/zerv/third_party/vulkan/dispatch-core-replay/affine.spv"]
["cc", "-std=c11", "-O3", "-march=native", "-Wall", "-Wextra", "-Werror", "-I/home/USER/projects/zerv/third_party/vulkan/1.4.354/include", "/home/USER/projects/zerv/tests/reference/vulkan_driver.c", "-lvulkan", "-lcrypto", "-o", "/home/USER/projects/zerv/third_party/vulkan/dispatch-core-replay/reference"]
["/home/USER/projects/zerv/third_party/vulkan/dispatch-core-replay/reference", "/home/USER/projects/zerv/third_party/vulkan/dispatch-core-replay/affine.spv"]
{"kind":"affine","count":1,"bytes":260,"input_sha256":"9bc0e6c4cdc1cbadf6bb68e489d7694a64299319455a8de53fce6bef6fb163c8","output_sha256":"cda8e3b36b98f86f75a38b19879000a04f691142a1c191330efdce1446ef1cdd"}
{"kind":"affine","count":63,"bytes":508,"input_sha256":"155f0d252ab3e4d26fbdd744a180a5fa4b1c90b9e33c1890b2489fff60dc1674","output_sha256":"28752db314ce132a2aae0343e572270882b4d55c6be65a2c1b51863f6223b34c"}
{"kind":"affine","count":64,"bytes":512,"input_sha256":"1f4cf4211090322e87f727a10f2f380926ef9908074c1741edd9c80b12f8d79b","output_sha256":"c945021a4a8e4cc1b2aa0444d36104f07c068231da5ec1071cfb8cf37e6ea61c"}
{"kind":"affine","count":65,"bytes":516,"input_sha256":"78b283c5676c9aba54bac9b113e8caa8af3ed172b43da040b5ca75fed309ffc1","output_sha256":"485c8870fc2d776d500c41358484cb1eaf959362595fd11003e5585b59e0cfcb"}
{"kind":"affine","count":5120,"bytes":20736,"input_sha256":"6ecd43bf71a20dc0101331f0953bcb54c249e0da7eee9bbec149076fcb635722","output_sha256":"e37414073d68cf5b25d6345030cb56890a0d3fb0340b736633380b688ed066f7"}
{"kind":"affine","count":65537,"bytes":262404,"input_sha256":"b5d47639beaf36bd730c191a9d6723049c3fbf5bc1e349167e93ffb805bbd50a","output_sha256":"69a5edfd7c8820d94e24b0b0c5e621eb6dea43f29069bc5a6313587eff8c15d0"}
{"kind":"affine","count":1048576,"bytes":4194560,"input_sha256":"d9a82eef69b9a41279821c3a86d19a14179225bf7a04047e08b5be96217a8381","output_sha256":"d0c3554fe6140173577e460c7ac231ac37be1b0fb1a4063b9126426810c92872"}
{"kind":"roundtrip","count":256,"bytes":256,"input_sha256":"3f719c386c8359386210617f8a2cf4032f25ee08aa23f5adc65979674149dbbb","output_sha256":"3f719c386c8359386210617f8a2cf4032f25ee08aa23f5adc65979674149dbbb"}
{"kind":"roundtrip","count":1048576,"bytes":1048576,"input_sha256":"5f0b6c695294e5d3cba1308af8c31b06b685e5632ce6909daa0dc6283447a4b4","output_sha256":"5f0b6c695294e5d3cba1308af8c31b06b685e5632ce6909daa0dc6283447a4b4"}
{"kind":"roundtrip","count":67108864,"bytes":67108864,"input_sha256":"63d262ed906deeecfa9820dda3542c36da141feefa5b10a19a450520159481c6","output_sha256":"63d262ed906deeecfa9820dda3542c36da141feefa5b10a19a450520159481c6"}
device=AMD Radeon RX 7900 XTX (RADV NAVI31) vendor=1002 id=744c api=4211042 driver=109060099 family=1
allocation kind=affine count=1 bytes=260 allocation_sizes=272,272,272,272 memory_types=5,5,0,0
allocation kind=affine count=63 bytes=508 allocation_sizes=512,512,512,512 memory_types=5,5,0,0
allocation kind=affine count=64 bytes=512 allocation_sizes=512,512,512,512 memory_types=5,5,0,0
allocation kind=affine count=65 bytes=516 allocation_sizes=528,528,528,528 memory_types=5,5,0,0
allocation kind=affine count=5120 bytes=20736 allocation_sizes=20736,20736,20736,20736 memory_types=5,5,0,0
allocation kind=affine count=65537 bytes=262404 allocation_sizes=262416,262416,262416,262416 memory_types=5,5,0,0
allocation kind=affine count=1048576 bytes=4194560 allocation_sizes=4194560,4194560,4194560,4194560 memory_types=5,5,0,0
allocation kind=roundtrip count=256 bytes=256 allocation_sizes=256,256,256,256 memory_types=5,5,0,0
allocation kind=roundtrip count=1048576 bytes=1048576 allocation_sizes=1048576,1048576,1048576,1048576 memory_types=5,5,0,0
allocation kind=roundtrip count=67108864 bytes=67108864 allocation_sizes=67108864,67108864,67108864,67108864 memory_types=5,5,0,0
