DEBUG: /home/USER/.cache/bazel/_bazel_USER/100872e8ae7632816cc29185b66cbaf5/external/rules_python+/python/private/py_executable.bzl:1595:14: 
======================================================================
WARNING: Target @@//tools:py is using implicit __init__.py creation.
  This diabolic behavior is deprecated and will be disabled by default in a
  future release.
  See https://github.com/bazel-contrib/rules_python/issues/2945

  Ensure all __init__.py files are explicitly created and
  added to the srcs or deps of your targets.

  Disable implicit creation for your module in MODULE.bazel:

    rules_python_config = use_extension("@rules_python//python/extensions:config.bzl", "config")
    rules_python_config.explicit_init_py(default = True)

  Or for a specific target by setting:

    legacy_create_init = 0

  Or globally with the following Bazel flag:

    --incompatible_default_to_explicit_init_py
======================================================================
INFO: Invocation ID: ffccdd4a-05a2-4c19-8e66-8401844aae00
Computing main repo mapping: 
Loading: 
Loading: 0 packages loaded
WARNING: Build option --compilation_mode has changed, discarding analysis cache (this can be expensive, see https://bazel.build/advanced/performance/iteration-speed).
Analyzing: target //tools:inferencex_results (0 packages loaded, 0 targets configured)
Analyzing: target //tools:inferencex_results (0 packages loaded, 0 targets configured)

DEBUG: /home/USER/.cache/bazel/_bazel_USER/100872e8ae7632816cc29185b66cbaf5/external/rules_python+/python/private/py_executable.bzl:1595:14: 
======================================================================
WARNING: Target @@//tools:inferencex_results is using implicit __init__.py creation.
  This diabolic behavior is deprecated and will be disabled by default in a
  future release.
  See https://github.com/bazel-contrib/rules_python/issues/2945

  Ensure all __init__.py files are explicitly created and
  added to the srcs or deps of your targets.

  Disable implicit creation for your module in MODULE.bazel:

    rules_python_config = use_extension("@rules_python//python/extensions:config.bzl", "config")
    rules_python_config.explicit_init_py(default = True)

  Or for a specific target by setting:

    legacy_create_init = 0

  Or globally with the following Bazel flag:

    --incompatible_default_to_explicit_init_py
======================================================================
INFO: Analyzed target //tools:inferencex_results (2 packages loaded, 813 targets configured).
INFO: Found 1 target...
Target //tools:inferencex_results up-to-date:
  bazel-bin/tools/inferencex_results
INFO: Elapsed time: 0.340s, Critical Path: 0.09s
INFO: 12 processes: 11 internal, 1 linux-sandbox.
INFO: Build completed successfully, 12 total actions
Traceback (most recent call last):
  File "/home/USER/projects/zerv/bench/process_inferencex.py", line 118, in <module>
    main()
    ~~~~^^
  File "/home/USER/projects/zerv/bench/process_inferencex.py", line 87, in main
    assert data['power_valid'] is False
           ^^^^^^^^^^^^^^^^^^^^^^^^^^^^
AssertionError
