["/home/USER/projects/zerv/.tools/zig-x86_64-linux-0.16.0/zig", "build", "test", "--summary", "all"]
Build Summary: 3/3 steps succeeded; 20/20 tests passed
test success
+- run test 20 pass (20 total) 7s MaxRSS:9M
   +- compile test Debug native cached 11ms MaxRSS:41M

["/home/USER/projects/zerv/.tools/zig-x86_64-linux-0.16.0/zig", "build", "test", "split-bench-build", "-Doptimize=ReleaseFast", "--summary", "all"]
Build Summary: 6/6 steps succeeded; 20/20 tests passed
test success
+- run test 20 pass (20 total) 732ms MaxRSS:6M
   +- compile test ReleaseFast native success 54s MaxRSS:903M
split-bench-build success
+- install zerv-split-bench success
   +- compile exe zerv-split-bench ReleaseFast native success 17s MaxRSS:446M

["/home/USER/projects/zerv/zig-out/bin/zerv-split-bench", "/home/USER/projects/zerv/tests/fixtures/tokenizer-split/manifest.json"]
{"workload":"ascii","trial":0,"iterations":100,"input_bytes":17408,"pieces":6144,"elapsed_ns":36335390,"output_sha256":"324dc2019fd364a76d82f812bcafb1d5adf25c1a3aa25261872ee5426609877d"}
{"workload":"ascii","trial":1,"iterations":100,"input_bytes":17408,"pieces":6144,"elapsed_ns":35791360,"output_sha256":"324dc2019fd364a76d82f812bcafb1d5adf25c1a3aa25261872ee5426609877d"}
{"workload":"ascii","trial":2,"iterations":100,"input_bytes":17408,"pieces":6144,"elapsed_ns":35525426,"output_sha256":"324dc2019fd364a76d82f812bcafb1d5adf25c1a3aa25261872ee5426609877d"}
{"workload":"ascii","trial":3,"iterations":100,"input_bytes":17408,"pieces":6144,"elapsed_ns":35441387,"output_sha256":"324dc2019fd364a76d82f812bcafb1d5adf25c1a3aa25261872ee5426609877d"}
{"workload":"ascii","trial":4,"iterations":100,"input_bytes":17408,"pieces":6144,"elapsed_ns":36327625,"output_sha256":"324dc2019fd364a76d82f812bcafb1d5adf25c1a3aa25261872ee5426609877d"}
{"workload":"ascii","trial":5,"iterations":100,"input_bytes":17408,"pieces":6144,"elapsed_ns":34297160,"output_sha256":"324dc2019fd364a76d82f812bcafb1d5adf25c1a3aa25261872ee5426609877d"}
{"workload":"ascii","trial":6,"iterations":100,"input_bytes":17408,"pieces":6144,"elapsed_ns":32917856,"output_sha256":"324dc2019fd364a76d82f812bcafb1d5adf25c1a3aa25261872ee5426609877d"}
{"workload":"multilingual","trial":0,"iterations":100,"input_bytes":13568,"pieces":2304,"elapsed_ns":15337234,"output_sha256":"088906e5eebdb91f8761330eb7184498bbd712943e1cc61cb26f3643849164f4"}
{"workload":"multilingual","trial":1,"iterations":100,"input_bytes":13568,"pieces":2304,"elapsed_ns":15434587,"output_sha256":"088906e5eebdb91f8761330eb7184498bbd712943e1cc61cb26f3643849164f4"}
{"workload":"multilingual","trial":2,"iterations":100,"input_bytes":13568,"pieces":2304,"elapsed_ns":15380767,"output_sha256":"088906e5eebdb91f8761330eb7184498bbd712943e1cc61cb26f3643849164f4"}
{"workload":"multilingual","trial":3,"iterations":100,"input_bytes":13568,"pieces":2304,"elapsed_ns":15362151,"output_sha256":"088906e5eebdb91f8761330eb7184498bbd712943e1cc61cb26f3643849164f4"}
{"workload":"multilingual","trial":4,"iterations":100,"input_bytes":13568,"pieces":2304,"elapsed_ns":15370476,"output_sha256":"088906e5eebdb91f8761330eb7184498bbd712943e1cc61cb26f3643849164f4"}
{"workload":"multilingual","trial":5,"iterations":100,"input_bytes":13568,"pieces":2304,"elapsed_ns":15441270,"output_sha256":"088906e5eebdb91f8761330eb7184498bbd712943e1cc61cb26f3643849164f4"}
{"workload":"multilingual","trial":6,"iterations":100,"input_bytes":13568,"pieces":2304,"elapsed_ns":15490654,"output_sha256":"088906e5eebdb91f8761330eb7184498bbd712943e1cc61cb26f3643849164f4"}
{"workload":"whitespace","trial":0,"iterations":100,"input_bytes":16385,"pieces":2,"elapsed_ns":20669034,"output_sha256":"3a5b70fface214736ed986a2a76d1405974a8aebb9d1f7f741e36bbd4cf36b6d"}
{"workload":"whitespace","trial":1,"iterations":100,"input_bytes":16385,"pieces":2,"elapsed_ns":20632605,"output_sha256":"3a5b70fface214736ed986a2a76d1405974a8aebb9d1f7f741e36bbd4cf36b6d"}
{"workload":"whitespace","trial":2,"iterations":100,"input_bytes":16385,"pieces":2,"elapsed_ns":20647592,"output_sha256":"3a5b70fface214736ed986a2a76d1405974a8aebb9d1f7f741e36bbd4cf36b6d"}
{"workload":"whitespace","trial":3,"iterations":100,"input_bytes":16385,"pieces":2,"elapsed_ns":20658293,"output_sha256":"3a5b70fface214736ed986a2a76d1405974a8aebb9d1f7f741e36bbd4cf36b6d"}
{"workload":"whitespace","trial":4,"iterations":100,"input_bytes":16385,"pieces":2,"elapsed_ns":20641081,"output_sha256":"3a5b70fface214736ed986a2a76d1405974a8aebb9d1f7f741e36bbd4cf36b6d"}
{"workload":"whitespace","trial":5,"iterations":100,"input_bytes":16385,"pieces":2,"elapsed_ns":20641030,"output_sha256":"3a5b70fface214736ed986a2a76d1405974a8aebb9d1f7f741e36bbd4cf36b6d"}
{"workload":"whitespace","trial":6,"iterations":100,"input_bytes":16385,"pieces":2,"elapsed_ns":20651541,"output_sha256":"3a5b70fface214736ed986a2a76d1405974a8aebb9d1f7f741e36bbd4cf36b6d"}
["/home/USER/projects/zerv/.tools/tokenizer-oracle-venv/bin/python", "/home/USER/projects/zerv/bench/run_split.py", "--reference-worker"]
{"workload": "ascii", "trial": 0, "iterations": 100, "elapsed_ns": 475652361, "input_bytes": 17408, "pieces": 6144, "output_sha256": "324dc2019fd364a76d82f812bcafb1d5adf25c1a3aa25261872ee5426609877d"}
{"workload": "ascii", "trial": 1, "iterations": 100, "elapsed_ns": 476125538, "input_bytes": 17408, "pieces": 6144, "output_sha256": "324dc2019fd364a76d82f812bcafb1d5adf25c1a3aa25261872ee5426609877d"}
{"workload": "ascii", "trial": 2, "iterations": 100, "elapsed_ns": 456280674, "input_bytes": 17408, "pieces": 6144, "output_sha256": "324dc2019fd364a76d82f812bcafb1d5adf25c1a3aa25261872ee5426609877d"}
{"workload": "ascii", "trial": 3, "iterations": 100, "elapsed_ns": 448094969, "input_bytes": 17408, "pieces": 6144, "output_sha256": "324dc2019fd364a76d82f812bcafb1d5adf25c1a3aa25261872ee5426609877d"}
{"workload": "ascii", "trial": 4, "iterations": 100, "elapsed_ns": 435652028, "input_bytes": 17408, "pieces": 6144, "output_sha256": "324dc2019fd364a76d82f812bcafb1d5adf25c1a3aa25261872ee5426609877d"}
{"workload": "ascii", "trial": 5, "iterations": 100, "elapsed_ns": 437215400, "input_bytes": 17408, "pieces": 6144, "output_sha256": "324dc2019fd364a76d82f812bcafb1d5adf25c1a3aa25261872ee5426609877d"}
{"workload": "ascii", "trial": 6, "iterations": 100, "elapsed_ns": 436692560, "input_bytes": 17408, "pieces": 6144, "output_sha256": "324dc2019fd364a76d82f812bcafb1d5adf25c1a3aa25261872ee5426609877d"}
{"workload": "multilingual", "trial": 0, "iterations": 100, "elapsed_ns": 209263099, "input_bytes": 13568, "pieces": 2304, "output_sha256": "088906e5eebdb91f8761330eb7184498bbd712943e1cc61cb26f3643849164f4"}
{"workload": "multilingual", "trial": 1, "iterations": 100, "elapsed_ns": 213917755, "input_bytes": 13568, "pieces": 2304, "output_sha256": "088906e5eebdb91f8761330eb7184498bbd712943e1cc61cb26f3643849164f4"}
{"workload": "multilingual", "trial": 2, "iterations": 100, "elapsed_ns": 214667576, "input_bytes": 13568, "pieces": 2304, "output_sha256": "088906e5eebdb91f8761330eb7184498bbd712943e1cc61cb26f3643849164f4"}
{"workload": "multilingual", "trial": 3, "iterations": 100, "elapsed_ns": 218250243, "input_bytes": 13568, "pieces": 2304, "output_sha256": "088906e5eebdb91f8761330eb7184498bbd712943e1cc61cb26f3643849164f4"}
{"workload": "multilingual", "trial": 4, "iterations": 100, "elapsed_ns": 211664117, "input_bytes": 13568, "pieces": 2304, "output_sha256": "088906e5eebdb91f8761330eb7184498bbd712943e1cc61cb26f3643849164f4"}
{"workload": "multilingual", "trial": 5, "iterations": 100, "elapsed_ns": 204627327, "input_bytes": 13568, "pieces": 2304, "output_sha256": "088906e5eebdb91f8761330eb7184498bbd712943e1cc61cb26f3643849164f4"}
{"workload": "multilingual", "trial": 6, "iterations": 100, "elapsed_ns": 205163803, "input_bytes": 13568, "pieces": 2304, "output_sha256": "088906e5eebdb91f8761330eb7184498bbd712943e1cc61cb26f3643849164f4"}
{"workload": "whitespace", "trial": 0, "iterations": 100, "elapsed_ns": 91540847, "input_bytes": 16385, "pieces": 2, "output_sha256": "3a5b70fface214736ed986a2a76d1405974a8aebb9d1f7f741e36bbd4cf36b6d"}
{"workload": "whitespace", "trial": 1, "iterations": 100, "elapsed_ns": 92653935, "input_bytes": 16385, "pieces": 2, "output_sha256": "3a5b70fface214736ed986a2a76d1405974a8aebb9d1f7f741e36bbd4cf36b6d"}
{"workload": "whitespace", "trial": 2, "iterations": 100, "elapsed_ns": 91571695, "input_bytes": 16385, "pieces": 2, "output_sha256": "3a5b70fface214736ed986a2a76d1405974a8aebb9d1f7f741e36bbd4cf36b6d"}
{"workload": "whitespace", "trial": 3, "iterations": 100, "elapsed_ns": 91449905, "input_bytes": 16385, "pieces": 2, "output_sha256": "3a5b70fface214736ed986a2a76d1405974a8aebb9d1f7f741e36bbd4cf36b6d"}
{"workload": "whitespace", "trial": 4, "iterations": 100, "elapsed_ns": 91402073, "input_bytes": 16385, "pieces": 2, "output_sha256": "3a5b70fface214736ed986a2a76d1405974a8aebb9d1f7f741e36bbd4cf36b6d"}
{"workload": "whitespace", "trial": 5, "iterations": 100, "elapsed_ns": 91445135, "input_bytes": 16385, "pieces": 2, "output_sha256": "3a5b70fface214736ed986a2a76d1405974a8aebb9d1f7f741e36bbd4cf36b6d"}
{"workload": "whitespace", "trial": 6, "iterations": 100, "elapsed_ns": 91494869, "input_bytes": 16385, "pieces": 2, "output_sha256": "3a5b70fface214736ed986a2a76d1405974a8aebb9d1f7f741e36bbd4cf36b6d"}
["/home/USER/projects/zerv/.tools/tokenizer-oracle-venv/bin/python", "/home/USER/projects/zerv/bench/run_split.py", "--reference-worker"]
{"workload": "ascii", "trial": 0, "iterations": 100, "elapsed_ns": 424447483, "input_bytes": 17408, "pieces": 6144, "output_sha256": "324dc2019fd364a76d82f812bcafb1d5adf25c1a3aa25261872ee5426609877d"}
{"workload": "ascii", "trial": 1, "iterations": 100, "elapsed_ns": 428402135, "input_bytes": 17408, "pieces": 6144, "output_sha256": "324dc2019fd364a76d82f812bcafb1d5adf25c1a3aa25261872ee5426609877d"}
{"workload": "ascii", "trial": 2, "iterations": 100, "elapsed_ns": 427332770, "input_bytes": 17408, "pieces": 6144, "output_sha256": "324dc2019fd364a76d82f812bcafb1d5adf25c1a3aa25261872ee5426609877d"}
{"workload": "ascii", "trial": 3, "iterations": 100, "elapsed_ns": 426368303, "input_bytes": 17408, "pieces": 6144, "output_sha256": "324dc2019fd364a76d82f812bcafb1d5adf25c1a3aa25261872ee5426609877d"}
{"workload": "ascii", "trial": 4, "iterations": 100, "elapsed_ns": 424464416, "input_bytes": 17408, "pieces": 6144, "output_sha256": "324dc2019fd364a76d82f812bcafb1d5adf25c1a3aa25261872ee5426609877d"}
{"workload": "ascii", "trial": 5, "iterations": 100, "elapsed_ns": 427242258, "input_bytes": 17408, "pieces": 6144, "output_sha256": "324dc2019fd364a76d82f812bcafb1d5adf25c1a3aa25261872ee5426609877d"}
{"workload": "ascii", "trial": 6, "iterations": 100, "elapsed_ns": 428676365, "input_bytes": 17408, "pieces": 6144, "output_sha256": "324dc2019fd364a76d82f812bcafb1d5adf25c1a3aa25261872ee5426609877d"}
{"workload": "multilingual", "trial": 0, "iterations": 100, "elapsed_ns": 205096967, "input_bytes": 13568, "pieces": 2304, "output_sha256": "088906e5eebdb91f8761330eb7184498bbd712943e1cc61cb26f3643849164f4"}
{"workload": "multilingual", "trial": 1, "iterations": 100, "elapsed_ns": 202737177, "input_bytes": 13568, "pieces": 2304, "output_sha256": "088906e5eebdb91f8761330eb7184498bbd712943e1cc61cb26f3643849164f4"}
{"workload": "multilingual", "trial": 2, "iterations": 100, "elapsed_ns": 204220567, "input_bytes": 13568, "pieces": 2304, "output_sha256": "088906e5eebdb91f8761330eb7184498bbd712943e1cc61cb26f3643849164f4"}
{"workload": "multilingual", "trial": 3, "iterations": 100, "elapsed_ns": 205435988, "input_bytes": 13568, "pieces": 2304, "output_sha256": "088906e5eebdb91f8761330eb7184498bbd712943e1cc61cb26f3643849164f4"}
{"workload": "multilingual", "trial": 4, "iterations": 100, "elapsed_ns": 204658576, "input_bytes": 13568, "pieces": 2304, "output_sha256": "088906e5eebdb91f8761330eb7184498bbd712943e1cc61cb26f3643849164f4"}
{"workload": "multilingual", "trial": 5, "iterations": 100, "elapsed_ns": 203056883, "input_bytes": 13568, "pieces": 2304, "output_sha256": "088906e5eebdb91f8761330eb7184498bbd712943e1cc61cb26f3643849164f4"}
{"workload": "multilingual", "trial": 6, "iterations": 100, "elapsed_ns": 252245560, "input_bytes": 13568, "pieces": 2304, "output_sha256": "088906e5eebdb91f8761330eb7184498bbd712943e1cc61cb26f3643849164f4"}
{"workload": "whitespace", "trial": 0, "iterations": 100, "elapsed_ns": 108311766, "input_bytes": 16385, "pieces": 2, "output_sha256": "3a5b70fface214736ed986a2a76d1405974a8aebb9d1f7f741e36bbd4cf36b6d"}
{"workload": "whitespace", "trial": 1, "iterations": 100, "elapsed_ns": 108400223, "input_bytes": 16385, "pieces": 2, "output_sha256": "3a5b70fface214736ed986a2a76d1405974a8aebb9d1f7f741e36bbd4cf36b6d"}
{"workload": "whitespace", "trial": 2, "iterations": 100, "elapsed_ns": 106100147, "input_bytes": 16385, "pieces": 2, "output_sha256": "3a5b70fface214736ed986a2a76d1405974a8aebb9d1f7f741e36bbd4cf36b6d"}
{"workload": "whitespace", "trial": 3, "iterations": 100, "elapsed_ns": 94768210, "input_bytes": 16385, "pieces": 2, "output_sha256": "3a5b70fface214736ed986a2a76d1405974a8aebb9d1f7f741e36bbd4cf36b6d"}
{"workload": "whitespace", "trial": 4, "iterations": 100, "elapsed_ns": 111944587, "input_bytes": 16385, "pieces": 2, "output_sha256": "3a5b70fface214736ed986a2a76d1405974a8aebb9d1f7f741e36bbd4cf36b6d"}
{"workload": "whitespace", "trial": 5, "iterations": 100, "elapsed_ns": 100225398, "input_bytes": 16385, "pieces": 2, "output_sha256": "3a5b70fface214736ed986a2a76d1405974a8aebb9d1f7f741e36bbd4cf36b6d"}
{"workload": "whitespace", "trial": 6, "iterations": 100, "elapsed_ns": 104065532, "input_bytes": 16385, "pieces": 2, "output_sha256": "3a5b70fface214736ed986a2a76d1405974a8aebb9d1f7f741e36bbd4cf36b6d"}
["/home/USER/projects/zerv/zig-out/bin/zerv-split-bench", "/home/USER/projects/zerv/tests/fixtures/tokenizer-split/manifest.json"]
{"workload":"ascii","trial":0,"iterations":100,"input_bytes":17408,"pieces":6144,"elapsed_ns":31819496,"output_sha256":"324dc2019fd364a76d82f812bcafb1d5adf25c1a3aa25261872ee5426609877d"}
{"workload":"ascii","trial":1,"iterations":100,"input_bytes":17408,"pieces":6144,"elapsed_ns":31743281,"output_sha256":"324dc2019fd364a76d82f812bcafb1d5adf25c1a3aa25261872ee5426609877d"}
{"workload":"ascii","trial":2,"iterations":100,"input_bytes":17408,"pieces":6144,"elapsed_ns":32534911,"output_sha256":"324dc2019fd364a76d82f812bcafb1d5adf25c1a3aa25261872ee5426609877d"}
{"workload":"ascii","trial":3,"iterations":100,"input_bytes":17408,"pieces":6144,"elapsed_ns":31782275,"output_sha256":"324dc2019fd364a76d82f812bcafb1d5adf25c1a3aa25261872ee5426609877d"}
{"workload":"ascii","trial":4,"iterations":100,"input_bytes":17408,"pieces":6144,"elapsed_ns":32346574,"output_sha256":"324dc2019fd364a76d82f812bcafb1d5adf25c1a3aa25261872ee5426609877d"}
{"workload":"ascii","trial":5,"iterations":100,"input_bytes":17408,"pieces":6144,"elapsed_ns":32923919,"output_sha256":"324dc2019fd364a76d82f812bcafb1d5adf25c1a3aa25261872ee5426609877d"}
{"workload":"ascii","trial":6,"iterations":100,"input_bytes":17408,"pieces":6144,"elapsed_ns":33350496,"output_sha256":"324dc2019fd364a76d82f812bcafb1d5adf25c1a3aa25261872ee5426609877d"}
{"workload":"multilingual","trial":0,"iterations":100,"input_bytes":13568,"pieces":2304,"elapsed_ns":19998734,"output_sha256":"088906e5eebdb91f8761330eb7184498bbd712943e1cc61cb26f3643849164f4"}
{"workload":"multilingual","trial":1,"iterations":100,"input_bytes":13568,"pieces":2304,"elapsed_ns":15908696,"output_sha256":"088906e5eebdb91f8761330eb7184498bbd712943e1cc61cb26f3643849164f4"}
{"workload":"multilingual","trial":2,"iterations":100,"input_bytes":13568,"pieces":2304,"elapsed_ns":14815124,"output_sha256":"088906e5eebdb91f8761330eb7184498bbd712943e1cc61cb26f3643849164f4"}
{"workload":"multilingual","trial":3,"iterations":100,"input_bytes":13568,"pieces":2304,"elapsed_ns":14651645,"output_sha256":"088906e5eebdb91f8761330eb7184498bbd712943e1cc61cb26f3643849164f4"}
{"workload":"multilingual","trial":4,"iterations":100,"input_bytes":13568,"pieces":2304,"elapsed_ns":14659560,"output_sha256":"088906e5eebdb91f8761330eb7184498bbd712943e1cc61cb26f3643849164f4"}
{"workload":"multilingual","trial":5,"iterations":100,"input_bytes":13568,"pieces":2304,"elapsed_ns":14762374,"output_sha256":"088906e5eebdb91f8761330eb7184498bbd712943e1cc61cb26f3643849164f4"}
{"workload":"multilingual","trial":6,"iterations":100,"input_bytes":13568,"pieces":2304,"elapsed_ns":14681822,"output_sha256":"088906e5eebdb91f8761330eb7184498bbd712943e1cc61cb26f3643849164f4"}
{"workload":"whitespace","trial":0,"iterations":100,"input_bytes":16385,"pieces":2,"elapsed_ns":19752127,"output_sha256":"3a5b70fface214736ed986a2a76d1405974a8aebb9d1f7f741e36bbd4cf36b6d"}
{"workload":"whitespace","trial":1,"iterations":100,"input_bytes":16385,"pieces":2,"elapsed_ns":19734313,"output_sha256":"3a5b70fface214736ed986a2a76d1405974a8aebb9d1f7f741e36bbd4cf36b6d"}
{"workload":"whitespace","trial":2,"iterations":100,"input_bytes":16385,"pieces":2,"elapsed_ns":19713143,"output_sha256":"3a5b70fface214736ed986a2a76d1405974a8aebb9d1f7f741e36bbd4cf36b6d"}
{"workload":"whitespace","trial":3,"iterations":100,"input_bytes":16385,"pieces":2,"elapsed_ns":19939431,"output_sha256":"3a5b70fface214736ed986a2a76d1405974a8aebb9d1f7f741e36bbd4cf36b6d"}
{"workload":"whitespace","trial":4,"iterations":100,"input_bytes":16385,"pieces":2,"elapsed_ns":20034983,"output_sha256":"3a5b70fface214736ed986a2a76d1405974a8aebb9d1f7f741e36bbd4cf36b6d"}
{"workload":"whitespace","trial":5,"iterations":100,"input_bytes":16385,"pieces":2,"elapsed_ns":20306446,"output_sha256":"3a5b70fface214736ed986a2a76d1405974a8aebb9d1f7f741e36bbd4cf36b6d"}
{"workload":"whitespace","trial":6,"iterations":100,"input_bytes":16385,"pieces":2,"elapsed_ns":20406316,"output_sha256":"3a5b70fface214736ed986a2a76d1405974a8aebb9d1f7f741e36bbd4cf36b6d"}
["/home/USER/projects/zerv/zig-out/bin/zerv-split-bench", "/home/USER/projects/zerv/tests/fixtures/tokenizer-split/manifest.json"]
{"workload":"ascii","trial":0,"iterations":100,"input_bytes":17408,"pieces":6144,"elapsed_ns":31517464,"output_sha256":"324dc2019fd364a76d82f812bcafb1d5adf25c1a3aa25261872ee5426609877d"}
{"workload":"ascii","trial":1,"iterations":100,"input_bytes":17408,"pieces":6144,"elapsed_ns":31466157,"output_sha256":"324dc2019fd364a76d82f812bcafb1d5adf25c1a3aa25261872ee5426609877d"}
{"workload":"ascii","trial":2,"iterations":100,"input_bytes":17408,"pieces":6144,"elapsed_ns":31373050,"output_sha256":"324dc2019fd364a76d82f812bcafb1d5adf25c1a3aa25261872ee5426609877d"}
{"workload":"ascii","trial":3,"iterations":100,"input_bytes":17408,"pieces":6144,"elapsed_ns":31463371,"output_sha256":"324dc2019fd364a76d82f812bcafb1d5adf25c1a3aa25261872ee5426609877d"}
{"workload":"ascii","trial":4,"iterations":100,"input_bytes":17408,"pieces":6144,"elapsed_ns":33761244,"output_sha256":"324dc2019fd364a76d82f812bcafb1d5adf25c1a3aa25261872ee5426609877d"}
{"workload":"ascii","trial":5,"iterations":100,"input_bytes":17408,"pieces":6144,"elapsed_ns":34354558,"output_sha256":"324dc2019fd364a76d82f812bcafb1d5adf25c1a3aa25261872ee5426609877d"}
{"workload":"ascii","trial":6,"iterations":100,"input_bytes":17408,"pieces":6144,"elapsed_ns":34530622,"output_sha256":"324dc2019fd364a76d82f812bcafb1d5adf25c1a3aa25261872ee5426609877d"}
{"workload":"multilingual","trial":0,"iterations":100,"input_bytes":13568,"pieces":2304,"elapsed_ns":19780481,"output_sha256":"088906e5eebdb91f8761330eb7184498bbd712943e1cc61cb26f3643849164f4"}
{"workload":"multilingual","trial":1,"iterations":100,"input_bytes":13568,"pieces":2304,"elapsed_ns":19817391,"output_sha256":"088906e5eebdb91f8761330eb7184498bbd712943e1cc61cb26f3643849164f4"}
{"workload":"multilingual","trial":2,"iterations":100,"input_bytes":13568,"pieces":2304,"elapsed_ns":19883586,"output_sha256":"088906e5eebdb91f8761330eb7184498bbd712943e1cc61cb26f3643849164f4"}
{"workload":"multilingual","trial":3,"iterations":100,"input_bytes":13568,"pieces":2304,"elapsed_ns":19781873,"output_sha256":"088906e5eebdb91f8761330eb7184498bbd712943e1cc61cb26f3643849164f4"}
{"workload":"multilingual","trial":4,"iterations":100,"input_bytes":13568,"pieces":2304,"elapsed_ns":17958659,"output_sha256":"088906e5eebdb91f8761330eb7184498bbd712943e1cc61cb26f3643849164f4"}
{"workload":"multilingual","trial":5,"iterations":100,"input_bytes":13568,"pieces":2304,"elapsed_ns":19676644,"output_sha256":"088906e5eebdb91f8761330eb7184498bbd712943e1cc61cb26f3643849164f4"}
{"workload":"multilingual","trial":6,"iterations":100,"input_bytes":13568,"pieces":2304,"elapsed_ns":19243663,"output_sha256":"088906e5eebdb91f8761330eb7184498bbd712943e1cc61cb26f3643849164f4"}
{"workload":"whitespace","trial":0,"iterations":100,"input_bytes":16385,"pieces":2,"elapsed_ns":20018441,"output_sha256":"3a5b70fface214736ed986a2a76d1405974a8aebb9d1f7f741e36bbd4cf36b6d"}
{"workload":"whitespace","trial":1,"iterations":100,"input_bytes":16385,"pieces":2,"elapsed_ns":19793225,"output_sha256":"3a5b70fface214736ed986a2a76d1405974a8aebb9d1f7f741e36bbd4cf36b6d"}
{"workload":"whitespace","trial":2,"iterations":100,"input_bytes":16385,"pieces":2,"elapsed_ns":19980119,"output_sha256":"3a5b70fface214736ed986a2a76d1405974a8aebb9d1f7f741e36bbd4cf36b6d"}
{"workload":"whitespace","trial":3,"iterations":100,"input_bytes":16385,"pieces":2,"elapsed_ns":19956644,"output_sha256":"3a5b70fface214736ed986a2a76d1405974a8aebb9d1f7f741e36bbd4cf36b6d"}
{"workload":"whitespace","trial":4,"iterations":100,"input_bytes":16385,"pieces":2,"elapsed_ns":20127388,"output_sha256":"3a5b70fface214736ed986a2a76d1405974a8aebb9d1f7f741e36bbd4cf36b6d"}
{"workload":"whitespace","trial":5,"iterations":100,"input_bytes":16385,"pieces":2,"elapsed_ns":20258616,"output_sha256":"3a5b70fface214736ed986a2a76d1405974a8aebb9d1f7f741e36bbd4cf36b6d"}
{"workload":"whitespace","trial":6,"iterations":100,"input_bytes":16385,"pieces":2,"elapsed_ns":20124422,"output_sha256":"3a5b70fface214736ed986a2a76d1405974a8aebb9d1f7f741e36bbd4cf36b6d"}
["/home/USER/projects/zerv/.tools/tokenizer-oracle-venv/bin/python", "/home/USER/projects/zerv/bench/run_split.py", "--reference-worker"]
{"workload": "ascii", "trial": 0, "iterations": 100, "elapsed_ns": 562804836, "input_bytes": 17408, "pieces": 6144, "output_sha256": "324dc2019fd364a76d82f812bcafb1d5adf25c1a3aa25261872ee5426609877d"}
{"workload": "ascii", "trial": 1, "iterations": 100, "elapsed_ns": 513349333, "input_bytes": 17408, "pieces": 6144, "output_sha256": "324dc2019fd364a76d82f812bcafb1d5adf25c1a3aa25261872ee5426609877d"}
{"workload": "ascii", "trial": 2, "iterations": 100, "elapsed_ns": 532742308, "input_bytes": 17408, "pieces": 6144, "output_sha256": "324dc2019fd364a76d82f812bcafb1d5adf25c1a3aa25261872ee5426609877d"}
{"workload": "ascii", "trial": 3, "iterations": 100, "elapsed_ns": 442151661, "input_bytes": 17408, "pieces": 6144, "output_sha256": "324dc2019fd364a76d82f812bcafb1d5adf25c1a3aa25261872ee5426609877d"}
{"workload": "ascii", "trial": 4, "iterations": 100, "elapsed_ns": 451412194, "input_bytes": 17408, "pieces": 6144, "output_sha256": "324dc2019fd364a76d82f812bcafb1d5adf25c1a3aa25261872ee5426609877d"}
{"workload": "ascii", "trial": 5, "iterations": 100, "elapsed_ns": 451043666, "input_bytes": 17408, "pieces": 6144, "output_sha256": "324dc2019fd364a76d82f812bcafb1d5adf25c1a3aa25261872ee5426609877d"}
{"workload": "ascii", "trial": 6, "iterations": 100, "elapsed_ns": 454727144, "input_bytes": 17408, "pieces": 6144, "output_sha256": "324dc2019fd364a76d82f812bcafb1d5adf25c1a3aa25261872ee5426609877d"}
{"workload": "multilingual", "trial": 0, "iterations": 100, "elapsed_ns": 208157515, "input_bytes": 13568, "pieces": 2304, "output_sha256": "088906e5eebdb91f8761330eb7184498bbd712943e1cc61cb26f3643849164f4"}
{"workload": "multilingual", "trial": 1, "iterations": 100, "elapsed_ns": 239275432, "input_bytes": 13568, "pieces": 2304, "output_sha256": "088906e5eebdb91f8761330eb7184498bbd712943e1cc61cb26f3643849164f4"}
{"workload": "multilingual", "trial": 2, "iterations": 100, "elapsed_ns": 244815396, "input_bytes": 13568, "pieces": 2304, "output_sha256": "088906e5eebdb91f8761330eb7184498bbd712943e1cc61cb26f3643849164f4"}
{"workload": "multilingual", "trial": 3, "iterations": 100, "elapsed_ns": 225644781, "input_bytes": 13568, "pieces": 2304, "output_sha256": "088906e5eebdb91f8761330eb7184498bbd712943e1cc61cb26f3643849164f4"}
{"workload": "multilingual", "trial": 4, "iterations": 100, "elapsed_ns": 215137547, "input_bytes": 13568, "pieces": 2304, "output_sha256": "088906e5eebdb91f8761330eb7184498bbd712943e1cc61cb26f3643849164f4"}
{"workload": "multilingual", "trial": 5, "iterations": 100, "elapsed_ns": 308978512, "input_bytes": 13568, "pieces": 2304, "output_sha256": "088906e5eebdb91f8761330eb7184498bbd712943e1cc61cb26f3643849164f4"}
{"workload": "multilingual", "trial": 6, "iterations": 100, "elapsed_ns": 245974041, "input_bytes": 13568, "pieces": 2304, "output_sha256": "088906e5eebdb91f8761330eb7184498bbd712943e1cc61cb26f3643849164f4"}
{"workload": "whitespace", "trial": 0, "iterations": 100, "elapsed_ns": 95432659, "input_bytes": 16385, "pieces": 2, "output_sha256": "3a5b70fface214736ed986a2a76d1405974a8aebb9d1f7f741e36bbd4cf36b6d"}
{"workload": "whitespace", "trial": 1, "iterations": 100, "elapsed_ns": 96782706, "input_bytes": 16385, "pieces": 2, "output_sha256": "3a5b70fface214736ed986a2a76d1405974a8aebb9d1f7f741e36bbd4cf36b6d"}
{"workload": "whitespace", "trial": 2, "iterations": 100, "elapsed_ns": 98641047, "input_bytes": 16385, "pieces": 2, "output_sha256": "3a5b70fface214736ed986a2a76d1405974a8aebb9d1f7f741e36bbd4cf36b6d"}
{"workload": "whitespace", "trial": 3, "iterations": 100, "elapsed_ns": 97489305, "input_bytes": 16385, "pieces": 2, "output_sha256": "3a5b70fface214736ed986a2a76d1405974a8aebb9d1f7f741e36bbd4cf36b6d"}
{"workload": "whitespace", "trial": 4, "iterations": 100, "elapsed_ns": 117403589, "input_bytes": 16385, "pieces": 2, "output_sha256": "3a5b70fface214736ed986a2a76d1405974a8aebb9d1f7f741e36bbd4cf36b6d"}
{"workload": "whitespace", "trial": 5, "iterations": 100, "elapsed_ns": 93464321, "input_bytes": 16385, "pieces": 2, "output_sha256": "3a5b70fface214736ed986a2a76d1405974a8aebb9d1f7f741e36bbd4cf36b6d"}
{"workload": "whitespace", "trial": 6, "iterations": 100, "elapsed_ns": 92779623, "input_bytes": 16385, "pieces": 2, "output_sha256": "3a5b70fface214736ed986a2a76d1405974a8aebb9d1f7f741e36bbd4cf36b6d"}
["/home/USER/projects/zerv/.tools/tokenizer-oracle-venv/bin/python", "-m", "pip", "freeze"]
anyio==4.15.1
certifi==2026.7.22
click==8.5.0
filelock==4.0.1
fsspec==2026.9.0
h11==0.16.0
hf-xet==1.6.0
httpcore==1.0.9
httpx==0.28.1
huggingface_hub==1.32.0
idna==3.20
Jinja2==3.1.6
MarkupSafe==3.0.3
packaging==26.3
PyYAML==6.0.3
regex==2026.9.10
tokenizers==0.22.2
tqdm==4.70.1
typing_extensions==4.16.0
["/home/USER/projects/zerv/.tools/zig-x86_64-linux-0.16.0/zig", "version"]
0.16.0
