DEBUG: /home/USER/.cache/bazel/_bazel_USER/100872e8ae7632816cc29185b66cbaf5/external/rules_python+/python/private/py_executable.bzl:1595:14: 
======================================================================
WARNING: Target @@//tools:py is using implicit __init__.py creation.
  This diabolic behavior is deprecated and will be disabled by default in a
  future release.
  See https://github.com/bazel-contrib/rules_python/issues/2945

  Ensure all __init__.py files are explicitly created and
  added to the srcs or deps of your targets.

  Disable implicit creation for your module in MODULE.bazel:

    rules_python_config = use_extension("@rules_python//python/extensions:config.bzl", "config")
    rules_python_config.explicit_init_py(default = True)

  Or for a specific target by setting:

    legacy_create_init = 0

  Or globally with the following Bazel flag:

    --incompatible_default_to_explicit_init_py
======================================================================
INFO: Invocation ID: e59fa74d-5072-4b07-9ae9-b1c188ceaf70
Computing main repo mapping: 
Loading: 
Loading: 0 packages loaded
WARNING: Build option --compilation_mode has changed, discarding analysis cache (this can be expensive, see https://bazel.build/advanced/performance/iteration-speed).
Analyzing: target //bench:zerv-preparation-bench (0 packages loaded, 0 targets configured)
Analyzing: target //bench:zerv-preparation-bench (0 packages loaded, 0 targets configured)

INFO: Analyzed target //bench:zerv-preparation-bench (0 packages loaded, 787 targets configured).
INFO: Found 1 target...
Target //bench:zerv-preparation-bench up-to-date:
  bazel-bin/bench/zerv-preparation-bench
INFO: Elapsed time: 0.210s, Critical Path: 0.00s
INFO: 1 process: 11 action cache hit, 1 internal.
INFO: Build completed successfully, 1 total action
INFO: Invocation ID: 47b424f1-d381-41cc-a789-3d468161d1ed
Computing main repo mapping: 
Loading: 
Loading: 0 packages loaded
WARNING: Build option --compilation_mode has changed, discarding analysis cache (this can be expensive, see https://bazel.build/advanced/performance/iteration-speed).
Analyzing: target //bazel:zig (0 packages loaded, 0 targets configured)
Analyzing: target //bazel:zig (0 packages loaded, 0 targets configured)

INFO: Analyzed target //bazel:zig (0 packages loaded, 681 targets configured).
INFO: Found 1 target...
Target //bazel:zig up-to-date:
  bazel-bin/bazel/zig
INFO: Elapsed time: 0.173s, Critical Path: 0.00s
INFO: 1 process: 5 action cache hit, 1 internal.
INFO: Build completed successfully, 1 total action
