["/usr/bin/python3", "/home/USER/projects/zerv/third_party/matvec-push/rebuilt-08b/source/tools/compile_matvec.py", "--output-dir", "/home/USER/projects/zerv/third_party/matvec-push/rebuilt-08b/shaders"]
{
  "source_sha256": "7ed6433e17af594e390cc0eb7a73acd5ab2159606b087cd9aa87b6191a110373",
  "tools": {
    "glslc": "4a4743cde357af0949cdbc07668802297327e993e548f80f4e2ee67ba9b6c74d",
    "spirv-val": "02fae2475ba0f3cb4987aca3c9eb938e8543cf269244bfcb856d8e0c252c753b"
  },
  "modules": {
    "f32": {
      "sha256": "a997a1ce4e10b4835381ef3bfd27f0f8f3f70e14c3466f0a9bf96595b601cfc9",
      "bytes": 4720,
      "lanes": 256,
      "rows_per_group": 1,
      "aligned_words": false
    },
    "f32_small": {
      "sha256": "870d71e85e9084c16edbf527f3c2b9e02e55ca6cc2fc3280e6288863674aa8d7",
      "bytes": 4720,
      "lanes": 64,
      "rows_per_group": 1,
      "aligned_words": false
    },
    "q4_0": {
      "sha256": "3369262cd90577a1f351c90558d9956eabcbcf28a3cc0412a5aca9a493bde9e1",
      "bytes": 5272,
      "lanes": 64,
      "rows_per_group": 1,
      "aligned_words": false
    },
    "q4_1": {
      "sha256": "26f9d94f1e5237e29abd8ce7bd31995b34df924223aff46d9595c478e1716267",
      "bytes": 5508,
      "lanes": 64,
      "rows_per_group": 1,
      "aligned_words": false
    },
    "q5_k": {
      "sha256": "6f51ad92b415975b88b4eead18947fe2064b09ec67cde7bf0e3f51570b6192c1",
      "bytes": 16092,
      "lanes": 64,
      "rows_per_group": 1,
      "aligned_words": false
    },
    "q6_k": {
      "sha256": "dd35847dc55562070e9b1762df3214a117d333524a97583eb93465bd1ca78c11",
      "bytes": 14444,
      "lanes": 64,
      "rows_per_group": 1,
      "aligned_words": false
    },
    "q4_1_aligned": {
      "sha256": "1effb02afea474282b6ea54c4d415bfbb3b69153a36a53747b565c875fa2dc5f",
      "bytes": 5204,
      "lanes": 64,
      "rows_per_group": 1,
      "aligned_words": true
    },
    "q5_k_aligned": {
      "sha256": "b4e34cd9e250d22c952f78d2affd56daf916a304510e59e996cb26f2f0e09a27",
      "bytes": 12612,
      "lanes": 64,
      "rows_per_group": 1,
      "aligned_words": true
    }
  }
}
["/home/USER/projects/zerv/.tools/zig-x86_64-linux-0.16.0/zig", "build", "test", "gpu-test", "--summary", "all"]
Build Summary: 6/6 steps succeeded; 50/50 tests passed
test success
+- run test 42 pass (42 total) 17s MaxRSS:50M
   +- compile test Debug native success 28s MaxRSS:912M
gpu-test success
+- run test 8 pass (8 total) 2s MaxRSS:59M
   +- compile test Debug native success 3s MaxRSS:486M

["/home/USER/projects/zerv/.tools/zig-x86_64-linux-0.16.0/zig", "build", "test", "gpu-test", "gpu-matvec-bench-build", "-Doptimize=ReleaseFast", "-Dcpu=native", "--summary", "all"]
Build Summary: 9/9 steps succeeded; 50/50 tests passed
test success
+- run test 42 pass (42 total) 2s MaxRSS:45M
   +- compile test ReleaseFast native success 58s MaxRSS:1G
gpu-test success
+- run test 8 pass (8 total) 686ms MaxRSS:58M
   +- compile test ReleaseFast native success 19s MaxRSS:683M
gpu-matvec-bench-build success
+- install zerv-gpu-matvec-bench success
   +- compile exe zerv-gpu-matvec-bench ReleaseFast native success 14s MaxRSS:525M

